[1] "CHSY1"
[1] "CHSY3"
[1] "CHTF18"
[1] "CHTOP"
[1] "CHUK"
[1] "CHURC1-FNTB"
[1] "CIAO1"
[1] "CIAO2A"
[1] "CIAO3"
[1] "CIAPIN1"
[1] "CIB1"
[1] "CIB2"
[1] "CIB3"
[1] "CIB4"
[1] "CIBAR1"
[1] "CIBAR1P2"
[1] "CIBAR2"
[1] "CIC"
[1] "CIDEA"
[1] "CIDEC"
[1] "CIDECP1"
[1] "CIITA"
[1] "CILK1"
[1] "CILP"
[1] "CILP2"
[1] "CINP"
[1] "CIP2A"
[1] "CIPC"
[1] "CIR1"
[1] "CIRBP-AS1"
[1] "CISD1"
[1] "CISD2"
[1] "CISTR"
[1] "CIT"
[1] "CITED2"
[1] "CITED4"
[1] "CIZ1"
[1] "CKAP2"
[1] "CKAP2L"
[1] "CKAP4"
[1] "CKAP5"
[1] "CKM"
[1] "CKMT1A"
[1] "CKMT2"
[1] "CKMT2-AS1"
[1] "CKS1B"
[1] "CKS2"
[1] "CLASP1"
[1] "CLASP2"
[1] "CLASRP"
[1] "CLBA1"
[1] "CLC"
[1] "CLCA1"
[1] "CLCA2"
[1] "CLCA4"
[1] "CLCA4-AS1"
[1] "CLCC1"
[1] "CLCN1"
[1] "CLCN2"
[1] "CLCN3"
[1] "CLCN6"
[1] "CLCN7"
[1] "CLCNKA"
[1] "CLCNKB"
[1] "CLDN1"
[1] "CLDN10"
[1] "CLDN10-AS1"
[1] "CLDN11"
[1] "CLDN12"
[1] "CLDN14"
[1] "CLDN15"
[1] "CLDN16"
[1] "CLDN17"
[1] "CLDN18"
[1] "CLDN19"
[1] "CLDN23"
[1] "CLDN6"
[1] "CLDN8"
[1] "CLDN9"
[1] "CLDND1"
[1] "CLDND2"
[1] "CLEC10A"
[1] "CLEC12A"
[1] "CLEC12A-AS1"
[1] "CLEC12B"
[1] "CLEC16A"
[1] "CLEC17A"
[1] "CLEC18A"
[1] "CLEC18C"
[1] "CLEC19A"
[1] "CLEC1A"
[1] "CLEC1B"
[1] "CLEC2A"
[1] "CLEC2B"
[1] "CLEC2D"
[1] "CLEC2L"
[1] "CLEC3A"
[1] "CLEC3B"
[1] "CLEC4A"
[1] "CLEC4C"
[1] "CLEC4D"
[1] "CLEC4E"
[1] "CLEC4F"
[1] "CLEC4G"
[1] "CLEC4GP1"
[1] "CLEC4M"
[1] "CLEC4O"
[1] "CLEC5A"
[1] "CLEC6A"
[1] "CLEC7A"
[1] "CLEC9A"
[1] "CLECL1"
[1] "CLGN"
[1] "CLHC1"
[1] "CLIC1"
[1] "CLIC3"
[1] "CLIC4"
[1] "CLIC5"
[1] "CLIC6"
[1] "CLINT1"
[1] "CLIP1"
[1] "CLIP1-AS1"
[1] "CLIP2"
[1] "CLIP3"
[1] "CLIP4"
[1] "CLK1"
[1] "CLK2"
[1] "CLK3"
[1] "CLK4"
[1] "CLLU1"
[1] "CLLU1-AS1"
[1] "CLMAT3"
[1] "CLMN"
[1] "CLMP"
[1] "CLN3"
[1] "CLN5"
[1] "CLN6"
[1] "CLN8"
[1] "CLNK"
[1] "CLNS1A"
[1] "CLOCK"
[1] "CLP1"
[1] "CLPB"
[1] "CLPP"
[1] "CLPSL1"
[1] "CLPSL2"
[1] "CLPTM1"
[1] "CLPTM1L"
[1] "CLPX"
[1] "CLRN1"
[1] "CLRN1-AS1"
[1] "CLRN2"
[1] "CLRN3"
[1] "CLSPN"
[1] "CLSTN1"
[1] "CLSTN2"
[1] "CLSTN3"
[1] "CLTA"
[1] "CLTB"
[1] "CLTC"
[1] "CLTCL1"
[1] "CLU"
[1] "CLUAP1"
[1] "CLUH"
[1] "CLUHP3"
[1] "CLUL1"
[1] "CLVS1"
[1] "CLVS2"
[1] "CLYBL"
[1] "CLYBL-AS1"
[1] "CMA1"
[1] "CMAHP"
[1] "CMAS"
[1] "CMBL"
[1] "CMC1"
[1] "CMC2"
[1] "CMIP"
[1] "CMKLR1"
[1] "CMPK1"
[1] "CMPK2"
[1] "CMSS1"
[1] "CMTM2"
[1] "CMTM3"
[1] "CMTM4"
[1] "CMTM5"
[1] "CMTM6"
[1] "CMTM7"
[1] "CMTM8"
[1] "CMTR1"
[1] "CMTR2"
[1] "CMYA5"
[1] "CNBD1"
[1] "CNBD2"
[1] "CNBP"
[1] "CNDP1"
[1] "CNDP2"
[1] "CNEP1R1"
[1] "CNGA1"
[1] "CNGA3"
[1] "CNGB1"
[1] "CNGB3"
[1] "CNIH1"
[1] "CNIH3"
[1] "CNIH4"
[1] "CNKSR1"
[1] "CNKSR3"
[1] "CNMD"
[1] "CNN1"
[1] "CNN2"
[1] "CNN3"
[1] "CNN3-DT"
[1] "CNNM1"
[1] "CNNM2"
[1] "CNNM3"
[1] "CNNM3-DT"
[1] "CNNM4"
[1] "CNOT1"
[1] "CNOT10"
[1] "CNOT11"
[1] "CNOT2"
[1] "CNOT3"
[1] "CNOT4"
[1] "CNOT6"
[1] "CNOT6L"
[1] "CNOT7"
[1] "CNOT8"
[1] "CNOT9"
[1] "CNP"
[1] "CNPPD1"
[1] "CNPY1"
[1] "CNPY2"
[1] "CNPY3-GNMT"
[1] "CNPY4"
[1] "CNR1"
[1] "CNR2"
[1] "CNRIP1"
[1] "CNST"
[1] "CNTD1"
[1] "CNTFR"
[1] "CNTFR-AS1"
[1] "CNTLN"
[1] "CNTN1"
[1] "CNTN2"
[1] "CNTN3"
[1] "CNTN4"
[1] "CNTN4-AS1"
[1] "CNTN4-AS2"
[1] "CNTN5"
[1] "CNTN6"
[1] "CNTNAP1"
[1] "CNTNAP2"
[1] "CNTNAP2-AS1"
[1] "CNTNAP3"
[1] "CNTNAP4"
[1] "CNTNAP5"
[1] "CNTRL"
[1] "CNTROB"
[1] "COA1"
[1] "COA4"
[1] "COA5"
[1] "COA6"
[1] "COA6-AS1"
[1] "COA7"
[1] "COA8"
[1] "COBL"
[1] "COBLL1"
[1] "COG1"
[1] "COG2"
[1] "COG3"
[1] "COG4"
[1] "COG5"
[1] "COG6"
[1] "COG7"
[1] "COG8"
[1] "COIL"
[1] "COL11A1"
[1] "COL11A2"
[1] "COL12A1"
[1] "COL13A1"
[1] "COL14A1"
[1] "COL15A1"
[1] "COL16A1"
[1] "COL17A1"
[1] "COL18A1"
[1] "COL18A1-AS1"
[1] "COL19A1"
[1] "COL1A1"
[1] "COL1A2"
[1] "COL1A2-AS1"
[1] "COL20A1"
[1] "COL21A1"
[1] "COL22A1"
[1] "COL23A1"
[1] "COL24A1"
[1] "COL25A1"
[1] "COL25A1-DT"
[1] "COL26A1"
[1] "COL27A1"
[1] "COL28A1"
[1] "COL2A1"
[1] "COL3A1"
[1] "COL4A1"
[1] "COL4A2"
[1] "COL4A2-AS1"
[1] "COL4A3"
[1] "COL4A4"
[1] "COL5A1"
[1] "COL5A1-AS1"
[1] "COL5A2"
[1] "COL5A3"
[1] "COL6A1"
[1] "COL6A2"
[1] "COL6A3"
[1] "COL6A4P1"
[1] "COL6A4P2"
[1] "COL6A5"
[1] "COL6A6"
[1] "COL7A1"
[1] "COL8A1"
[1] "COL8A2"
[1] "COL9A1"
[1] "COL9A2"
[1] "COL9A3"
[1] "COLCA1"
[1] "COLCA2"
[1] "COLEC10"
[1] "COLEC11"
[1] "COLEC12"
[1] "COLGALT1"
[1] "COLGALT2"
[1] "COLQ"
[1] "COMETT"
[1] "COMMD1"
[1] "COMMD10"
[1] "COMMD2"
[1] "COMMD4"
[1] "COMMD4P1"
[1] "COMMD6"
[1] "COMMD7"
[1] "COMMD8"
[1] "COMMD9"
[1] "COMP"
[1] "COMT"
[1] "COP1"
[1] "COPA"
[1] "COPB1"
[1] "COPB2"
[1] "COPE"
[1] "COPG1"
[1] "COPG2"
[1] "COPRS"
[1] "COPS2"
[1] "COPS3"
[1] "COPS4"
[1] "COPS5"
[1] "COPS7A"
[1] "COPS7B"
[1] "COPS8"
[1] "COPS9"
[1] "COPZ1"
[1] "COPZ2"
[1] "COQ2"
[1] "COQ3"
[1] "COQ4"
[1] "COQ5"
[1] "COQ6"
[1] "COQ7"
[1] "COQ8A"
[1] "COQ8B"
[1] "COQ9"
[1] "CORIN"
[1] "CORO1A"
[1] "CORO1C"
[1] "CORO2A"
[1] "CORO2B"
[1] "CORO6"
[1] "CORO7"
[1] "COSMOC"
[1] "COTL1"
[1] "COX10"
[1] "COX10-AS1"
[1] "COX11"
[1] "COX14"
[1] "COX15"
[1] "COX17"
[1] "COX18"
[1] "COX19"
[1] "COX20"
[1] "COX4I1"
[1] "COX4I2"
[1] "COX5A"
[1] "COX6A1"
[1] "COX6B1"
[1] "COX6B2"
[1] "COX6C"
[1] "COX7A1"
[1] "COX7A2"
[1] "COX7A2L"
[1] "COX7B2"
[1] "COX7C"
[1] "CP"
[1] "CPA1"
[1] "CPA2"
[1] "CPA3"
[1] "CPA4"
[1] "CPA5"
[1] "CPA6"
[1] "CPAMD8"
[1] "CPB1"
[1] "CPB2"
[1] "CPB2-AS1"
[1] "CPD"
[1] "CPE"
[1] "CPEB1"
[1] "CPEB1-AS1"
[1] "CPEB2-DT"
[1] "CPEB3"
[1] "CPEB4"
[1] "CPED1"
[1] "CPHXL"
[1] "CPLANE1"
[1] "CPLANE2"
[1] "CPLX1"
[1] "CPLX2"
[1] "CPLX4"
[1] "CPM"
[1] "CPN1"
[1] "CPN2"
[1] "CPNE1"
[1] "CPNE2"
[1] "CPNE3"
[1] "CPNE4"
[1] "CPNE5"
[1] "CPNE6"
[1] "CPNE7"
[1] "CPNE8"
[1] "CPNE9"
[1] "CPO"
[1] "CPOX"
[1] "CPPED1"
[1] "CPQ"
[1] "CPS1"
[1] "CPSF1"
[1] "CPSF2"
[1] "CPSF3"
[1] "CPSF4"
[1] "CPSF4L"
[1] "CPSF6"
[1] "CPSF7"
[1] "CPT1A"
[1] "CPT1C"
[1] "CPT2"
[1] "CPTP"
[1] "CPVL"
[1] "CPXM1"
[1] "CPXM2"
[1] "CPZ"
[1] "CR1"
[1] "CR1L"
[1] "CR2"
[1] "CRABP1"
[1] "CRABP2"
[1] "CRACD"
[1] "CRACDL"
[1] "CRACR2A"
[1] "CRACR2B"
[1] "CRADD"
[1] "CRAMP1"
[1] "CRAT"
[1] "CRAT37"
[1] "CRB1"
[1] "CRB2"
[1] "CRB3"
[1] "CRBN"
[1] "CRCP"
[1] "CRCT1"
[1] "CREB1"
[1] "CREB3"
[1] "CREB3L1"
[1] "CREB3L2"
[1] "CREB3L3"
[1] "CREB5"
[1] "CREBBP"
[1] "CREBL2"
[1] "CREBRF"
[1] "CREBZF"
[1] "CREG1"
[1] "CREG2"
[1] "CRELD1"
[1] "CRELD2"
[1] "CREM"
[1] "CRH"
[1] "CRHBP"
[1] "CRHR1"
[1] "CRHR2"
[1] "CRIM1"
[1] "CRIP1"
[1] "CRIP2"
[1] "CRIP3"
[1] "CRIPT"
[1] "CRISP1"
[1] "CRISP2"
[1] "CRISP3"
[1] "CRISPLD1"
[1] "CRISPLD2"
[1] "CRK"
[1] "CRLF1"
[1] "CRLF3"
[1] "CRLS1"
[1] "CRMP1"
[1] "CRNDE"
[1] "CRNKL1"
[1] "CROCC"
[1] "CROCC2"
[1] "CROCCP3"
[1] "CROT"
[1] "CRPPA"
[1] "CRPPA-AS1"
[1] "CRSP8P"
[1] "CRTAC1"
[1] "CRTAM"
[1] "CRTAP"
[1] "CRTC1"
[1] "CRTC2"
[1] "CRTC3"
[1] "CRTC3-AS1"
[1] "CRX"
[1] "CRY1"
[1] "CRY2"
[1] "CRYAB"
[1] "CRYBA1"
[1] "CRYBA2"
[1] "CRYBA4"
[1] "CRYBB1"
[1] "CRYBB2"
[1] "CRYBB2P1"
[1] "CRYBB3"
[1] "CRYBG1"
[1] "CRYBG2"
[1] "CRYBG3"
[1] "CRYGN"
[1] "CRYGS"
[1] "CRYL1"
[1] "CRYM"
[1] "CRYM-AS1"
[1] "CRYZ"
[1] "CRYZL1"
[1] "CRYZL2P"
[1] "CRYZL2P-SEC16B"
[1] "CS"
[1] "CSAD"
[1] "CSDC2"
[1] "CSDE1"
[1] "CSE1L"
[1] "CSE1L-AS1"
[1] "CSF1"
[1] "CSF1R"
[1] "CSF2RB"
[1] "CSF3"
[1] "CSF3R"
[1] "CSGALNACT1"
[1] "CSGALNACT2"
[1] "CSH1"
[1] "CSHL1"
[1] "CSK"
[1] "CSMD1"
[1] "CSMD2"
[1] "CSMD2-AS1"
[1] "CSMD3"
[1] "CSN1S1"
[1] "CSN1S2AP"
[1] "CSN1S2BP"
[1] "CSN2"
[1] "CSN3"
[1] "CSNK1A1"
[1] "CSNK1A1L"
[1] "CSNK1A1P1"
[1] "CSNK1D"
[1] "CSNK1G1"
[1] "CSNK1G2"
[1] "CSNK1G2-AS1"
[1] "CSNK1G3"
[1] "CSNK2A1"
[1] "CSNK2A2"
[1] "CSNK2A3"
[1] "CSNKA2IP"
[1] "CSPG4"
[1] "CSPG5"
[1] "CSPP1"
[1] "CSRNP1"
[1] "CSRNP2"
[1] "CSRNP3"
[1] "CSRP1"
[1] "CSRP2"
[1] "CSRP3"
[1] "CST1"
[1] "CST13P"
[1] "CST2"
[1] "CST3"
[1] "CST4"
[1] "CST5"
[1] "CST7"
[1] "CST8"
[1] "CST9"
[1] "CST9L"
[1] "CSTA"
[1] "CSTB"
[1] "CSTF1"
[1] "CSTF2T"
[1] "CSTF3"
[1] "CSTF3-DT"
[1] "CSTL1"
[1] "CT62"
[1] "CT69"
[1] "CT75"
[1] "CTAGE1"
[1] "CTAGE10P"
[1] "CTAGE11P"
[1] "CTAGE7P"
[1] "CTBP1"
[1] "CTBP1-AS"
[1] "CTBP2"
[1] "CTBS"
[1] "CTC-338M12.4"
[1] "CTC1"
[1] "CTCF"
[1] "CTCFL"
[1] "CTD-2194D22.4"
[1] "CTD-2297D10.2"
[1] "CTD-2350J17.1"
[1] "CTD-3080P12.3"
[1] "CTDP1"
[1] "CTDSP1"
[1] "CTDSP2"
[1] "CTDSPL"
[1] "CTDSPL2"
[1] "CTF1"
[1] "CTH"
[1] "CTHRC1"
[1] "CTIF"
[1] "CTNNA1"
[1] "CTNNA2"
[1] "CTNNA2-AS1"
[1] "CTNNA3"
[1] "CTNNAL1"
[1] "CTNNB1"
[1] "CTNNBIP1"
[1] "CTNNBL1"
[1] "CTNND2"
[1] "CTNS"
[1] "CTPS1"
[1] "CTR9"
[1] "CTRB1"
[1] "CTRB2"
[1] "CTRC"
[1] "CTSA"
[1] "CTSB"
[1] "CTSC"
[1] "CTSD"
[1] "CTSE"
[1] "CTSG"
[1] "CTSH"
[1] "CTSK"
[1] "CTSL"
[1] "CTSL3P"
[1] "CTSO"
[1] "CTSS"
[1] "CTSW"
[1] "CTSZ"
[1] "CTTN"
[1] "CTTNBP2"
[1] "CTTNBP2NL"
[1] "CTU1"
[1] "CTU2"
[1] "CTXN1"
[1] "CTXN2"
[1] "CTXN3"
[1] "CTXND1"
[1] "CTXND2"
[1] "CUBN"
[1] "CUEDC1"
[1] "CUL1"
[1] "CUL2"
[1] "CUL3"
[1] "CUL4A"
[1] "CUL5"
[1] "CUL7"
[1] "CUL9"
[1] "CUTA"
[1] "CUTALP"
[1] "CUTC"
[1] "CUX1"
[1] "CUX2"
[1] "CWC15"
[1] "CWC22"
[1] "CWC25"
[1] "CWC27"
[1] "CWF19L1"
[1] "CWF19L2"
[1] "CWH43"
[1] "CX3CL1"
[1] "CX3CR1"
[1] "CXADR"
[1] "CXADRP3"
[1] "CXCL1"
[1] "CXCL12"
[1] "CXCL13"
[1] "CXCL14"
[1] "CXCL16"
[1] "CXCL5"
[1] "CXCL8"
[1] "CXCR1"
[1] "CXCR2"
[1] "CXCR2P1"
[1] "CXCR4"
[1] "CXCR5"
[1] "CXCR6"
[1] "CXXC1"
[1] "CXXC4"
[1] "CXXC4-AS1"
[1] "CXXC5"
[1] "CYB561"
[1] "CYB561D1"
[1] "CYB5A"
[1] "CYB5B"
[1] "CYB5D2"
[1] "CYB5R2"
[1] "CYB5R3"
[1] "CYB5R4"
[1] "CYB5RL"
[1] "CYBA"
[1] "CYBC1"
[1] "CYBRD1"
[1] "CYC1"
[1] "CYCS"
[1] "CYFIP1"
[1] "CYFIP2"
[1] "CYGB"
[1] "CYHR1"
[1] "CYLC2"
[1] "CYLD"
[1] "CYMP"
[1] "CYMP-AS1"
[1] "CYP11A1"
[1] "CYP11B1"
[1] "CYP11B2"
[1] "CYP17A1"
[1] "CYP19A1"
[1] "CYP1A2"
[1] "CYP1B1-AS1"
[1] "CYP20A1"
[1] "CYP21A2"
[1] "CYP24A1"
[1] "CYP26B1"
[1] "CYP26C1"
[1] "CYP27A1"
[1] "CYP27B1"
[1] "CYP27C1"
[1] "CYP2A13"
[1] "CYP2A6"
[1] "CYP2A7"
[1] "CYP2B6"
[1] "CYP2B7P"
[1] "CYP2C18"
[1] "CYP2C19"
[1] "CYP2C8"
[1] "CYP2C9"
[1] "CYP2D6"
[1] "CYP2D7"
[1] "CYP2E1"
[1] "CYP2F1"
[1] "CYP2G1P"
[1] "CYP2J2"
[1] "CYP2R1"
[1] "CYP2S1"
[1] "CYP2T1P"
[1] "CYP2U1"
[1] "CYP2U1-AS1"
[1] "CYP2W1"
[1] "CYP39A1"
[1] "CYP3A4"
[1] "CYP3A43"
[1] "CYP3A5"
[1] "CYP3A7-CYP3A51P"
[1] "CYP46A1"
[1] "CYP4A22"
[1] "CYP4B1"
[1] "CYP4F11"
[1] "CYP4F12"
[1] "CYP4F2"
[1] "CYP4F22"
[1] "CYP4F24P"
[1] "CYP4F29P"
[1] "CYP4F3"
[1] "CYP4F35P"
[1] "CYP4F62P"
[1] "CYP4F8"
[1] "CYP4V2"
[1] "CYP4X1"
[1] "CYP4Z1"
[1] "CYP4Z2P"
[1] "CYP51A1"
[1] "CYP51A1-AS1"
[1] "CYP7A1"
[1] "CYP7B1"
[1] "CYREN"
[1] "CYRIA"
[1] "CYRIB"
[1] "CYS1"
[1] "CYSLTR2"
[1] "CYSTM1"
[1] "CYTH1"
[1] "CYTH2"
[1] "CYTH3"
[1] "CYTH4"
[1] "CYTIP"
[1] "CYTL1"
[1] "CYTOR"
[1] "CYYR1"
[1] "CYYR1-AS1"
[1] "CZ1P-ASNS"
[1] "D21S2088E"
[1] "D2HGDH"
[1] "DAAM1"
[1] "DAAM2"
[1] "DAAM2-AS1"
[1] "DAB1"
[1] "DAB2"
[1] "DAB2IP"
[1] "DACH1"
[1] "DACT1"
[1] "DACT2"
[1] "DACT3"
[1] "DACT3-AS1"
[1] "DAD1"
[1] "DAG1"
[1] "DAGLA"
[1] "DAGLB"
[1] "DANCR"
[1] "DAND5"
[1] "DAO"
[1] "DAOA-AS1"
[1] "DAP"
[1] "DAP3"
[1] "DAPK1"
[1] "DAPK2"
[1] "DAPL1"
[1] "DAPP1"
[1] "DARS-AS1"
[1] "DARS1"
[1] "DARS2"
[1] "DAW1"
[1] "DAZAP1"
[1] "DAZAP2"
[1] "DAZL"
[1] "DBF4"
[1] "DBF4B"
[1] "DBH"
[1] "DBH-AS1"
[1] "DBI"
[1] "DBIL5P"
[1] "DBN1"
[1] "DBNDD1"
[1] "DBNL"
[1] "DBR1"
[1] "DBT"
[1] "DBX1"
[1] "DBX2"
[1] "DCAF1"
[1] "DCAF10"
[1] "DCAF11"
[1] "DCAF12"
[1] "DCAF13"
[1] "DCAF15"
[1] "DCAF16"
[1] "DCAF17"
[1] "DCAF4"
[1] "DCAF4L1"
[1] "DCAF4L2"
[1] "DCAF5"
[1] "DCAF6"
[1] "DCAF7"
[1] "DCAF8"
[1] "DCAKD"
[1] "DCBLD1"
[1] "DCBLD2"
[1] "DCC"
[1] "DCDC1"
[1] "DCDC2"
[1] "DCDC2C"
[1] "DCHS1"
[1] "DCHS2"
[1] "DCK"
[1] "DCLK1"
[1] "DCLK2"
[1] "DCLK3"
[1] "DCLRE1A"
[1] "DCLRE1B"
[1] "DCLRE1C"
[1] "DCN"
[1] "DCP1A"
[1] "DCP1B"
[1] "DCP2"
[1] "DCPS"
[1] "DCST1"
[1] "DCST1-AS1"
[1] "DCST2"
[1] "DCSTAMP"
[1] "DCT"
[1] "DCTD"
[1] "DCTN1"
[1] "DCTN2"
[1] "DCTN4"
[1] "DCTN5"
[1] "DCTN6"
[1] "DCUN1D1"
[1] "DCUN1D2"
[1] "DCUN1D3"
[1] "DCUN1D4"
[1] "DCUN1D5"
[1] "DCXR-DT"
[1] "DDA1"
[1] "DDAH1"
[1] "DDAH2"
[1] "DDB1"
[1] "DDB2"
[1] "DDC"
[1] "DDC-AS1"
[1] "DDHD1"
[1] "DDHD2"
[1] "DDI2"
[1] "DDIAS"
[1] "DDIT4"
[1] "DDIT4L"
[1] "DDN-AS1"
[1] "DDO"
[1] "DDOST"
[1] "DDR1"
[1] "DDR2"
[1] "DDRGK1"
[1] "DDT"
[1] "DDTL"
[1] "DDX1"
[1] "DDX10"
[1] "DDX11"
[1] "DDX11-AS1"
[1] "DDX11L2"
[1] "DDX12P"
[1] "DDX17"
[1] "DDX18"
[1] "DDX19A"
[1] "DDX19B"
[1] "DDX20"
[1] "DDX21"
[1] "DDX23"
[1] "DDX24"
[1] "DDX25"
[1] "DDX27"
[1] "DDX28"
[1] "DDX31"
[1] "DDX39A"
[1] "DDX4"
[1] "DDX41"
[1] "DDX42"
[1] "DDX43"
[1] "DDX46"
[1] "DDX47"
[1] "DDX49"
[1] "DDX5"
[1] "DDX50"
[1] "DDX51"
[1] "DDX52"
[1] "DDX54"
[1] "DDX55"
[1] "DDX56"
[1] "DDX58"
[1] "DDX59"
[1] "DDX59-AS1"
[1] "DDX6"
[1] "DDX60"
[1] "DDX60L"
[1] "DEAF1"
[1] "DECR1"
[1] "DECR2"
[1] "DEDD2"
[1] "DEF6"
[1] "DEF8"
[1] "DEFA4"
[1] "DEFA6"
[1] "DEFA8P"
[1] "DEFA9P"
[1] "DEFB1"
[1] "DEFB108B"
[1] "DEFB110"
[1] "DEFB112"
[1] "DEFB115"
[1] "DEFB116"
[1] "DEFB118"
[1] "DEFB119"
[1] "DEFB121"
{"project":"masters","channel":"kernelpca","event":"kernelPCA is complete","description":"KernelPCA on genes 3001-4000 are done!","icon":"🔥","notify":true,"parser":"text"}