── Attaching core tidyverse packages ──────────────────────── tidyverse 2.0.0 ──
✔ dplyr     1.1.4     ✔ readr     2.1.5
✔ forcats   1.0.0     ✔ stringr   1.5.1
✔ ggplot2   3.5.1     ✔ tibble    3.2.1
✔ lubridate 1.9.4     ✔ tidyr     1.3.1
✔ purrr     1.0.4     
── Conflicts ────────────────────────────────────────── tidyverse_conflicts() ──
✖ dplyr::filter() masks stats::filter()
✖ dplyr::lag()    masks stats::lag()
ℹ Use the conflicted package (<http://conflicted.r-lib.org/>) to force all conflicts to become errors

Attaching package: ‘data.table’

The following objects are masked from ‘package:lubridate’:

    hour, isoweek, mday, minute, month, quarter, second, wday, week,
    yday, year

The following objects are masked from ‘package:dplyr’:

    between, first, last

The following object is masked from ‘package:purrr’:

    transpose


Attaching package: ‘RCurl’

The following object is masked from ‘package:tidyr’:

    complete

Error in `reduce()`:
! Must supply `.init` when `.x` is empty.
Backtrace:
    ▆
 1. ├─... %>% as.matrix()
 2. ├─base::as.matrix(.)
 3. └─purrr::reduce(.init = <empty>)
 4.   └─purrr:::reduce_impl(.x, .f, ..., .init = .init, .dir = .dir)
 5.     └─purrr:::reduce_init(.x, .init, left = left, error_call = .purrr_error_call)
 6.       └─cli::cli_abort(...)
 7.         └─rlang::abort(...)
Execution halted
