[1] "Finding the empirical bayes estimate of the slab variance"
[1] "100 MCMC scans have finished"
[1] "200 MCMC scans have finished"
[1] "300 MCMC scans have finished"
[1] "400 MCMC scans have finished"
[1] "500 MCMC scans have finished"
[1] "600 MCMC scans have finished"
[1] "700 MCMC scans have finished"
[1] "800 MCMC scans have finished"
[1] "900 MCMC scans have finished"
[1] "1000 MCMC scans have finished"
[1] "1100 MCMC scans have finished"
[1] "1200 MCMC scans have finished"
[1] "1300 MCMC scans have finished"
[1] "1400 MCMC scans have finished"
[1] "1500 MCMC scans have finished"
[1] "1600 MCMC scans have finished"
[1] "1700 MCMC scans have finished"
[1] "1800 MCMC scans have finished"
[1] "1900 MCMC scans have finished"
[1] "2000 MCMC scans have finished"
[1] "2100 MCMC scans have finished"
[1] "2200 MCMC scans have finished"
[1] "2300 MCMC scans have finished"
[1] "2400 MCMC scans have finished"
[1] "2500 MCMC scans have finished"
[1] "2600 MCMC scans have finished"
[1] "2700 MCMC scans have finished"
[1] "2800 MCMC scans have finished"
[1] "2900 MCMC scans have finished"
[1] "3000 MCMC scans have finished"
[1] "3100 MCMC scans have finished"
[1] "3200 MCMC scans have finished"
[1] "3300 MCMC scans have finished"
[1] "3400 MCMC scans have finished"
[1] "3500 MCMC scans have finished"
[1] "3600 MCMC scans have finished"
[1] "3700 MCMC scans have finished"
[1] "3800 MCMC scans have finished"
[1] "3900 MCMC scans have finished"
[1] "4000 MCMC scans have finished"
[1] "4100 MCMC scans have finished"
[1] "4200 MCMC scans have finished"
[1] "4300 MCMC scans have finished"
[1] "4400 MCMC scans have finished"
[1] "4500 MCMC scans have finished"
[1] "4600 MCMC scans have finished"
[1] "4700 MCMC scans have finished"
[1] "4800 MCMC scans have finished"
[1] "4900 MCMC scans have finished"
[1] "5000 MCMC scans have finished"
[1] "5100 MCMC scans have finished"
[1] "5200 MCMC scans have finished"
[1] "5300 MCMC scans have finished"
[1] "5400 MCMC scans have finished"
[1] "5500 MCMC scans have finished"
[1] "5600 MCMC scans have finished"
[1] "5700 MCMC scans have finished"
[1] "5800 MCMC scans have finished"
[1] "5900 MCMC scans have finished"
[1] "6000 MCMC scans have finished"
[1] "6100 MCMC scans have finished"
[1] "6200 MCMC scans have finished"
[1] "6300 MCMC scans have finished"
[1] "6400 MCMC scans have finished"
[1] "6500 MCMC scans have finished"
[1] "6600 MCMC scans have finished"
[1] "6700 MCMC scans have finished"
[1] "6800 MCMC scans have finished"
[1] "6900 MCMC scans have finished"
[1] "7000 MCMC scans have finished"
[1] "7100 MCMC scans have finished"
[1] "7200 MCMC scans have finished"
[1] "7300 MCMC scans have finished"
[1] "7400 MCMC scans have finished"
[1] "7500 MCMC scans have finished"
[1] "7600 MCMC scans have finished"
[1] "7700 MCMC scans have finished"
[1] "7800 MCMC scans have finished"
[1] "7900 MCMC scans have finished"
[1] "8000 MCMC scans have finished"
[1] "8100 MCMC scans have finished"
[1] "8200 MCMC scans have finished"
[1] "8300 MCMC scans have finished"
[1] "8400 MCMC scans have finished"
[1] "8500 MCMC scans have finished"
[1] "8600 MCMC scans have finished"
[1] "8700 MCMC scans have finished"
[1] "8800 MCMC scans have finished"
[1] "8900 MCMC scans have finished"
[1] "9000 MCMC scans have finished"
[1] "9100 MCMC scans have finished"
[1] "9200 MCMC scans have finished"
[1] "9300 MCMC scans have finished"
[1] "9400 MCMC scans have finished"
[1] "9500 MCMC scans have finished"
[1] "9600 MCMC scans have finished"
[1] "9700 MCMC scans have finished"
[1] "9800 MCMC scans have finished"
[1] "9900 MCMC scans have finished"
[1] "10000 MCMC scans have finished"
[1] "Now fitting the posterior conditional on EB estimate of slab variance"
[1] "100 MCMC scans have finished"
[1] "200 MCMC scans have finished"
[1] "300 MCMC scans have finished"
[1] "400 MCMC scans have finished"
[1] "500 MCMC scans have finished"
[1] "600 MCMC scans have finished"
[1] "700 MCMC scans have finished"
[1] "800 MCMC scans have finished"
[1] "900 MCMC scans have finished"
[1] "1000 MCMC scans have finished"
[1] "1100 MCMC scans have finished"
[1] "1200 MCMC scans have finished"
[1] "1300 MCMC scans have finished"
[1] "1400 MCMC scans have finished"
[1] "1500 MCMC scans have finished"
[1] "1600 MCMC scans have finished"
[1] "1700 MCMC scans have finished"
[1] "1800 MCMC scans have finished"
[1] "1900 MCMC scans have finished"
[1] "2000 MCMC scans have finished"
[1] "2100 MCMC scans have finished"
[1] "2200 MCMC scans have finished"
[1] "2300 MCMC scans have finished"
[1] "2400 MCMC scans have finished"
[1] "2500 MCMC scans have finished"
[1] "2600 MCMC scans have finished"
[1] "2700 MCMC scans have finished"
[1] "2800 MCMC scans have finished"
[1] "2900 MCMC scans have finished"
[1] "3000 MCMC scans have finished"
[1] "3100 MCMC scans have finished"
[1] "3200 MCMC scans have finished"
[1] "3300 MCMC scans have finished"
[1] "3400 MCMC scans have finished"
[1] "3500 MCMC scans have finished"
[1] "3600 MCMC scans have finished"
[1] "3700 MCMC scans have finished"
[1] "3800 MCMC scans have finished"
[1] "3900 MCMC scans have finished"
[1] "4000 MCMC scans have finished"
[1] "4100 MCMC scans have finished"
[1] "4200 MCMC scans have finished"
[1] "4300 MCMC scans have finished"
[1] "4400 MCMC scans have finished"
[1] "4500 MCMC scans have finished"
[1] "4600 MCMC scans have finished"
[1] "4700 MCMC scans have finished"
[1] "4800 MCMC scans have finished"
[1] "4900 MCMC scans have finished"
[1] "5000 MCMC scans have finished"
[1] "5100 MCMC scans have finished"
[1] "5200 MCMC scans have finished"
[1] "5300 MCMC scans have finished"
[1] "5400 MCMC scans have finished"
[1] "5500 MCMC scans have finished"
[1] "5600 MCMC scans have finished"
[1] "5700 MCMC scans have finished"
[1] "5800 MCMC scans have finished"
[1] "5900 MCMC scans have finished"
[1] "6000 MCMC scans have finished"
[1] "6100 MCMC scans have finished"
[1] "6200 MCMC scans have finished"
[1] "6300 MCMC scans have finished"
[1] "6400 MCMC scans have finished"
[1] "6500 MCMC scans have finished"
[1] "6600 MCMC scans have finished"
[1] "6700 MCMC scans have finished"
[1] "6800 MCMC scans have finished"
[1] "6900 MCMC scans have finished"
[1] "7000 MCMC scans have finished"
[1] "7100 MCMC scans have finished"
[1] "7200 MCMC scans have finished"
[1] "7300 MCMC scans have finished"
[1] "7400 MCMC scans have finished"
[1] "7500 MCMC scans have finished"
[1] "7600 MCMC scans have finished"
[1] "7700 MCMC scans have finished"
[1] "7800 MCMC scans have finished"
[1] "7900 MCMC scans have finished"
[1] "8000 MCMC scans have finished"
[1] "8100 MCMC scans have finished"
[1] "8200 MCMC scans have finished"
[1] "8300 MCMC scans have finished"
[1] "8400 MCMC scans have finished"
[1] "8500 MCMC scans have finished"
[1] "8600 MCMC scans have finished"
[1] "8700 MCMC scans have finished"
[1] "8800 MCMC scans have finished"
[1] "8900 MCMC scans have finished"
[1] "9000 MCMC scans have finished"
[1] "9100 MCMC scans have finished"
[1] "9200 MCMC scans have finished"
[1] "9300 MCMC scans have finished"
[1] "9400 MCMC scans have finished"
[1] "9500 MCMC scans have finished"
[1] "9600 MCMC scans have finished"
[1] "9700 MCMC scans have finished"
[1] "9800 MCMC scans have finished"
[1] "9900 MCMC scans have finished"
[1] "10000 MCMC scans have finished"
[1] "Finding the empirical bayes estimate of the slab variance"
[1] "100 MCMC scans have finished"
[1] "200 MCMC scans have finished"
[1] "300 MCMC scans have finished"
[1] "400 MCMC scans have finished"
[1] "500 MCMC scans have finished"
[1] "600 MCMC scans have finished"
[1] "700 MCMC scans have finished"
[1] "800 MCMC scans have finished"
[1] "900 MCMC scans have finished"
[1] "1000 MCMC scans have finished"
[1] "1100 MCMC scans have finished"
[1] "1200 MCMC scans have finished"
[1] "1300 MCMC scans have finished"
[1] "1400 MCMC scans have finished"
[1] "1500 MCMC scans have finished"
[1] "1600 MCMC scans have finished"
[1] "1700 MCMC scans have finished"
[1] "1800 MCMC scans have finished"
[1] "1900 MCMC scans have finished"
[1] "2000 MCMC scans have finished"
[1] "2100 MCMC scans have finished"
[1] "2200 MCMC scans have finished"
[1] "2300 MCMC scans have finished"
[1] "2400 MCMC scans have finished"
[1] "2500 MCMC scans have finished"
[1] "2600 MCMC scans have finished"
[1] "2700 MCMC scans have finished"
[1] "2800 MCMC scans have finished"
[1] "2900 MCMC scans have finished"
[1] "3000 MCMC scans have finished"
[1] "3100 MCMC scans have finished"
[1] "3200 MCMC scans have finished"
[1] "3300 MCMC scans have finished"
[1] "3400 MCMC scans have finished"
[1] "3500 MCMC scans have finished"
[1] "3600 MCMC scans have finished"
[1] "3700 MCMC scans have finished"
[1] "3800 MCMC scans have finished"
[1] "3900 MCMC scans have finished"
[1] "4000 MCMC scans have finished"
[1] "4100 MCMC scans have finished"
[1] "4200 MCMC scans have finished"
[1] "4300 MCMC scans have finished"
[1] "4400 MCMC scans have finished"
[1] "4500 MCMC scans have finished"
[1] "4600 MCMC scans have finished"
[1] "4700 MCMC scans have finished"
[1] "4800 MCMC scans have finished"
[1] "4900 MCMC scans have finished"
[1] "5000 MCMC scans have finished"
[1] "5100 MCMC scans have finished"
[1] "5200 MCMC scans have finished"
[1] "5300 MCMC scans have finished"
[1] "5400 MCMC scans have finished"
[1] "5500 MCMC scans have finished"
[1] "5600 MCMC scans have finished"
[1] "5700 MCMC scans have finished"
[1] "5800 MCMC scans have finished"
[1] "5900 MCMC scans have finished"
[1] "6000 MCMC scans have finished"
[1] "6100 MCMC scans have finished"
[1] "6200 MCMC scans have finished"
[1] "6300 MCMC scans have finished"
[1] "6400 MCMC scans have finished"
[1] "6500 MCMC scans have finished"
[1] "6600 MCMC scans have finished"
[1] "6700 MCMC scans have finished"
[1] "6800 MCMC scans have finished"
[1] "6900 MCMC scans have finished"
[1] "7000 MCMC scans have finished"
[1] "7100 MCMC scans have finished"
[1] "7200 MCMC scans have finished"
[1] "7300 MCMC scans have finished"
[1] "7400 MCMC scans have finished"
[1] "7500 MCMC scans have finished"
[1] "7600 MCMC scans have finished"
[1] "7700 MCMC scans have finished"
[1] "7800 MCMC scans have finished"
[1] "7900 MCMC scans have finished"
[1] "8000 MCMC scans have finished"
[1] "8100 MCMC scans have finished"
[1] "8200 MCMC scans have finished"
[1] "8300 MCMC scans have finished"
[1] "8400 MCMC scans have finished"
[1] "8500 MCMC scans have finished"
[1] "8600 MCMC scans have finished"
[1] "8700 MCMC scans have finished"
[1] "8800 MCMC scans have finished"
[1] "8900 MCMC scans have finished"
[1] "9000 MCMC scans have finished"
[1] "9100 MCMC scans have finished"
[1] "9200 MCMC scans have finished"
[1] "9300 MCMC scans have finished"
[1] "9400 MCMC scans have finished"
[1] "9500 MCMC scans have finished"
[1] "9600 MCMC scans have finished"
[1] "9700 MCMC scans have finished"
[1] "9800 MCMC scans have finished"
[1] "9900 MCMC scans have finished"
[1] "10000 MCMC scans have finished"
[1] "Now fitting the posterior conditional on EB estimate of slab variance"
[1] "100 MCMC scans have finished"
[1] "200 MCMC scans have finished"
[1] "300 MCMC scans have finished"
[1] "400 MCMC scans have finished"
[1] "500 MCMC scans have finished"
[1] "600 MCMC scans have finished"
[1] "700 MCMC scans have finished"
[1] "800 MCMC scans have finished"
[1] "900 MCMC scans have finished"
[1] "1000 MCMC scans have finished"
[1] "1100 MCMC scans have finished"
[1] "1200 MCMC scans have finished"
[1] "1300 MCMC scans have finished"
[1] "1400 MCMC scans have finished"
[1] "1500 MCMC scans have finished"
[1] "1600 MCMC scans have finished"
[1] "1700 MCMC scans have finished"
[1] "1800 MCMC scans have finished"
[1] "1900 MCMC scans have finished"
[1] "2000 MCMC scans have finished"
[1] "2100 MCMC scans have finished"
[1] "2200 MCMC scans have finished"
[1] "2300 MCMC scans have finished"
[1] "2400 MCMC scans have finished"
[1] "2500 MCMC scans have finished"
[1] "2600 MCMC scans have finished"
[1] "2700 MCMC scans have finished"
[1] "2800 MCMC scans have finished"
[1] "2900 MCMC scans have finished"
[1] "3000 MCMC scans have finished"
[1] "3100 MCMC scans have finished"
[1] "3200 MCMC scans have finished"
[1] "3300 MCMC scans have finished"
[1] "3400 MCMC scans have finished"
[1] "3500 MCMC scans have finished"
[1] "3600 MCMC scans have finished"
[1] "3700 MCMC scans have finished"
[1] "3800 MCMC scans have finished"
[1] "3900 MCMC scans have finished"
[1] "4000 MCMC scans have finished"
[1] "4100 MCMC scans have finished"
[1] "4200 MCMC scans have finished"
[1] "4300 MCMC scans have finished"
[1] "4400 MCMC scans have finished"
[1] "4500 MCMC scans have finished"
[1] "4600 MCMC scans have finished"
[1] "4700 MCMC scans have finished"
[1] "4800 MCMC scans have finished"
[1] "4900 MCMC scans have finished"
[1] "5000 MCMC scans have finished"
[1] "5100 MCMC scans have finished"
[1] "5200 MCMC scans have finished"
[1] "5300 MCMC scans have finished"
[1] "5400 MCMC scans have finished"
[1] "5500 MCMC scans have finished"
[1] "5600 MCMC scans have finished"
[1] "5700 MCMC scans have finished"
[1] "5800 MCMC scans have finished"
[1] "5900 MCMC scans have finished"
[1] "6000 MCMC scans have finished"
[1] "6100 MCMC scans have finished"
[1] "6200 MCMC scans have finished"
[1] "6300 MCMC scans have finished"
[1] "6400 MCMC scans have finished"
[1] "6500 MCMC scans have finished"
[1] "6600 MCMC scans have finished"
[1] "6700 MCMC scans have finished"
[1] "6800 MCMC scans have finished"
[1] "6900 MCMC scans have finished"
[1] "7000 MCMC scans have finished"
[1] "7100 MCMC scans have finished"
[1] "7200 MCMC scans have finished"
[1] "7300 MCMC scans have finished"
[1] "7400 MCMC scans have finished"
[1] "7500 MCMC scans have finished"
[1] "7600 MCMC scans have finished"
[1] "7700 MCMC scans have finished"
[1] "7800 MCMC scans have finished"
[1] "7900 MCMC scans have finished"
[1] "8000 MCMC scans have finished"
[1] "8100 MCMC scans have finished"
[1] "8200 MCMC scans have finished"
[1] "8300 MCMC scans have finished"
[1] "8400 MCMC scans have finished"
[1] "8500 MCMC scans have finished"
[1] "8600 MCMC scans have finished"
[1] "8700 MCMC scans have finished"
[1] "8800 MCMC scans have finished"
[1] "8900 MCMC scans have finished"
[1] "9000 MCMC scans have finished"
[1] "9100 MCMC scans have finished"
[1] "9200 MCMC scans have finished"
[1] "9300 MCMC scans have finished"
[1] "9400 MCMC scans have finished"
[1] "9500 MCMC scans have finished"
[1] "9600 MCMC scans have finished"
[1] "9700 MCMC scans have finished"
[1] "9800 MCMC scans have finished"
[1] "9900 MCMC scans have finished"
[1] "10000 MCMC scans have finished"
[1] "Finding the empirical bayes estimate of the slab variance"
[1] "100 MCMC scans have finished"
[1] "200 MCMC scans have finished"
[1] "300 MCMC scans have finished"
[1] "400 MCMC scans have finished"
[1] "500 MCMC scans have finished"
[1] "600 MCMC scans have finished"
[1] "700 MCMC scans have finished"
[1] "800 MCMC scans have finished"
[1] "900 MCMC scans have finished"
[1] "1000 MCMC scans have finished"
[1] "1100 MCMC scans have finished"
[1] "1200 MCMC scans have finished"
[1] "1300 MCMC scans have finished"
[1] "1400 MCMC scans have finished"
[1] "1500 MCMC scans have finished"
[1] "1600 MCMC scans have finished"
[1] "1700 MCMC scans have finished"
[1] "1800 MCMC scans have finished"
[1] "1900 MCMC scans have finished"
[1] "2000 MCMC scans have finished"
[1] "2100 MCMC scans have finished"
[1] "2200 MCMC scans have finished"
[1] "2300 MCMC scans have finished"
[1] "2400 MCMC scans have finished"
[1] "2500 MCMC scans have finished"
[1] "2600 MCMC scans have finished"
[1] "2700 MCMC scans have finished"
[1] "2800 MCMC scans have finished"
[1] "2900 MCMC scans have finished"
[1] "3000 MCMC scans have finished"
[1] "3100 MCMC scans have finished"
[1] "3200 MCMC scans have finished"
[1] "3300 MCMC scans have finished"
[1] "3400 MCMC scans have finished"
[1] "3500 MCMC scans have finished"
[1] "3600 MCMC scans have finished"
[1] "3700 MCMC scans have finished"
[1] "3800 MCMC scans have finished"
[1] "3900 MCMC scans have finished"
[1] "4000 MCMC scans have finished"
[1] "4100 MCMC scans have finished"
[1] "4200 MCMC scans have finished"
[1] "4300 MCMC scans have finished"
[1] "4400 MCMC scans have finished"
[1] "4500 MCMC scans have finished"
[1] "4600 MCMC scans have finished"
[1] "4700 MCMC scans have finished"
[1] "4800 MCMC scans have finished"
[1] "4900 MCMC scans have finished"
[1] "5000 MCMC scans have finished"
[1] "5100 MCMC scans have finished"
[1] "5200 MCMC scans have finished"
[1] "5300 MCMC scans have finished"
[1] "5400 MCMC scans have finished"
[1] "5500 MCMC scans have finished"
[1] "5600 MCMC scans have finished"
[1] "5700 MCMC scans have finished"
[1] "5800 MCMC scans have finished"
[1] "5900 MCMC scans have finished"
[1] "6000 MCMC scans have finished"
[1] "6100 MCMC scans have finished"
[1] "6200 MCMC scans have finished"
[1] "6300 MCMC scans have finished"
[1] "6400 MCMC scans have finished"
[1] "6500 MCMC scans have finished"
[1] "6600 MCMC scans have finished"
[1] "6700 MCMC scans have finished"
[1] "6800 MCMC scans have finished"
[1] "6900 MCMC scans have finished"
[1] "7000 MCMC scans have finished"
[1] "7100 MCMC scans have finished"
[1] "7200 MCMC scans have finished"
[1] "7300 MCMC scans have finished"
[1] "7400 MCMC scans have finished"
[1] "7500 MCMC scans have finished"
[1] "7600 MCMC scans have finished"
[1] "7700 MCMC scans have finished"
[1] "7800 MCMC scans have finished"
[1] "7900 MCMC scans have finished"
[1] "8000 MCMC scans have finished"
[1] "8100 MCMC scans have finished"
[1] "8200 MCMC scans have finished"
[1] "8300 MCMC scans have finished"
[1] "8400 MCMC scans have finished"
[1] "8500 MCMC scans have finished"
[1] "8600 MCMC scans have finished"
[1] "8700 MCMC scans have finished"
[1] "8800 MCMC scans have finished"
[1] "8900 MCMC scans have finished"
[1] "9000 MCMC scans have finished"
[1] "9100 MCMC scans have finished"
[1] "9200 MCMC scans have finished"
[1] "9300 MCMC scans have finished"
[1] "9400 MCMC scans have finished"
[1] "9500 MCMC scans have finished"
[1] "9600 MCMC scans have finished"
[1] "9700 MCMC scans have finished"
[1] "9800 MCMC scans have finished"
[1] "9900 MCMC scans have finished"
[1] "10000 MCMC scans have finished"
[1] "Now fitting the posterior conditional on EB estimate of slab variance"
[1] "100 MCMC scans have finished"
[1] "200 MCMC scans have finished"
[1] "300 MCMC scans have finished"
[1] "400 MCMC scans have finished"
[1] "500 MCMC scans have finished"
[1] "600 MCMC scans have finished"
[1] "700 MCMC scans have finished"
[1] "800 MCMC scans have finished"
[1] "900 MCMC scans have finished"
[1] "1000 MCMC scans have finished"
[1] "1100 MCMC scans have finished"
[1] "1200 MCMC scans have finished"
[1] "1300 MCMC scans have finished"
[1] "1400 MCMC scans have finished"
[1] "1500 MCMC scans have finished"
[1] "1600 MCMC scans have finished"
[1] "1700 MCMC scans have finished"
[1] "1800 MCMC scans have finished"
[1] "1900 MCMC scans have finished"
[1] "2000 MCMC scans have finished"
[1] "2100 MCMC scans have finished"
[1] "2200 MCMC scans have finished"
[1] "2300 MCMC scans have finished"
[1] "2400 MCMC scans have finished"
[1] "2500 MCMC scans have finished"
[1] "2600 MCMC scans have finished"
[1] "2700 MCMC scans have finished"
[1] "2800 MCMC scans have finished"
[1] "2900 MCMC scans have finished"
[1] "3000 MCMC scans have finished"
[1] "3100 MCMC scans have finished"
[1] "3200 MCMC scans have finished"
[1] "3300 MCMC scans have finished"
[1] "3400 MCMC scans have finished"
[1] "3500 MCMC scans have finished"
[1] "3600 MCMC scans have finished"
[1] "3700 MCMC scans have finished"
[1] "3800 MCMC scans have finished"
[1] "3900 MCMC scans have finished"
[1] "4000 MCMC scans have finished"
[1] "4100 MCMC scans have finished"
[1] "4200 MCMC scans have finished"
[1] "4300 MCMC scans have finished"
[1] "4400 MCMC scans have finished"
[1] "4500 MCMC scans have finished"
[1] "4600 MCMC scans have finished"
[1] "4700 MCMC scans have finished"
[1] "4800 MCMC scans have finished"
[1] "4900 MCMC scans have finished"
[1] "5000 MCMC scans have finished"
[1] "5100 MCMC scans have finished"
[1] "5200 MCMC scans have finished"
[1] "5300 MCMC scans have finished"
[1] "5400 MCMC scans have finished"
[1] "5500 MCMC scans have finished"
[1] "5600 MCMC scans have finished"
[1] "5700 MCMC scans have finished"
[1] "5800 MCMC scans have finished"
[1] "5900 MCMC scans have finished"
[1] "6000 MCMC scans have finished"
[1] "6100 MCMC scans have finished"
[1] "6200 MCMC scans have finished"
[1] "6300 MCMC scans have finished"
[1] "6400 MCMC scans have finished"
[1] "6500 MCMC scans have finished"
[1] "6600 MCMC scans have finished"
[1] "6700 MCMC scans have finished"
[1] "6800 MCMC scans have finished"
[1] "6900 MCMC scans have finished"
[1] "7000 MCMC scans have finished"
[1] "7100 MCMC scans have finished"
[1] "7200 MCMC scans have finished"
[1] "7300 MCMC scans have finished"
[1] "7400 MCMC scans have finished"
[1] "7500 MCMC scans have finished"
[1] "7600 MCMC scans have finished"
[1] "7700 MCMC scans have finished"
[1] "7800 MCMC scans have finished"
[1] "7900 MCMC scans have finished"
[1] "8000 MCMC scans have finished"
[1] "8100 MCMC scans have finished"
[1] "8200 MCMC scans have finished"
[1] "8300 MCMC scans have finished"
[1] "8400 MCMC scans have finished"
[1] "8500 MCMC scans have finished"
[1] "8600 MCMC scans have finished"
[1] "8700 MCMC scans have finished"
[1] "8800 MCMC scans have finished"
[1] "8900 MCMC scans have finished"
[1] "9000 MCMC scans have finished"
[1] "9100 MCMC scans have finished"
[1] "9200 MCMC scans have finished"
[1] "9300 MCMC scans have finished"
[1] "9400 MCMC scans have finished"
[1] "9500 MCMC scans have finished"
[1] "9600 MCMC scans have finished"
[1] "9700 MCMC scans have finished"
[1] "9800 MCMC scans have finished"
[1] "9900 MCMC scans have finished"
[1] "10000 MCMC scans have finished"
[1] "Finding the empirical bayes estimate of the slab variance"
[1] "100 MCMC scans have finished"
[1] "200 MCMC scans have finished"
[1] "300 MCMC scans have finished"
[1] "400 MCMC scans have finished"
[1] "500 MCMC scans have finished"
[1] "600 MCMC scans have finished"
[1] "700 MCMC scans have finished"
[1] "800 MCMC scans have finished"
[1] "900 MCMC scans have finished"
[1] "1000 MCMC scans have finished"
[1] "1100 MCMC scans have finished"
[1] "1200 MCMC scans have finished"
[1] "1300 MCMC scans have finished"
[1] "1400 MCMC scans have finished"
[1] "1500 MCMC scans have finished"
[1] "1600 MCMC scans have finished"
[1] "1700 MCMC scans have finished"
[1] "1800 MCMC scans have finished"
[1] "1900 MCMC scans have finished"
[1] "2000 MCMC scans have finished"
[1] "2100 MCMC scans have finished"
[1] "2200 MCMC scans have finished"
[1] "2300 MCMC scans have finished"
[1] "2400 MCMC scans have finished"
[1] "2500 MCMC scans have finished"
[1] "2600 MCMC scans have finished"
[1] "2700 MCMC scans have finished"
[1] "2800 MCMC scans have finished"
[1] "2900 MCMC scans have finished"
[1] "3000 MCMC scans have finished"
[1] "3100 MCMC scans have finished"
[1] "3200 MCMC scans have finished"
[1] "3300 MCMC scans have finished"
[1] "3400 MCMC scans have finished"
[1] "3500 MCMC scans have finished"
[1] "3600 MCMC scans have finished"
[1] "3700 MCMC scans have finished"
[1] "3800 MCMC scans have finished"
[1] "3900 MCMC scans have finished"
[1] "4000 MCMC scans have finished"
[1] "4100 MCMC scans have finished"
[1] "4200 MCMC scans have finished"
[1] "4300 MCMC scans have finished"
[1] "4400 MCMC scans have finished"
[1] "4500 MCMC scans have finished"
[1] "4600 MCMC scans have finished"
[1] "4700 MCMC scans have finished"
[1] "4800 MCMC scans have finished"
[1] "4900 MCMC scans have finished"
[1] "5000 MCMC scans have finished"
[1] "5100 MCMC scans have finished"
[1] "5200 MCMC scans have finished"
[1] "5300 MCMC scans have finished"
[1] "5400 MCMC scans have finished"
[1] "5500 MCMC scans have finished"
[1] "5600 MCMC scans have finished"
[1] "5700 MCMC scans have finished"
[1] "5800 MCMC scans have finished"
[1] "5900 MCMC scans have finished"
[1] "6000 MCMC scans have finished"
[1] "6100 MCMC scans have finished"
[1] "6200 MCMC scans have finished"
[1] "6300 MCMC scans have finished"
[1] "6400 MCMC scans have finished"
[1] "6500 MCMC scans have finished"
[1] "6600 MCMC scans have finished"
[1] "6700 MCMC scans have finished"
[1] "6800 MCMC scans have finished"
[1] "6900 MCMC scans have finished"
[1] "7000 MCMC scans have finished"
[1] "7100 MCMC scans have finished"
[1] "7200 MCMC scans have finished"
[1] "7300 MCMC scans have finished"
[1] "7400 MCMC scans have finished"
[1] "7500 MCMC scans have finished"
[1] "7600 MCMC scans have finished"
[1] "7700 MCMC scans have finished"
[1] "7800 MCMC scans have finished"
[1] "7900 MCMC scans have finished"
[1] "8000 MCMC scans have finished"
[1] "8100 MCMC scans have finished"
[1] "8200 MCMC scans have finished"
[1] "8300 MCMC scans have finished"
[1] "8400 MCMC scans have finished"
[1] "8500 MCMC scans have finished"
[1] "8600 MCMC scans have finished"
[1] "8700 MCMC scans have finished"
[1] "8800 MCMC scans have finished"
[1] "8900 MCMC scans have finished"
[1] "9000 MCMC scans have finished"
[1] "9100 MCMC scans have finished"
[1] "9200 MCMC scans have finished"
[1] "9300 MCMC scans have finished"
[1] "9400 MCMC scans have finished"
[1] "9500 MCMC scans have finished"
[1] "9600 MCMC scans have finished"
[1] "9700 MCMC scans have finished"
[1] "9800 MCMC scans have finished"
[1] "9900 MCMC scans have finished"
[1] "10000 MCMC scans have finished"
[1] "Now fitting the posterior conditional on EB estimate of slab variance"
[1] "100 MCMC scans have finished"
[1] "200 MCMC scans have finished"
[1] "300 MCMC scans have finished"
[1] "400 MCMC scans have finished"
[1] "500 MCMC scans have finished"
[1] "600 MCMC scans have finished"
[1] "700 MCMC scans have finished"
[1] "800 MCMC scans have finished"
[1] "900 MCMC scans have finished"
[1] "1000 MCMC scans have finished"
[1] "1100 MCMC scans have finished"
[1] "1200 MCMC scans have finished"
[1] "1300 MCMC scans have finished"
[1] "1400 MCMC scans have finished"
[1] "1500 MCMC scans have finished"
[1] "1600 MCMC scans have finished"
[1] "1700 MCMC scans have finished"
[1] "1800 MCMC scans have finished"
[1] "1900 MCMC scans have finished"
[1] "2000 MCMC scans have finished"
[1] "2100 MCMC scans have finished"
[1] "2200 MCMC scans have finished"
[1] "2300 MCMC scans have finished"
[1] "2400 MCMC scans have finished"
[1] "2500 MCMC scans have finished"
[1] "2600 MCMC scans have finished"
[1] "2700 MCMC scans have finished"
[1] "2800 MCMC scans have finished"
[1] "2900 MCMC scans have finished"
[1] "3000 MCMC scans have finished"
[1] "3100 MCMC scans have finished"
[1] "3200 MCMC scans have finished"
[1] "3300 MCMC scans have finished"
[1] "3400 MCMC scans have finished"
[1] "3500 MCMC scans have finished"
[1] "3600 MCMC scans have finished"
[1] "3700 MCMC scans have finished"
[1] "3800 MCMC scans have finished"
[1] "3900 MCMC scans have finished"
[1] "4000 MCMC scans have finished"
[1] "4100 MCMC scans have finished"
[1] "4200 MCMC scans have finished"
[1] "4300 MCMC scans have finished"
[1] "4400 MCMC scans have finished"
[1] "4500 MCMC scans have finished"
[1] "4600 MCMC scans have finished"
[1] "4700 MCMC scans have finished"
[1] "4800 MCMC scans have finished"
[1] "4900 MCMC scans have finished"
[1] "5000 MCMC scans have finished"
[1] "5100 MCMC scans have finished"
[1] "5200 MCMC scans have finished"
[1] "5300 MCMC scans have finished"
[1] "5400 MCMC scans have finished"
[1] "5500 MCMC scans have finished"
[1] "5600 MCMC scans have finished"
[1] "5700 MCMC scans have finished"
[1] "5800 MCMC scans have finished"
[1] "5900 MCMC scans have finished"
[1] "6000 MCMC scans have finished"
[1] "6100 MCMC scans have finished"
[1] "6200 MCMC scans have finished"
[1] "6300 MCMC scans have finished"
[1] "6400 MCMC scans have finished"
[1] "6500 MCMC scans have finished"
[1] "6600 MCMC scans have finished"
[1] "6700 MCMC scans have finished"
[1] "6800 MCMC scans have finished"
[1] "6900 MCMC scans have finished"
[1] "7000 MCMC scans have finished"
[1] "7100 MCMC scans have finished"
[1] "7200 MCMC scans have finished"
[1] "7300 MCMC scans have finished"
[1] "7400 MCMC scans have finished"
[1] "7500 MCMC scans have finished"
[1] "7600 MCMC scans have finished"
[1] "7700 MCMC scans have finished"
[1] "7800 MCMC scans have finished"
[1] "7900 MCMC scans have finished"
[1] "8000 MCMC scans have finished"
[1] "8100 MCMC scans have finished"
[1] "8200 MCMC scans have finished"
[1] "8300 MCMC scans have finished"
[1] "8400 MCMC scans have finished"
[1] "8500 MCMC scans have finished"
[1] "8600 MCMC scans have finished"
[1] "8700 MCMC scans have finished"
[1] "8800 MCMC scans have finished"
[1] "8900 MCMC scans have finished"
[1] "9000 MCMC scans have finished"
[1] "9100 MCMC scans have finished"
[1] "9200 MCMC scans have finished"
[1] "9300 MCMC scans have finished"
[1] "9400 MCMC scans have finished"
[1] "9500 MCMC scans have finished"
[1] "9600 MCMC scans have finished"
[1] "9700 MCMC scans have finished"
[1] "9800 MCMC scans have finished"
[1] "9900 MCMC scans have finished"
[1] "10000 MCMC scans have finished"
[1] "Finding the empirical bayes estimate of the slab variance"
[1] "100 MCMC scans have finished"
[1] "200 MCMC scans have finished"
[1] "300 MCMC scans have finished"
[1] "400 MCMC scans have finished"
[1] "500 MCMC scans have finished"
[1] "600 MCMC scans have finished"
[1] "700 MCMC scans have finished"
[1] "800 MCMC scans have finished"
[1] "900 MCMC scans have finished"
[1] "1000 MCMC scans have finished"
[1] "1100 MCMC scans have finished"
[1] "1200 MCMC scans have finished"
[1] "1300 MCMC scans have finished"
[1] "1400 MCMC scans have finished"
[1] "1500 MCMC scans have finished"
[1] "1600 MCMC scans have finished"
[1] "1700 MCMC scans have finished"
[1] "1800 MCMC scans have finished"
[1] "1900 MCMC scans have finished"
[1] "2000 MCMC scans have finished"
[1] "2100 MCMC scans have finished"
[1] "2200 MCMC scans have finished"
[1] "2300 MCMC scans have finished"
[1] "2400 MCMC scans have finished"
[1] "2500 MCMC scans have finished"
[1] "2600 MCMC scans have finished"
[1] "2700 MCMC scans have finished"
[1] "2800 MCMC scans have finished"
[1] "2900 MCMC scans have finished"
[1] "3000 MCMC scans have finished"
[1] "3100 MCMC scans have finished"
[1] "3200 MCMC scans have finished"
[1] "3300 MCMC scans have finished"
[1] "3400 MCMC scans have finished"
[1] "3500 MCMC scans have finished"
[1] "3600 MCMC scans have finished"
[1] "3700 MCMC scans have finished"
[1] "3800 MCMC scans have finished"
[1] "3900 MCMC scans have finished"
[1] "4000 MCMC scans have finished"
[1] "4100 MCMC scans have finished"
[1] "4200 MCMC scans have finished"
[1] "4300 MCMC scans have finished"
[1] "4400 MCMC scans have finished"
[1] "4500 MCMC scans have finished"
[1] "4600 MCMC scans have finished"
[1] "4700 MCMC scans have finished"
[1] "4800 MCMC scans have finished"
[1] "4900 MCMC scans have finished"
[1] "5000 MCMC scans have finished"
[1] "5100 MCMC scans have finished"
[1] "5200 MCMC scans have finished"
[1] "5300 MCMC scans have finished"
[1] "5400 MCMC scans have finished"
[1] "5500 MCMC scans have finished"
[1] "5600 MCMC scans have finished"
[1] "5700 MCMC scans have finished"
[1] "5800 MCMC scans have finished"
[1] "5900 MCMC scans have finished"
[1] "6000 MCMC scans have finished"
[1] "6100 MCMC scans have finished"
[1] "6200 MCMC scans have finished"
[1] "6300 MCMC scans have finished"
[1] "6400 MCMC scans have finished"
[1] "6500 MCMC scans have finished"
[1] "6600 MCMC scans have finished"
[1] "6700 MCMC scans have finished"
[1] "6800 MCMC scans have finished"
[1] "6900 MCMC scans have finished"
[1] "7000 MCMC scans have finished"
[1] "7100 MCMC scans have finished"
[1] "7200 MCMC scans have finished"
[1] "7300 MCMC scans have finished"
[1] "7400 MCMC scans have finished"
[1] "7500 MCMC scans have finished"
[1] "7600 MCMC scans have finished"
[1] "7700 MCMC scans have finished"
[1] "7800 MCMC scans have finished"
[1] "7900 MCMC scans have finished"
[1] "8000 MCMC scans have finished"
[1] "8100 MCMC scans have finished"
[1] "8200 MCMC scans have finished"
[1] "8300 MCMC scans have finished"
[1] "8400 MCMC scans have finished"
[1] "8500 MCMC scans have finished"
[1] "8600 MCMC scans have finished"
[1] "8700 MCMC scans have finished"
[1] "8800 MCMC scans have finished"
[1] "8900 MCMC scans have finished"
[1] "9000 MCMC scans have finished"
[1] "9100 MCMC scans have finished"
[1] "9200 MCMC scans have finished"
[1] "9300 MCMC scans have finished"
[1] "9400 MCMC scans have finished"
[1] "9500 MCMC scans have finished"
[1] "9600 MCMC scans have finished"
[1] "9700 MCMC scans have finished"
[1] "9800 MCMC scans have finished"
[1] "9900 MCMC scans have finished"
[1] "10000 MCMC scans have finished"
[1] "Now fitting the posterior conditional on EB estimate of slab variance"
[1] "100 MCMC scans have finished"
[1] "200 MCMC scans have finished"
[1] "300 MCMC scans have finished"
[1] "400 MCMC scans have finished"
[1] "500 MCMC scans have finished"
[1] "600 MCMC scans have finished"
[1] "700 MCMC scans have finished"
[1] "800 MCMC scans have finished"
[1] "900 MCMC scans have finished"
[1] "1000 MCMC scans have finished"
[1] "1100 MCMC scans have finished"
[1] "1200 MCMC scans have finished"
[1] "1300 MCMC scans have finished"
[1] "1400 MCMC scans have finished"
[1] "1500 MCMC scans have finished"
[1] "1600 MCMC scans have finished"
[1] "1700 MCMC scans have finished"
[1] "1800 MCMC scans have finished"
[1] "1900 MCMC scans have finished"
[1] "2000 MCMC scans have finished"
[1] "2100 MCMC scans have finished"
[1] "2200 MCMC scans have finished"
[1] "2300 MCMC scans have finished"
[1] "2400 MCMC scans have finished"
[1] "2500 MCMC scans have finished"
[1] "2600 MCMC scans have finished"
[1] "2700 MCMC scans have finished"
[1] "2800 MCMC scans have finished"
[1] "2900 MCMC scans have finished"
[1] "3000 MCMC scans have finished"
[1] "3100 MCMC scans have finished"
[1] "3200 MCMC scans have finished"
[1] "3300 MCMC scans have finished"
[1] "3400 MCMC scans have finished"
[1] "3500 MCMC scans have finished"
[1] "3600 MCMC scans have finished"
[1] "3700 MCMC scans have finished"
[1] "3800 MCMC scans have finished"
[1] "3900 MCMC scans have finished"
[1] "4000 MCMC scans have finished"
[1] "4100 MCMC scans have finished"
[1] "4200 MCMC scans have finished"
[1] "4300 MCMC scans have finished"
[1] "4400 MCMC scans have finished"
[1] "4500 MCMC scans have finished"
[1] "4600 MCMC scans have finished"
[1] "4700 MCMC scans have finished"
[1] "4800 MCMC scans have finished"
[1] "4900 MCMC scans have finished"
[1] "5000 MCMC scans have finished"
[1] "5100 MCMC scans have finished"
[1] "5200 MCMC scans have finished"
[1] "5300 MCMC scans have finished"
[1] "5400 MCMC scans have finished"
[1] "5500 MCMC scans have finished"
[1] "5600 MCMC scans have finished"
[1] "5700 MCMC scans have finished"
[1] "5800 MCMC scans have finished"
[1] "5900 MCMC scans have finished"
[1] "6000 MCMC scans have finished"
[1] "6100 MCMC scans have finished"
[1] "6200 MCMC scans have finished"
[1] "6300 MCMC scans have finished"
[1] "6400 MCMC scans have finished"
[1] "6500 MCMC scans have finished"
[1] "6600 MCMC scans have finished"
[1] "6700 MCMC scans have finished"
[1] "6800 MCMC scans have finished"
[1] "6900 MCMC scans have finished"
[1] "7000 MCMC scans have finished"
[1] "7100 MCMC scans have finished"
[1] "7200 MCMC scans have finished"
[1] "7300 MCMC scans have finished"
[1] "7400 MCMC scans have finished"
[1] "7500 MCMC scans have finished"
[1] "7600 MCMC scans have finished"
[1] "7700 MCMC scans have finished"
[1] "7800 MCMC scans have finished"
[1] "7900 MCMC scans have finished"
[1] "8000 MCMC scans have finished"
[1] "8100 MCMC scans have finished"
[1] "8200 MCMC scans have finished"
[1] "8300 MCMC scans have finished"
[1] "8400 MCMC scans have finished"
[1] "8500 MCMC scans have finished"
[1] "8600 MCMC scans have finished"
[1] "8700 MCMC scans have finished"
[1] "8800 MCMC scans have finished"
[1] "8900 MCMC scans have finished"
[1] "9000 MCMC scans have finished"
[1] "9100 MCMC scans have finished"
[1] "9200 MCMC scans have finished"
[1] "9300 MCMC scans have finished"
[1] "9400 MCMC scans have finished"
[1] "9500 MCMC scans have finished"
[1] "9600 MCMC scans have finished"
[1] "9700 MCMC scans have finished"
[1] "9800 MCMC scans have finished"
[1] "9900 MCMC scans have finished"
[1] "10000 MCMC scans have finished"
[1] "Finding the empirical bayes estimate of the slab variance"
[1] "100 MCMC scans have finished"
[1] "200 MCMC scans have finished"
[1] "300 MCMC scans have finished"
[1] "400 MCMC scans have finished"
[1] "500 MCMC scans have finished"
[1] "600 MCMC scans have finished"
[1] "700 MCMC scans have finished"
[1] "800 MCMC scans have finished"
[1] "900 MCMC scans have finished"
[1] "1000 MCMC scans have finished"
[1] "1100 MCMC scans have finished"
[1] "1200 MCMC scans have finished"
[1] "1300 MCMC scans have finished"
[1] "1400 MCMC scans have finished"
[1] "1500 MCMC scans have finished"
[1] "1600 MCMC scans have finished"
[1] "1700 MCMC scans have finished"
[1] "1800 MCMC scans have finished"
[1] "1900 MCMC scans have finished"
[1] "2000 MCMC scans have finished"
[1] "2100 MCMC scans have finished"
[1] "2200 MCMC scans have finished"
[1] "2300 MCMC scans have finished"
[1] "2400 MCMC scans have finished"
[1] "2500 MCMC scans have finished"
[1] "2600 MCMC scans have finished"
[1] "2700 MCMC scans have finished"
[1] "2800 MCMC scans have finished"
[1] "2900 MCMC scans have finished"
[1] "3000 MCMC scans have finished"
[1] "3100 MCMC scans have finished"
[1] "3200 MCMC scans have finished"
[1] "3300 MCMC scans have finished"
[1] "3400 MCMC scans have finished"
[1] "3500 MCMC scans have finished"
[1] "3600 MCMC scans have finished"
[1] "3700 MCMC scans have finished"
[1] "3800 MCMC scans have finished"
[1] "3900 MCMC scans have finished"
[1] "4000 MCMC scans have finished"
[1] "4100 MCMC scans have finished"
[1] "4200 MCMC scans have finished"
[1] "4300 MCMC scans have finished"
[1] "4400 MCMC scans have finished"
[1] "4500 MCMC scans have finished"
[1] "4600 MCMC scans have finished"
[1] "4700 MCMC scans have finished"
[1] "4800 MCMC scans have finished"
[1] "4900 MCMC scans have finished"
[1] "5000 MCMC scans have finished"
[1] "5100 MCMC scans have finished"
[1] "5200 MCMC scans have finished"
[1] "5300 MCMC scans have finished"
[1] "5400 MCMC scans have finished"
[1] "5500 MCMC scans have finished"
[1] "5600 MCMC scans have finished"
[1] "5700 MCMC scans have finished"
[1] "5800 MCMC scans have finished"
[1] "5900 MCMC scans have finished"
[1] "6000 MCMC scans have finished"
[1] "6100 MCMC scans have finished"
[1] "6200 MCMC scans have finished"
[1] "6300 MCMC scans have finished"
[1] "6400 MCMC scans have finished"
[1] "6500 MCMC scans have finished"
[1] "6600 MCMC scans have finished"
[1] "6700 MCMC scans have finished"
[1] "6800 MCMC scans have finished"
[1] "6900 MCMC scans have finished"
[1] "7000 MCMC scans have finished"
[1] "7100 MCMC scans have finished"
[1] "7200 MCMC scans have finished"
[1] "7300 MCMC scans have finished"
[1] "7400 MCMC scans have finished"
[1] "7500 MCMC scans have finished"
[1] "7600 MCMC scans have finished"
[1] "7700 MCMC scans have finished"
[1] "7800 MCMC scans have finished"
[1] "7900 MCMC scans have finished"
[1] "8000 MCMC scans have finished"
[1] "8100 MCMC scans have finished"
[1] "8200 MCMC scans have finished"
[1] "8300 MCMC scans have finished"
[1] "8400 MCMC scans have finished"
[1] "8500 MCMC scans have finished"
[1] "8600 MCMC scans have finished"
[1] "8700 MCMC scans have finished"
[1] "8800 MCMC scans have finished"
[1] "8900 MCMC scans have finished"
[1] "9000 MCMC scans have finished"
[1] "9100 MCMC scans have finished"
[1] "9200 MCMC scans have finished"
[1] "9300 MCMC scans have finished"
[1] "9400 MCMC scans have finished"
[1] "9500 MCMC scans have finished"
[1] "9600 MCMC scans have finished"
[1] "9700 MCMC scans have finished"
[1] "9800 MCMC scans have finished"
[1] "9900 MCMC scans have finished"
[1] "10000 MCMC scans have finished"
[1] "Now fitting the posterior conditional on EB estimate of slab variance"
[1] "100 MCMC scans have finished"
[1] "200 MCMC scans have finished"
[1] "300 MCMC scans have finished"
[1] "400 MCMC scans have finished"
[1] "500 MCMC scans have finished"
[1] "600 MCMC scans have finished"
[1] "700 MCMC scans have finished"
[1] "800 MCMC scans have finished"
[1] "900 MCMC scans have finished"
[1] "1000 MCMC scans have finished"
[1] "1100 MCMC scans have finished"
[1] "1200 MCMC scans have finished"
[1] "1300 MCMC scans have finished"
[1] "1400 MCMC scans have finished"
[1] "1500 MCMC scans have finished"
[1] "1600 MCMC scans have finished"
[1] "1700 MCMC scans have finished"
[1] "1800 MCMC scans have finished"
[1] "1900 MCMC scans have finished"
[1] "2000 MCMC scans have finished"
[1] "2100 MCMC scans have finished"
[1] "2200 MCMC scans have finished"
[1] "2300 MCMC scans have finished"
[1] "2400 MCMC scans have finished"
[1] "2500 MCMC scans have finished"
[1] "2600 MCMC scans have finished"
[1] "2700 MCMC scans have finished"
[1] "2800 MCMC scans have finished"
[1] "2900 MCMC scans have finished"
[1] "3000 MCMC scans have finished"
[1] "3100 MCMC scans have finished"
[1] "3200 MCMC scans have finished"
[1] "3300 MCMC scans have finished"
[1] "3400 MCMC scans have finished"
[1] "3500 MCMC scans have finished"
[1] "3600 MCMC scans have finished"
[1] "3700 MCMC scans have finished"
[1] "3800 MCMC scans have finished"
[1] "3900 MCMC scans have finished"
[1] "4000 MCMC scans have finished"
[1] "4100 MCMC scans have finished"
[1] "4200 MCMC scans have finished"
[1] "4300 MCMC scans have finished"
[1] "4400 MCMC scans have finished"
[1] "4500 MCMC scans have finished"
[1] "4600 MCMC scans have finished"
[1] "4700 MCMC scans have finished"
[1] "4800 MCMC scans have finished"
[1] "4900 MCMC scans have finished"
[1] "5000 MCMC scans have finished"
[1] "5100 MCMC scans have finished"
[1] "5200 MCMC scans have finished"
[1] "5300 MCMC scans have finished"
[1] "5400 MCMC scans have finished"
[1] "5500 MCMC scans have finished"
[1] "5600 MCMC scans have finished"
[1] "5700 MCMC scans have finished"
[1] "5800 MCMC scans have finished"
[1] "5900 MCMC scans have finished"
[1] "6000 MCMC scans have finished"
[1] "6100 MCMC scans have finished"
[1] "6200 MCMC scans have finished"
[1] "6300 MCMC scans have finished"
[1] "6400 MCMC scans have finished"
[1] "6500 MCMC scans have finished"
[1] "6600 MCMC scans have finished"
[1] "6700 MCMC scans have finished"
[1] "6800 MCMC scans have finished"
[1] "6900 MCMC scans have finished"
[1] "7000 MCMC scans have finished"
[1] "7100 MCMC scans have finished"
[1] "7200 MCMC scans have finished"
[1] "7300 MCMC scans have finished"
[1] "7400 MCMC scans have finished"
[1] "7500 MCMC scans have finished"
[1] "7600 MCMC scans have finished"
[1] "7700 MCMC scans have finished"
[1] "7800 MCMC scans have finished"
[1] "7900 MCMC scans have finished"
[1] "8000 MCMC scans have finished"
[1] "8100 MCMC scans have finished"
[1] "8200 MCMC scans have finished"
[1] "8300 MCMC scans have finished"
[1] "8400 MCMC scans have finished"
[1] "8500 MCMC scans have finished"
[1] "8600 MCMC scans have finished"
[1] "8700 MCMC scans have finished"
[1] "8800 MCMC scans have finished"
[1] "8900 MCMC scans have finished"
[1] "9000 MCMC scans have finished"
[1] "9100 MCMC scans have finished"
[1] "9200 MCMC scans have finished"
[1] "9300 MCMC scans have finished"
[1] "9400 MCMC scans have finished"
[1] "9500 MCMC scans have finished"
[1] "9600 MCMC scans have finished"
[1] "9700 MCMC scans have finished"
[1] "9800 MCMC scans have finished"
[1] "9900 MCMC scans have finished"
[1] "10000 MCMC scans have finished"
[1] "Finding the empirical bayes estimate of the slab variance"
[1] "100 MCMC scans have finished"
[1] "200 MCMC scans have finished"
[1] "300 MCMC scans have finished"
[1] "400 MCMC scans have finished"
[1] "500 MCMC scans have finished"
[1] "600 MCMC scans have finished"
[1] "700 MCMC scans have finished"
[1] "800 MCMC scans have finished"
[1] "900 MCMC scans have finished"
[1] "1000 MCMC scans have finished"
[1] "1100 MCMC scans have finished"
[1] "1200 MCMC scans have finished"
[1] "1300 MCMC scans have finished"
[1] "1400 MCMC scans have finished"
[1] "1500 MCMC scans have finished"
[1] "1600 MCMC scans have finished"
[1] "1700 MCMC scans have finished"
[1] "1800 MCMC scans have finished"
[1] "1900 MCMC scans have finished"
[1] "2000 MCMC scans have finished"
[1] "2100 MCMC scans have finished"
[1] "2200 MCMC scans have finished"
[1] "2300 MCMC scans have finished"
[1] "2400 MCMC scans have finished"
[1] "2500 MCMC scans have finished"
[1] "2600 MCMC scans have finished"
[1] "2700 MCMC scans have finished"
[1] "2800 MCMC scans have finished"
[1] "2900 MCMC scans have finished"
[1] "3000 MCMC scans have finished"
[1] "3100 MCMC scans have finished"
[1] "3200 MCMC scans have finished"
[1] "3300 MCMC scans have finished"
[1] "3400 MCMC scans have finished"
[1] "3500 MCMC scans have finished"
[1] "3600 MCMC scans have finished"
[1] "3700 MCMC scans have finished"
[1] "3800 MCMC scans have finished"
[1] "3900 MCMC scans have finished"
[1] "4000 MCMC scans have finished"
[1] "4100 MCMC scans have finished"
[1] "4200 MCMC scans have finished"
[1] "4300 MCMC scans have finished"
[1] "4400 MCMC scans have finished"
[1] "4500 MCMC scans have finished"
[1] "4600 MCMC scans have finished"
[1] "4700 MCMC scans have finished"
[1] "4800 MCMC scans have finished"
[1] "4900 MCMC scans have finished"
[1] "5000 MCMC scans have finished"
[1] "5100 MCMC scans have finished"
[1] "5200 MCMC scans have finished"
[1] "5300 MCMC scans have finished"
[1] "5400 MCMC scans have finished"
[1] "5500 MCMC scans have finished"
[1] "5600 MCMC scans have finished"
[1] "5700 MCMC scans have finished"
[1] "5800 MCMC scans have finished"
[1] "5900 MCMC scans have finished"
[1] "6000 MCMC scans have finished"
[1] "6100 MCMC scans have finished"
[1] "6200 MCMC scans have finished"
[1] "6300 MCMC scans have finished"
[1] "6400 MCMC scans have finished"
[1] "6500 MCMC scans have finished"
[1] "6600 MCMC scans have finished"
[1] "6700 MCMC scans have finished"
[1] "6800 MCMC scans have finished"
[1] "6900 MCMC scans have finished"
[1] "7000 MCMC scans have finished"
[1] "7100 MCMC scans have finished"
[1] "7200 MCMC scans have finished"
[1] "7300 MCMC scans have finished"
[1] "7400 MCMC scans have finished"
[1] "7500 MCMC scans have finished"
[1] "7600 MCMC scans have finished"
[1] "7700 MCMC scans have finished"
[1] "7800 MCMC scans have finished"
[1] "7900 MCMC scans have finished"
[1] "8000 MCMC scans have finished"
[1] "8100 MCMC scans have finished"
[1] "8200 MCMC scans have finished"
[1] "8300 MCMC scans have finished"
[1] "8400 MCMC scans have finished"
[1] "8500 MCMC scans have finished"
[1] "8600 MCMC scans have finished"
[1] "8700 MCMC scans have finished"
[1] "8800 MCMC scans have finished"
[1] "8900 MCMC scans have finished"
[1] "9000 MCMC scans have finished"
[1] "9100 MCMC scans have finished"
[1] "9200 MCMC scans have finished"
[1] "9300 MCMC scans have finished"
[1] "9400 MCMC scans have finished"
[1] "9500 MCMC scans have finished"
[1] "9600 MCMC scans have finished"
[1] "9700 MCMC scans have finished"
[1] "9800 MCMC scans have finished"
[1] "9900 MCMC scans have finished"
[1] "10000 MCMC scans have finished"
[1] "Now fitting the posterior conditional on EB estimate of slab variance"
[1] "100 MCMC scans have finished"
[1] "200 MCMC scans have finished"
[1] "300 MCMC scans have finished"
[1] "400 MCMC scans have finished"
[1] "500 MCMC scans have finished"
[1] "600 MCMC scans have finished"
[1] "700 MCMC scans have finished"
[1] "800 MCMC scans have finished"
[1] "900 MCMC scans have finished"
[1] "1000 MCMC scans have finished"
[1] "1100 MCMC scans have finished"
[1] "1200 MCMC scans have finished"
[1] "1300 MCMC scans have finished"
[1] "1400 MCMC scans have finished"
[1] "1500 MCMC scans have finished"
[1] "1600 MCMC scans have finished"
[1] "1700 MCMC scans have finished"
[1] "1800 MCMC scans have finished"
[1] "1900 MCMC scans have finished"
[1] "2000 MCMC scans have finished"
[1] "2100 MCMC scans have finished"
[1] "2200 MCMC scans have finished"
[1] "2300 MCMC scans have finished"
[1] "2400 MCMC scans have finished"
[1] "2500 MCMC scans have finished"
[1] "2600 MCMC scans have finished"
[1] "2700 MCMC scans have finished"
[1] "2800 MCMC scans have finished"
[1] "2900 MCMC scans have finished"
[1] "3000 MCMC scans have finished"
[1] "3100 MCMC scans have finished"
[1] "3200 MCMC scans have finished"
[1] "3300 MCMC scans have finished"
[1] "3400 MCMC scans have finished"
[1] "3500 MCMC scans have finished"
[1] "3600 MCMC scans have finished"
[1] "3700 MCMC scans have finished"
[1] "3800 MCMC scans have finished"
[1] "3900 MCMC scans have finished"
[1] "4000 MCMC scans have finished"
[1] "4100 MCMC scans have finished"
[1] "4200 MCMC scans have finished"
[1] "4300 MCMC scans have finished"
[1] "4400 MCMC scans have finished"
[1] "4500 MCMC scans have finished"
[1] "4600 MCMC scans have finished"
[1] "4700 MCMC scans have finished"
[1] "4800 MCMC scans have finished"
[1] "4900 MCMC scans have finished"
[1] "5000 MCMC scans have finished"
[1] "5100 MCMC scans have finished"
[1] "5200 MCMC scans have finished"
[1] "5300 MCMC scans have finished"
[1] "5400 MCMC scans have finished"
[1] "5500 MCMC scans have finished"
[1] "5600 MCMC scans have finished"
[1] "5700 MCMC scans have finished"
[1] "5800 MCMC scans have finished"
[1] "5900 MCMC scans have finished"
[1] "6000 MCMC scans have finished"
[1] "6100 MCMC scans have finished"
[1] "6200 MCMC scans have finished"
[1] "6300 MCMC scans have finished"
[1] "6400 MCMC scans have finished"
[1] "6500 MCMC scans have finished"
[1] "6600 MCMC scans have finished"
[1] "6700 MCMC scans have finished"
[1] "6800 MCMC scans have finished"
[1] "6900 MCMC scans have finished"
[1] "7000 MCMC scans have finished"
[1] "7100 MCMC scans have finished"
[1] "7200 MCMC scans have finished"
[1] "7300 MCMC scans have finished"
[1] "7400 MCMC scans have finished"
[1] "7500 MCMC scans have finished"
[1] "7600 MCMC scans have finished"
[1] "7700 MCMC scans have finished"
[1] "7800 MCMC scans have finished"
[1] "7900 MCMC scans have finished"
[1] "8000 MCMC scans have finished"
[1] "8100 MCMC scans have finished"
[1] "8200 MCMC scans have finished"
[1] "8300 MCMC scans have finished"
[1] "8400 MCMC scans have finished"
[1] "8500 MCMC scans have finished"
[1] "8600 MCMC scans have finished"
[1] "8700 MCMC scans have finished"
[1] "8800 MCMC scans have finished"
[1] "8900 MCMC scans have finished"
[1] "9000 MCMC scans have finished"
[1] "9100 MCMC scans have finished"
[1] "9200 MCMC scans have finished"
[1] "9300 MCMC scans have finished"
[1] "9400 MCMC scans have finished"
[1] "9500 MCMC scans have finished"
[1] "9600 MCMC scans have finished"
[1] "9700 MCMC scans have finished"
[1] "9800 MCMC scans have finished"
[1] "9900 MCMC scans have finished"
[1] "10000 MCMC scans have finished"
{"project":"masters","channel":"chr","event":"chr intrxn is complete","description":"Chromosome Interaction is Complete!","icon":"🔥","notify":true,"parser":"text"}