[1] "No duplicate edges found. Skipping simplify()."
$graphxx
  gene  density    mean_dist transitivity edge_dens vertex_con edge_con
1 DLG2 0.423158 2.179352e-05    0.4682431  0.423158         64       64

$snpsbetw_centrDF
                 SNP snpbetw_centr
1    11:83170723:T:C    158.624668
2    11:83170724:G:A     91.815432
3    11:83171190:A:C    202.910724
4    11:83172354:C:G     91.145868
5    11:83174697:G:A    149.954698
6    11:83176129:A:G    125.659307
7    11:83179196:A:C    949.534543
8    11:83179261:T:G    276.389226
9    11:83179715:A:G    200.466090
10   11:83181355:T:C     78.133419
11   11:83185109:G:A    271.179283
12   11:83188065:G:A    129.597125
13   11:83191809:G:A     98.899431
14   11:83192669:G:T     68.060051
15   11:83194086:A:G     88.416415
16   11:83195872:G:A    545.339051
17   11:83196966:C:A    275.657693
18   11:83197722:C:A    939.424856
19   11:83200944:G:A    144.964474
20   11:83202399:C:A    112.351559
21   11:83202491:C:G     95.614491
22   11:83202823:T:C    272.894154
23   11:83213479:T:C    117.768772
24   11:83215174:A:G    802.075573
25   11:83218553:A:C    261.144493
26   11:83219381:G:A    119.341029
27   11:83219830:C:T    628.457223
28   11:83220575:A:G     90.903297
29   11:83222315:T:C    143.349288
30   11:83225480:G:A    234.905920
31   11:83227574:G:T     98.065138
32   11:83233857:C:G    331.659245
33   11:83235602:G:C    301.878241
34   11:83235833:C:G    899.836786
35   11:83237517:C:T    198.645040
36   11:83241448:T:G    630.025420
37   11:83241539:T:C    200.195466
38   11:83243226:A:T      3.844176
39   11:83245973:G:A    164.829175
40   11:83253407:C:T    885.190951
41   11:83256120:A:G    326.000935
42   11:83257212:C:A    112.351559
43   11:83259388:A:C    354.473745
44   11:83259696:G:A    301.878241
45   11:83263551:A:G    972.813526
46   11:83264917:A:G    392.953676
47   11:83266163:A:G    198.645040
48   11:83268886:G:A    140.406020
49   11:83269109:T:C    205.150243
50   11:83270081:T:C     55.755811
51   11:83272255:T:C    174.435495
52   11:83273239:C:T     95.110678
53   11:83273418:C:T    140.044182
54   11:83273442:G:C    972.024978
55   11:83274191:T:G    116.181036
56   11:83274598:G:A     54.000212
57   11:83282691:T:G    300.514826
58   11:83282740:C:T    459.448870
59   11:83285966:A:C    198.645040
60   11:83294247:A:T     50.407063
61   11:83295190:G:C    992.908588
62   11:83297976:T:G    221.615506
63   11:83298061:T:C    157.028796
64   11:83300753:G:C    142.812698
65   11:83302299:A:G    103.027273
66   11:83303545:T:A     86.885253
67   11:83304658:G:A    123.305541
68   11:83307682:A:G     50.407063
69   11:83308703:C:T    225.252478
70   11:83311175:C:T    185.551462
71   11:83311701:G:C    991.255089
72   11:83313326:C:T    207.437890
73   11:83313356:A:G    532.116038
74   11:83313633:C:T    241.869965
75   11:83319747:C:A    104.683874
76   11:83321464:G:A     43.620743
77   11:83323613:G:A    383.957079
78   11:83324292:T:A    112.880664
79   11:83324375:G:A    125.144790
80   11:83325634:T:G    867.956895
81   11:83326757:G:A    123.503893
82   11:83328558:T:C    214.040804
83   11:83330080:C:T    118.319553
84   11:83330586:G:T    174.069704
85   11:83333082:C:T    142.812698
86   11:83334890:T:A    336.306080
87   11:83335903:A:G    136.575660
88   11:83336098:G:A    185.551462
89   11:83339664:A:G    406.724169
90   11:83344417:T:C     60.212480
91   11:83344693:T:C    581.415013
92   11:83345255:A:G    160.915552
93   11:83346920:C:T    251.774663
94   11:83350825:G:A    125.755411
95   11:83354807:A:G    376.989859
96   11:83361051:A:T    123.503893
97   11:83362425:G:A    175.297172
98   11:83366177:T:C     93.718446
99   11:83368805:A:G    114.396877
100  11:83371772:G:C    192.312309
101  11:83379971:C:T    173.925588
102  11:83381662:C:A    520.601072
103  11:83387855:C:G    128.873335
104  11:83388162:G:A    104.683874
105  11:83393850:A:G    900.665689
106  11:83394705:G:T    200.255681
107  11:83394920:A:G     63.603094
108  11:83399222:C:T     86.885253
109  11:83404186:T:C    264.496068
110  11:83404496:A:G    218.721344
111  11:83413621:A:G    151.120185
112  11:83414051:A:G    105.526339
113  11:83414914:G:C    181.823485
114  11:83417176:G:A    119.432256
115  11:83417333:C:T    141.439411
116  11:83418094:T:G    135.666431
117  11:83419629:G:A   1038.744568
118  11:83421455:C:A    723.710427
119  11:83422975:C:T    873.147261
120  11:83424254:T:C    135.777104
121  11:83428811:G:A    159.595444
122  11:83436135:A:C    186.016039
123  11:83436874:T:C    181.585977
124  11:83444010:C:T    331.647994
125  11:83444711:G:C    855.160970
126  11:83449419:C:G     55.572466
127  11:83451716:A:T    160.915552
128  11:83454862:G:A    268.007706
129  11:83460339:G:A    119.432256
130  11:83461496:C:T     98.403938
131  11:83462643:T:C    114.042066
132  11:83462654:T:C    171.809975
133  11:83463089:A:G    131.652615
134  11:83469212:A:G    327.458365
135  11:83470116:C:T    142.569836
136  11:83473689:T:C    106.533880
137  11:83482085:C:T    326.285372
138  11:83485514:C:T    649.956644
139  11:83487605:C:T   1038.744568
140  11:83487931:G:T    186.559355
141  11:83488031:G:A    132.457813
142  11:83495080:A:G    109.339436
143  11:83497637:A:G    180.355751
144  11:83497851:C:T    107.058009
145  11:83499391:C:T    252.732818
146  11:83502789:C:A    605.581837
147  11:83502882:G:A     82.724276
148  11:83502968:T:C    102.503321
149  11:83509721:T:A     52.325905
150  11:83509853:G:A    251.716809
151  11:83510016:G:A    225.782945
152  11:83513923:T:C   1000.276437
153  11:83523638:T:C    655.899662
154  11:83524658:C:T    365.428945
155  11:83525435:T:C    176.052888
156  11:83528775:T:C    116.160342
157  11:83532930:C:T    157.041267
158  11:83536043:C:T   1001.711710
159  11:83536744:C:T    143.129645
160  11:83538523:A:G    322.585161
161  11:83540621:G:C    169.993266
162  11:83541143:A:G    601.165768
163  11:83543687:C:T    142.607095
164  11:83543747:C:T    269.961302
165  11:83549142:T:C    116.160342
166  11:83551456:C:T    472.369295
167  11:83555974:T:G    138.774974
168  11:83556067:T:C    630.802367
169  11:83558223:C:T    266.249212
170  11:83558415:C:T    237.522614
171  11:83560540:C:G    790.326909
172  11:83560809:A:T     67.076483
173  11:83560886:T:C    114.310154
174  11:83560962:G:A    105.122326
175  11:83561041:G:A    689.080979
176  11:83561220:G:A    168.224309
177  11:83561289:C:T    231.379696
178  11:83561971:C:T   1043.471322
179  11:83562895:G:T    433.532401
180  11:83569630:C:T    200.257434
181  11:83570814:A:C     58.748250
182  11:83572151:G:A   1039.431829
183  11:83573595:T:G    469.338391
184  11:83573950:C:G    512.450372
185  11:83576460:A:C    495.548609
186  11:83577000:C:G    112.179347
187  11:83577012:C:T     81.319188
188  11:83577310:A:G    885.544909
189  11:83577334:C:A    853.719813
190  11:83577620:C:T    475.579395
191  11:83578633:T:C    504.166180
192  11:83579820:T:A    872.446001
193  11:83581307:C:T    417.008233
194  11:83581326:G:T    124.567529
195  11:83584253:C:T    203.926773
196  11:83585008:G:T    588.049580
197  11:83586930:T:C    216.517975
198  11:83587133:C:T    966.595494
199  11:83588147:C:T    461.296075
200  11:83588217:C:G     73.932302
201  11:83589937:C:A     94.799543
202  11:83591133:A:G    178.251362
203  11:83592531:A:C    923.437557
204  11:83593074:A:G    436.591330
205  11:83593197:T:C    233.396385
206  11:83594935:T:C     32.269438
207  11:83595067:C:T    194.076129
208  11:83595098:C:T     50.528167
209  11:83595592:T:C     31.545246
210  11:83596616:A:G    101.570023
211  11:83596818:T:G    338.315021
212  11:83597176:A:C    439.214575
213  11:83598300:T:C    910.915547
214  11:83599218:C:T    436.591330
215  11:83599313:A:T     98.823379
216  11:83602164:T:C    116.902879
217  11:83605989:T:C     31.545246
218  11:83606507:C:T    120.314327
219  11:83607427:A:G    338.315021
220  11:83607954:A:G    867.020456
221  11:83609688:A:G    216.517975
222  11:83610765:C:A    110.341958
223  11:83612972:T:C    477.964983
224  11:83613699:G:A     89.640402
225  11:83617990:T:C    212.446661
226  11:83618268:G:C   1009.812252
227  11:83618511:C:T     78.872675
228  11:83619086:T:G    352.781331
229  11:83619129:T:C    203.926773
230  11:83621033:T:G    158.496689
231  11:83625622:C:A    111.609686
232  11:83627757:T:C    461.296075
233  11:83629426:A:C   1038.893309
234  11:83629717:C:T    160.000533
235  11:83631159:C:T    203.926773
236  11:83632376:T:C     72.332768
237  11:83633736:G:A   1008.620639
238  11:83634230:A:C    336.293952
239  11:83634794:A:G    151.791134
240  11:83634807:T:G    591.333446
241  11:83635169:C:T    180.175950
242  11:83635401:T:C    115.612118
243  11:83636902:C:T   1009.323525
244  11:83639461:G:A     91.322569
245  11:83639886:A:G    194.215332
246  11:83639932:A:C    147.050350
247  11:83643689:G:A    180.831207
248  11:83645943:C:T    183.672379
249  11:83646317:A:T    807.871023
250  11:83646386:T:C     92.253248
251  11:83647016:G:A    282.459153
252  11:83647657:G:T     65.745735
253  11:83649039:A:T    110.585965
254  11:83649612:C:T    908.555323
255  11:83649824:T:A     68.684442
256  11:83650540:T:C    464.401763
257  11:83650692:T:C     62.171353
258  11:83651700:G:C     71.165261
259  11:83653493:C:T    155.313900
260  11:83653808:A:G    131.839560
261  11:83654643:T:A     46.753047
262  11:83655711:T:A     77.502014
263  11:83656015:T:C     94.610384
264  11:83656477:A:C    150.552248
265  11:83658489:T:C    937.920897
266  11:83660420:G:A    144.239449
267  11:83663623:T:A    143.274361
268  11:83663828:A:G    301.819322
269  11:83664275:C:G    150.552248
270  11:83664354:G:A    364.921260
271  11:83665564:T:C    158.742615
272  11:83666572:C:T    106.938194
273  11:83666579:A:C     85.288111
274  11:83666872:C:G    408.919263
275  11:83670154:C:T     92.253248
276  11:83673059:C:G    812.145543
277  11:83676586:C:G    543.361229
278  11:83681411:T:A     71.165261
279  11:83681454:G:A    635.435271
280  11:83684039:T:C     77.658161
281  11:83684125:C:G    143.274361
282  11:83685801:G:A    475.173334
283  11:83690452:C:T    152.888704
284  11:83695907:C:A    237.239526
285  11:83696755:A:G    146.376493
286  11:83698642:T:C    224.301783
287  11:83698941:C:A    288.803323
288  11:83699716:G:A    142.393983
289  11:83701443:T:G     94.224205
290  11:83704371:C:T    158.742615
291  11:83706176:C:T    657.297927
292  11:83706665:C:G    142.666781
293  11:83709994:G:A    584.105573
294  11:83710886:C:A     39.763968
295  11:83711982:C:T    139.416347
296  11:83713838:C:T    794.114244
297  11:83714637:C:T    870.770694
298  11:83715225:C:A    142.666781
299  11:83716282:T:C     77.971676
300  11:83717425:G:C     99.310200
301  11:83722884:T:C     62.436943
302  11:83725012:T:G    139.416347
303  11:83725819:A:G    452.380305
304  11:83726015:T:C    308.787005
305  11:83730635:G:A    194.201429
306  11:83734472:A:G    108.011477
307  11:83738430:T:C    794.114244
308  11:83738674:C:T    807.871023
309  11:83739110:C:A    160.558850
310  11:83740153:T:G     93.285096
311  11:83740487:C:T    139.416347
312  11:83741197:T:C    113.569132
313  11:83741699:A:G     71.165261
314  11:83743760:C:T     99.805201
315  11:83744037:T:C     27.040882
316  11:83747229:G:A     79.199587
317  11:83748888:T:C    162.950075
318  11:83750851:G:A    783.056875
319  11:83751624:T:C    139.416347
320  11:83751890:G:A    262.713264
321  11:83753267:T:C    131.097862
322  11:83755039:T:C    190.603078
323  11:83763194:G:A    119.934352
324  11:83764127:T:C    139.416347
325  11:83764243:T:G    794.336366
326  11:83764378:T:G    130.036322
327  11:83766259:T:C    143.777530
328  11:83766970:C:T    152.374390
329  11:83767173:A:G     99.310200
330  11:83769803:T:A     39.763968
331  11:83769881:G:C    106.002268
332  11:83770682:T:C     48.726546
333  11:83773414:T:C    133.308584
334  11:83773497:T:C     67.901413
335  11:83775171:T:A    413.120105
336  11:83776077:C:G     27.040882
337  11:83776954:T:C    136.709419
338  11:83780608:C:T    366.815126
339  11:83782173:T:C     64.394378
340  11:83784821:T:C    683.039101
341  11:83787845:A:G     71.165261
342  11:83790108:T:C     79.247330
343  11:83792210:G:T    252.600567
344  11:83792709:G:A    103.909409
345  11:83794499:G:A    192.867884
346  11:83801001:A:C     67.916552
347  11:83801355:G:A    103.178578
348  11:83802182:T:C    354.301056
349  11:83806058:C:A    107.337082
350  11:83810293:G:A    683.039101
351  11:83813627:T:C    534.351992
352  11:83816531:C:T    155.503672
353  11:83818329:A:G    120.271875
354  11:83820030:A:G     27.040882
355  11:83821860:C:T    791.321324
356  11:83822429:G:A    174.387701
357  11:83822805:T:C    100.548796
358  11:83825120:A:C    782.347015
359  11:83825675:C:T    112.964588
360  11:83825912:C:T    807.871023
361  11:83827155:G:C     89.348427
362  11:83829521:C:T    128.979256
363  11:83830762:T:A     57.821510
364  11:83831038:G:A     70.796608
365  11:83831454:A:T    107.688865
366  11:83831557:C:T    683.039101
367  11:83833892:G:A    259.458197
368  11:83836675:C:T     76.401852
369  11:83838775:C:A    106.972799
370  11:83839293:C:T    795.158451
371  11:83839992:G:A    352.129073
372  11:83840372:G:T    115.640979
373  11:83841293:C:T    109.717362
374  11:83846907:G:T    180.777371
375  11:83847626:T:C     94.610384
376  11:83849580:A:G    794.114244
377  11:83851462:C:T    161.073903
378  11:83851579:C:A    264.208797
379  11:83851709:A:G    990.213477
380  11:83851781:G:T    106.972799
381  11:83853038:T:C     64.394378
382  11:83857626:A:G     27.040882
383  11:83861385:G:T     72.381983
384  11:83861891:A:G    100.548796
385  11:83864761:G:C    128.979256
386  11:83868695:T:C     80.137136
387  11:83868737:G:A     45.081745
388  11:83873446:A:G    101.166135
389  11:83874194:G:C     58.864913
390  11:83876844:G:A     75.604735
391  11:83878569:A:C     75.026607
392  11:83878902:T:C    939.803506
393  11:83879509:C:A    115.168746
394  11:83880413:G:C     97.618348
395  11:83883903:T:A    131.717891
396  11:83883910:T:G    141.245442
397  11:83885198:T:C    157.741675
398  11:83889445:G:A    342.777637
399  11:83889893:T:C    101.304469
400  11:83891410:C:T    306.098111
401  11:83891822:G:T    529.491759
402  11:83891958:C:A     80.608628
403  11:83896128:C:A    153.301910
404  11:83896140:A:G     51.152660
405  11:83896586:C:T     57.821510
406  11:83898101:T:C     71.178523
407  11:83898580:A:G    794.114244
408  11:83899234:A:G    348.855322
409  11:83900803:G:A    195.114541
410  11:83902794:A:C    906.066919
411  11:83903057:C:T    115.168746
412  11:83903796:A:G    143.010960
413  11:83904786:T:C    307.811555
414  11:83906034:G:C     75.604735
415  11:83906035:G:C     98.580599
416  11:83906323:C:T    150.882295
417  11:83909351:A:G     71.178523
418  11:83911987:C:A    250.631496
419  11:83912840:G:T     57.821510
420  11:83913967:C:T    467.158106
421  11:83914498:G:T     73.973849
422  11:83917146:C:T    120.271875
423  11:83917256:C:T    126.679278
424  11:83919025:C:T     27.040882
425  11:83921648:A:G    483.676735
426  11:83925643:A:G    248.501112
427  11:83925901:A:G    182.115551
428  11:83931326:G:A    140.884695
429  11:83932462:G:A    736.054402
430  11:83933138:C:T    173.569544
431  11:83938115:C:G    147.600758
432  11:83939226:C:T     64.841162
433  11:83940913:A:C    125.571635
434  11:83942084:C:G    318.217131
435  11:83943123:A:T    260.784357
436  11:83943875:G:A    105.085717
437  11:83946609:G:C     27.187872
438  11:83949943:A:C    374.381339
439  11:83950039:C:T     58.864913
440  11:83951160:C:T    951.086696
441  11:83953338:A:G     64.499682
442  11:83954612:C:T    253.106790
443  11:83956913:A:G     70.792408
444  11:83958530:G:C     98.580599
445  11:83959317:T:C     82.124577
446  11:83961660:C:G    239.565741
447  11:83963591:T:A    102.171493
448  11:83965704:A:C    732.244387
449  11:83968349:G:A    351.068394
450  11:83973124:T:C    417.149625
451  11:83977242:T:C    391.703415
452  11:83978524:G:C     58.864913
453  11:83979437:A:T    741.388308
454  11:83979661:C:T     99.952469
455  11:83981674:T:C    106.697447
456  11:83989034:T:C    135.408032
457  11:83991423:T:C    110.804313
458  11:83992041:G:C    126.421027
459  11:83993444:G:A     71.748847
460  11:83997642:C:T     94.422192
461  11:83999138:T:C    161.800678
462  11:84000775:A:G    216.270101
463  11:84001723:G:T    801.106481
464  11:84005648:A:T    204.106009
465  11:84006510:C:T    674.063501
466  11:84011048:A:G     94.479771
467  11:84011630:A:C    595.939278
468  11:84012658:T:C    816.853145
469  11:84014960:C:T    115.600433
470  11:84015371:G:A     86.056571
471  11:84018349:A:G     99.727208
472  11:84019585:G:C    125.729219
473  11:84021037:T:C    257.357267
474  11:84023855:G:T    146.303250
475  11:84024829:T:C    830.513699
476  11:84027257:T:C    158.008092
477  11:84029706:G:T    198.097053
478  11:84037556:C:T    550.752186
479  11:84040934:G:A    170.611856
480  11:84042043:C:G    900.053262
481  11:84047414:T:A     78.283760
482  11:84049907:T:C    130.566367
483  11:84051729:G:A    173.340586
484  11:84055855:A:C    171.054468
485  11:84056582:G:A     75.686310
486  11:84057164:T:A    365.494355
487  11:84061314:C:T     82.621435
488  11:84063135:G:A    103.438675
489  11:84063177:C:A    144.450154
490  11:84063683:C:G    309.584057
491  11:84064102:A:C    407.981302
492  11:84064213:C:T    205.388168
493  11:84065119:G:A    138.078095
494  11:84066077:T:C    193.114761
495  11:84067997:A:G    870.331963
496  11:84072793:T:C    222.902318
497  11:84074694:G:A    233.753014
498  11:84075329:T:C    168.809899
499  11:84075800:T:G     99.137610
500  11:84076470:G:A    131.789886
501  11:84076997:T:C     77.346109
502  11:84077273:G:A    365.678058
503  11:84077867:G:A    105.732174
504  11:84079348:C:G    100.087684
505  11:84084748:A:C     51.820503
506  11:84086900:G:T    100.960302
507  11:84087819:T:G     43.029935
508  11:84088874:A:C     75.686310
509  11:84094287:C:T    154.925418
510  11:84097891:G:C     66.376774
511  11:84098911:T:C    509.912542
512  11:84101283:C:T    328.082226
513  11:84102820:G:A    122.196280
514  11:84105597:C:G    365.494355
515  11:84105898:C:T    299.506803
516  11:84106533:C:A     56.714803
517  11:84108200:G:A     85.999245
518  11:84111645:A:C    459.429874
519  11:84113430:T:C    197.483009
520  11:84114225:T:C    261.415011
521  11:84115273:T:C    853.354872
522  11:84119436:G:A    234.396311
523  11:84120020:T:C    431.928128
524  11:84124557:A:T    274.646261
525  11:84126439:C:T     90.546858
526  11:84129320:C:T     86.986745
527  11:84129953:T:C    406.904905
528  11:84135406:T:G    957.256290
529  11:84137226:T:C    266.330049
530  11:84137596:A:G     79.792895
531  11:84137801:C:T    205.388168
532  11:84144360:T:C    201.907474
533  11:84144440:A:G    217.763520
534  11:84148078:C:T    225.626468
535  11:84148386:G:C    412.690130
536  11:84153452:T:C     78.998483
537  11:84157083:A:G    384.317624
538  11:84161415:T:G    848.617389
539  11:84162153:G:C    285.575334
540  11:84162302:G:A    205.388168
541  11:84163419:T:C    665.254115
542  11:84170554:G:A    181.761325
543  11:84173531:C:T    675.681508
544  11:84174565:G:A    126.790687
545  11:84175155:G:C    239.342840
546  11:84175228:G:A    284.147712
547  11:84179690:A:G    165.907101
548  11:84183648:T:A    227.664925
549  11:84189908:A:G     53.394622
550  11:84189943:A:G     81.221827
551  11:84191858:G:A    113.317381
552  11:84194972:A:G    162.051684
553  11:84197834:T:A     56.020675
554  11:84202384:T:C    109.997528
555  11:84204394:C:T    254.000113
556  11:84204424:G:A    130.566367
557  11:84204609:C:T    210.510739
558  11:84206795:C:G    111.292399
559  11:84206867:A:G    783.824335
560  11:84213493:C:A    481.518193
561  11:84214811:C:T    133.382019
562  11:84221628:T:C     68.179411
563  11:84223772:T:C    603.735460
564  11:84223826:T:C    445.551109
565  11:84224110:C:T    857.341050
566  11:84224506:A:G     46.373335
567  11:84226690:T:C    107.418612
568  11:84230472:T:C    209.134463
569  11:84232933:G:A    422.653556
570  11:84233781:C:G    737.437783
571  11:84236872:G:A    188.851484
572  11:84244769:C:A    638.685111
573  11:84246472:A:T     80.880234
574  11:84247120:A:G    140.776476
575  11:84248067:C:A    908.852843
576  11:84248487:T:A     55.262460
577  11:84253047:A:G    375.445141
578  11:84260502:C:T    122.281883
579  11:84261884:C:T    151.919122
580  11:84272434:A:C    275.008926
581  11:84275262:A:G    140.776476
582  11:84279827:T:A    156.221071
583  11:84279862:A:G    914.287635
584  11:84288065:T:C    382.867372
585  11:84289361:C:T     91.110858
586  11:84290798:G:A    162.612703
587  11:84290872:T:C    115.211390
588  11:84291710:A:G    283.442605
589  11:84293164:G:A    110.600505
590  11:84296702:C:T    240.269624
591  11:84297705:T:A    132.161701
592  11:84304077:A:G    434.006361
593  11:84304262:T:C     71.619212
594  11:84306057:T:A    390.342739
595  11:84307463:G:A     80.880234
596  11:84308983:A:G    284.944643
597  11:84312008:A:G    115.211390
598  11:84314340:A:G     68.179411
599  11:84318364:C:T     54.626382
600  11:84319683:A:C    277.209020
601  11:84321496:A:G    134.866507
602  11:84324361:C:T    240.269624
603  11:84328652:A:G    147.877493
604  11:84333613:C:T    156.221071
605  11:84335666:T:G     63.315031
606  11:84338071:C:T     44.291947
607  11:84339131:G:A    951.726228
608  11:84339539:C:A    159.511562
609  11:84340480:A:T    632.619926
610  11:84345271:C:T     83.701113
611  11:84346059:G:A    115.211390
612  11:84347084:G:C    178.568237
613  11:84349611:T:G    296.995233
614  11:84352715:C:G     46.373335
615  11:84352874:G:A    168.672237
616  11:84353110:T:C    320.635094
617  11:84353294:G:C    407.649060
618  11:84354192:C:G    614.791331
619  11:84356512:T:C     63.913723
620  11:84357982:C:T    123.609287
621  11:84359573:T:G    122.128754
622  11:84366785:T:G    286.479754
623  11:84371816:G:A    101.380824
624  11:84375499:G:A    434.006361
625  11:84376104:T:G    297.190706
626  11:84378128:T:C    255.361435
627  11:84378509:A:C     54.626382
628  11:84378773:C:T    375.814288
629  11:84379042:G:T    642.148551
630  11:84379671:A:G   1004.835212
631  11:84379970:C:G    499.541965
632  11:84380034:G:A    910.617600
633  11:84380174:G:A    176.627967
634  11:84380275:T:C    461.043916
635  11:84382684:C:T    278.600796
636  11:84383297:C:T     44.291947
637  11:84384158:G:T    392.903080
638  11:84388188:T:C    179.504540
639  11:84394056:G:C    104.757244
640  11:84399744:G:A    150.193987
641  11:84400871:T:C    476.224644
642  11:84406016:C:T    226.111602
643  11:84406078:C:T    976.544486
644  11:84406961:A:G     48.216129
645  11:84409753:T:C    164.591955
646  11:84409834:C:T     44.291947
647  11:84410841:G:A     65.567554
648  11:84414301:G:A    877.796086
649  11:84418262:T:C    604.223844
650  11:84422954:T:C     69.180147
651  11:84433958:C:T    161.687950
652  11:84437754:C:G    206.474044
653  11:84444145:T:C    104.757244
654  11:84445358:G:C    122.486443
655  11:84447636:A:C     86.990587
656  11:84449515:T:A    207.975370
657  11:84451881:A:G     65.567554
658  11:84453115:A:G    134.589396
659  11:84462649:C:T     47.429908
660  11:84463667:T:C     84.558899
661  11:84468337:G:A     68.328462
662  11:84470873:C:A    668.287092
663  11:84470928:T:C     28.172886
664  11:84473061:A:T    154.277992
665  11:84474917:C:T    960.268713
666  11:84478168:T:A    349.414542
667  11:84478178:A:G    538.615725
668  11:84479339:T:C    293.803732
669  11:84481399:T:C    180.315264
670  11:84483207:A:T    877.796086
671  11:84484686:G:A    435.046894
672  11:84484860:C:T    252.087299
673  11:84486127:C:T    443.531227
674  11:84493877:T:C    445.733608
675  11:84497615:G:A    899.157825
676  11:84498953:C:A    143.748374
677  11:84502399:A:G    134.589396
678  11:84502565:G:A    113.133982
679  11:84503377:T:C    168.798953
680  11:84504726:T:C    120.171167
681  11:84507574:G:T     80.513814
682  11:84507726:T:A     84.558899
683  11:84510986:G:T     28.172886
684  11:84512005:A:G     66.231753
685  11:84521369:A:G    154.074958
686  11:84523357:A:G    104.538886
687  11:84526749:C:T     94.895314
688  11:84527498:T:G    587.762370
689  11:84530538:G:A    662.972486
690  11:84531448:T:A     80.984810
691  11:84532682:A:C     64.388245
692  11:84541403:C:T    523.999050
693  11:84546291:T:G    131.881530
694  11:84546739:C:T    308.204612
695  11:84547441:C:T    576.250041
696  11:84548119:G:A    134.455792
697  11:84548547:T:C    902.013788
698  11:84553328:T:C    269.072931
699  11:84556308:T:C    877.796086
700  11:84564394:A:G    449.210030
701  11:84565540:C:A    242.972422
702  11:84566184:T:C    847.949975
703  11:84569367:T:A    111.902848
704  11:84569555:T:A    120.470911
705  11:84570438:A:G    432.843937
706  11:84571903:C:A    174.792179
707  11:84574310:G:C    131.881530
708  11:84576043:C:T     81.700817
709  11:84580359:T:G    413.343395
710  11:84582907:C:T    127.820107
711  11:84584033:T:C    955.820414
712  11:84586836:A:G    120.470911
713  11:84587690:T:C    606.896399
714  11:84594985:T:C    386.858244
715  11:84597628:G:T    993.625517
716  11:84597695:A:T    113.922893
717  11:84599002:T:C    245.992193
718  11:84600597:A:G    698.806853
719  11:84601792:T:C    427.615130
720  11:84604871:A:C    337.181073
721  11:84608642:A:C    498.213241
722  11:84611160:T:C    578.121229
723  11:84611541:G:A   1000.369432
724  11:84612560:C:T    500.695572
725  11:84612919:T:C     42.012308
726  11:84614647:A:C    122.805024
727  11:84615112:G:A     83.826984
728  11:84615848:C:A    237.907133
729  11:84618275:C:T    483.158594
730  11:84618486:T:C    427.732769
731  11:84619314:A:G    951.194122
732  11:84620590:A:G     55.808213
733  11:84622998:A:G     65.682043
734  11:84628451:C:A    238.027152
735  11:84628985:T:C    565.565556
736  11:84631372:T:C     78.885692
737  11:84634457:C:T    169.677069
738  11:84636453:T:G    284.028145
739  11:84637103:G:T    277.132249
740  11:84638139:C:T    625.951521
741  11:84638165:C:T    941.403016
742  11:84641475:A:C     43.548765
743  11:84646660:C:A     63.975993
744  11:84646794:G:A    549.435842
745  11:84649587:C:T    287.802296
746  11:84650066:A:T    149.538456
747  11:84652035:C:T     36.326500
748  11:84652680:T:C    127.172611
749  11:84656143:G:A     43.548765
750  11:84657796:T:C   1034.480980
751  11:84659072:G:A     78.744905
752  11:84666006:G:A    522.160452
753  11:84671057:T:C    216.766133
754  11:84671703:A:G    893.034985
755  11:84672535:C:T    106.287164
756  11:84674348:G:A    166.284530
757  11:84677614:T:G    287.802296
758  11:84684623:C:A     43.548765
759  11:84684890:C:T     79.210057
760  11:84687534:T:C    703.318490
761  11:84688062:T:C    552.980759
762  11:84688085:C:T    119.776064
763  11:84693843:G:T    153.613313
764  11:84694230:A:G    149.538456
765  11:84695883:C:T     78.744905
766  11:84696253:G:A    287.802296
767  11:84696423:T:C    164.398079
768  11:84698164:G:A    169.805554
769  11:84701977:T:C   1046.572587
770  11:84702322:G:C    692.205155
771  11:84704044:C:T     67.637388
772  11:84704861:T:C    127.172611
773  11:84705414:T:A     40.412297
774  11:84707991:C:G    529.585154
775  11:84710732:T:C    110.998557
776  11:84710772:A:T    287.802296
777  11:84713352:A:G    245.053480
778  11:84715274:T:C    155.469731
779  11:84715712:C:T    111.129709
780  11:84723220:A:G    168.877625
781  11:84723440:T:C    144.882609
782  11:84724185:T:C    700.986006
783  11:84726447:A:G    503.891426
784  11:84726629:A:G    125.085504
785  11:84727044:G:C    155.613535
786  11:84728112:A:T    287.802296
787  11:84732234:C:T    261.660879
788  11:84739784:G:C    981.903928
789  11:84743476:T:C    164.398079
790  11:84745255:G:A    506.952179
791  11:84745267:G:A    287.802296
792  11:84748169:A:G     32.449269
793  11:84749449:C:T    335.375199
794  11:84755209:C:T    129.242891
795  11:84758010:A:G    213.868046
796  11:84762691:C:T    640.575637
797  11:84764410:C:G    942.914622
798  11:84764738:C:T    261.660879
799  11:84765762:C:T    261.431361
800  11:84769354:A:T    991.484662
801  11:84774494:C:A    278.774055
802  11:84776849:G:A    940.506605
803  11:84778464:C:A    261.660879
804  11:84778852:A:G    519.125570
805  11:84780641:A:T    202.625194
806  11:84784496:G:A    261.431361
807  11:84785686:A:C     48.304402
808  11:84791840:G:A    992.481715
809  11:84795844:G:A    216.766133
810  11:84799134:T:C    505.651942
811  11:84800522:C:A    261.660879
812  11:84804098:C:G    261.431361
813  11:84804153:T:C    586.157694
814  11:84808349:G:A     78.744905
815  11:84810131:T:G    720.617286
816  11:84814393:C:A    911.404120
817  11:84819804:A:G    313.215108
818  11:84821678:C:T    129.242891
819  11:84824087:A:C    261.431361
820  11:84829958:A:C    991.878310
821  11:84832089:A:C    505.129355
822  11:84832228:G:A    372.955435
823  11:84833879:T:C     86.561240
824  11:84834159:C:A     48.304402
825  11:84835376:C:T    169.851846
826  11:84836076:G:A    175.716958
827  11:84836308:T:C    578.598310
828  11:84836918:T:C    243.516136
829  11:84837225:G:C    978.731928
830  11:84837883:G:A    301.008691
831  11:84842166:A:G    564.552336
832  11:84848402:G:C    210.322137
833  11:84848796:C:T    377.294883
834  11:84852351:C:T    991.878310
835  11:84854732:T:C    656.114281
836  11:84856250:C:T    458.957556
837  11:84856832:G:C     61.229946
838  11:84860850:G:A    198.664445
839  11:84861286:G:C    260.812611
840  11:84862024:C:G    347.447010
841  11:84871392:G:C     78.744905
842  11:84872909:G:A    830.219584
843  11:84874789:A:C     83.660206
844  11:84875221:T:A    129.242891
845  11:84875266:A:G    114.468581
846  11:84877221:C:T    649.693006
847  11:84879729:T:C    356.454753
848  11:84888871:T:C    254.762015
849  11:84890429:T:G    477.052723
850  11:84891473:A:G    121.833207
851  11:84894161:G:A    310.189721
852  11:84895033:G:A    582.782784
853  11:84897929:A:G    134.719112
854  11:84898105:A:G    649.142594
855  11:84899313:G:C     78.744905
856  11:84902823:C:T     98.508685
857  11:84904214:C:A    175.716958
858  11:84906712:C:T    349.540947
859  11:84911146:T:C    172.624553
860  11:84914343:A:G    798.579039
861  11:84915327:A:G    106.486278
862  11:84917908:T:A    652.152885
863  11:84918461:T:C    228.281770
864  11:84921732:G:T    122.208583
865  11:84922329:G:C    123.660984
866  11:84927299:A:T    259.226588
867  11:84931681:A:T    265.452690
868  11:84931683:T:A    486.628430
869  11:84932409:T:C    152.266942
870  11:84936657:C:T    664.889065
871  11:84943077:C:T    695.170542
872  11:84946753:T:C    551.038549
873  11:84947464:C:T    251.045020
874  11:84949105:G:A    800.267346
875  11:84950208:C:A    287.435478
876  11:84951204:T:C    232.063346
877  11:84951905:C:G    112.218287
878  11:84964811:G:A    354.224065
879  11:84964902:T:C    138.549616
880  11:84965771:G:A    124.243398
881  11:84968148:T:C    365.435852
882  11:84969976:T:C    283.304390
883  11:84970028:T:C    410.951716
884  11:84974223:A:G    149.185603
885  11:84974898:C:T    798.501403
886  11:84975539:T:C    410.642683
887  11:84976027:C:T     78.744905
888  11:84978980:G:C    540.336852
889  11:84981615:G:C    718.353234
890  11:84986965:A:C    710.752013
891  11:84991145:C:T    131.863509
892  11:84994412:A:G     85.660707
893  11:84994537:C:A    787.072431
894  11:84994643:T:C     83.151812
895  11:84996571:T:C    175.716958
896  11:84996976:A:G    143.770567
897  11:84999183:A:G    345.056886
898  11:85001387:C:G    427.352036
899  11:85008788:G:A     48.304402
900  11:85012103:G:A    551.038549
901  11:85012851:C:G    266.945633
902  11:85017722:C:G    691.116252
903  11:85023420:T:G    148.903533
904  11:85024079:T:C    154.358388
905  11:85025099:G:A    116.750161
906  11:85025240:G:T     98.508685
907  11:85036854:G:A    210.760585
908  11:85037536:T:G    227.106115
909  11:85043898:A:G    144.882609
910  11:85044933:T:G    203.035481
911  11:85047548:G:A    163.474491
912  11:85051005:A:G    504.716865
913  11:85051308:A:T     48.304402
914  11:85056049:T:C     76.864584
915  11:85060360:C:G    158.105516
916  11:85061667:G:A    178.085640
917  11:85062146:T:G     83.151812
918  11:85066174:T:C    118.748038
919  11:85066645:A:G    275.661668
920  11:85067346:G:C    883.764706
921  11:85077027:A:T    718.353234
922  11:85078732:A:T    279.287067
923  11:85086043:A:T    143.770567
924  11:85088413:G:C    648.308360
925  11:85092757:T:C    100.945937
926  11:85093854:T:C     83.151812
927  11:85094771:A:G    144.882609
928  11:85095261:T:C    151.512343
929  11:85101672:C:T    175.060423
930  11:85106244:T:A    150.008932
931  11:85118675:G:C    345.056886
932  11:85119574:A:G    542.002402
933  11:85120345:A:G    551.038549
934  11:85125797:G:A    429.726319
935  11:85127107:G:A     61.543217
936  11:85127396:G:C    835.737496
937  11:85128165:A:T     99.871514
938  11:85131404:A:T    398.174161
939  11:85137327:T:C    289.892669
940  11:85140713:C:T    101.292981
941  11:85141809:G:A    151.512343
942  11:85148192:G:A     82.107154
943  11:85150811:T:C    167.985277
944  11:85151797:A:T    158.105516
945  11:85156639:G:A    229.727862
946  11:85156717:T:A     24.331045
947  11:85156987:G:A    551.038549
948  11:85162639:T:C    438.925618
949  11:85162767:A:G    484.056595
950  11:85164751:G:T    899.667788
951  11:85165224:C:T    175.121427
952  11:85165754:C:T    296.744415
953  11:85168960:G:A     71.052044
954  11:85169802:C:G    280.518994
955  11:85172114:T:C    321.750858
956  11:85172560:T:C    151.512343
957  11:85180943:A:G    287.435478
958  11:85183230:G:T    184.117866
959  11:85184240:G:A     78.744905
960  11:85187455:C:T    129.242891
961  11:85187503:T:C    154.869185
962  11:85188070:A:G    167.985277
963  11:85188334:C:T    213.859318
964  11:85189495:A:G    148.169346
965  11:85190334:C:A    566.376524
966  11:85190497:A:G    463.075870
967  11:85191883:G:A    353.352988
968  11:85194714:G:A    620.791913
969  11:85201051:G:A    151.512343
970  11:85207095:G:A    318.019648
971  11:85210209:G:T    427.920169
972  11:85211223:T:C    203.035481
973  11:85211841:C:T    783.755890
974  11:85214999:G:C    198.664445
975  11:85216472:G:T    468.558502
976  11:85217890:G:A     97.951041
977  11:85218438:A:T    238.154240
978  11:85220981:G:A    175.060423
979  11:85222347:C:T    129.242891
980  11:85223807:C:T     92.803978
981  11:85231108:G:A    113.304947
982  11:85232210:A:G    760.413929
983  11:85235298:T:C    252.634984
984  11:85236115:A:C     46.987886
985  11:85241176:A:G    120.899968
986  11:85241450:C:T     97.951041
987  11:85244128:C:T     87.323838
988  11:85246395:A:G    648.994017
989  11:85247814:G:A    551.038549
990  11:85248683:C:A     79.266947
991  11:85250622:G:A    119.434739
992  11:85252937:G:A    116.997092
993  11:85254245:C:T    187.545131
994  11:85256854:G:C    169.177282
995  11:85259104:T:C    541.742816
996  11:85260927:A:G    816.620211
997  11:85268268:A:G    551.038549
998  11:85270199:A:T    162.846350
999  11:85272815:T:G    351.108483
1000 11:85279209:C:A    129.242891
1001 11:85282478:C:A    144.735765
1002 11:85285138:C:T    130.540385
1003 11:85288658:C:G    279.010200
1004 11:85289118:A:G    102.655769
1005 11:85290887:T:G    223.223072
1006 11:85290912:G:A    579.632591
1007 11:85292470:A:G    256.236660
1008 11:85300458:G:A    182.079506
1009 11:85301695:C:A    649.299799
1010 11:85304875:C:T    465.946257
1011 11:85305734:T:C    367.533144
1012 11:85306232:G:A     98.467453
1013 11:85309060:A:T    436.763334
1014 11:85310316:G:A     71.052044
1015 11:85311275:A:C    826.751704
1016 11:85316239:C:T    169.177282
1017 11:85317186:A:C    534.807199
1018 11:85317848:C:T     96.172906
1019 11:85318379:G:C     46.987886
1020 11:85319404:C:G    551.038549
1021 11:85320054:C:T    129.242891
1022 11:85322230:C:T     78.744905
1023 11:85325084:G:A    255.758998
1024 11:85328692:T:C    116.288856

{"project":"masters","channel":"laplacian","event":"Laplacian Construction is complete","description":"Genes 11-11","icon":"🔥","notify":true,"parser":"text"}