[1] "No duplicate edges found. Skipping simplify()."
$graphxx
   gene   density    mean_dist transitivity edge_dens vertex_con edge_con
1 LRP1B 0.4368348 4.079012e-06    0.4827497 0.4368348        103      103

$snpsbetw_centrDF
                 SNP snpbetw_centr
1    2:140991825:C:G     192.92598
2    2:140992337:C:A     832.32117
3    2:140996234:G:T     349.29810
4    2:141002982:C:T     183.53203
5    2:141006794:C:T     166.95726
6    2:141007865:G:A     161.37366
7    2:141013556:A:C     187.51701
8    2:141018052:A:C     350.61891
9    2:141018362:C:A     872.78556
10   2:141020173:C:A     217.00553
11   2:141022500:T:A     163.19333
12   2:141026462:G:A     171.09962
13   2:141027337:C:G     114.18660
14   2:141027976:C:A     142.18045
15   2:141028293:C:T     114.42961
16   2:141028797:C:T     265.05658
17   2:141029288:A:G    1012.49970
18   2:141032021:T:A     173.76730
19   2:141034749:C:T     509.11267
20   2:141035255:A:T     163.19333
21   2:141040477:A:G     228.40233
22   2:141041323:T:G     377.67397
23   2:141042553:G:A    1012.49970
24   2:141042670:C:A     337.09519
25   2:141042981:T:G      94.60339
26   2:141043470:T:C     350.61891
27   2:141047141:C:T      78.71627
28   2:141047833:C:T     590.45418
29   2:141049907:A:G     317.35660
30   2:141053146:C:A     959.72763
31   2:141053171:G:C     147.51673
32   2:141053174:G:A     184.42572
33   2:141053595:T:C     160.16038
34   2:141054002:A:G     116.69743
35   2:141055996:T:C     348.99352
36   2:141056799:T:G     388.62139
37   2:141056830:T:C     134.13977
38   2:141063157:T:C     228.95938
39   2:141063300:G:A     223.44198
40   2:141063386:G:T     146.65951
41   2:141066069:T:C     871.43111
42   2:141072096:T:C     116.69743
43   2:141073584:G:A     295.60965
44   2:141073874:C:G     135.86884
45   2:141073977:A:G     581.39168
46   2:141076572:C:T     162.71280
47   2:141077511:C:T      63.12324
48   2:141079967:C:G     299.66101
49   2:141084604:A:C      69.26589
50   2:141085370:G:A     935.39246
51   2:141086787:G:A     482.55802
52   2:141088029:C:A     149.16995
53   2:141090116:C:T     198.41877
54   2:141093151:T:C     160.16038
55   2:141093457:C:T      99.81098
56   2:141093878:G:T     471.62040
57   2:141094366:T:G     147.51673
58   2:141095803:T:C      89.75385
59   2:141096650:C:A      63.12324
60   2:141097840:G:C     482.55802
61   2:141098514:T:A     146.65951
62   2:141101698:T:C     283.58549
63   2:141102090:C:A     186.86321
64   2:141102273:A:G     151.98212
65   2:141103430:C:T     943.94365
66   2:141104382:A:C     122.32138
67   2:141107999:C:T     531.81579
68   2:141109248:C:A     147.51673
69   2:141110440:G:A     482.55802
70   2:141112978:C:A     144.32174
71   2:141113253:T:A     185.37821
72   2:141116420:C:T     183.20832
73   2:141116447:G:T     195.34852
74   2:141119103:T:C     556.61157
75   2:141119609:G:A     912.81010
76   2:141120168:T:C     151.98212
77   2:141121496:A:G     142.20427
78   2:141121782:A:G      69.26589
79   2:141125522:G:A     150.73467
80   2:141125824:G:T      63.12324
81   2:141127792:C:G     147.51673
82   2:141132595:A:G     461.50021
83   2:141136007:T:C     766.25812
84   2:141137258:T:C     471.62040
85   2:141138010:C:A     236.71704
86   2:141138449:G:T     147.51673
87   2:141142177:C:T     165.94972
88   2:141142334:G:C     468.55615
89   2:141142943:A:G     285.97720
90   2:141144976:T:C     170.18550
91   2:141147211:A:G     766.25812
92   2:141147239:C:G     152.69858
93   2:141148035:A:T     143.48354
94   2:141149856:C:T     108.35364
95   2:141149979:T:C     495.97776
96   2:141150397:A:C     146.65951
97   2:141151673:C:T      31.39471
98   2:141154078:C:A     215.20840
99   2:141156712:C:T     147.51673
100  2:141156884:A:C     498.89185
101  2:141158124:T:C     431.85968
102  2:141159585:C:T     149.16995
103  2:141160383:G:A     200.85879
104  2:141162823:C:T     143.48354
105  2:141163191:A:C     765.26453
106  2:141164006:A:C     119.39614
107  2:141165335:A:G      31.39471
108  2:141165790:G:A     104.74583
109  2:141170340:C:T     468.55615
110  2:141170891:C:T     160.16038
111  2:141172511:G:A     772.17709
112  2:141173642:C:T     163.96582
113  2:141173645:G:T      63.12324
114  2:141175439:C:T     143.48354
115  2:141176200:G:C     292.54072
116  2:141176515:T:C     146.81225
117  2:141176610:C:A     236.71704
118  2:141178508:T:C     119.39614
119  2:141179268:A:T     755.12878
120  2:141183240:G:A     103.37493
121  2:141183714:C:T     464.97704
122  2:141185926:C:T     458.00268
123  2:141186169:T:C     410.03777
124  2:141186300:C:A      63.12324
125  2:141187284:T:C      14.06381
126  2:141187941:C:A     789.33660
127  2:141189268:C:G     285.41012
128  2:141189949:G:A     492.30162
129  2:141191419:C:G     464.84552
130  2:141192308:T:G     481.49395
131  2:141193398:T:A     215.48518
132  2:141195855:T:A     556.61157
133  2:141200718:C:A     257.25347
134  2:141201121:G:A     830.14066
135  2:141205288:T:C     452.42018
136  2:141207036:A:G     154.99452
137  2:141209431:A:G     253.66871
138  2:141212108:C:T     142.20358
139  2:141216660:C:A     198.20062
140  2:141217477:G:A     406.34576
141  2:141218113:G:A     795.88835
142  2:141219636:C:G     301.44200
143  2:141224088:C:T     100.91116
144  2:141225064:C:T     149.22764
145  2:141226016:G:A      63.12324
146  2:141230537:G:C     529.89213
147  2:141234931:T:C      69.26589
148  2:141237995:T:G     310.85641
149  2:141238321:A:G      63.12324
150  2:141239854:T:C     566.30316
151  2:141241262:T:C     858.10901
152  2:141243361:A:C     147.51673
153  2:141245161:T:C      98.87648
154  2:141247782:C:T     471.17601
155  2:141249655:G:A     168.66126
156  2:141249801:A:G     532.57448
157  2:141249885:C:A     117.98079
158  2:141250628:C:T     216.91550
159  2:141251986:C:T     161.32679
160  2:141252028:G:A     169.78260
161  2:141252264:G:A     147.04572
162  2:141252524:T:C      90.89411
163  2:141253408:T:C     873.64449
164  2:141253526:T:C     171.89479
165  2:141255658:T:A     215.33914
166  2:141256371:G:C      99.81008
167  2:141257247:G:A     298.69236
168  2:141258508:C:T     226.86894
169  2:141259209:C:A     789.33660
170  2:141265310:C:T     715.56462
171  2:141266047:G:A     209.02748
172  2:141266197:A:C     423.07570
173  2:141267573:G:A     332.25899
174  2:141268966:G:A     223.99848
175  2:141269016:G:T     207.42609
176  2:141269134:T:C     820.30286
177  2:141274504:G:A     175.53139
178  2:141276069:A:G      69.26589
179  2:141281855:T:C     242.87713
180  2:141285610:C:T     198.80642
181  2:141285972:T:A     169.11507
182  2:141287428:T:A      40.12545
183  2:141287660:A:G     261.44910
184  2:141287673:A:C     153.94458
185  2:141288399:C:T     446.20006
186  2:141290111:G:A     138.10026
187  2:141290319:T:C     292.22960
188  2:141290864:T:C     276.55060
189  2:141295248:C:T     552.57647
190  2:141295263:A:T     936.59436
191  2:141295272:A:T     379.80754
192  2:141295893:G:A     319.34237
193  2:141295926:C:T     156.71926
194  2:141303605:C:G     195.40316
195  2:141307207:C:T     236.35567
196  2:141309416:G:A     934.19973
197  2:141312114:C:A      81.91299
198  2:141312215:T:C     481.50253
199  2:141312455:A:G     165.75476
200  2:141312786:C:T     127.46064
201  2:141321456:A:T     292.81745
202  2:141324834:A:C      88.01627
203  2:141325592:G:C     162.14889
204  2:141326493:T:C     142.20427
205  2:141327994:C:G     214.64636
206  2:141328309:C:T     195.40316
207  2:141330588:G:T     356.18051
208  2:141331723:A:G     839.76584
209  2:141333865:T:C     584.30883
210  2:141334402:C:A     333.84665
211  2:141335596:T:C     445.13335
212  2:141336008:T:C     829.01716
213  2:141336253:T:C     603.28428
214  2:141336554:G:A     194.76952
215  2:141336719:C:T     246.53360
216  2:141337454:C:T    1083.64732
217  2:141337777:T:C     147.10158
218  2:141339196:A:G     399.43281
219  2:141341851:T:A     205.16510
220  2:141342678:A:C     177.90929
221  2:141347912:G:A     328.44260
222  2:141349306:A:G     941.41317
223  2:141352530:C:T     189.66612
224  2:141354617:G:A     368.82769
225  2:141355107:A:G     344.91702
226  2:141355324:T:C     144.85285
227  2:141357371:A:G      83.25094
228  2:141358598:T:C      30.26229
229  2:141360256:T:G     221.92767
230  2:141360545:C:T      83.69277
231  2:141361688:G:A     189.66612
232  2:141362158:G:A     219.47215
233  2:141362189:T:C     462.74488
234  2:141363573:A:G     842.40336
235  2:141363983:G:A     245.52638
236  2:141365086:C:A     149.54845
237  2:141365156:T:C     330.34977
238  2:141365239:T:C     142.03185
239  2:141365800:A:G     280.81397
240  2:141366221:A:T     380.26837
241  2:141368310:A:G     927.94254
242  2:141368605:T:C     328.44260
243  2:141372906:C:A     398.35316
244  2:141377607:T:C     330.93606
245  2:141378031:C:T     368.03810
246  2:141378688:C:T     189.66612
247  2:141379397:C:T     162.87940
248  2:141379592:T:C     921.71763
249  2:141380705:A:G     872.73481
250  2:141382466:T:C     370.44326
251  2:141383819:T:C     930.75945
252  2:141384043:G:A     225.92038
253  2:141385452:G:T     358.47360
254  2:141385527:A:G     140.96701
255  2:141385561:G:C     144.92880
256  2:141386030:C:T     587.20076
257  2:141386851:G:A     928.10575
258  2:141387861:A:G      85.33401
259  2:141388483:A:G      49.04756
260  2:141389022:C:T     185.17287
261  2:141392961:G:A     373.47040
262  2:141393845:T:C     142.21483
263  2:141397344:A:G     145.51158
264  2:141407271:T:C     182.70982
265  2:141407844:C:T     388.25046
266  2:141408045:G:A     908.23695
267  2:141408851:C:T     308.35936
268  2:141411467:G:A     194.31538
269  2:141411865:C:T     144.41431
270  2:141413271:G:C      55.48035
271  2:141414599:C:T     141.74430
272  2:141420375:C:A     236.28470
273  2:141421464:C:T     574.64997
274  2:141422979:G:C     251.25260
275  2:141425337:T:C     160.13523
276  2:141425818:A:G     718.47231
277  2:141425835:C:T     183.79597
278  2:141427544:C:T     157.48011
279  2:141428640:G:C     143.04580
280  2:141429012:T:C     918.36573
281  2:141431565:T:C     209.25400
282  2:141432270:T:C     133.63138
283  2:141436084:T:G     144.04023
284  2:141437830:T:C     357.47285
285  2:141438321:G:A     165.69413
286  2:141439812:A:G     662.20825
287  2:141440564:G:A     177.70657
288  2:141443805:T:C     206.74583
289  2:141444334:G:A     180.30815
290  2:141444856:T:C     310.53278
291  2:141446161:A:G     256.07316
292  2:141448504:T:A     255.23815
293  2:141453900:T:A     295.37345
294  2:141455600:A:G     124.83411
295  2:141455676:A:G     147.83830
296  2:141455758:C:T     826.07773
297  2:141456672:T:G     699.77268
298  2:141458736:A:C     365.98261
299  2:141460275:C:T     104.63243
300  2:141461499:C:T     155.82828
301  2:141463473:T:G     255.23815
302  2:141465465:C:T     131.69325
303  2:141466094:T:C     870.11296
304  2:141467988:C:T     145.98077
305  2:141470152:A:G     140.80879
306  2:141473291:T:C     206.74583
307  2:141477067:A:T     520.83517
308  2:141479368:C:T      56.75697
309  2:141479735:G:A     376.58874
310  2:141479958:T:G     828.68906
311  2:141483025:C:T     275.93437
312  2:141483789:G:A     237.92974
313  2:141484611:T:G     104.63243
314  2:141486109:C:T     492.57706
315  2:141487140:G:A     155.87902
316  2:141488790:C:G     163.93552
317  2:141490366:G:T     526.08363
318  2:141491368:C:T     161.56592
319  2:141493133:G:C     387.38860
320  2:141493507:G:A     317.17433
321  2:141496357:A:G     142.96567
322  2:141497947:T:C     492.57706
323  2:141500526:C:T     890.63770
324  2:141500692:T:C     599.10044
325  2:141502872:T:C      54.06514
326  2:141503800:C:T     237.82449
327  2:141504947:G:T     233.01105
328  2:141505094:T:C     325.77216
329  2:141505318:C:A     245.45667
330  2:141505411:G:T     122.77900
331  2:141510041:T:G     535.78416
332  2:141510594:C:T     195.58160
333  2:141511801:T:C     940.79915
334  2:141512209:C:T     161.69713
335  2:141514155:G:A     217.34829
336  2:141518383:G:A     138.29651
337  2:141519779:C:T     161.15012
338  2:141520277:T:A     366.00265
339  2:141520969:G:T     155.44347
340  2:141522099:A:T     245.45667
341  2:141523629:T:G      71.88894
342  2:141524089:C:T     141.85978
343  2:141524294:A:G      68.89587
344  2:141524434:T:A     775.59737
345  2:141524567:C:A     218.23569
346  2:141524870:T:C     179.88015
347  2:141527642:T:C     284.98285
348  2:141531122:G:A     305.09831
349  2:141532534:G:A      84.63318
350  2:141532906:T:A     806.01455
351  2:141532921:C:G     128.13302
352  2:141536696:T:C     536.44788
353  2:141537410:A:G     189.58961
354  2:141539912:C:T     247.36133
355  2:141542283:A:G     128.13302
356  2:141544742:C:T     182.86313
357  2:141545497:C:T     284.98285
358  2:141546162:C:T     232.27501
359  2:141548388:G:A     281.71649
360  2:141549690:C:A     782.61262
361  2:141550981:G:C     247.36133
362  2:141552922:C:T     124.91158
363  2:141554014:A:T     238.62880
364  2:141554732:C:T     410.20825
365  2:141554811:A:G      70.28906
366  2:141555672:T:G     149.48913
367  2:141556210:G:C     599.08753
368  2:141561045:T:A     271.06308
369  2:141562876:A:G     298.33348
370  2:141562916:T:G     129.42792
371  2:141564525:C:A     254.29342
372  2:141566774:T:C     235.63191
373  2:141566783:T:A     298.34280
374  2:141568372:C:T     124.91158
375  2:141571440:C:G     794.15730
376  2:141573353:C:A     309.72402
377  2:141574172:A:C     273.68387
378  2:141579133:C:T      79.54359
379  2:141581325:T:C     166.40850
380  2:141582640:A:G     118.72859
381  2:141582815:A:G     277.12684
382  2:141585037:G:C     865.12072
383  2:141587228:T:C     267.49362
384  2:141588341:T:C     135.28015
385  2:141588698:A:T     366.00265
386  2:141590978:C:T     134.70272
387  2:141591196:A:T      79.54359
388  2:141591507:C:T     245.66474
389  2:141592552:T:C     342.86202
390  2:141592580:T:C     413.04381
391  2:141593088:C:T     532.77013
392  2:141593935:C:T     148.40778
393  2:141595824:C:A     267.49362
394  2:141596929:C:G     510.89015
395  2:141600509:G:A     916.10427
396  2:141602546:A:G     329.33727
397  2:141604385:A:T     554.98728
398  2:141617292:G:A     182.28695
399  2:141619829:C:T     861.91285
400  2:141621660:T:C      78.88553
401  2:141622357:T:C     288.58104
402  2:141623464:A:G     123.35356
403  2:141626751:C:T     298.19322
404  2:141630609:A:G      60.08586
405  2:141630894:G:A     550.85982
406  2:141631195:A:T      56.77983
407  2:141632127:A:G     137.07735
408  2:141633150:C:G     268.06002
409  2:141634342:A:G     304.21517
410  2:141636571:A:G     113.40148
411  2:141639259:C:T     117.57943
412  2:141639468:G:T     288.58104
413  2:141639754:G:A     156.77940
414  2:141640726:G:C     163.27716
415  2:141642653:G:T     393.61660
416  2:141642728:C:T      70.28906
417  2:141646922:T:A     148.06339
418  2:141647423:G:A     148.84137
419  2:141648509:T:C      60.08586
420  2:141650380:C:T     298.19322
421  2:141653038:T:C     268.06002
422  2:141653595:C:T     883.29412
423  2:141653606:T:G      57.48613
424  2:141653649:T:C     495.94921
425  2:141654266:T:C      70.28906
426  2:141654831:C:G      14.06381
427  2:141655084:C:T     168.72178
428  2:141655962:C:T     144.11177
429  2:141656921:A:G     321.02014
430  2:141657916:T:A     156.77940
431  2:141660003:A:C     143.17409
432  2:141660149:A:G     326.34075
433  2:141661351:G:A     164.66207
434  2:141661924:T:C     268.06002
435  2:141663689:G:A     164.66957
436  2:141664852:G:C     213.59977
437  2:141664879:G:A     842.97602
438  2:141669902:T:C     310.35861
439  2:141674690:T:C     325.37494
440  2:141675254:G:C     148.84137
441  2:141675811:C:T     159.23465
442  2:141679030:C:T     359.22523
443  2:141679418:G:A      99.24533
444  2:141679451:C:G     857.86083
445  2:141680247:T:A     124.09855
446  2:141683656:C:G     347.95966
447  2:141686173:T:C     273.75823
448  2:141688150:T:C     532.77013
449  2:141690177:A:G     336.97534
450  2:141690364:C:T     288.42704
451  2:141691314:G:A     420.14142
452  2:141696816:C:T     143.00013
453  2:141698967:T:C     393.21209
454  2:141699291:A:G     308.53134
455  2:141700073:C:T     252.26136
456  2:141701041:C:T     480.12069
457  2:141702712:T:C     356.09792
458  2:141704078:G:T      55.18660
459  2:141704151:C:G     288.42704
460  2:141706220:C:T     214.54167
461  2:141706271:G:A     131.45987
462  2:141709295:C:T     109.08906
463  2:141712131:T:G     226.29664
464  2:141712922:A:G     176.05438
465  2:141714459:G:C     516.23262
466  2:141715002:T:A     238.83710
467  2:141715239:T:C     212.95689
468  2:141715824:T:A     134.42436
469  2:141719321:C:T     323.71426
470  2:141721014:A:T     986.03055
471  2:141723370:A:G    1000.58008
472  2:141726195:C:T     980.30840
473  2:141726910:G:T     235.20963
474  2:141727075:G:A     201.94379
475  2:141728149:G:C     230.28319
476  2:141728197:C:G      82.78836
477  2:141729127:C:T     169.72855
478  2:141731661:T:C      66.63309
479  2:141734772:G:A     980.70346
480  2:141736032:C:G      99.51132
481  2:141736089:G:A     221.27593
482  2:141736593:G:C     237.40688
483  2:141738843:G:A      96.41965
484  2:141739224:T:C     334.90734
485  2:141739325:T:C     298.64965
486  2:141741989:T:C     905.97102
487  2:141742103:A:G     310.47878
488  2:141742154:G:T     136.73690
489  2:141742926:T:C      95.00887
490  2:141743411:T:G     237.30714
491  2:141743469:T:C      76.03385
492  2:141744070:G:T     163.74417
493  2:141744933:T:C      98.89446
494  2:141750290:A:G     298.64965
495  2:141750396:T:G     216.32942
496  2:141751352:T:C     316.51538
497  2:141752525:T:C     248.89274
498  2:141754538:T:C      95.00887
499  2:141755838:T:C     161.13170
500  2:141756103:C:T      76.03385
501  2:141758354:T:C     360.63703
502  2:141758428:C:T     102.04364
503  2:141758657:G:A     179.70003
504  2:141764700:A:G     255.63331
505  2:141766798:G:A     167.67162
506  2:141766952:T:C      94.71133
507  2:141767365:A:T      76.03385
508  2:141769592:C:T     195.22049
509  2:141769764:G:A     932.13509
510  2:141770341:C:A     175.71108
511  2:141770351:C:T     237.99407
512  2:141772022:T:G     337.20025
513  2:141772531:T:G     145.50493
514  2:141772879:T:C     160.24411
515  2:141773450:T:C     138.59605
516  2:141773523:A:G     308.30231
517  2:141777790:T:C     231.20597
518  2:141778229:G:A     107.35340
519  2:141778702:G:A     401.89513
520  2:141779409:A:T     339.88518
521  2:141779660:T:C      92.20063
522  2:141780416:T:C     104.86550
523  2:141782380:G:A     220.22443
524  2:141783347:G:A     206.17604
525  2:141783883:A:T     237.99407
526  2:141784648:A:C      76.03385
527  2:141786226:T:C     110.79492
528  2:141786613:C:A     413.22028
529  2:141789516:G:A     136.73690
530  2:141790363:C:T     278.76247
531  2:141792111:C:T     932.62607
532  2:141796016:A:G     294.37549
533  2:141796401:T:G     204.05877
534  2:141798089:A:G     117.67897
535  2:141798761:C:T     351.55816
536  2:141800206:A:G     108.15597
537  2:141801519:T:C     163.20146
538  2:141801534:C:A     302.81129
539  2:141801784:G:A     375.14535
540  2:141802432:G:A     168.54017
541  2:141803565:C:T     112.31135
542  2:141804397:T:A     943.30767
543  2:141804609:G:C     845.80757
544  2:141804658:T:C      92.23046
545  2:141804696:T:C     536.17547
546  2:141805061:A:C     289.77076
547  2:141805136:C:T     701.86329
548  2:141805232:C:A    1009.85370
549  2:141805286:G:C     403.87609
550  2:141805351:T:C     799.39454
551  2:141805902:T:A     222.62631
552  2:141806541:A:T     144.02962
553  2:141810372:A:G     655.26621
554  2:141810831:G:C     478.27923
555  2:141811397:A:G     248.48284
556  2:141813756:A:T    1012.49970
557  2:141816833:T:A      93.88309
558  2:141818657:T:C     325.02585
559  2:141819422:G:A     472.14202
560  2:141820034:G:A     112.44303
561  2:141820670:C:T     163.05242
562  2:141829763:C:T     403.06225
563  2:141830076:A:G     655.26621
564  2:141832345:A:T     136.30893
565  2:141832996:T:C     112.44303
566  2:141834620:C:G      73.22553
567  2:141837958:T:C     323.95119
568  2:141845454:A:G     170.69839
569  2:141845469:C:A     196.13755
570  2:141846077:G:A     815.05622
571  2:141847146:T:C     322.18796
572  2:141849520:A:T     143.57185
573  2:141853791:C:T     200.86238
574  2:141855036:C:T     171.18324
575  2:141856833:G:A     149.33134
576  2:141857090:G:A     895.31868
577  2:141858983:T:C      65.15383
578  2:141859002:T:A     112.44303
579  2:141859114:C:A     418.32517
580  2:141860828:T:C     165.47393
581  2:141860856:C:A     178.96962
582  2:141861910:A:G     478.14450
583  2:141864609:T:C     111.34250
584  2:141865145:G:T     112.44303
585  2:141865372:A:T     171.18324
586  2:141865448:G:T     874.14811
587  2:141867420:T:C      94.54172
588  2:141869438:C:T     127.10310
589  2:141870078:A:G     143.53811
590  2:141872441:C:A      84.48620
591  2:141872481:G:C     336.82833
592  2:141873001:T:C     112.44303
593  2:141874410:A:G     523.99683
594  2:141875510:A:G     172.17181
595  2:141877382:A:C     326.84407
596  2:141878395:T:C      88.33299
597  2:141880184:G:A     192.93588
598  2:141881487:A:G     591.78905
599  2:141882032:C:T     337.70727
600  2:141882297:T:C     302.52583
601  2:141882963:G:A     928.21138
602  2:141883696:A:G      89.71656
603  2:141886244:C:T     184.33380
604  2:141888161:C:T      60.49809
605  2:141888403:C:T     244.21414
606  2:141892574:A:C     122.62876
607  2:141893894:A:G     785.56925
608  2:141894127:G:A     250.72125
609  2:141898780:C:T     162.58071
610  2:141899407:G:A     377.26527
611  2:141900259:A:G     222.08106
612  2:141904553:C:G     209.15318
613  2:141904724:T:C     249.20830
614  2:141906764:G:T     468.72966
615  2:141907119:A:T     454.85147
616  2:141909792:G:A     805.89437
617  2:141912837:G:A      14.06381
618  2:141914514:C:T     384.53919
619  2:141915067:C:T     210.66455
620  2:141915118:T:A     121.89791
621  2:141918457:C:A     233.22006
622  2:141919216:T:C      89.71656
623  2:141919819:T:C     640.01227
624  2:141919923:G:T     132.29442
625  2:141920732:A:G      65.17311
626  2:141921632:G:A     219.81408
627  2:141923204:A:C     899.87037
628  2:141927045:T:A     173.83975
629  2:141930466:C:T     219.64497
630  2:141930633:A:G      89.71656
631  2:141931299:G:A      51.76302
632  2:141931335:C:T     123.08717
633  2:141936148:A:G     119.15359
634  2:141936694:C:A     847.25315
635  2:141937511:A:T     146.30566
636  2:141943457:A:G     440.78302
637  2:141947619:A:G     292.41541
638  2:141948369:C:G     167.96383
639  2:141952530:A:T      85.70114
640  2:141953167:C:G     397.37398
641  2:141955410:G:C     193.29414
642  2:141955494:C:A      84.77070
643  2:141957112:G:T     352.36133
644  2:141958191:C:T      88.50363
645  2:141958985:C:G     541.34926
646  2:141959133:C:G     990.78088
647  2:141959134:C:T     228.64312
648  2:141959554:A:G     148.42847
649  2:141962864:G:A      73.33770
650  2:141964826:T:G     118.77728
651  2:141965401:C:T     322.87107
652  2:141969773:A:G     536.85155
653  2:141970145:G:C     124.11859
654  2:141970626:C:T     115.03845
655  2:141971170:C:G     148.42847
656  2:141971994:T:C     922.08828
657  2:141974893:T:C     204.44341
658  2:141975110:A:T      82.01853
659  2:141976295:T:C     156.77592
660  2:141977173:G:A     941.08340
661  2:141979272:A:G     248.38494
662  2:141980191:A:C     148.42847
663  2:141981373:T:C     797.71668
664  2:141982858:A:T     151.58156
665  2:141983812:G:T     477.14904
666  2:141984067:G:A     183.69742
667  2:141984153:G:T      96.67697
668  2:141985468:G:A      65.09033
669  2:141986421:C:G     885.52690
670  2:141988054:A:T     141.93628
671  2:141988686:A:T     132.24721
672  2:141989539:T:A     156.77592
673  2:141990009:C:A     611.69533
674  2:141996857:C:A     532.77013
675  2:141998268:A:G     297.68293
676  2:141998641:G:A     171.79890
677  2:141998656:C:T     881.83994
678  2:142000271:T:C     179.76283
679  2:142000895:T:A     163.15740
680  2:142002428:A:G     275.86082
681  2:142003423:G:A      93.34760
682  2:142011465:A:G     254.79358
683  2:142013269:A:C     229.56920
684  2:142013870:C:G     342.02154
685  2:142014502:G:A     799.09777
686  2:142014837:G:T      65.09033
687  2:142020873:T:C     156.77592
688  2:142022283:C:T     915.07001
689  2:142025328:A:G     223.85181
690  2:142025643:T:A     270.94093
691  2:142028694:T:C     163.15740
692  2:142029373:T:C     132.24721
693  2:142030583:A:C      98.38462
694  2:142031399:G:C     791.68137
695  2:142035262:A:G     203.24556
696  2:142039754:G:T     108.29913
697  2:142043174:G:A     252.07180
698  2:142043874:C:T     635.70747
699  2:142045523:A:G     101.89119
700  2:142051904:A:T     118.77728
701  2:142062982:T:A     140.43059
702  2:142068989:T:G     121.79424
703  2:142069803:G:A     637.87317
704  2:142073871:T:C     342.02154
705  2:142075550:C:A      68.14951
706  2:142075788:A:G     795.39004
707  2:142076773:T:C     135.29019
708  2:142077308:T:C     969.43361
709  2:142077532:C:T     183.04455
710  2:142078003:C:T     389.54330
711  2:142078068:C:G     517.25417
712  2:142078129:A:G     261.35936
713  2:142079375:T:A     267.30713
714  2:142084732:C:G     170.03386
715  2:142086786:G:A     635.59656
716  2:142088193:G:T     241.40630
717  2:142090147:A:G     288.05331
718  2:142090812:C:T     930.11408
719  2:142091581:T:G     208.14966
720  2:142092057:T:G     227.54751
721  2:142093798:C:G     134.55043
722  2:142095252:C:G     992.89948
723  2:142095573:T:C     196.19576
724  2:142096078:C:T     154.96397
725  2:142096552:G:A     359.67481
726  2:142099028:C:T     220.05206
727  2:142099640:C:T     635.59656
728  2:142100222:T:C     182.12305
729  2:142107353:C:T     186.31227
730  2:142110004:T:C     184.91813
731  2:142112901:C:A    1041.07672
732  2:142113274:C:T     462.19398
733  2:142114807:T:C     320.72583
734  2:142118619:G:A     294.22988
735  2:142119382:A:G     302.48993
736  2:142122653:G:T     855.23168
737  2:142122654:C:T     144.17843
738  2:142122732:C:A     181.58260
739  2:142124008:C:T    1007.05236
740  2:142124395:C:T     130.93334
741  2:142125733:A:C     602.46822
742  2:142126033:G:A     365.57009
743  2:142129759:A:G     318.93292
744  2:142134095:C:G     428.54308
745  2:142135616:A:G     543.68459
746  2:142137319:G:A     115.02679
747  2:142139649:T:C     221.96117
748  2:142143289:G:T     320.72583
749  2:142146200:T:C     181.58260
750  2:142146217:A:G     543.68459
751  2:142147295:A:C    1002.50806
752  2:142149436:G:C    1026.66381
753  2:142149627:T:C     147.44366
754  2:142149861:C:A     227.54751
755  2:142152653:A:C     144.95123
756  2:142157014:T:A     319.83346
757  2:142159378:A:T     171.79890
758  2:142162379:A:G     330.92570
759  2:142163845:C:T     227.54751
760  2:142164351:G:A     630.08036
761  2:142165384:C:T     997.56216
762  2:142165948:C:T     385.00049
763  2:142167451:G:A     345.50349
764  2:142171731:G:A     541.95032
765  2:142171936:G:A     425.27829
766  2:142171983:C:T     770.46554
767  2:142172028:C:T     293.81999
768  2:142173510:A:G     195.28457
769  2:142173678:T:C     150.78554
770  2:142175497:C:T     402.14213
771  2:142176572:T:C     152.90429
772  2:142178018:A:G     489.04413
773  2:142178254:C:T     116.73652
774  2:142178382:C:T     761.77080
775  2:142183810:C:T     593.23354
776  2:142183829:G:A     900.17528
777  2:142184535:G:C     340.41208
778  2:142185986:A:T     220.54864
779  2:142186144:A:G     195.28457
780  2:142187208:C:T     116.73652
781  2:142190468:C:T     275.95760
782  2:142191075:T:C     912.69541
783  2:142191104:C:A     114.46898
784  2:142192366:G:A     171.29037
785  2:142193332:T:C     195.28457
786  2:142194219:A:G     120.47761
787  2:142196404:A:G     209.88927
788  2:142197964:G:C      57.50316
789  2:142200150:C:T     207.64002
790  2:142200971:C:T      96.66513
791  2:142201250:A:T     196.12491
792  2:142202446:C:T      95.32036
793  2:142202889:T:C     118.00077
794  2:142205354:A:C     173.89350
795  2:142205835:C:A     428.83866
796  2:142208152:A:T     242.25966
797  2:142210576:C:G     904.70054
798  2:142212009:G:A     225.57432
799  2:142212462:C:T     195.28457
800  2:142213267:G:T      74.43247
801  2:142213578:T:C     258.95245
802  2:142216820:A:G    1012.49970
803  2:142219033:A:G     971.54272
804  2:142222921:A:T     165.06139
805  2:142223521:G:A     222.82113
806  2:142223579:T:A     159.76886
807  2:142225516:G:A     223.47174
808  2:142226610:A:C     896.24378
809  2:142229143:T:C     193.78309
810  2:142229279:T:A    1012.49970
811  2:142229501:A:G     530.08080
812  2:142230008:C:G     222.82113
813  2:142234369:C:T     164.13029
814  2:142234431:A:G     235.08204
815  2:142235639:A:C    1012.49970
816  2:142236233:C:T     165.06139
817  2:142237248:C:T     907.14956
818  2:142237435:T:C     222.82113
819  2:142240913:G:T     512.99381
820  2:142242358:G:C    1012.49970
821  2:142243557:A:T     115.97627
822  2:142244603:A:G     489.04413
823  2:142244635:C:T     179.46451
824  2:142244994:G:A     386.55911
825  2:142245618:T:C     104.53607
826  2:142246177:G:T     230.39709
827  2:142247852:G:A     222.82113
828  2:142249663:C:T     484.33845
829  2:142250131:G:T     149.02599
830  2:142250458:A:C     893.91946
831  2:142253124:T:A     226.08791
832  2:142254796:G:T     230.39709
833  2:142256488:G:A     197.54415
834  2:142258082:G:C     261.29982
835  2:142259132:G:A     222.82113
836  2:142261821:G:A     823.83572
837  2:142263210:C:T     218.30441
838  2:142263979:A:G     501.89024
839  2:142265109:C:T     121.48728
840  2:142271518:G:T     221.28697
841  2:142272808:T:G     159.89933
842  2:142273083:T:A     306.05627
843  2:142273348:A:T     159.75990
844  2:142279571:T:C     404.42331
845  2:142280835:T:C     197.54415
846  2:142283567:G:A     169.02652
847  2:142285013:C:T    1012.49970
848  2:142288723:G:A     872.38179
849  2:142294109:G:A     108.14642
850  2:142296400:G:A     184.79181
851  2:142296454:G:A     156.01933
852  2:142296704:C:A     120.73330
853  2:142297600:T:C     489.04413
854  2:142301313:A:T     840.13813
855  2:142302503:G:T     529.61481
856  2:142307362:G:A     671.65329
857  2:142308689:T:G     215.93914
858  2:142309015:C:T     285.73004
859  2:142312886:T:C     428.87415
860  2:142313358:T:C     140.91121
861  2:142314961:T:C     159.75990
862  2:142316883:G:A     130.74179
863  2:142320019:C:A     167.73885
864  2:142320971:C:A    1012.49970
865  2:142321708:G:T     793.83200
866  2:142322410:G:A     915.45192
867  2:142325654:A:G     135.76868
868  2:142326452:A:T     162.83081
869  2:142328801:G:A     342.25046
870  2:142332375:T:G     458.57036
871  2:142335769:C:A     152.90429
872  2:142337523:C:T     121.28081
873  2:142337743:C:T     854.04620
874  2:142340145:C:T     277.54155
875  2:142340490:C:T      67.49327
876  2:142340858:C:G     418.69649
877  2:142345100:A:C     616.30728
878  2:142347113:T:C     267.37454
879  2:142348118:T:C     138.16627
880  2:142349495:C:A     883.81654
881  2:142352473:T:G      72.23798
882  2:142352486:A:G     840.13813
883  2:142353148:C:T      67.49327
884  2:142358314:T:A     209.20716
885  2:142367973:T:A     153.74529
886  2:142371883:C:A     200.15555
887  2:142372240:A:G     199.94316
888  2:142372298:T:C    1012.49970
889  2:142372953:C:G     213.06818
890  2:142373588:C:T     118.99947
891  2:142373590:C:T     913.26673
892  2:142374941:A:G     101.92318
893  2:142374952:T:G     470.49775
894  2:142375722:G:A     148.82334
895  2:142375798:A:G     818.42509
896  2:142376873:C:T     833.04920
897  2:142377856:G:T     236.22659
898  2:142378975:G:A     262.63692
899  2:142381509:A:C     202.58440
900  2:142382098:A:T     144.19233
901  2:142382371:C:T     143.81834
902  2:142383174:G:A     855.13127
903  2:142386503:C:A     110.07844
904  2:142386818:G:T     316.98251
905  2:142388084:C:G     141.39177
906  2:142390307:G:A     323.88974
907  2:142391366:A:C     103.02575
908  2:142394011:G:A     118.99947
909  2:142396504:A:G     134.13076
910  2:142397669:C:T     930.13110
911  2:142401809:G:C     331.75492
912  2:142405251:A:G     103.02575
913  2:142413492:A:G     863.26762
914  2:142417763:G:A     324.62237
915  2:142421345:C:T     103.02575
916  2:142421798:G:A     174.76932
917  2:142423987:T:G     182.86754
918  2:142427920:T:C     197.59487
919  2:142429771:G:C     570.33280
920  2:142431406:A:T     489.85869
921  2:142431736:T:C     103.02575
922  2:142431893:T:C     120.65275
923  2:142433437:T:C     836.62286
924  2:142435161:C:T     870.61376
925  2:142435315:C:T     331.75492
926  2:142435373:T:C     331.67404
927  2:142435465:T:G     364.53292
928  2:142442932:G:A     524.11080
929  2:142445232:C:G     356.05830
930  2:142448488:G:C     906.09284
931  2:142450775:T:C     126.86589
932  2:142450886:G:A      92.92527
933  2:142450929:C:T     345.42770
934  2:142451006:G:A     324.78100
935  2:142452206:C:A     239.63439
936  2:142458520:G:T     126.79483
937  2:142459762:C:A      98.45334
938  2:142460137:C:T     347.49469
939  2:142462386:T:A     361.12976
940  2:142463725:T:C      92.92527
941  2:142465662:G:C     191.95538
942  2:142467582:G:A     317.85016
943  2:142471700:T:G     414.39451
944  2:142471978:C:A     112.82511
945  2:142473184:G:C      92.92527
946  2:142475665:C:T     304.65921
947  2:142480094:T:A     931.43888
948  2:142481784:T:C     152.69738
949  2:142485384:A:C     541.05697
950  2:142486073:A:T     273.99803
951  2:142486891:T:C     877.08172
952  2:142486946:G:A     219.20761
953  2:142488529:A:C     858.92877
954  2:142489626:T:C     138.82428
955  2:142493730:T:C     126.97546
956  2:142497001:A:C     158.57467
957  2:142497177:C:T     927.09037
958  2:142498357:G:A     466.27771
959  2:142498632:T:C     427.78031
960  2:142499874:G:A     234.38569
961  2:142500411:C:T    1012.49970
962  2:142500561:C:T     919.50984
963  2:142500680:G:A     718.47231
964  2:142503723:G:A     110.55577
965  2:142504538:T:G     142.06470
966  2:142512391:A:C     625.93540
967  2:142514681:A:G     343.19385
968  2:142516446:G:C     174.06336
969  2:142516507:A:G     943.57838
970  2:142517668:G:A     711.52575
971  2:142518602:A:G     398.24180
972  2:142519109:A:G    1012.49970
973  2:142519240:T:A     947.51196
974  2:142520551:G:A     235.50240
975  2:142522188:C:A     138.27621
976  2:142523863:G:A     283.15175
977  2:142528963:C:T     171.36336
978  2:142533561:G:A     264.13189
979  2:142535220:G:A     337.86206
980  2:142536317:A:T     855.83503
981  2:142537196:C:T      14.06381
982  2:142539019:G:A     104.32895
983  2:142539712:G:A     277.19364
984  2:142539891:T:C      91.09480
985  2:142540240:T:C     394.32399
986  2:142540470:C:A     480.83612
987  2:142541712:T:C     265.21840
988  2:142545747:T:C     408.35937
989  2:142545909:G:C     320.76604
990  2:142546753:G:A     142.95345
991  2:142549852:T:C     132.91541
992  2:142550181:C:T     185.62996
993  2:142551833:T:C     160.64080
994  2:142554281:A:T     930.93210
995  2:142554550:T:C     394.32399
996  2:142555589:G:A     171.36336
997  2:142555845:A:G     911.24027
998  2:142560759:T:C     287.08648
999  2:142565707:A:G     195.67019
1000 2:142565838:T:C     189.53985
1001 2:142569342:C:T      89.84590
1002 2:142571693:A:T     911.24027
1003 2:142572348:A:G     337.86206
1004 2:142573312:G:A      14.06381
1005 2:142573413:A:G     927.38267
1006 2:142574324:G:C     132.91541
1007 2:142574470:G:A     330.83332
1008 2:142576339:T:A     251.10641
1009 2:142576829:A:C     600.59252
1010 2:142576915:T:C     992.85900
1011 2:142577086:T:A      91.09480
1012 2:142581651:C:G     370.23978
1013 2:142582675:T:C     258.40614
1014 2:142587965:T:C      68.00916
1015 2:142588788:A:T      14.06381
1016 2:142589785:A:G     152.32929
1017 2:142592088:A:G     931.97092
1018 2:142592276:G:A     718.47231
1019 2:142593339:T:C     189.64983
1020 2:142598709:C:T     942.02630
1021 2:142598828:T:A     118.75182
1022 2:142603310:A:G     217.46182
1023 2:142604093:A:G     213.19950
1024 2:142604998:A:G     350.17591
1025 2:142607942:T:C     131.89729
1026 2:142608080:T:C     223.33357
1027 2:142609118:G:A     154.86042
1028 2:142613319:G:A     179.75071
1029 2:142613860:T:G     885.87294
1030 2:142615137:C:T     118.75182
1031 2:142616069:T:C     865.24243
1032 2:142616895:G:A      72.92978
1033 2:142617164:A:C     779.69162
1034 2:142618273:T:C     168.83078
1035 2:142624932:C:T     364.81028
1036 2:142625166:C:T     150.11615
1037 2:142627669:T:G     217.46182
1038 2:142635320:G:C     305.52113
1039 2:142635982:A:T     875.65936
1040 2:142636383:T:C     817.14497
1041 2:142636397:G:A     294.26103
1042 2:142636460:A:G     382.38375
1043 2:142636968:T:A     846.72234
1044 2:142637119:G:A     460.45866
1045 2:142637417:A:G     373.87418
1046 2:142637811:A:G      40.87068
1047 2:142641051:A:T     178.10783
1048 2:142641281:A:G     169.47516
1049 2:142642299:G:T      69.18102
1050 2:142643115:T:C     116.96587
1051 2:142643228:A:G      14.06381
1052 2:142649786:A:T     434.88144
1053 2:142650898:T:C     228.33913
1054 2:142656220:A:G     158.79552
1055 2:142657984:A:G     325.17900
1056 2:142659352:A:C     472.42450
1057 2:142660888:T:A     929.87484
1058 2:142662133:G:A     197.94827
1059 2:142663841:A:C     801.09985
1060 2:142666234:T:C     159.20992
1061 2:142668577:G:A     277.14759
1062 2:142668870:C:T     111.48926
1063 2:142670358:A:C     156.04131
1064 2:142670791:A:T     449.07848
1065 2:142670949:T:C     175.70180
1066 2:142671982:T:C     421.91208
1067 2:142675794:A:G      14.06381
1068 2:142682738:T:C     219.81281
1069 2:142688816:A:G     421.91208
1070 2:142690205:C:T      50.64634
1071 2:142692480:T:G      14.06381
1072 2:142695398:A:G     989.01792
1073 2:142697514:T:C     217.57256
1074 2:142697657:T:C     325.17900
1075 2:142699457:G:A     454.40009
1076 2:142699640:C:A     155.20426
1077 2:142702491:G:A     584.20221
1078 2:142709287:T:C      49.41845
1079 2:142713046:T:C     200.04658
1080 2:142713269:C:G      14.06381
1081 2:142714632:T:G     217.57256
1082 2:142718094:G:C     351.15696
1083 2:142720287:T:C     452.63617
1084 2:142721277:A:G     619.25686
1085 2:142723642:C:A     315.39582
1086 2:142724921:G:A     178.17230
1087 2:142725065:A:T     139.02724
1088 2:142725262:A:G     252.51413
1089 2:142725526:A:T     233.13273
1090 2:142725533:G:C      40.87068
1091 2:142730125:A:G     107.18477
1092 2:142734835:C:T     938.67564
1093 2:142737885:C:G     200.56623
1094 2:142742156:G:T     143.37152
1095 2:142742427:G:T     283.45864
1096 2:142743285:A:G     165.25051
1097 2:142744580:C:T     200.08318
1098 2:142745905:G:T     218.81490
1099 2:142747217:G:A     718.47231
1100 2:142749302:C:T     841.84596
1101 2:142749534:C:G     185.54350
1102 2:142750034:A:C     221.26915
1103 2:142750189:C:T     262.57640
1104 2:142752807:C:T      66.55953
1105 2:142752924:C:G      14.06381
1106 2:142754372:A:G     169.82141
1107 2:142756380:T:C     115.79219
1108 2:142756890:T:C     421.64121
1109 2:142758572:A:G      14.06381
1110 2:142759710:T:A     269.29968
1111 2:142763365:G:A     934.38358
1112 2:142765249:A:T     144.54560
1113 2:142765385:T:C     150.54531
1114 2:142768001:T:C     154.38602
1115 2:142774333:C:T     501.29341
1116 2:142775272:C:T     199.15929
1117 2:142775493:C:A     142.60235
1118 2:142776573:T:C     530.21560
1119 2:142777901:C:T     163.21019
1120 2:142778804:A:G     121.79437
1121 2:142778889:G:A    1010.49812
1122 2:142780823:C:T     139.45106
1123 2:142785189:A:G     313.88513
1124 2:142786050:A:G     501.96370
1125 2:142787223:A:G    1010.49812
1126 2:142787820:G:A     162.96300
1127 2:142787997:G:A     568.94709
1128 2:142788893:A:T     139.13610
1129 2:142789451:C:T     257.96884
1130 2:142793530:G:C     131.22785
1131 2:142793614:T:C     461.88231
1132 2:142796193:C:G     997.95950
1133 2:142801609:T:C     400.58239
1134 2:142803252:G:T     158.21877
1135 2:142803698:G:A     881.66295
1136 2:142809455:A:G     297.54657
1137 2:142810801:T:C     645.96956
1138 2:142815720:A:G     540.63037
1139 2:142815877:C:T     174.90019
1140 2:142816787:T:C     248.47236
1141 2:142820244:A:G     117.90483
1142 2:142822265:A:G     167.39852
1143 2:142823667:A:C    1004.35841
1144 2:142826980:C:T     434.02393
1145 2:142828096:A:G     158.61906
1146 2:142834770:C:T     290.77626
1147 2:142835889:C:T    1004.35841
1148 2:142837113:G:T      97.48108
1149 2:142837426:G:T     297.79598
1150 2:142838102:T:A     310.56169
1151 2:142839432:C:T     116.16192
1152 2:142840386:A:C     787.21986
1153 2:142841643:G:A     167.39852
1154 2:142843526:G:C      40.87068
1155 2:142843917:C:T     328.60399
1156 2:142844308:T:C     290.77626
1157 2:142844452:G:A    1004.35841
1158 2:142844859:A:T     226.97826
1159 2:142849656:C:T      97.48108
1160 2:142852102:T:A      87.38445
1161 2:142856903:T:C     159.93655
1162 2:142857243:C:T     167.39852
1163 2:142861363:C:T     226.97826
1164 2:142861471:G:C     703.85741
1165 2:142863077:T:A     290.77626
1166 2:142866649:G:A      40.87068
1167 2:142871561:C:T      93.31650
1168 2:142871813:G:A    1009.55523
1169 2:142871908:T:C     707.45795
1170 2:142873739:G:C     296.44436
1171 2:142873803:C:T     357.71585
1172 2:142874787:A:C     500.69582
1173 2:142878715:C:A     144.54560
1174 2:142879023:C:T     261.40153
1175 2:142879572:G:A     968.22128
1176 2:142882176:T:C     247.62751
1177 2:142882321:A:G      39.84122
1178 2:142885756:A:G     109.77456
1179 2:142886113:C:T     223.22670
1180 2:142886990:A:C     295.83559
1181 2:142888107:G:T     461.91920
1182 2:142889154:C:A    1064.63555

{"project":"masters","channel":"laplacian","event":"Laplacian Construction is complete","description":"Genes 5-5","icon":"🔥","notify":true,"parser":"text"}