[1] "No duplicate edges found. Skipping simplify()."
$graphxx
  gene   density   mean_dist transitivity edge_dens vertex_con edge_con
1 FHIT 0.4445842 6.15489e-06    0.4888981 0.4445842         65       65

$snpsbetw_centrDF
                SNP snpbetw_centr
1    3:59733072:A:G    224.766061
2    3:59738529:G:A    788.545804
3    3:59739624:T:G     65.072303
4    3:59741862:T:C    811.384332
5    3:59742545:C:T    191.073643
6    3:59745518:G:A    606.020593
7    3:59745524:T:C    212.202404
8    3:59745530:T:G    336.852423
9    3:59753271:C:T    293.691078
10   3:59757575:T:C    815.493626
11   3:59758674:A:G    221.341451
12   3:59760551:C:G    285.530634
13   3:59761054:C:T    171.871189
14   3:59761250:A:G    148.543344
15   3:59762631:C:T    218.212326
16   3:59763872:C:T    729.562949
17   3:59764018:G:A    121.223516
18   3:59766163:A:G    234.816976
19   3:59766167:A:G    193.084914
20   3:59766847:T:A    707.225835
21   3:59771651:C:T    131.034880
22   3:59771682:G:C    206.464185
23   3:59771837:A:C    144.450825
24   3:59772815:T:C    797.754863
25   3:59773261:A:C    213.035764
26   3:59774827:G:A    847.925743
27   3:59775652:T:G    150.824629
28   3:59775988:T:C    105.861794
29   3:59776281:G:A    260.250668
30   3:59777028:A:G    307.852198
31   3:59777590:G:A    800.506966
32   3:59778950:G:A    106.121007
33   3:59780129:C:A    117.171844
34   3:59781776:C:A    272.623421
35   3:59781968:C:T    170.322064
36   3:59783352:G:A     43.901340
37   3:59787734:C:T     39.279577
38   3:59788706:G:A    149.344743
39   3:59789224:T:C     97.054665
40   3:59790427:G:C    585.850838
41   3:59791525:A:G    149.882306
42   3:59791775:C:T     74.150862
43   3:59793742:G:A    105.691821
44   3:59794065:C:A    158.914303
45   3:59800608:A:G    254.127808
46   3:59801480:G:C    373.343375
47   3:59806086:C:T    163.759496
48   3:59807183:T:C     86.602764
49   3:59807483:A:T    292.312547
50   3:59807681:A:G    328.672166
51   3:59811457:G:A    203.448586
52   3:59811462:G:T    161.511481
53   3:59811605:T:C    106.938548
54   3:59811713:T:C    224.632496
55   3:59817800:C:G     89.244244
56   3:59818354:A:T     81.853758
57   3:59821071:C:T    380.431767
58   3:59822876:G:C    387.406574
59   3:59823010:G:T    772.440643
60   3:59824567:G:A     82.242571
61   3:59826778:G:T    359.758081
62   3:59830142:G:A    254.151025
63   3:59830605:A:G    238.837712
64   3:59832753:A:G    197.736901
65   3:59833520:C:T    135.085896
66   3:59834138:G:A     77.501379
67   3:59840122:C:A    133.302649
68   3:59840273:C:T    160.324100
69   3:59842055:T:G    491.320672
70   3:59842736:C:T    186.011603
71   3:59844264:T:A    431.784016
72   3:59846339:A:G    116.814601
73   3:59849428:T:A    131.461151
74   3:59849802:T:A     85.178019
75   3:59850337:C:T    772.704217
76   3:59850849:T:A     94.433285
77   3:59852370:A:T    358.759037
78   3:59855373:A:G    280.064251
79   3:59857067:G:A    799.133929
80   3:59857506:T:C    203.118561
81   3:59859460:G:A    259.375157
82   3:59860775:T:C    341.625648
83   3:59861654:G:A    331.322972
84   3:59862719:A:G     68.842363
85   3:59863811:T:C     80.804127
86   3:59863847:C:T    586.567574
87   3:59864291:C:G    220.161516
88   3:59865385:G:A    848.157935
89   3:59867268:T:C     87.323081
90   3:59869732:G:T    120.645414
91   3:59869736:T:C    882.974182
92   3:59870064:G:C    227.238486
93   3:59871049:G:A    645.203624
94   3:59872329:C:T    180.910070
95   3:59874811:C:T     92.160430
96   3:59875049:T:C    283.109128
97   3:59876261:A:T     91.542051
98   3:59877047:T:C     96.045318
99   3:59877988:C:A    290.165011
100  3:59882760:G:A    162.486731
101  3:59886056:C:A    122.618110
102  3:59886443:A:G    131.237492
103  3:59887076:G:A    186.939129
104  3:59887118:A:C    122.459335
105  3:59887336:T:C    312.028614
106  3:59887788:A:G    582.532511
107  3:59888624:T:C    115.864428
108  3:59891010:C:T    809.282415
109  3:59893722:G:A    159.735847
110  3:59896678:T:G    106.768079
111  3:59896735:A:G    155.382714
112  3:59897835:C:T    167.432962
113  3:59899803:G:C    620.122987
114  3:59900298:A:G    687.285076
115  3:59901486:C:T    113.310440
116  3:59901620:T:C     74.985154
117  3:59902252:A:G    738.602545
118  3:59903136:G:A    111.705428
119  3:59903450:G:C    325.051557
120  3:59904188:G:T    249.837983
121  3:59904329:C:G    117.531608
122  3:59904539:A:C    793.249365
123  3:59904811:C:A    876.397875
124  3:59905961:T:C    391.466896
125  3:59906598:C:T    759.285395
126  3:59908281:C:T    340.866168
127  3:59908905:C:T    141.944546
128  3:59909315:G:C    312.545418
129  3:59913449:C:A     88.078164
130  3:59913763:C:T    194.097483
131  3:59913913:C:T      3.236195
132  3:59914042:C:T    130.321068
133  3:59916886:T:C     62.050419
134  3:59917928:A:G    598.890864
135  3:59917970:C:T    769.648648
136  3:59918863:G:A    125.962578
137  3:59919493:G:A    132.326006
138  3:59920645:G:A    213.846955
139  3:59921647:T:C    750.514429
140  3:59922337:A:C    267.734300
141  3:59925672:T:C     97.003283
142  3:59928656:T:C    244.504797
143  3:59928851:A:G    603.078672
144  3:59929254:T:G    328.199866
145  3:59932353:T:C    818.940562
146  3:59933105:C:G    130.687073
147  3:59934440:T:C    282.125086
148  3:59936917:C:T     92.160430
149  3:59936963:C:T    422.423220
150  3:59940020:T:G    200.857134
151  3:59941347:A:G    204.726895
152  3:59941578:C:T    611.938468
153  3:59942093:C:T    770.344241
154  3:59943532:A:G    296.868677
155  3:59943653:T:C    155.257162
156  3:59944596:G:C     84.480891
157  3:59946677:T:G    200.474788
158  3:59947032:C:T     87.798587
159  3:59947184:C:T    121.857871
160  3:59948293:G:A     92.160430
161  3:59948929:T:C    398.003520
162  3:59952899:G:T    381.711796
163  3:59953505:C:T    830.138656
164  3:59954270:G:A    143.894138
165  3:59955356:C:T    182.736288
166  3:59957060:C:T    149.147141
167  3:59957385:G:C    236.080192
168  3:59957938:T:C    251.286810
169  3:59959110:C:T    192.332140
170  3:59961639:G:A    385.281927
171  3:59962691:A:G     43.784539
172  3:59962884:C:T    655.873027
173  3:59963131:A:G    761.405307
174  3:59964309:A:C    284.059374
175  3:59964881:G:C    823.869291
176  3:59965812:A:G    265.991254
177  3:59966396:C:T    222.977842
178  3:59966413:T:C    660.900466
179  3:59971855:A:G    422.796983
180  3:59971856:C:G    821.270230
181  3:59973677:C:T    529.846333
182  3:59974099:G:A    149.147141
183  3:59974448:G:A     87.798587
184  3:59979551:T:G    237.207979
185  3:59981968:T:C    290.943595
186  3:59985228:C:T    121.330434
187  3:59988930:A:G    434.273476
188  3:59989205:A:T     64.994645
189  3:59989841:G:C     58.668914
190  3:59990540:T:C    532.361654
191  3:59991146:G:C    125.250180
192  3:59991569:A:C    810.903025
193  3:59992324:C:G     75.819816
194  3:59992929:T:C    141.841364
195  3:59993724:A:G    110.399453
196  3:59996683:C:G    173.098844
197  3:59998389:A:C    782.010345
198  3:59998714:A:G    330.806368
199  3:59999323:C:G    515.183438
200  3:59999661:T:A    225.991791
201  3:59999965:C:T    302.371859
202  3:60000052:C:T    432.011811
203  3:60001389:G:A    201.856779
204  3:60004935:A:G    201.297813
205  3:60006708:G:A    413.450244
206  3:60009833:T:C     41.480349
207  3:60012554:G:C    154.850106
208  3:60013145:T:G    341.652248
209  3:60013344:A:G    725.534059
210  3:60013374:G:T    160.870086
211  3:60013709:T:C    780.219242
212  3:60013799:G:A     61.797392
213  3:60013834:T:C    194.327220
214  3:60014438:G:A    103.701836
215  3:60016773:G:C    525.602109
216  3:60016906:T:C    627.037128
217  3:60017331:A:G    165.194384
218  3:60017562:C:T    764.587466
219  3:60017892:A:C    607.565276
220  3:60018264:C:A    138.306901
221  3:60020717:T:C    637.126504
222  3:60020975:C:A    107.914063
223  3:60023820:G:A    294.075029
224  3:60023865:C:T    169.047762
225  3:60024324:C:T    181.880188
226  3:60027584:A:G    523.205533
227  3:60029270:G:A    453.507289
228  3:60034044:G:T    181.880188
229  3:60034061:C:G    299.629998
230  3:60034194:G:A    556.700396
231  3:60034410:C:G    169.047762
232  3:60036160:T:C     71.490664
233  3:60037278:C:T    718.039453
234  3:60042091:A:G    404.344258
235  3:60042645:G:A    612.430431
236  3:60044013:T:C    634.915891
237  3:60045214:G:A    206.800992
238  3:60045650:T:C    223.792210
239  3:60046687:T:G     81.705957
240  3:60049180:T:C    480.316599
241  3:60052783:T:C    267.496314
242  3:60053702:C:A    375.103776
243  3:60053991:C:T    862.263616
244  3:60055038:T:C    297.210560
245  3:60056378:T:C    152.496361
246  3:60057049:T:C    233.084118
247  3:60057497:G:A    662.265900
248  3:60057531:G:A    202.122200
249  3:60058689:C:T    149.537463
250  3:60059290:G:A    209.964718
251  3:60059864:C:A    154.392382
252  3:60061513:G:A    285.261516
253  3:60063557:G:C    183.135124
254  3:60065460:T:A    136.567050
255  3:60065566:G:A    322.712148
256  3:60067254:T:C    246.821584
257  3:60067474:G:T     73.381282
258  3:60067973:A:C    339.211938
259  3:60068115:A:C    269.601663
260  3:60069318:G:A    105.198416
261  3:60069748:C:T    434.161762
262  3:60070138:A:T     61.909431
263  3:60070144:A:G    574.085948
264  3:60070257:T:C    143.086927
265  3:60070319:T:G    196.545340
266  3:60071169:G:C    340.338740
267  3:60071226:T:A    628.329077
268  3:60073652:G:A    891.259312
269  3:60075547:A:G    201.827188
270  3:60079319:C:A    299.685346
271  3:60080516:A:G    713.557011
272  3:60082619:G:A    856.820561
273  3:60083838:T:C    239.357911
274  3:60085890:A:G     58.585197
275  3:60087851:A:C    108.136833
276  3:60088435:A:T    143.844532
277  3:60090402:G:T    614.767234
278  3:60093892:C:T    279.158216
279  3:60094277:C:G    142.961874
280  3:60094767:G:T    277.208515
281  3:60094877:G:C    577.442874
282  3:60096270:C:G    402.818421
283  3:60097993:T:C    924.036268
284  3:60098201:A:C    724.152125
285  3:60099334:T:C    281.023303
286  3:60101123:A:G     41.841530
287  3:60101445:T:C    135.484172
288  3:60101542:A:T     67.842946
289  3:60101835:T:C    438.696567
290  3:60103098:T:C    348.805418
291  3:60104028:A:C    707.639616
292  3:60104942:A:G    200.593946
293  3:60105815:A:C    912.189129
294  3:60106571:G:C    221.529221
295  3:60106617:C:T    160.714872
296  3:60107926:G:A    136.567050
297  3:60109302:T:C    200.593946
298  3:60110171:G:A    921.660212
299  3:60112798:T:G    160.714872
300  3:60113107:T:A    622.734705
301  3:60113545:A:G    605.428948
302  3:60116872:C:T     56.707357
303  3:60117021:A:G    214.463126
304  3:60117642:T:C    346.981181
305  3:60118181:A:G    791.601033
306  3:60121031:T:C    127.734213
307  3:60121883:T:C    124.821653
308  3:60122968:A:G     71.370998
309  3:60124388:T:C    622.003388
310  3:60126283:G:A     56.707357
311  3:60126662:G:A    802.523377
312  3:60127778:C:A    670.405170
313  3:60127901:T:C    559.741810
314  3:60128243:T:C    239.477930
315  3:60128315:C:T    794.802173
316  3:60130683:G:T    102.007422
317  3:60131144:T:C    153.024041
318  3:60131701:C:A    183.443829
319  3:60134124:G:C    123.866707
320  3:60138106:T:G    177.687586
321  3:60138226:G:A    346.334577
322  3:60139220:G:A    789.712012
323  3:60140320:A:C    151.863291
324  3:60140553:T:C    394.220972
325  3:60141653:C:T    741.672535
326  3:60141761:C:T    226.674323
327  3:60142068:A:C    487.400665
328  3:60142233:T:G    325.764877
329  3:60142395:A:G    823.361606
330  3:60144682:A:C    146.019062
331  3:60144812:T:C    797.344720
332  3:60146942:T:C    501.850200
333  3:60147522:G:C     64.440974
334  3:60149815:G:T    166.206550
335  3:60152583:G:A    340.407975
336  3:60152585:G:A     88.839442
337  3:60154101:T:C    734.669789
338  3:60158412:A:T    143.979048
339  3:60161787:A:T    131.215072
340  3:60165928:T:C    796.266227
341  3:60167002:T:C     92.712574
342  3:60167219:T:G    256.911207
343  3:60168704:T:C     84.113051
344  3:60168939:G:A     69.604963
345  3:60169018:T:C    746.797115
346  3:60169136:A:G    122.772940
347  3:60169681:C:T    265.869327
348  3:60170070:A:C     71.316779
349  3:60173921:T:C    501.850200
350  3:60174975:G:C    134.414047
351  3:60175045:C:T    712.678851
352  3:60175500:A:G    146.032267
353  3:60176120:G:A    123.901281
354  3:60177708:C:G    158.057594
355  3:60180613:G:C     70.458098
356  3:60180851:G:A    554.205981
357  3:60182451:A:G    295.484540
358  3:60184534:G:A     84.113051
359  3:60185958:A:T    209.442203
360  3:60186025:G:C    788.740431
361  3:60191687:A:T    122.788560
362  3:60193963:A:G    306.479977
363  3:60194155:T:C    637.511030
364  3:60194787:G:C    138.336562
365  3:60195858:A:C    119.876605
366  3:60197477:T:C    338.698476
367  3:60198598:C:G     62.538381
368  3:60198968:C:G    101.862069
369  3:60199196:G:A     87.401030
370  3:60200099:G:A    121.934193
371  3:60200523:A:G     48.973362
372  3:60202694:C:A    293.044884
373  3:60202722:A:G    151.729990
374  3:60206501:T:G    711.445228
375  3:60207193:T:C    146.060536
376  3:60207434:A:G    126.673288
377  3:60209258:C:G    733.542947
378  3:60212141:G:A     48.973362
379  3:60212456:A:G     71.517659
380  3:60215385:T:C    138.336562
381  3:60216221:C:T    134.462542
382  3:60218702:G:C    127.374675
383  3:60219014:T:G    132.388697
384  3:60219655:C:T     71.682422
385  3:60220734:T:A    628.978540
386  3:60223376:C:T    211.694899
387  3:60227592:C:A    770.597258
388  3:60228566:T:C    126.329334
389  3:60230531:C:G     33.278033
390  3:60235115:T:C    182.877331
391  3:60236166:A:T    155.121201
392  3:60238490:C:T    362.438569
393  3:60238642:C:T    307.349281
394  3:60239532:C:G    292.513810
395  3:60240638:A:G    846.390651
396  3:60241520:T:A    115.390462
397  3:60243570:T:G    357.189255
398  3:60244579:T:C   1154.635355
399  3:60244586:T:C    317.136739
400  3:60245947:G:A    662.588818
401  3:60246458:C:T    208.606136
402  3:60250475:A:G    441.470224
403  3:60253878:G:A     62.242357
404  3:60254092:T:C    126.654999
405  3:60256715:T:C     95.474193
406  3:60256857:G:A    705.558460
407  3:60257348:A:G    142.049049
408  3:60259526:G:A    197.869722
409  3:60260136:G:A    141.420941
410  3:60261165:C:T    487.581174
411  3:60261547:C:T     91.223789
412  3:60262416:G:A     84.111696
413  3:60263721:C:A    774.967190
414  3:60264671:T:C    261.563463
415  3:60264951:C:T    751.356809
416  3:60266437:G:C    277.777812
417  3:60267887:G:A    325.236912
418  3:60268842:C:T    186.461131
419  3:60269689:T:C    107.556766
420  3:60270363:T:C    814.154138
421  3:60270554:G:A    763.460901
422  3:60271660:T:C     70.725098
423  3:60271669:C:T    610.653442
424  3:60271986:A:T    772.295426
425  3:60272829:A:G    395.816804
426  3:60273192:C:T    211.765550
427  3:60273376:T:C    159.060653
428  3:60274472:T:C    673.714199
429  3:60274763:T:G    382.722417
430  3:60276185:G:T    737.181318
431  3:60276933:G:C     99.553572
432  3:60280876:G:A    289.000149
433  3:60282372:T:A    338.236628
434  3:60284323:T:C    671.881539
435  3:60284869:G:T    423.878013
436  3:60286486:T:C    805.073697
437  3:60287570:C:T     69.605301
438  3:60289560:A:C    171.307149
439  3:60290014:C:T    107.165920
440  3:60292270:T:G    515.183438
441  3:60292690:A:G    107.556766
442  3:60295081:A:G    448.216388
443  3:60297746:A:G    789.067880
444  3:60298041:A:T    297.688152
445  3:60302885:T:C    119.230186
446  3:60304608:A:G    693.502954
447  3:60304669:G:C    213.449589
448  3:60305532:C:T    115.832115
449  3:60305789:C:T     51.105838
450  3:60306891:G:T    763.519578
451  3:60307673:A:G    675.859639
452  3:60308216:C:T    181.609329
453  3:60311878:G:A    276.873050
454  3:60313287:T:C    515.183438
455  3:60315726:C:A    725.534059
456  3:60320312:C:T    797.058255
457  3:60320656:A:G    216.609480
458  3:60322948:G:A    264.996946
459  3:60324975:T:C    167.812313
460  3:60326348:C:T    129.419293
461  3:60327199:A:C    806.146131
462  3:60329153:T:C    222.863746
463  3:60332172:C:T    664.923307
464  3:60332301:C:T    792.898226
465  3:60332701:C:T    188.621754
466  3:60332982:C:T    129.725095
467  3:60333924:G:T     68.085324
468  3:60333954:T:A     63.491154
469  3:60335529:T:C    740.540228
470  3:60336635:G:A     72.109934
471  3:60336882:T:A    335.923398
472  3:60337187:G:C    675.859639
473  3:60337634:T:C    169.752275
474  3:60338138:A:G    179.548176
475  3:60338577:C:T    336.618042
476  3:60340126:C:T    763.227234
477  3:60342111:A:C     69.611502
478  3:60343992:G:C    297.590126
479  3:60344346:T:C     81.620350
480  3:60345429:T:G     70.547398
481  3:60345525:T:C    593.800214
482  3:60346114:G:C    262.903506
483  3:60346850:C:T    124.845888
484  3:60348293:G:A    109.160719
485  3:60348977:A:G    822.905093
486  3:60349109:A:C    805.662890
487  3:60349304:T:C    767.672579
488  3:60349364:T:G    139.764887
489  3:60349431:A:C    167.176561
490  3:60349462:C:T    879.435994
491  3:60349500:C:G     95.764236
492  3:60349742:A:G    817.521359
493  3:60350709:T:C    817.447985
494  3:60350720:G:A    116.106971
495  3:60351044:T:C    126.646723
496  3:60351310:C:G    356.867970
497  3:60353148:A:T    138.237346
498  3:60354255:T:G    735.919213
499  3:60354748:C:G    184.372257
500  3:60356852:C:T     93.512533
501  3:60358269:T:C    450.213289
502  3:60358515:T:G     63.396392
503  3:60358675:G:A    120.682301
504  3:60359643:T:C    296.085540
505  3:60361303:C:T     76.917172
506  3:60361979:A:G    412.666223
507  3:60363741:G:C    175.374554
508  3:60364133:T:C    702.141104
509  3:60364538:A:G    241.629868
510  3:60366687:G:A    246.457668
511  3:60367607:T:C    304.188019
512  3:60371964:T:G     82.247364
513  3:60373363:A:G     65.080618
514  3:60374775:G:T     76.766686
515  3:60375217:C:T    134.334411
516  3:60375316:G:A    798.550486
517  3:60377298:T:C    153.273192
518  3:60379555:C:T     93.512533
519  3:60379828:G:A     80.711039
520  3:60381482:A:G    214.099483
521  3:60382517:T:C    529.341963
522  3:60382828:T:C    734.070406
523  3:60383233:C:T    121.158301
524  3:60385399:C:T    245.337849
525  3:60385768:C:T     80.064949
526  3:60389679:A:G    273.931650
527  3:60391499:T:C    207.301711
528  3:60393237:C:T     58.499888
529  3:60394360:C:G    167.566949
530  3:60395260:A:G    282.353906
531  3:60395558:G:A     82.247364
532  3:60396967:G:A    220.220293
533  3:60401602:A:G    162.644541
534  3:60402679:G:A    115.756348
535  3:60402799:T:G    121.756062
536  3:60404497:T:A     71.926826
537  3:60404705:G:T    691.207698
538  3:60405637:A:C    447.861054
539  3:60406248:A:T    238.748254
540  3:60406323:A:G    724.958261
541  3:60407594:T:C     96.992640
542  3:60407864:C:T    839.014247
543  3:60408404:C:T    774.527356
544  3:60409083:G:T     71.939631
545  3:60414273:T:C    124.546961
546  3:60416358:T:G    405.180350
547  3:60417324:T:C     95.637225
548  3:60418254:T:C    158.525868
549  3:60418409:T:A    148.206133
550  3:60418532:T:C    725.534059
551  3:60419453:T:C    162.150866
552  3:60419915:G:A    105.709579
553  3:60420118:T:G    494.311357
554  3:60420417:G:A    666.179626
555  3:60421221:G:A    136.456422
556  3:60421345:G:A    131.391542
557  3:60423453:T:A    104.637294
558  3:60425211:C:T    112.298604
559  3:60426566:T:C     95.637225
560  3:60426886:T:A    359.568415
561  3:60428024:A:G    123.458886
562  3:60428697:A:C    140.001836
563  3:60430434:G:C    131.391542
564  3:60431675:T:C     69.478358
565  3:60431863:G:C    160.546048
566  3:60434444:G:A     95.637225
567  3:60434982:G:A    167.627146
568  3:60435765:G:A    123.458886
569  3:60438594:T:C     49.881136
570  3:60439043:C:T    312.248219
571  3:60443007:T:C    757.989543
572  3:60443377:A:C    194.615572
573  3:60443601:C:G    688.026169
574  3:60444350:G:A     94.842110
575  3:60444466:C:A     83.587623
576  3:60445104:A:G     95.637225
577  3:60445939:G:A    191.924996
578  3:60445974:A:C    167.312595
579  3:60446428:T:C    279.309401
580  3:60451072:T:G    123.458886
581  3:60451174:G:A    292.484131
582  3:60452597:G:C     95.637225
583  3:60455417:T:C    751.112180
584  3:60458542:C:T    100.608789
585  3:60460152:C:T    123.458886
586  3:60462497:G:C    117.851178
587  3:60463474:T:A    794.933535
588  3:60464669:G:A    211.631879
589  3:60467589:C:T    136.996403
590  3:60468869:T:C    166.641505
591  3:60468911:C:T    153.601200
592  3:60472618:C:G    135.712588
593  3:60472749:G:C    127.419056
594  3:60473213:C:T    150.635003
595  3:60474774:G:C    213.029417
596  3:60475525:G:C    225.062300
597  3:60476875:A:G    188.283676
598  3:60477128:A:G    127.419056
599  3:60477413:T:G    789.696912
600  3:60478348:G:A    115.487582
601  3:60478500:T:C     93.362245
602  3:60478816:T:C    381.397753
603  3:60479380:T:C    789.849071
604  3:60479568:A:G     80.514494
605  3:60479647:A:C    270.140207
606  3:60479781:T:G    290.716646
607  3:60480019:A:G    237.936100
608  3:60480252:T:C    726.976566
609  3:60480392:T:C    479.234710
610  3:60480401:C:T    674.808489
611  3:60480477:T:C    761.650367
612  3:60480709:G:C    559.741810
613  3:60482500:C:G    185.126290
614  3:60483925:T:C    183.076603
615  3:60484345:G:C    161.579260
616  3:60485139:T:G    162.588554
617  3:60486957:T:C    176.714198
618  3:60488814:A:G    245.151514
619  3:60490176:A:T    125.086860
620  3:60490547:A:G    125.199096
621  3:60495627:G:A    179.790439
622  3:60496635:G:C    124.724170
623  3:60496962:C:G    417.944906
624  3:60497106:C:T    233.573081
625  3:60497721:A:G    141.361195
626  3:60499088:T:C    808.281976
627  3:60499676:C:T     74.763860
628  3:60505757:T:C    722.291122
629  3:60507037:A:G    165.773230
630  3:60507130:G:A     74.383428
631  3:60507171:G:A    325.113497
632  3:60507222:C:T    352.576532
633  3:60507223:G:A    232.919163
634  3:60507262:G:A    386.471403
635  3:60507811:G:T    431.096252
636  3:60508567:G:A    381.692661
637  3:60508755:A:C    378.109720
638  3:60508889:C:T    107.540554
639  3:60512219:G:A     69.647932
640  3:60513281:C:G    101.250906
641  3:60515315:C:T    144.289846
642  3:60517112:C:T    100.334327
643  3:60518504:G:A    259.067451
644  3:60523732:C:A    226.937284
645  3:60526817:C:T    637.544503
646  3:60527232:G:A    364.023707
647  3:60527479:G:A    827.592190
648  3:60528168:C:T     75.803321
649  3:60530213:C:T     92.651852
650  3:60533024:C:G    225.085317
651  3:60535731:G:T    188.133679
652  3:60538281:T:C    182.885339
653  3:60538865:C:A    798.828229
654  3:60540044:C:T    145.327741
655  3:60540116:A:C    174.004249
656  3:60540887:C:T    124.591725
657  3:60542110:C:T    354.083098
658  3:60542151:G:T    835.869053
659  3:60542848:T:C    155.980548
660  3:60543617:T:C    144.072730
661  3:60546424:G:A     79.787414
662  3:60546764:A:C    812.001186
663  3:60548432:T:C     86.281609
664  3:60550609:A:G    103.448314
665  3:60551637:A:G     79.291999
666  3:60552142:C:T    748.892411
667  3:60553462:G:C    121.521136
668  3:60555576:A:C    206.196984
669  3:60556070:T:C    168.319490
670  3:60556204:C:T    251.835886
671  3:60557119:A:G    182.887458
672  3:60561849:T:A    780.264107
673  3:60563250:G:A     91.287263
674  3:60563987:T:C    291.081441
675  3:60565903:T:C    861.919587
676  3:60569778:A:G     98.236159
677  3:60570448:T:C    269.468685
678  3:60571905:A:G    188.067825
679  3:60572535:T:C    203.310931
680  3:60573000:G:C    369.883600
681  3:60573769:A:C    652.091243
682  3:60574770:G:T     75.735902
683  3:60574787:G:A    126.360384
684  3:60574911:G:T    710.869070
685  3:60575068:A:G    631.127867
686  3:60575075:T:C    807.082636
687  3:60576077:C:T    702.129969
688  3:60576086:C:A    256.713529
689  3:60576108:C:T      3.236195
690  3:60576324:G:A    458.497873
691  3:60576769:C:A    812.458773
692  3:60578001:C:A    191.819016
693  3:60578005:A:C    545.342262
694  3:60580126:C:T     89.991810
695  3:60580522:G:A    181.022740
696  3:60582730:A:C    245.450468
697  3:60584039:T:C     93.949363
698  3:60584598:C:T     49.621540
699  3:60584732:G:C     99.873670
700  3:60590350:T:G    133.275089
701  3:60590509:A:G    122.777843
702  3:60590871:G:C    172.881380
703  3:60591461:G:T     74.829056
704  3:60591573:G:C    115.131279
705  3:60592244:G:C    257.688679
706  3:60592348:C:T    841.546281
707  3:60593142:C:A    217.864919
708  3:60593308:T:C     72.284099
709  3:60593361:T:C    144.844831
710  3:60594021:C:A    125.499596
711  3:60594367:A:G    666.804703
712  3:60596184:C:T    163.092909
713  3:60596343:T:C    831.857201
714  3:60596464:C:T    225.881368
715  3:60602727:A:G    125.925651
716  3:60603516:A:G    139.111687
717  3:60608162:G:A    101.209304
718  3:60608265:G:C    577.326878
719  3:60613069:A:G    169.267467
720  3:60614258:G:C    137.231856
721  3:60614582:A:G    342.158389
722  3:60615310:G:A    737.079674
723  3:60619878:G:A    152.110757
724  3:60621837:G:A    117.601513
725  3:60623464:G:T    752.732374
726  3:60624071:C:A    480.199074
727  3:60625352:A:G     98.986845
728  3:60626750:C:A    173.240870
729  3:60628811:A:G    112.789291
730  3:60630201:A:C    107.219873
731  3:60635394:G:A    122.314280
732  3:60635993:G:A    218.269026
733  3:60636061:A:G    838.109539
734  3:60643165:T:A    171.663517
735  3:60647949:G:A    257.835271
736  3:60652045:C:T     92.601123
737  3:60654135:C:T    807.285954
738  3:60659002:G:A    198.773947
739  3:60663256:A:G    109.111956
740  3:60664736:T:C    130.224808
741  3:60667280:G:A    195.615085
742  3:60667705:G:T    839.846648
743  3:60668344:C:A    129.622794
744  3:60670339:G:A    625.025295
745  3:60670723:C:T    713.089580
746  3:60671747:T:C    123.819587
747  3:60677706:T:C     93.885209
748  3:60678824:C:T    228.751510
749  3:60680122:G:A    504.907337
750  3:60680759:C:T     81.559118
751  3:60681685:T:C    110.126528
752  3:60681992:T:C    619.728153
753  3:60684903:C:T    349.247034
754  3:60684930:G:A    186.620652
755  3:60686013:A:G    352.306032
756  3:60689647:T:C    694.589390
757  3:60692321:C:A     75.002749
758  3:60695629:A:G    413.057137
759  3:60697870:G:C    133.071688
760  3:60706579:A:G    493.312579
761  3:60711530:A:G    107.219873
762  3:60711659:C:T    782.029769
763  3:60711969:G:C    164.842921
764  3:60715158:C:T    118.043751
765  3:60720272:C:T    331.579322
766  3:60721400:T:G    806.905510
767  3:60722025:A:G    253.572657
768  3:60723525:C:T     98.799623
769  3:60723910:C:T    551.615173
770  3:60724584:C:G    256.745786
771  3:60724871:T:A    433.611491
772  3:60726641:G:A    117.714793
773  3:60727005:C:T     91.850480
774  3:60727499:G:T    796.946304
775  3:60728067:T:C    570.172302
776  3:60728223:T:C     86.452986
777  3:60729115:C:T    528.254844
778  3:60731999:C:A    840.343438
779  3:60732105:A:G    389.751750
780  3:60733409:C:T    215.359363
781  3:60734053:T:C     59.678296
782  3:60735812:G:T    108.527387
783  3:60737133:G:A    390.474303
784  3:60737211:G:A    136.746902
785  3:60739923:G:T    842.886098
786  3:60740480:T:C    729.733488
787  3:60741217:T:C    417.196715
788  3:60742031:G:A    133.954853
789  3:60744858:C:T    145.663706
790  3:60745635:T:C    452.647700
791  3:60745669:T:C    813.314360
792  3:60746277:A:G    189.585707
793  3:60747216:C:G    172.654756
794  3:60749233:G:T     61.242065
795  3:60750988:G:A    213.466947
796  3:60752004:T:C    713.112056
797  3:60753157:C:T    198.122370
798  3:60756357:C:G    419.792013
799  3:60757155:G:A     86.300559
800  3:60761312:C:A    261.114109
801  3:60761890:G:A    113.975061
802  3:60763597:T:C    344.697780
803  3:60766372:C:T    198.122370
804  3:60768379:G:A    142.135024
805  3:60770560:C:G    160.634806
806  3:60771676:T:C    724.231299
807  3:60776948:A:G    111.191952
808  3:60778809:C:T    359.423923
809  3:60779192:C:T    362.960099
810  3:60784223:G:T    159.695276
811  3:60784699:T:C    195.681740
812  3:60786213:G:A    176.772914
813  3:60788830:T:G    210.573573
814  3:60789602:C:T    111.191952
815  3:60792282:G:A    660.900466
816  3:60793217:C:T    108.390181
817  3:60794217:A:G    763.581012
818  3:60798356:T:C    202.764960
819  3:60799671:C:T    386.583912
820  3:60799938:G:A    195.404871
821  3:60805722:G:A    181.578676
822  3:60805790:A:G    119.025059
823  3:60806636:G:C     81.535308
824  3:60806710:G:A     48.068278
825  3:60806764:A:G    232.697097
826  3:60807922:T:C    228.338315
827  3:60808285:A:G    446.522208
828  3:60808405:C:T    729.408549
829  3:60809168:G:A     54.602164
830  3:60810115:G:C    215.967498
831  3:60810743:T:C     71.574393
832  3:60810792:C:T    585.090905
833  3:60811295:A:G    787.806576
834  3:60817015:G:T     70.986917
835  3:60821989:T:C    143.776159
836  3:60824093:G:A    224.302397
837  3:60827338:A:G    216.111122
838  3:60827480:A:G    341.773758
839  3:60829091:T:C    585.090905
840  3:60833504:T:A    143.073274
841  3:60833976:T:C     94.772103
842  3:60837251:A:G    643.645845
843  3:60837807:A:G    173.524176
844  3:60838493:T:C     70.953216
845  3:60840102:G:C    178.301437
846  3:60843586:G:T    124.693619
847  3:60843822:C:T     75.616997
848  3:60845443:C:T    136.136019
849  3:60845792:A:T     42.511370
850  3:60846110:C:G     73.973892
851  3:60847448:C:T     61.025997
852  3:60849789:T:G    173.918432
853  3:60851481:A:G    130.643819
854  3:60852560:T:C     72.212232
855  3:60855051:C:A    156.964279
856  3:60860868:T:C    366.956012
857  3:60868445:T:C    725.206790
858  3:60870393:A:G     61.025997
859  3:60871512:C:T    124.693619
860  3:60875101:C:A    146.907747
861  3:60878573:C:A     68.786758
862  3:60878803:C:T    184.710878
863  3:60880800:C:T    829.854013
864  3:60882287:T:C    280.641685
865  3:60882328:G:A    242.735867
866  3:60885140:A:G    858.891405
867  3:60889552:T:C     94.927432
868  3:60890193:C:T    242.473018
869  3:60892125:C:A    108.590599
870  3:60893406:C:A    185.406172
871  3:60893640:T:C     96.617010
872  3:60896668:T:C     59.678296
873  3:60897495:G:C    219.865725
874  3:60900774:G:A     68.786758
875  3:60901138:G:A     70.373364
876  3:60901690:A:C    749.509543
877  3:60907119:G:A     61.025997
878  3:60907960:C:T    260.247919
879  3:60909218:G:A     59.678296
880  3:60910720:A:G     37.190441
881  3:60911235:C:T    273.424732
882  3:60911793:T:C     68.786758
883  3:60912796:C:T    263.272702
884  3:60913604:G:A    182.083470
885  3:60919689:G:C    197.978553
886  3:60921746:T:C    368.653827
887  3:60923729:A:C    119.670677
888  3:60924716:T:C     92.908138
889  3:60927833:T:A    212.396590
890  3:60928797:G:A     61.025997
891  3:60928922:T:C    690.994501
892  3:60930937:T:A    219.865725
893  3:60931495:C:A    515.183438
894  3:60933720:C:A    789.981232
895  3:60933886:A:G    458.608249
896  3:60934970:T:C    461.906529
897  3:60937562:G:T     89.420756
898  3:60937790:C:T     68.101808
899  3:60938606:A:G      3.236195
900  3:60939763:T:C    699.196525
901  3:60940760:C:T    144.078384
902  3:60942971:G:A    227.350836
903  3:60942983:C:G    682.453348
904  3:60944975:A:T    814.302912
905  3:60945114:A:G     62.271417
906  3:60946300:T:C    155.630670
907  3:60947553:C:A     99.186207
908  3:60947750:A:G     61.025997
909  3:60948315:T:C    160.390841
910  3:60949449:T:C    274.061756
911  3:60949804:A:T    217.653079
912  3:60951733:C:T    182.275075
913  3:60963455:A:C    686.430080
914  3:60964360:A:T    107.694048
915  3:60966002:A:T    183.917959
916  3:60966386:A:G    780.385934
917  3:60969373:G:A    719.588479
918  3:60970386:A:G    394.728398
919  3:60970794:T:A    103.150550
920  3:60972545:T:A    144.898064
921  3:60977101:C:T    217.505629
922  3:60977150:C:G    782.121783
923  3:60977231:G:C    113.275237
924  3:60977306:T:C    436.712487
925  3:60977414:T:C    300.408690
926  3:60978760:T:C     57.135878
927  3:60979755:C:T    212.174503
928  3:60980301:T:C    102.697297
929  3:60980970:G:C    670.222526
930  3:60983267:T:C    788.065475
931  3:60991751:A:T    202.309048
932  3:60992233:A:G    128.741546
933  3:60992523:A:C    226.144010
934  3:60995581:G:T    126.180008
935  3:60997172:T:C     48.068278
936  3:60998494:T:A    115.509412
937  3:60998495:A:T    653.417040
938  3:61001158:T:G    108.352123
939  3:61004224:G:A    187.222470
940  3:61004646:G:A    161.620184
941  3:61005736:G:A    147.208408
942  3:61006440:T:C     35.298192
943  3:61006739:A:C    143.979718
944  3:61007047:G:A    810.600240
945  3:61007320:T:G     48.068278
946  3:61008667:C:T    185.563736
947  3:61008979:A:G    151.605810
948  3:61010230:C:T     58.414856
949  3:61012867:T:C    594.696728
950  3:61013577:T:C    133.693181
951  3:61015275:T:C    130.553428
952  3:61016039:G:A    850.538565
953  3:61016953:A:G    176.757486
954  3:61022160:G:A    109.456706
955  3:61023120:G:C    766.962826
956  3:61025022:C:T    208.965470
957  3:61025672:G:C    162.197859
958  3:61031429:A:C     76.662860
959  3:61031794:C:G     97.266965
960  3:61033663:C:T    255.009912
961  3:61033782:C:A    203.624086
962  3:61034947:T:C     71.902291
963  3:61037622:T:C    189.917834
964  3:61038655:T:A    766.962826
965  3:61039794:A:C    446.941288
966  3:61039818:T:A    334.936879
967  3:61040359:C:A    288.594505
968  3:61040476:T:C    588.502581
969  3:61040525:T:C    564.456961
970  3:61040585:A:T    104.014613
971  3:61040671:C:T     86.377801
972  3:61040705:G:T    811.612488
973  3:61042288:T:C    284.313742
974  3:61044633:A:C    660.900466
975  3:61045260:G:A    151.834192
976  3:61050727:T:C      3.236195
977  3:61050784:C:G    256.488873
978  3:61051714:A:C    402.658644
979  3:61052288:A:G     51.145501
980  3:61052347:T:G    101.994909
981  3:61052918:C:A    280.110646
982  3:61053932:G:C     73.230292
983  3:61055711:T:C    332.096330
984  3:61058624:T:C    133.856799
985  3:61063238:C:G     42.511370
986  3:61063538:T:A    182.471701
987  3:61063868:A:G    270.342253
988  3:61064794:G:A    144.248062
989  3:61065343:G:A    117.455592
990  3:61066193:A:C    131.129286
991  3:61066866:G:A    105.082864
992  3:61070288:A:G    169.089468
993  3:61073893:T:G      3.236195
994  3:61074273:C:T    155.116693
995  3:61075340:G:A    140.383102
996  3:61077902:C:G     50.036336
997  3:61084405:A:C    747.403452
998  3:61086357:A:G     60.269732
999  3:61089906:C:T    302.004082
1000 3:61090054:G:A    155.291622
1001 3:61091020:G:C      3.236195
1002 3:61093771:A:G    110.297538
1003 3:61094157:G:C    404.737699
1004 3:61094760:T:G    475.020222
1005 3:61096839:T:G     97.030825
1006 3:61100049:T:C     42.511370
1007 3:61101402:T:C    357.145638
1008 3:61105571:T:C    215.162139
1009 3:61105576:C:T    124.554382
1010 3:61106265:A:C    195.900333
1011 3:61111946:T:C     78.016241
1012 3:61114190:C:T    191.676103
1013 3:61114547:A:G    153.900741
1014 3:61115823:G:C    721.375607
1015 3:61117276:G:A     95.442957
1016 3:61118252:T:A    185.761899
1017 3:61122197:T:C    375.449647
1018 3:61123402:A:C    530.417214
1019 3:61124057:A:T    521.365102
1020 3:61126890:C:T     79.193847
1021 3:61127679:T:C    235.142960
1022 3:61130525:G:A     74.950349
1023 3:61134331:T:C     72.035909
1024 3:61138931:T:C     69.032852
1025 3:61139748:A:G    677.849340
1026 3:61143981:G:A    129.107719
1027 3:61144664:T:C    296.759604
1028 3:61145609:C:A    104.657663
1029 3:61145800:A:G    582.442157
1030 3:61148029:A:G    328.937146
1031 3:61148409:T:G     87.082515
1032 3:61149585:T:A    110.282515
1033 3:61151456:T:C    274.125291
1034 3:61153885:A:G    657.339469
1035 3:61157537:T:G    103.209126
1036 3:61159086:T:C    251.538753
1037 3:61160290:G:C    438.597479
1038 3:61161270:T:C    308.918386
1039 3:61161295:C:T    186.016043
1040 3:61162057:C:T    686.415226
1041 3:61163777:G:A    172.262141
1042 3:61165924:C:T    677.849340
1043 3:61171228:T:A     75.292555
1044 3:61172224:C:T    242.410324
1045 3:61172833:A:T     87.082515
1046 3:61172891:G:A    224.807300
1047 3:61172952:A:C    195.850835
1048 3:61173437:G:C    701.420762
1049 3:61173529:T:C    130.700144
1050 3:61174829:C:A     80.614683
1051 3:61176314:A:C     76.960756
1052 3:61176721:A:G    650.574321
1053 3:61177609:A:G    308.918386
1054 3:61184059:C:T     79.624283
1055 3:61185752:C:T    161.306418
1056 3:61185972:T:A    331.191463
1057 3:61186786:A:G     84.655476
1058 3:61186810:C:T    718.956382
1059 3:61187274:T:A    402.383094
1060 3:61187776:A:T    121.380981
1061 3:61188227:G:C    172.262141
1062 3:61189974:T:A      3.236195
1063 3:61190420:A:G    353.600179
1064 3:61192380:A:G    120.050183
1065 3:61192580:A:T    159.294236
1066 3:61192920:T:C    113.830256
1067 3:61193751:A:G    292.739012
1068 3:61196501:T:C    301.130481
1069 3:61196876:A:G     87.082515
1070 3:61196910:T:G    712.469700
1071 3:61197585:C:A    677.849340
1072 3:61198653:C:T    193.132498
1073 3:61199393:C:T    180.192963
1074 3:61199443:G:C    150.424657
1075 3:61199543:A:G    137.632480
1076 3:61201613:C:G    727.908353
1077 3:61203724:T:C    130.584860
1078 3:61204234:G:A    197.488592
1079 3:61204825:C:A    331.191463
1080 3:61211219:A:G     83.578674
1081 3:61217513:C:T     87.082515
1082 3:61217620:T:C    159.078709
1083 3:61218274:A:T    675.556194
1084 3:61218652:A:G    348.634527
1085 3:61219862:T:C    330.243131
1086 3:61221593:C:T    108.575929
1087 3:61221839:A:T    396.855433
1088 3:61225849:T:C    739.862814
1089 3:61227131:G:A    118.383498
1090 3:61227768:G:A    189.523563
1091 3:61227781:T:C    225.202329
1092 3:61227856:A:T     75.292555
1093 3:61230480:G:C    223.227740
1094 3:61233908:A:T    381.016967

{"project":"masters","channel":"laplacian","event":"Laplacian Construction is complete","description":"Genes 6-6","icon":"🔥","notify":true,"parser":"text"}