[1] "No duplicate edges found. Skipping simplify()."
$graphxx
   gene   density    mean_dist transitivity edge_dens vertex_con edge_con
1 PTPRD 0.4387984 2.511966e-06     0.486601 0.4387984        114      114

$snpsbetw_centrDF
                SNP snpbetw_centr
1    9:10000506:C:A    603.582183
2    9:10004639:C:T     95.974627
3    9:10006316:C:G    387.267292
4    9:10006526:G:C    486.130205
5    9:10007126:T:G    407.468358
6    9:10007472:G:C   1217.091930
7    9:10007795:A:G   1411.882517
8    9:10007970:G:C    232.284100
9    9:10010048:G:A    232.274793
10   9:10010764:A:G    655.458424
11   9:10011536:T:C    209.700287
12   9:10013742:G:A    379.642307
13   9:10013792:T:C    706.390769
14   9:10014059:A:T    387.267292
15   9:10015621:T:C    132.552278
16   9:10017750:A:G    407.468358
17   9:10018121:A:G    454.130920
18   9:10018203:G:C   1060.408518
19   9:10018927:G:A    265.688541
20   9:10018959:G:T    292.128661
21   9:10019937:T:C   1292.261055
22   9:10020640:C:G     86.812905
23   9:10020656:C:G    354.786727
24   9:10021396:G:T    849.210465
25   9:10021398:A:T    806.521845
26   9:10022174:C:T    315.969467
27   9:10022508:A:C    153.076830
28   9:10024528:C:T   1411.882517
29   9:10025036:G:A    245.023360
30   9:10026194:C:T    202.541942
31   9:10027535:T:C    216.939552
32   9:10027711:T:C   1401.668540
33   9:10031273:G:A    454.583945
34   9:10031979:A:C    153.076830
35   9:10033310:G:T    403.892911
36   9:10038023:G:A     72.876515
37   9:10038041:T:G   1331.608448
38   9:10039984:T:A    235.763612
39   9:10040681:C:A    277.423915
40   9:10041599:T:C      6.631021
41   9:10043190:T:C    160.583293
42   9:10046041:T:C    235.065099
43   9:10049541:G:C    185.258758
44   9:10051451:C:A   1453.409574
45   9:10051899:C:T    170.407365
46   9:10054257:T:C    956.674048
47   9:10054591:G:A    555.846833
48   9:10055183:C:T    193.056594
49   9:10057687:C:T    101.062578
50   9:10057920:T:C    469.688587
51   9:10061004:T:C   1182.632738
52   9:10061349:C:G    176.297177
53   9:10064112:C:T    122.867673
54   9:10065615:T:A    310.660377
55   9:10066372:T:C    178.897515
56   9:10066580:C:T    125.247030
57   9:10069331:C:G    528.573442
58   9:10072647:G:A   1369.659378
59   9:10072658:C:T     72.876515
60   9:10073513:T:C    480.286591
61   9:10075485:A:G    390.708886
62   9:10075983:G:A    251.181595
63   9:10077403:G:A    139.445294
64   9:10078235:G:A    178.897515
65   9:10080549:C:T    118.985027
66   9:10081176:A:G    352.911510
67   9:10085252:G:A    221.279732
68   9:10085561:A:G    213.143142
69   9:10085822:T:C    387.931359
70   9:10089647:C:T   1454.920757
71   9:10089799:C:G    654.252134
72   9:10092658:C:T    479.903379
73   9:10095897:C:T    331.697247
74   9:10097696:T:G    527.135557
75   9:10098054:T:C    236.853443
76   9:10098434:G:A   1492.560701
77   9:10099782:T:A    305.852512
78   9:10102424:C:T    230.384767
79   9:10102825:A:T    289.404382
80   9:10102903:T:C   1460.266997
81   9:10102991:G:A    169.314156
82   9:10103172:A:C    527.135557
83   9:10104705:C:T   1014.728339
84   9:10108356:G:T    187.794271
85   9:10109957:T:C    217.810391
86   9:10110557:A:G    353.559888
87   9:10111189:G:A    204.442752
88   9:10113900:G:A   1363.112800
89   9:10114076:C:G    282.785300
90   9:10117294:T:C    238.650026
91   9:10117324:A:G    313.956904
92   9:10117331:T:A    221.279732
93   9:10122201:G:A    180.401808
94   9:10122699:G:C    405.827506
95   9:10124132:C:T    118.985027
96   9:10124571:T:A    779.369334
97   9:10127598:A:T    162.974279
98   9:10128068:A:G   1340.163898
99   9:10129574:A:G    259.135530
100  9:10130422:C:G    124.931280
101  9:10131700:C:T    248.185243
102  9:10133214:A:G    663.197535
103  9:10133307:T:G    171.234133
104  9:10135659:C:A    274.634430
105  9:10136920:C:T    547.028254
106  9:10137877:T:G   1318.574585
107  9:10138363:A:G   1375.807066
108  9:10138910:A:C    103.707171
109  9:10139905:C:T    255.621651
110  9:10140131:A:T    284.529662
111  9:10142416:A:G    304.351487
112  9:10142504:T:G    660.380099
113  9:10142826:G:C    369.127418
114  9:10143073:A:G    186.602997
115  9:10144773:A:G    101.062578
116  9:10145638:C:G    862.650245
117  9:10145779:T:G   1458.478038
118  9:10146767:T:C    628.033791
119  9:10147116:G:A    783.154726
120  9:10148473:T:C    215.778998
121  9:10148511:T:C    133.895940
122  9:10149754:G:A    168.391881
123  9:10150140:C:T    154.869068
124  9:10150574:T:C    364.391037
125  9:10151025:G:A    929.162283
126  9:10154667:T:C    331.281934
127  9:10154796:A:G    208.827040
128  9:10160454:C:T    186.602997
129  9:10162161:A:T    722.907371
130  9:10162262:C:G    601.878863
131  9:10162421:T:C   1283.502117
132  9:10162776:G:A    282.855829
133  9:10164770:C:T    123.910524
134  9:10166780:C:T    160.139454
135  9:10167512:A:G   1382.514791
136  9:10168979:G:A    277.614103
137  9:10169642:A:G    351.293052
138  9:10171629:A:C    267.854941
139  9:10172120:G:A    182.366487
140  9:10172796:A:C    182.446145
141  9:10175158:T:A    132.664770
142  9:10176877:T:C    343.961164
143  9:10176939:T:C    394.843610
144  9:10184340:A:C    452.944582
145  9:10185596:C:T   1266.575348
146  9:10187571:C:G    239.465875
147  9:10188496:T:A   1413.284306
148  9:10188600:G:A    452.012954
149  9:10189333:G:C   1039.268860
150  9:10190065:G:T    358.763607
151  9:10190367:G:A    861.160729
152  9:10190798:A:G    160.279264
153  9:10196354:A:G    264.330808
154  9:10201350:A:G    197.862785
155  9:10202314:C:G    414.233896
156  9:10205088:T:C    669.692279
157  9:10206805:G:C    389.990393
158  9:10208460:A:G    328.281752
159  9:10209417:G:A    175.024504
160  9:10210501:G:T    857.555496
161  9:10211306:T:C    127.898348
162  9:10211323:G:A    160.140694
163  9:10216328:A:G    374.910087
164  9:10217731:A:G    557.617214
165  9:10217763:T:C    266.031828
166  9:10219143:C:T    349.403146
167  9:10221657:T:G    124.121895
168  9:10225212:G:A    727.180918
169  9:10229246:T:G    196.918787
170  9:10232474:G:A     79.948563
171  9:10233023:C:T    312.868195
172  9:10234967:C:A    195.215524
173  9:10235458:T:G   1348.507771
174  9:10236442:C:T    197.583911
175  9:10236598:A:G    317.786745
176  9:10236629:A:G    436.113578
177  9:10239062:G:C    268.978221
178  9:10239121:T:C    826.333945
179  9:10240296:A:C    726.949825
180  9:10240538:C:T    212.370578
181  9:10241105:C:T    161.032139
182  9:10241366:C:T    140.891012
183  9:10242672:G:C    117.882450
184  9:10243888:A:G    553.828761
185  9:10245260:T:C    405.581319
186  9:10245758:C:T    175.024504
187  9:10248380:T:G    225.949717
188  9:10249526:A:G    216.145388
189  9:10251323:G:A   1265.310484
190  9:10251460:G:T    375.237493
191  9:10252671:T:A    210.769810
192  9:10254216:T:A    192.358050
193  9:10255221:C:A    140.891012
194  9:10257609:A:G    482.532794
195  9:10257826:T:C   1228.724480
196  9:10258684:T:A    125.202736
197  9:10259150:G:A    178.854350
198  9:10261340:G:A    435.224442
199  9:10261752:T:G    140.891012
200  9:10263181:A:G    817.661021
201  9:10263288:A:G    275.249548
202  9:10265725:G:A   1392.538655
203  9:10265893:A:G    183.750062
204  9:10266719:A:G    390.562303
205  9:10266820:T:C    236.090228
206  9:10267101:G:C    332.177879
207  9:10267283:T:G    251.378372
208  9:10268349:G:A    173.159569
209  9:10270293:T:C    286.148886
210  9:10271967:A:C    252.623530
211  9:10272669:C:G    707.065679
212  9:10273227:G:C    577.326247
213  9:10275798:A:G    541.172478
214  9:10275857:G:A   1310.724648
215  9:10276412:A:C    173.159569
216  9:10276812:G:A    583.021043
217  9:10277114:T:C    344.707609
218  9:10277548:A:G    283.510102
219  9:10278663:A:T    799.345585
220  9:10278722:A:G   1132.583663
221  9:10278833:A:G   1086.503753
222  9:10278837:C:T    140.891012
223  9:10278991:A:G    226.394959
224  9:10279005:G:A    264.560766
225  9:10279064:G:A    312.603848
226  9:10279606:C:A   1304.012005
227  9:10280820:G:T     81.571307
228  9:10283004:C:A    131.860886
229  9:10283245:T:C    487.304503
230  9:10283267:T:C    130.166451
231  9:10286720:T:A    258.483284
232  9:10286986:G:A   1240.357853
233  9:10291639:G:A    151.548601
234  9:10291726:T:C    337.015760
235  9:10292529:A:T    303.002663
236  9:10292859:A:C    249.174738
237  9:10295713:A:G    520.856635
238  9:10295869:C:A   1161.799253
239  9:10297021:T:C    158.157345
240  9:10297335:C:T    250.457167
241  9:10299448:T:A    720.977343
242  9:10299800:C:T    140.891012
243  9:10303324:G:A    131.860886
244  9:10305622:C:G   1415.843114
245  9:10306516:G:C    460.107739
246  9:10308024:A:G    762.624493
247  9:10312558:T:C    262.452923
248  9:10317229:T:C    117.763206
249  9:10318435:T:C    674.629297
250  9:10318463:C:A    124.547996
251  9:10320595:T:C    148.159728
252  9:10320767:C:G    627.522368
253  9:10321208:G:A    140.891012
254  9:10321993:A:G    255.125330
255  9:10323316:C:G    266.180874
256  9:10324516:G:A    429.210779
257  9:10325666:A:C    560.120508
258  9:10327636:T:C    183.265826
259  9:10329759:A:C    161.224837
260  9:10330776:T:G     90.484573
261  9:10331258:T:C    206.018582
262  9:10331743:G:T    485.320894
263  9:10337633:A:T    255.125330
264  9:10338061:A:G    197.797461
265  9:10338110:G:T    180.356040
266  9:10339476:G:A    320.354987
267  9:10343180:A:C    458.140461
268  9:10343328:T:C    217.097828
269  9:10343890:G:A    203.899828
270  9:10344866:C:T    186.668561
271  9:10345173:A:T    161.224837
272  9:10347554:G:A    487.424599
273  9:10350004:C:G    276.875758
274  9:10350816:C:G    243.359622
275  9:10352232:T:A    480.224947
276  9:10356340:T:C    641.266265
277  9:10358103:A:G    174.095383
278  9:10358286:G:C   1312.071445
279  9:10358854:T:C    244.310180
280  9:10360223:C:G    855.921193
281  9:10360963:G:A    318.412760
282  9:10361002:T:C    591.553352
283  9:10361025:A:C    122.296432
284  9:10361049:C:A    314.792419
285  9:10361118:T:C    151.070844
286  9:10361153:A:C   1092.071623
287  9:10361278:A:G    456.125880
288  9:10364431:T:G    137.410305
289  9:10364894:C:T    563.006144
290  9:10366296:T:A    226.639551
291  9:10368670:C:T    532.160570
292  9:10369161:T:C    991.837397
293  9:10369368:A:T   1465.161350
294  9:10369406:G:A    210.828476
295  9:10369673:C:T    327.396276
296  9:10372964:C:G    263.813001
297  9:10373873:T:C    220.540678
298  9:10377082:T:C    252.100532
299  9:10379849:G:A     85.727625
300  9:10380098:T:C    260.627665
301  9:10382986:G:A    446.494941
302  9:10384714:A:G    738.506999
303  9:10385360:G:T    193.964891
304  9:10386641:A:C    363.902374
305  9:10388924:G:A    235.816105
306  9:10390259:G:A    606.937960
307  9:10390491:G:C   1000.437563
308  9:10393866:G:A   1465.971916
309  9:10394299:A:G    700.049221
310  9:10394931:A:C    135.820254
311  9:10396754:G:T    244.761662
312  9:10396915:A:T    589.828306
313  9:10404856:T:C    640.785927
314  9:10405040:C:G    623.871782
315  9:10406914:C:A   1456.525046
316  9:10407860:T:A    544.343930
317  9:10411963:A:G    198.250595
318  9:10414138:C:T    723.419132
319  9:10415539:T:C    211.986375
320  9:10416215:A:C   1526.045949
321  9:10416862:A:G    410.408766
322  9:10420736:T:G    166.971013
323  9:10422999:T:G    178.194108
324  9:10424648:C:T    520.183218
325  9:10424780:G:A    445.628809
326  9:10425290:A:G    207.617081
327  9:10429593:G:A    132.330925
328  9:10435336:C:T    164.144943
329  9:10436565:C:T    371.505502
330  9:10436874:G:T    235.816105
331  9:10438175:T:C    584.035198
332  9:10438395:C:G   1363.533339
333  9:10439392:A:G    184.961458
334  9:10441036:T:G    221.345170
335  9:10448624:C:T   1240.493607
336  9:10448782:C:G    321.696471
337  9:10451558:G:A    501.921373
338  9:10451841:C:T    343.839250
339  9:10455841:A:T    329.350294
340  9:10458822:T:C    757.388096
341  9:10462626:G:A    104.378822
342  9:10463662:T:C    250.475674
343  9:10463726:C:T    712.164387
344  9:10464917:A:C    470.920190
345  9:10465175:T:C   1373.728716
346  9:10465740:G:T    264.568987
347  9:10465773:T:C   1223.575097
348  9:10466394:C:T   1510.253395
349  9:10466648:A:G    286.259579
350  9:10467820:T:A    284.845820
351  9:10468791:C:T    526.517534
352  9:10470677:T:G    116.436347
353  9:10474138:T:C    660.633623
354  9:10476858:C:T    204.920813
355  9:10479816:A:G   1372.136679
356  9:10480109:G:C    106.699845
357  9:10481546:T:A   1554.746510
358  9:10481852:T:G   1411.882517
359  9:10482097:C:T    218.205665
360  9:10482167:T:C    892.651880
361  9:10482175:G:T    859.081386
362  9:10482188:A:G   1395.883546
363  9:10482199:A:G    441.598250
364  9:10482220:A:C   1442.997726
365  9:10482243:T:C   1424.913029
366  9:10482288:A:G   1392.305096
367  9:10482302:T:C    214.529625
368  9:10482325:G:T    506.858812
369  9:10482406:C:A   1507.497936
370  9:10482778:G:A   1264.537469
371  9:10483519:A:G    156.360962
372  9:10484424:C:T      6.631021
373  9:10484731:T:C   1411.882517
374  9:10485246:T:C    253.943369
375  9:10486731:T:C    226.145998
376  9:10486854:T:G    960.713538
377  9:10487110:G:A    448.875299
378  9:10487610:C:T    303.738735
379  9:10490318:C:T   1231.136321
380  9:10491240:C:T    506.654085
381  9:10492173:A:G   1495.998620
382  9:10492472:A:G    296.071286
383  9:10496382:A:C    112.079329
384  9:10498800:G:A   1277.732548
385  9:10499452:C:A    141.519015
386  9:10499461:C:T    253.943369
387  9:10501110:T:C   1411.882517
388  9:10501142:T:C   1417.906658
389  9:10503904:C:T    203.481188
390  9:10504304:C:T   1735.932797
391  9:10505225:T:G    887.535029
392  9:10506552:T:A    401.662514
393  9:10508496:C:T    384.222113
394  9:10510683:T:C    762.311142
395  9:10513170:G:A    318.818713
396  9:10514231:A:C    204.590667
397  9:10514277:A:C   1471.619356
398  9:10517009:C:T    290.465546
399  9:10517964:T:C    274.754272
400  9:10518682:G:A     87.500693
401  9:10518723:A:G    525.916548
402  9:10518730:T:C    352.414440
403  9:10518753:T:C    210.584592
404  9:10518783:T:C    671.467403
405  9:10521411:G:T   1498.768503
406  9:10521809:T:C    187.332499
407  9:10522113:C:T    419.603944
408  9:10526543:A:C    328.468795
409  9:10527150:C:T    264.428194
410  9:10530597:G:A   1195.872726
411  9:10531015:T:C    309.073018
412  9:10532167:T:C    322.056982
413  9:10532451:A:T    168.539572
414  9:10534785:C:A    627.745097
415  9:10535959:C:A    884.257996
416  9:10536672:G:A    274.269044
417  9:10537418:T:G   1406.674666
418  9:10538480:T:C    424.903235
419  9:10539388:T:C    236.743076
420  9:10540608:G:A    174.818320
421  9:10543759:C:T    253.005603
422  9:10545091:A:C    317.755927
423  9:10545528:G:C    485.073369
424  9:10546779:T:G   1364.955534
425  9:10547481:T:C    787.421583
426  9:10550228:G:A    200.037971
427  9:10550838:C:T    167.305346
428  9:10555383:A:G    694.534547
429  9:10555561:C:T   1313.231466
430  9:10556100:T:C    304.913166
431  9:10556847:G:C    404.355127
432  9:10557582:T:C    277.136787
433  9:10559797:C:G    896.120320
434  9:10559859:A:T    236.743076
435  9:10564313:C:G    147.890845
436  9:10566510:C:G    330.677002
437  9:10569351:C:A   1269.241799
438  9:10570369:A:C    204.197865
439  9:10575051:T:G    198.005554
440  9:10575273:A:C   1357.196420
441  9:10575700:T:C    258.637535
442  9:10576993:T:G    301.375451
443  9:10579494:A:G    307.586082
444  9:10581178:C:A    356.834809
445  9:10581604:T:C     99.456699
446  9:10582950:G:T     59.681205
447  9:10583397:T:C    618.098692
448  9:10583995:T:A    279.694216
449  9:10584035:G:C    253.005603
450  9:10588596:A:G   1515.118660
451  9:10589000:C:T      6.631021
452  9:10590480:T:C   1488.257472
453  9:10592223:A:T    253.005603
454  9:10593877:A:G    108.407281
455  9:10595341:T:C    420.226867
456  9:10595631:T:A    124.698205
457  9:10597372:A:C    355.438608
458  9:10597432:G:A    360.327499
459  9:10599097:A:T    250.069782
460  9:10599656:A:C    279.694216
461  9:10601597:A:G   1523.698696
462  9:10601754:C:T    597.683431
463  9:10601936:T:C    303.199460
464  9:10601978:C:A    813.438204
465  9:10602274:A:G    924.442637
466  9:10602404:T:G     96.010583
467  9:10603514:T:C     59.681205
468  9:10607960:G:T    502.386895
469  9:10607971:G:A    253.005603
470  9:10610369:C:A    277.840644
471  9:10610873:C:G   1391.324761
472  9:10611282:T:C   1423.444416
473  9:10611488:C:T    813.438204
474  9:10611781:T:A   1085.074125
475  9:10611985:G:A    762.132498
476  9:10612178:T:A   1422.124044
477  9:10612930:G:C   1001.248862
478   9:8316973:A:G   1063.244342
479   9:8318948:G:A   1397.883666
480   9:8318974:A:G    327.338729
481   9:8319168:T:C    222.472250
482   9:8321930:C:G    263.387674
483   9:8322123:G:A    472.348083
484   9:8323668:A:G    401.922556
485   9:8324927:C:T    675.597845
486   9:8325712:G:A   1020.331993
487   9:8326429:C:T    210.965888
488   9:8327513:G:C    174.258910
489   9:8327946:G:T    177.921612
490   9:8328317:C:G    180.238404
491   9:8328451:T:C    263.387674
492   9:8329628:G:A    240.755758
493   9:8330987:G:C    639.357514
494   9:8331172:T:C    291.719157
495   9:8332656:C:G    204.749933
496   9:8333224:A:C    179.372189
497   9:8335702:T:G   1371.799957
498   9:8335730:A:G    101.894131
499   9:8336212:T:G   1375.160249
500   9:8336755:A:C    166.571839
501   9:8337489:T:C    210.965888
502   9:8338150:G:A     89.242917
503   9:8339606:C:A   1152.335693
504   9:8340651:C:T    512.726615
505   9:8342592:G:A   1232.439198
506   9:8344572:C:G    263.387674
507   9:8345209:T:C    252.562548
508   9:8345505:A:T    658.717181
509   9:8348040:T:C   1411.882517
510   9:8348354:C:T    968.778398
511   9:8350120:A:C    678.065607
512   9:8352046:C:T   1500.156821
513   9:8352407:A:C    316.518980
514   9:8355558:C:A    304.984372
515   9:8357751:G:C    311.611930
516   9:8359064:C:T   1411.882517
517   9:8360829:C:A    115.204514
518   9:8361501:T:C    663.744817
519   9:8363354:C:T    437.484340
520   9:8363495:T:C    706.463259
521   9:8365756:C:T    215.502127
522   9:8367678:C:T    209.690386
523   9:8368253:C:T    860.527947
524   9:8368408:G:A   1472.274375
525   9:8368980:C:T    881.889794
526   9:8369019:G:A    229.418985
527   9:8370338:A:G    775.056381
528   9:8371294:A:G    409.070871
529   9:8371523:T:G    651.074864
530   9:8371729:A:T   1411.882517
531   9:8372394:T:C    316.518980
532   9:8374969:T:G    655.406692
533   9:8375333:G:A   1327.131287
534   9:8375360:G:C   1090.583365
535   9:8375577:C:G    131.285170
536   9:8375783:T:C    285.908195
537   9:8376477:C:T   1354.996309
538   9:8376899:T:C   1266.778202
539   9:8380543:G:A    409.213478
540   9:8380800:C:T    734.233386
541   9:8385232:A:G    431.935069
542   9:8385680:T:C    225.687629
543   9:8385969:T:C   1534.745306
544   9:8386260:C:A      6.631021
545   9:8389967:T:C    574.076604
546   9:8391705:A:G    120.947585
547   9:8393944:G:A   1150.304965
548   9:8394938:C:G   1554.401185
549   9:8395088:A:T    292.260242
550   9:8399043:T:C    943.837529
551   9:8400643:T:G    134.616735
552   9:8401021:C:G    323.981351
553   9:8403240:C:A    758.154800
554   9:8403747:T:C    409.213478
555   9:8405139:C:G   1366.359178
556   9:8405565:A:G    195.914806
557   9:8408346:T:C    728.346820
558   9:8408488:T:C    307.040176
559   9:8408624:G:A    108.657121
560   9:8411364:C:T    177.876078
561   9:8415071:G:A    994.147951
562   9:8415317:T:C    440.325826
563   9:8416566:G:A    298.255117
564   9:8418413:T:C    943.837529
565   9:8418429:C:T    386.807030
566   9:8419181:A:C   1366.359178
567   9:8421355:C:T    180.367927
568   9:8423860:G:A   1172.393535
569   9:8423958:C:G   1488.523508
570   9:8424260:T:C    976.460001
571   9:8427059:C:T    393.581639
572   9:8427156:C:T    423.966411
573   9:8427516:C:G   1300.796175
574   9:8427680:G:T    240.353841
575   9:8428569:A:T    608.673324
576   9:8428856:A:G   1448.675504
577   9:8429048:G:A    688.739958
578   9:8429758:C:T    298.255117
579   9:8430386:T:C    449.033071
580   9:8431240:C:T      6.631021
581   9:8432417:C:G    474.458205
582   9:8433844:G:A   1172.393535
583   9:8435594:T:G    146.028666
584   9:8435887:T:C    718.068474
585   9:8439208:T:C     74.452407
586   9:8440038:C:T    435.302065
587   9:8442586:A:G    257.541754
588   9:8444605:G:A    127.180460
589   9:8445288:T:C   1403.385630
590   9:8445690:G:C    439.089185
591   9:8447223:A:G    752.172117
592   9:8448338:T:C    964.809701
593   9:8448426:T:C    422.351182
594   9:8448627:A:T    467.631256
595   9:8453315:C:T    977.644996
596   9:8453770:T:G    305.203870
597   9:8453781:C:T   1455.639171
598   9:8455964:T:C    151.879315
599   9:8456020:T:C   1219.691369
600   9:8456037:C:G    419.055289
601   9:8456135:T:C   1028.566794
602   9:8458159:A:G    417.721328
603   9:8458230:A:G    470.924408
604   9:8458271:G:A   1241.094833
605   9:8460065:C:T    347.627551
606   9:8460149:G:A     88.942632
607   9:8461268:A:G    345.277814
608   9:8462285:T:G    288.630270
609   9:8471481:A:G   1144.030475
610   9:8472092:A:C    155.473518
611   9:8472309:A:G    783.848363
612   9:8473310:C:T     94.137117
613   9:8473713:C:T    194.297632
614   9:8476202:G:T    354.443682
615   9:8476459:T:C    540.927090
616   9:8476507:C:G    322.811213
617   9:8478115:T:C   1435.582907
618   9:8478627:G:C    258.592104
619   9:8480144:T:C   1036.348431
620   9:8482843:T:C     63.260343
621   9:8485787:C:G     70.257782
622   9:8488526:A:C   1411.882517
623   9:8488536:C:A    270.061405
624   9:8493736:G:A    148.959377
625   9:8494112:A:T    333.248435
626   9:8497250:T:C    279.258495
627   9:8498918:G:T    194.297632
628   9:8499309:T:C    347.613151
629   9:8501676:A:G    405.981678
630   9:8502168:T:C     91.407949
631   9:8502596:A:G    864.495356
632   9:8506459:C:G    221.138600
633   9:8507780:C:T    274.129924
634   9:8515831:G:A    279.258495
635   9:8519510:T:C    488.722281
636   9:8520995:G:C   1241.046579
637   9:8522617:A:G    207.450472
638   9:8524448:T:C   1454.463144
639   9:8525870:G:A    187.552934
640   9:8528089:G:A   1128.978029
641   9:8534328:T:C    244.181458
642   9:8535385:C:T    142.042578
643   9:8539690:G:A    198.426023
644   9:8539749:G:A    948.489219
645   9:8548333:G:A    215.821703
646   9:8550906:C:T    495.130797
647   9:8551381:T:C   1256.328816
648   9:8551554:G:C    656.980620
649   9:8551601:T:C    193.717518
650   9:8551896:A:G    311.506520
651   9:8551935:G:A   1347.562767
652   9:8554941:T:C    318.721732
653   9:8555553:G:A    168.492655
654   9:8557158:C:T    220.263315
655   9:8557483:C:T    509.120337
656   9:8560363:G:A    130.038283
657   9:8562334:A:C   1338.763984
658   9:8562397:G:A    378.073710
659   9:8565147:C:T    423.641492
660   9:8565148:G:A    392.989665
661   9:8567838:A:G     72.210350
662   9:8567987:A:G    218.127353
663   9:8571121:T:C    310.466012
664   9:8571607:A:T    231.144497
665   9:8577268:T:C    493.858141
666   9:8578230:G:C    136.950661
667   9:8581105:T:G    359.851252
668   9:8581617:A:G   1359.184895
669   9:8582814:A:G    218.127353
670   9:8584465:A:G     86.722408
671   9:8585116:T:C    224.406110
672   9:8589809:C:G    377.386733
673   9:8590026:C:T   1366.359178
674   9:8592420:T:G    287.567138
675   9:8595338:A:G   1005.581654
676   9:8596161:A:G    389.588838
677   9:8596584:C:T    143.409932
678   9:8597035:T:C    190.584524
679   9:8597410:T:A   1428.642947
680   9:8598040:A:C     86.722408
681   9:8598348:T:G    883.695066
682   9:8600484:C:T    312.725452
683   9:8601507:A:T    484.594845
684   9:8602246:A:C    226.779616
685   9:8602747:T:C    398.398036
686   9:8603874:A:C    312.949710
687   9:8606881:G:C    168.167723
688   9:8608108:A:G    182.837055
689   9:8610748:C:A    234.915605
690   9:8616335:A:T    654.559807
691   9:8616512:G:C    164.062595
692   9:8618080:C:T     63.260343
693   9:8618226:G:T    309.456307
694   9:8618281:C:T    142.062248
695   9:8619145:T:C   1106.998746
696   9:8619575:C:T    152.477716
697   9:8619974:C:T    193.927730
698   9:8620382:T:C   1420.707911
699   9:8620964:T:A   1145.048947
700   9:8628606:T:C    174.796222
701   9:8629499:T:C    190.860645
702   9:8629920:G:C    202.554766
703   9:8630181:C:T    164.062595
704   9:8633872:A:G    835.407884
705   9:8635113:A:G    200.147853
706   9:8638571:T:C    312.488143
707   9:8641763:C:T    130.038283
708   9:8642386:G:T    331.683292
709   9:8643154:G:C     63.260343
710   9:8643247:A:G    164.062595
711   9:8650042:C:T    506.271228
712   9:8650043:G:A    231.540118
713   9:8650543:A:G    241.754836
714   9:8650656:T:G    819.662231
715   9:8651190:G:C    130.038283
716   9:8659686:T:C    268.668080
717   9:8663395:A:T    594.201316
718   9:8665852:T:G    164.062595
719   9:8666027:C:T    248.524003
720   9:8668792:A:C    324.480691
721   9:8669273:C:T   1369.719439
722   9:8670376:G:C    202.554766
723   9:8672042:A:G    541.149278
724   9:8672995:T:C    404.484127
725   9:8673225:C:T    137.407585
726   9:8675050:G:A    200.147853
727   9:8675128:G:A    102.653076
728   9:8675954:G:A     93.431708
729   9:8681940:T:C    251.163716
730   9:8683334:T:G    204.478393
731   9:8684223:T:C    361.785801
732   9:8685405:G:A    152.013400
733   9:8688337:C:T    577.664746
734   9:8688373:T:C    291.130873
735   9:8688631:G:A    393.284580
736   9:8688640:G:T   1194.678687
737   9:8688956:G:A    206.070109
738   9:8690290:G:C    271.216377
739   9:8693083:C:T    553.231967
740   9:8695013:G:A    242.116511
741   9:8695075:G:T    183.174297
742   9:8695485:G:A    247.088687
743   9:8696410:T:C    432.531544
744   9:8696954:T:A    205.587526
745   9:8699017:A:G    407.307471
746   9:8701058:C:T    784.500762
747   9:8701888:T:A    623.853669
748   9:8703413:C:T    242.031971
749   9:8704007:C:T    542.322221
750   9:8704942:T:A    932.707810
751   9:8704970:C:T    553.231967
752   9:8705334:C:G    259.055444
753   9:8707450:C:T    238.667913
754   9:8708864:G:C    800.263573
755   9:8709838:A:G    532.301615
756   9:8712498:G:C    164.062595
757   9:8713526:G:C    204.546085
758   9:8713910:C:A    436.206739
759   9:8713924:G:A    804.567798
760   9:8715037:A:G    370.544168
761   9:8715048:A:T    183.174297
762   9:8715464:C:T    152.013400
763   9:8716797:G:T    503.420040
764   9:8718572:T:C    628.831024
765   9:8718703:C:T    830.491350
766   9:8720393:T:C    565.899978
767   9:8720838:T:C     63.260343
768   9:8721355:A:G   1430.454017
769   9:8722672:T:C    286.407075
770   9:8723282:T:C    273.247961
771   9:8724447:C:A    122.019035
772   9:8725408:C:G    205.593961
773   9:8726622:T:C    218.406158
774   9:8726861:C:G    140.082319
775   9:8727174:C:T     86.867255
776   9:8727631:G:C    234.515624
777   9:8727885:A:C    420.227886
778   9:8730222:C:G    182.837055
779   9:8730601:C:A    192.579157
780   9:8733018:C:G    148.163212
781   9:8733398:T:A    352.945941
782   9:8735932:G:T    532.958673
783   9:8736835:A:C    101.137732
784   9:8737549:A:C     72.210350
785   9:8738398:A:G    180.542815
786   9:8739589:T:G    329.425182
787   9:8740276:A:C     64.594760
788   9:8740587:C:T    201.066257
789   9:8741250:C:T    617.718893
790   9:8743912:T:A     63.260343
791   9:8744642:C:G   1503.593465
792   9:8744984:T:C    402.281246
793   9:8745600:T:C    329.425182
794   9:8746814:C:T   1116.361089
795   9:8748322:C:T    240.480064
796   9:8748610:T:C    177.651957
797   9:8751465:C:A    288.925353
798   9:8751558:C:T   1116.361089
799   9:8751985:G:A   1486.073862
800   9:8752202:G:A    494.921038
801   9:8753396:G:A    210.759142
802   9:8755268:G:A    186.241892
803   9:8755347:T:A    154.810496
804   9:8755961:A:G    194.832940
805   9:8756017:T:A    489.034097
806   9:8756867:G:A   1114.083024
807   9:8756966:C:A    230.566783
808   9:8758879:G:A   1446.955862
809   9:8762329:T:C    885.740231
810   9:8762737:G:T    205.785457
811   9:8763736:G:A    182.281021
812   9:8764121:T:G    229.380460
813   9:8764570:G:A    127.920700
814   9:8766177:T:A    172.503984
815   9:8767276:A:C    359.552861
816   9:8767412:C:T   1142.248981
817   9:8767607:T:A    397.016924
818   9:8769490:C:T    284.973630
819   9:8770277:C:A    196.163429
820   9:8771327:G:C   1570.783859
821   9:8774102:G:A    322.709204
822   9:8774715:G:A    405.803045
823   9:8774966:G:C    305.871506
824   9:8775019:G:A    209.363248
825   9:8776888:T:A    335.879242
826   9:8778724:G:C   1440.550390
827   9:8780230:T:A    320.815249
828   9:8781871:T:C   1295.815320
829   9:8782743:G:A   1096.665241
830   9:8782745:A:C    482.619694
831   9:8782785:A:G   1022.869324
832   9:8782794:C:A    390.369358
833   9:8782887:C:T    903.642842
834   9:8783029:C:G   1519.524073
835   9:8783242:T:C    987.843672
836   9:8784855:T:C   1457.775550
837   9:8786193:C:T    189.115923
838   9:8788361:C:T    282.366912
839   9:8788779:G:A    698.786289
840   9:8789630:G:C    238.656011
841   9:8791388:G:T    703.820058
842   9:8792394:G:A    184.550933
843   9:8792805:C:G   1202.070589
844   9:8793156:A:G    223.991209
845   9:8797445:T:G    633.390158
846   9:8797529:G:A     69.870616
847   9:8797831:T:G    386.337295
848   9:8801371:G:C    167.363363
849   9:8801838:T:C    176.876934
850   9:8802178:C:T    309.464183
851   9:8802847:T:C   1403.854804
852   9:8805181:A:G    858.378103
853   9:8805311:T:A    613.528940
854   9:8805728:G:T   1395.742043
855   9:8806032:T:C    820.214985
856   9:8807219:C:T    429.245562
857   9:8808633:C:G    194.879251
858   9:8809040:G:A   1151.792725
859   9:8809579:G:C    718.526970
860   9:8810347:T:C    145.629648
861   9:8811688:T:C    174.682654
862   9:8812242:A:G    681.599741
863   9:8812415:C:T   1412.795473
864   9:8812996:C:T    710.821221
865   9:8813278:C:G    891.225081
866   9:8813497:G:T    875.694519
867   9:8813600:T:C   1361.564736
868   9:8813625:G:A     68.996098
869   9:8813914:G:A    226.010591
870   9:8814647:T:C    122.302692
871   9:8814936:A:G    540.239930
872   9:8818794:C:T    473.190111
873   9:8819031:A:T    250.089932
874   9:8820350:C:G    297.998907
875   9:8821883:T:C   1422.298517
876   9:8822318:C:T    290.624333
877   9:8823081:T:C    349.084941
878   9:8823191:G:A    446.108739
879   9:8824963:T:C    553.840158
880   9:8825641:A:G    622.743056
881   9:8829650:T:C    166.632535
882   9:8831216:T:A    347.899413
883   9:8832815:T:A    473.190111
884   9:8835529:G:C    122.302692
885   9:8836634:G:C   1595.529430
886   9:8838232:A:C    185.678992
887   9:8839031:G:A    873.589134
888   9:8841886:C:T     68.996098
889   9:8843207:A:C    531.446145
890   9:8843581:A:T    386.659306
891   9:8844295:C:T    220.022308
892   9:8846968:C:T    374.420810
893   9:8850764:T:C    536.332258
894   9:8851130:T:C   1151.792725
895   9:8851463:G:T   1419.413095
896   9:8851845:T:C   1426.772548
897   9:8852734:G:C    107.148638
898   9:8852818:C:A    185.678992
899   9:8854121:C:T    386.659306
900   9:8854823:C:A    122.302692
901   9:8854933:T:G   1566.359078
902   9:8857015:G:A     81.643684
903   9:8857528:G:A   1030.190214
904   9:8864848:A:G    596.448412
905   9:8869276:T:G    155.099073
906   9:8869571:C:G    444.162971
907   9:8870985:A:C    623.930854
908   9:8871342:G:C    661.174774
909   9:8872590:G:C      6.631021
910   9:8873805:T:C    165.556419
911   9:8874511:C:G    518.400363
912   9:8875291:C:T    229.044052
913   9:8875954:A:C    640.778335
914   9:8877233:G:A    135.722294
915   9:8878231:G:T   1411.882517
916   9:8879118:C:T   1282.702534
917   9:8880355:G:A   1374.526172
918   9:8880363:C:T    706.873300
919   9:8880476:G:A   1231.136321
920   9:8881534:G:A    866.625996
921   9:8882277:T:A    269.005571
922   9:8882933:G:A   1414.003910
923   9:8883026:T:C    127.791913
924   9:8884336:A:G    418.733271
925   9:8890434:C:T    496.145339
926   9:8890839:C:T    190.860007
927   9:8891226:C:T    127.623098
928   9:8893834:G:A    532.780871
929   9:8894298:T:C    935.556995
930   9:8894910:C:A   1568.517085
931   9:8896924:A:G    160.954706
932   9:8897213:A:G   1366.359178
933   9:8897320:T:G     65.810350
934   9:8897676:A:G   1314.597262
935   9:8900769:G:A    119.549496
936   9:8902562:G:C    949.466581
937   9:8902632:A:G   1139.784528
938   9:8905168:A:G   1411.882517
939   9:8907019:C:T    193.679176
940   9:8909676:T:C    237.431587
941   9:8910195:C:T    460.400962
942   9:8910642:C:T    524.202377
943   9:8911369:T:C   1366.359178
944   9:8912214:T:C    114.470929
945   9:8913551:T:G    169.505117
946   9:8913804:A:C    995.278002
947   9:8916449:G:A   1532.235375
948   9:8917182:G:A    163.436226
949   9:8917477:C:T    266.905607
950   9:8919345:C:A    272.043071
951   9:8919998:T:C    669.596497
952   9:8920628:T:G    896.481273
953   9:8920807:A:G   1594.301931
954   9:8920902:C:T    242.000617
955   9:8921265:T:C    408.737042
956   9:8923819:G:A   1366.359178
957   9:8926116:T:G    314.328873
958   9:8926956:T:C   1441.013149
959   9:8929424:T:G    792.029405
960   9:8929964:T:C      6.631021
961   9:8930580:A:C    359.357037
962   9:8932860:G:C   1354.079981
963   9:8933776:G:T      6.631021
964   9:8935185:C:A   1441.381377
965   9:8935360:G:C    328.887598
966   9:8935367:C:G    359.357037
967   9:8935657:G:A   1491.725167
968   9:8936967:T:G   1011.452530
969   9:8936970:T:C    256.024481
970   9:8937645:A:G   1164.700554
971   9:8939107:G:A    139.175080
972   9:8939183:T:C    169.940342
973   9:8940693:C:T    144.748153
974   9:8941155:A:G   1470.116858
975   9:8942173:G:A    294.938024
976   9:8943138:C:G    221.463855
977   9:8948144:C:T    358.527043
978   9:8948593:T:G    423.437029
979   9:8948815:G:A    270.760062
980   9:8949161:G:A    138.236166
981   9:8950040:C:T    224.253225
982   9:8952346:C:G   1382.693441
983   9:8954852:T:A    647.596680
984   9:8955339:T:A   1603.801674
985   9:8955400:C:G    281.393846
986   9:8956814:A:T    170.346654
987   9:8958407:T:A    217.972450
988   9:8959182:T:A    369.429554
989   9:8960011:G:A    732.868257
990   9:8961552:A:C    242.491370
991   9:8967471:C:T    346.634551
992   9:8967860:G:C    377.304377
993   9:8970555:A:G    216.221857
994   9:8971336:A:T    333.761275
995   9:8972585:A:G    134.514925
996   9:8972725:A:C   1382.693441
997   9:8974353:T:C   1435.992509
998   9:8975811:T:C    612.771342
999   9:8983660:C:G    291.923543
1000  9:8983879:T:C    171.029726
1001  9:8985580:G:A    248.368780
1002  9:8986544:T:C   1436.139390
1003  9:8986723:C:G    250.675972
1004  9:8989996:C:A   1286.361003
1005  9:8993618:G:A   1485.803438
1006  9:8995016:A:T   1520.004919
1007  9:8995332:A:G    308.333137
1008  9:8995470:G:A    238.629304
1009  9:8995607:A:G    467.060985
1010  9:8995832:T:C    120.881226
1011  9:8996698:T:C    131.534575
1012  9:8997520:T:C    407.755109
1013  9:8998293:G:C    618.818391
1014  9:8999510:C:T    706.222139
1015  9:8999837:T:C    181.995257
1016  9:9000476:T:A   1520.407351
1017  9:9000961:C:T    216.667370
1018  9:9001239:C:T   1478.028820
1019  9:9001759:G:A    354.287435
1020  9:9001952:T:C    133.178695
1021  9:9002225:A:C    117.740442
1022  9:9003341:C:T    492.374554
1023  9:9004122:A:G   1006.964120
1024  9:9005701:T:C    552.464233
1025  9:9006478:G:A    497.630085
1026  9:9006519:C:G    840.244980
1027  9:9006757:T:C   1381.462139
1028  9:9008367:A:G    141.755972
1029  9:9008377:G:T    764.463051
1030  9:9009732:T:C    377.420594
1031  9:9011127:T:A    298.818420
1032  9:9013025:G:C   1269.835987
1033  9:9013704:C:A    155.349259
1034  9:9013745:C:A    624.479669
1035  9:9014920:G:A   1368.452582
1036  9:9015383:G:A    403.669044
1037  9:9016645:G:A    557.201002
1038  9:9017452:G:A    447.334553
1039  9:9020728:T:C    293.704302
1040  9:9022312:T:C   1394.162696
1041  9:9023144:T:C    264.121846
1042  9:9024060:A:G    367.727363
1043  9:9025443:T:C    214.245918
1044  9:9027495:T:C    629.675765
1045  9:9027919:C:T    589.520248
1046  9:9028285:T:C   1444.702746
1047  9:9028880:C:A   1310.965941
1048  9:9029000:C:T    263.861764
1049  9:9029723:G:C    189.333255
1050  9:9030143:G:A    413.603329
1051  9:9030175:A:G    549.950710
1052  9:9030517:C:G    621.230369
1053  9:9030732:A:G   1418.739850
1054  9:9031048:C:T    262.452771
1055  9:9031999:T:C    408.968155
1056  9:9038508:T:G    327.875598
1057  9:9040348:C:T    329.804558
1058  9:9041462:G:A    516.962557
1059  9:9042221:A:T    240.246344
1060  9:9042840:A:G   1532.509452
1061  9:9044096:T:G    606.224881
1062  9:9046859:T:C   1542.794350
1063  9:9047943:A:G    555.527378
1064  9:9050096:A:G    580.841520
1065  9:9051371:T:C    716.338619
1066  9:9052309:T:C   1446.458366
1067  9:9054292:T:C    186.627733
1068  9:9056683:G:A    539.591745
1069  9:9058248:G:T    289.855415
1070  9:9058949:A:T    255.804918
1071  9:9062433:G:A   1573.332096
1072  9:9062513:C:G    384.601194
1073  9:9063462:T:C    336.722834
1074  9:9063789:G:A    347.271043
1075  9:9064388:T:A   1040.365463
1076  9:9066554:C:A    429.572231
1077  9:9066989:T:G   1451.946444
1078  9:9067179:T:C    954.982607
1079  9:9068153:C:T    245.792904
1080  9:9068314:T:C   1416.703726
1081  9:9068529:T:A   1315.701257
1082  9:9068692:G:A    820.160918
1083  9:9068703:C:T   1481.532649
1084  9:9068842:C:A     93.070456
1085  9:9068869:C:G    545.119751
1086  9:9069573:G:A    401.616745
1087  9:9070958:C:T    400.684489
1088  9:9071055:A:C    447.523595
1089  9:9071688:C:G    339.806250
1090  9:9071889:G:A    266.424275
1091  9:9072730:G:A   1022.990176
1092  9:9078665:T:C    919.291787
1093  9:9078852:T:C    139.538018
1094  9:9080911:G:C    162.686144
1095  9:9083753:G:A    142.866109
1096  9:9085643:T:C    330.287735
1097  9:9088536:T:C    505.120374
1098  9:9088988:A:G    173.577582
1099  9:9089269:A:G    294.254024
1100  9:9089643:C:T   1521.664891
1101  9:9090208:T:G    195.863660
1102  9:9091794:G:A    162.686144
1103  9:9092822:C:A    218.392548
1104  9:9094390:A:G    142.866109
1105  9:9096587:T:A    813.078361
1106  9:9098052:A:G    360.858299
1107  9:9098392:G:C    177.186269
1108  9:9100564:T:C    155.488050
1109  9:9101611:G:A    287.846204
1110  9:9101754:C:A   1506.020656
1111  9:9103592:T:C    294.323954
1112  9:9105163:T:A    142.866109
1113  9:9106354:G:A    537.998282
1114  9:9106545:A:T    221.352145
1115  9:9108517:T:G    762.441530
1116  9:9111070:G:T    118.066639
1117  9:9112698:A:C   1461.921446
1118  9:9112804:G:C    177.186269
1119  9:9113346:C:T    162.686144
1120  9:9115250:G:A     95.853622
1121  9:9115304:G:A    142.866109
1122  9:9121848:C:T    241.449409
1123  9:9122370:T:C   1101.591805
1124  9:9124019:G:A    157.845998
1125  9:9127999:G:T    118.568529
1126  9:9128978:A:G    502.949798
1127  9:9129098:T:C    222.494832
1128  9:9129743:A:C    142.866109
1129  9:9130794:G:A   1156.093215
1130  9:9132311:G:A   1312.497049
1131  9:9135358:C:T   1483.261180
1132  9:9137661:T:G    168.815943
1133  9:9138685:G:A    647.092273
1134  9:9138816:A:T    379.176140
1135  9:9138934:G:A   1411.882517
1136  9:9139360:G:A   1384.858729
1137  9:9139501:T:C     68.895483
1138  9:9139951:G:T    398.004538
1139  9:9140644:T:C    257.429698
1140  9:9140793:T:C    322.212400
1141  9:9141572:C:G    799.721076
1142  9:9142493:T:A    544.871579
1143  9:9143607:A:T    247.107512
1144  9:9145380:G:A    365.122300
1145  9:9147360:A:T    149.494680
1146  9:9150571:T:G    111.750977
1147  9:9155502:T:G    236.790872
1148  9:9155651:T:C    218.899304
1149  9:9160196:T:C    247.107512
1150  9:9161947:C:A   1446.548934
1151  9:9162858:C:T    314.793607
1152  9:9163040:C:G    465.585185
1153  9:9164403:T:C    465.275087
1154  9:9164462:C:T    352.060029
1155  9:9164463:G:A   1079.051314
1156  9:9165321:T:A    486.045940
1157  9:9165730:A:G    330.227054
1158  9:9165775:G:C    187.248352
1159  9:9165805:T:G    772.057047
1160  9:9169270:A:C    487.670585
1161  9:9174861:G:T    387.664566
1162  9:9176869:G:C    412.812469
1163  9:9177013:T:C   1422.553602
1164  9:9181188:G:C   1411.882517
1165  9:9182118:T:G    105.875578
1166  9:9182883:C:A    291.662643
1167  9:9183410:T:C    285.699690
1168  9:9184781:C:G    632.238843
1169  9:9184856:A:G    227.995563
1170  9:9186587:G:A     71.066862
1171  9:9187451:T:C   1515.962261
1172  9:9188615:C:A    135.821318
1173  9:9188957:T:C    608.797783
1174  9:9189645:A:T   1431.898164
1175  9:9191026:C:T    246.928559
1176  9:9191495:C:G    163.317537
1177  9:9191639:T:C    746.147302
1178  9:9191661:T:C   1052.390851
1179  9:9192578:C:G     92.443525
1180  9:9193458:T:C    557.595304
1181  9:9193976:C:A    885.397954
1182  9:9195479:G:A   1382.693441
1183  9:9196168:G:A    430.191511
1184  9:9197812:G:T   1479.636226
1185  9:9202048:G:C    134.673839
1186  9:9202950:C:T    276.474264
1187  9:9207201:C:A    125.643409
1188  9:9208047:C:T   1316.436853
1189  9:9208875:C:T   1353.579679
1190  9:9208984:G:A    220.565520
1191  9:9209044:G:A    295.473863
1192  9:9210450:A:G    246.010874
1193  9:9211334:G:A    150.086236
1194  9:9211756:A:G    944.140799
1195  9:9213962:T:C    423.190721
1196  9:9215149:T:G    114.505167
1197  9:9216980:G:A    780.715314
1198  9:9217582:A:G    254.564175
1199  9:9218633:G:C    305.659957
1200  9:9222718:A:C    400.079681
1201  9:9222744:T:C    125.643409
1202  9:9222770:C:T    253.466763
1203  9:9224081:T:C    526.778721
1204  9:9225539:C:T    134.673839
1205  9:9225665:C:T    264.592719
1206  9:9228802:T:C    114.505167
1207  9:9231081:C:G    244.817965
1208  9:9232581:T:C    256.757859
1209  9:9235137:G:A   1459.585224
1210  9:9236504:T:A   1087.971618
1211  9:9236632:A:T    246.010874
1212  9:9237197:G:A    245.788781
1213  9:9239249:A:T    524.249078
1214  9:9240851:C:T    258.712676
1215  9:9241180:T:A    968.807148
1216  9:9241520:C:A    787.395680
1217  9:9241878:A:C    616.786473
1218  9:9241940:C:T   1414.496340
1219  9:9241983:C:T    100.586058
1220  9:9244034:C:G    296.944699
1221  9:9244246:T:A    134.673839
1222  9:9245320:G:A    233.011042
1223  9:9248416:A:C    232.256307
1224  9:9250314:T:C   1203.038585
1225  9:9252210:A:C    399.487934
1226  9:9252816:T:C    258.712676
1227  9:9253315:T:A   1363.321644
1228  9:9258729:T:C    811.244410
1229  9:9259172:A:T      6.631021
1230  9:9260760:G:T   1350.676601
1231  9:9262033:A:C    893.589418
1232  9:9263844:T:C    324.814706
1233  9:9263980:T:C   1387.505156
1234  9:9264250:T:C    785.418140
1235  9:9265640:C:A    217.156587
1236  9:9268346:G:A    100.586058
1237  9:9271510:A:T    173.811659
1238  9:9272114:A:G    605.376455
1239  9:9273681:C:T    227.047889
1240  9:9273832:T:C    134.673839
1241  9:9277037:T:C    221.974451
1242  9:9277320:A:G   1485.776095
1243  9:9277544:G:A    535.211828
1244  9:9279416:C:T    255.680132
1245  9:9283078:A:G    290.218591
1246  9:9287321:C:T   1169.390740
1247  9:9290343:T:G    917.942153
1248  9:9290584:A:G    234.112330
1249  9:9290823:G:A    261.508477
1250  9:9290941:C:G   1095.754163
1251  9:9292529:A:C    256.194453
1252  9:9295452:C:T    267.488677
1253  9:9296390:T:C    334.474112
1254  9:9297702:G:A    233.363105
1255  9:9299522:A:G    267.212895
1256  9:9301116:C:G    985.022633
1257  9:9305242:G:T    239.149474
1258  9:9307454:C:T    134.673839
1259  9:9310264:C:T    249.666353
1260  9:9310461:G:A   1409.276219
1261  9:9311838:T:C   1013.559509
1262  9:9312210:A:C    100.586058
1263  9:9313436:A:G    123.071164
1264  9:9316533:T:C    737.367420
1265  9:9317725:A:C    207.038035
1266  9:9321113:G:A   1468.755403
1267  9:9321333:A:G    158.562157
1268  9:9322384:T:C    244.817965
1269  9:9322386:G:A    318.105262
1270  9:9322867:A:G    334.474112
1271  9:9323426:A:G    254.855629
1272  9:9323895:T:C    878.673625
1273  9:9326943:C:A   1385.374753
1274  9:9328712:C:T    491.848901
1275  9:9329283:A:T    735.061263
1276  9:9330061:T:C    593.721502
1277  9:9333199:G:C    716.325992
1278  9:9334090:G:A   1411.882517
1279  9:9334431:T:C    124.829225
1280  9:9336700:A:G    147.295957
1281  9:9337599:A:C    111.546711
1282  9:9338215:A:T   1293.889211
1283  9:9340772:G:A    175.921794
1284  9:9341057:T:C    265.577223
1285  9:9343541:T:C    226.454701
1286  9:9343860:T:A    192.760059
1287  9:9344321:T:G    279.451664
1288  9:9345787:C:T    148.457473
1289  9:9351673:C:T    597.106007
1290  9:9351920:T:C    573.952349
1291  9:9352182:G:A    234.861043
1292  9:9352465:T:C    944.140799
1293  9:9352861:G:A   1400.106913
1294  9:9354683:A:G    278.630220
1295  9:9354741:G:T    131.144352
1296  9:9356036:C:T    525.407193
1297  9:9360015:G:A    158.202130
1298  9:9362921:T:C    518.712733
1299  9:9363616:T:C   1283.160165
1300  9:9363639:G:A    308.635286
1301  9:9366805:A:T    356.092127
1302  9:9368107:C:T    232.012928
1303  9:9368344:C:T    774.318277
1304  9:9368423:A:G    279.058007
1305  9:9368496:C:T    124.829225
1306  9:9369513:T:C    504.868866
1307  9:9371872:C:G    278.630220
1308  9:9372500:C:T   1281.613416
1309  9:9377309:T:G    269.124461
1310  9:9377679:A:C   1421.950493
1311  9:9381487:T:C    210.161335
1312  9:9381760:C:T   1054.466561
1313  9:9383708:G:C    243.835746
1314  9:9384257:T:C    229.978222
1315  9:9385328:G:C    265.145815
1316  9:9387782:A:C    351.187173
1317  9:9388023:T:C    852.487380
1318  9:9388030:C:G   1386.596798
1319  9:9388045:T:C   1383.710621
1320  9:9388454:C:T   1378.730457
1321  9:9388580:T:C    291.543857
1322  9:9390636:G:A    238.157023
1323  9:9395038:A:G    346.152802
1324  9:9396463:A:G    186.042387
1325  9:9397510:T:C    220.831084
1326  9:9398971:G:T    230.846101
1327  9:9399839:A:C    380.032383
1328  9:9400177:A:C   1411.646253
1329  9:9403465:G:A    162.251022
1330  9:9403469:T:A   1445.244665
1331  9:9404090:A:G     99.137372
1332  9:9404773:T:C    320.216596
1333  9:9406960:T:C    881.248207
1334  9:9407340:G:A    268.192952
1335  9:9409073:T:A    293.216493
1336  9:9411328:C:T    220.831084
1337  9:9413200:C:T    146.200951
1338  9:9413296:A:G    265.712942
1339  9:9413405:C:T    227.966756
1340  9:9413834:C:T    728.040539
1341  9:9413894:A:C   1477.507865
1342  9:9417525:A:T    132.144760
1343  9:9417871:A:G    251.201252
1344  9:9418277:C:T   1420.729566
1345  9:9418816:C:A    198.801066
1346  9:9419958:C:T   1430.833254
1347  9:9420084:C:A    457.449447
1348  9:9421325:G:A    265.145815
1349  9:9422859:A:C    730.687513
1350  9:9423057:C:G    251.709799
1351  9:9423323:T:C    391.998078
1352  9:9424988:C:T   1363.917608
1353  9:9425407:T:C    146.200951
1354  9:9426192:T:C    508.118635
1355  9:9426781:T:A    743.184097
1356  9:9429088:C:A    579.694847
1357  9:9429331:C:T    309.340465
1358  9:9430265:A:C    654.204354
1359  9:9430853:C:T    366.699106
1360  9:9431518:T:G    346.152802
1361  9:9432812:C:T    161.643933
1362  9:9434230:T:G    145.487405
1363  9:9434963:C:T    270.989401
1364  9:9435082:T:C   1329.592376
1365  9:9438622:C:T    828.636900
1366  9:9438668:G:T    296.896479
1367  9:9438728:C:A    221.242333
1368  9:9440297:A:T   1364.164984
1369  9:9440545:C:T    448.964809
1370  9:9440838:A:G   1399.953942
1371  9:9441003:T:C   1599.509710
1372  9:9442075:G:A    233.266758
1373  9:9442463:A:C    222.603310
1374  9:9444910:C:G    826.191566
1375  9:9446381:A:G    263.502266
1376  9:9446468:C:T    756.465224
1377  9:9446811:T:C    216.939807
1378  9:9448103:A:G    143.395566
1379  9:9448290:G:C    586.246431
1380  9:9449806:G:C    249.201071
1381  9:9450144:T:G    637.366951
1382  9:9450534:T:C    210.087838
1383  9:9451998:G:A    710.618784
1384  9:9460303:C:T   1040.637282
1385  9:9462209:A:G    143.395566
1386  9:9463792:A:T    405.004431
1387  9:9465841:A:G    726.943980
1388  9:9465911:T:C    578.527509
1389  9:9466703:A:G    505.029576
1390  9:9469401:C:G    458.753512
1391  9:9470026:G:A    286.057491
1392  9:9473205:G:A    105.753476
1393  9:9474061:T:G    187.784207
1394  9:9474405:G:C    249.201071
1395  9:9475993:G:A    117.517832
1396  9:9476191:G:A    789.428150
1397  9:9476691:A:C    157.595595
1398  9:9476803:T:C    267.382759
1399  9:9479380:C:T    574.096811
1400  9:9479415:C:G    788.647065
1401  9:9481506:A:T    259.909439
1402  9:9482268:C:T   1386.120559
1403  9:9484435:C:A    249.201071
1404  9:9484671:T:A    397.354272
1405  9:9486640:G:A    536.359962
1406  9:9489362:T:A    107.201760
1407  9:9489935:A:G    184.738740
1408  9:9491722:T:A    158.858792
1409  9:9492650:T:C    673.992332
1410  9:9494436:C:T    208.953103
1411  9:9495098:G:T    175.994745
1412  9:9495116:G:A    492.762143
1413  9:9496882:T:C    258.229077
1414  9:9497040:G:C   1365.614766
1415  9:9497065:T:C    813.828434
1416  9:9500078:A:G   1168.152252
1417  9:9501920:A:G    158.156455
1418  9:9504580:T:G    459.594275
1419  9:9505512:C:T    270.065251
1420  9:9506273:G:A    764.913466
1421  9:9507123:T:A    502.182718
1422  9:9508820:T:C    682.382814
1423  9:9510856:A:G    567.857072
1424  9:9517031:G:A     58.869000
1425  9:9517332:A:C    628.603111
1426  9:9517454:A:C    151.564736
1427  9:9520962:T:C    195.290664
1428  9:9524881:G:A    132.176493
1429  9:9524977:C:T    118.683952
1430  9:9525120:G:A    602.467744
1431  9:9526138:C:T    845.631607
1432  9:9526571:A:C    374.604380
1433  9:9528291:T:A   1451.174134
1434  9:9528930:G:C    280.781382
1435  9:9529024:T:C    323.010566
1436  9:9529648:G:A    231.628631
1437  9:9530319:T:A    499.941002
1438  9:9533520:T:G    856.135946
1439  9:9535958:T:C    721.073446
1440  9:9537798:A:G    290.933021
1441  9:9537836:T:C    122.783977
1442  9:9538649:A:G    102.188729
1443  9:9539422:A:T    291.133179
1444  9:9540270:G:A    721.086380
1445  9:9540555:G:C   1403.921653
1446  9:9541102:T:C    195.801143
1447  9:9542314:A:C    344.766038
1448  9:9543776:T:C    225.306851
1449  9:9544095:A:T    290.933021
1450  9:9544477:C:G    452.140474
1451  9:9547192:C:T    259.819748
1452  9:9547649:A:T    115.652172
1453  9:9548467:A:G   1356.214644
1454  9:9550572:C:T    594.059245
1455  9:9550700:A:G    271.950964
1456  9:9553037:T:C    644.932792
1457  9:9554978:T:C    295.199227
1458  9:9555750:G:A    146.280191
1459  9:9556930:G:A    153.620343
1460  9:9557442:A:C    195.801143
1461  9:9558233:C:A    259.529465
1462  9:9559065:C:T    410.684604
1463  9:9559762:A:G   1356.504737
1464  9:9560026:C:G    247.854773
1465  9:9560527:G:T    237.329405
1466  9:9560590:C:T    610.477927
1467  9:9563333:A:C    110.445128
1468  9:9563486:A:G    435.872002
1469  9:9564031:T:C    376.073019
1470  9:9567032:T:C    272.851814
1471  9:9567089:T:G    496.416171
1472  9:9567235:G:A    293.872211
1473  9:9567950:T:C    259.870995
1474  9:9568858:G:C    612.607817
1475  9:9570261:T:G    186.042387
1476  9:9572579:A:G    274.091437
1477  9:9573315:T:C    552.099528
1478  9:9573417:A:T    347.220441
1479  9:9575684:C:T    202.714748
1480  9:9576000:G:A    109.852293
1481  9:9576215:C:G   1401.139343
1482  9:9576409:T:C    586.849974
1483  9:9576954:T:C    107.284761
1484  9:9580535:T:C    852.040227
1485  9:9585445:C:T    175.745575
1486  9:9585658:C:T    783.603125
1487  9:9586703:G:C    188.049930
1488  9:9587353:G:A    470.688029
1489  9:9587860:G:A    653.549355
1490  9:9587865:T:G    173.477532
1491  9:9589236:G:C    210.492163
1492  9:9591083:A:T    175.994745
1493  9:9591382:A:G    643.158825
1494  9:9593218:T:C    714.770228
1495  9:9593337:A:G    166.486258
1496  9:9593596:A:G    208.234563
1497  9:9593742:A:T    183.887360
1498  9:9595031:A:G    421.013377
1499  9:9595105:C:T    667.796893
1500  9:9595484:G:A    321.937922
1501  9:9600700:A:G    645.880651
1502  9:9602863:T:G    175.745575
1503  9:9603122:A:T   1385.894332
1504  9:9604452:A:G    344.464798
1505  9:9605754:T:A    203.948543
1506  9:9607869:T:C    187.351890
1507  9:9608656:T:A    214.318941
1508  9:9610533:A:G    269.561531
1509  9:9611668:T:C     95.004505
1510  9:9614033:A:G    219.310254
1511  9:9614810:T:A    324.956803
1512  9:9616333:G:A    361.232228
1513  9:9616771:A:G    310.995262
1514  9:9617488:A:C    313.758183
1515  9:9620141:T:G   1089.304129
1516  9:9620191:T:C    131.443006
1517  9:9621551:G:A    177.487965
1518  9:9623546:C:G    407.454390
1519  9:9625502:A:G    291.536709
1520  9:9625679:T:C   1393.233119
1521  9:9628555:C:G    208.234563
1522  9:9635529:G:A    102.324565
1523  9:9635801:G:A    181.414149
1524  9:9639956:A:C    175.994745
1525  9:9640335:T:G   1394.298894
1526  9:9640560:A:T     87.654060
1527  9:9642618:C:T    131.443006
1528  9:9645016:C:G    470.425350
1529  9:9645070:C:T    269.832292
1530  9:9645481:T:A    293.235184
1531  9:9648975:T:C    278.251592
1532  9:9650858:A:G    199.833285
1533  9:9651621:A:G    179.196192
1534  9:9652234:G:C    729.511059
1535  9:9653223:T:C    186.042387
1536  9:9655328:G:A    651.556479
1537  9:9655448:G:A    559.637535
1538  9:9656204:T:C    228.978885
1539  9:9657298:T:G    470.851408
1540  9:9658358:T:C    349.980349
1541  9:9658597:G:C    265.022912
1542  9:9661256:T:C    223.381882
1543  9:9661795:T:C     93.902362
1544  9:9662772:T:C   1264.168094
1545  9:9664169:C:T    244.338560
1546  9:9664716:G:T    293.235184
1547  9:9669270:C:T    285.955484
1548  9:9670654:C:T    125.970174
1549  9:9672107:C:G    102.324565
1550  9:9673911:C:T   1467.725431
1551  9:9674353:C:T    199.833285
1552  9:9675679:A:G    592.742730
1553  9:9676524:C:G    422.123834
1554  9:9677798:A:G    131.443006
1555  9:9677969:A:G    148.683752
1556  9:9678241:A:G    175.121614
1557  9:9679408:G:A    274.112783
1558  9:9680123:C:T    210.492163
1559  9:9687881:C:A    948.690037
1560  9:9688100:C:T    212.135455
1561  9:9688265:T:G    199.634578
1562  9:9690272:C:A    261.437393
1563  9:9692168:C:T    149.045338
1564  9:9694935:C:T    129.698368
1565  9:9695050:C:T    333.739588
1566  9:9696978:G:C    295.231949
1567  9:9701354:T:C   1400.160432
1568  9:9701507:A:C    892.470858
1569  9:9703086:T:C     80.467117
1570  9:9704501:C:T    752.633639
1571  9:9706339:T:C    978.115367
1572  9:9706389:T:C    197.041826
1573  9:9708324:T:C    186.042387
1574  9:9710723:T:C    132.774179
1575  9:9712549:C:G    427.571305
1576  9:9713208:A:C    345.269873
1577  9:9713959:T:G   1431.256153
1578  9:9714439:T:C    240.579162
1579  9:9714761:G:C    243.053639
1580  9:9716816:T:C    235.413081
1581  9:9717700:T:C    147.108394
1582  9:9717752:A:G    157.387826
1583  9:9717795:C:A    227.787834
1584  9:9719285:G:C    332.290247
1585  9:9721602:G:C    293.559970
1586  9:9722779:T:C    539.314621
1587  9:9725150:A:G    178.004171
1588  9:9725979:G:T    220.295016
1589  9:9726233:C:T    335.092796
1590  9:9728936:T:C     72.147681
1591  9:9732028:G:A    191.515172
1592  9:9732148:C:T    158.460386
1593  9:9733418:C:T    165.832302
1594  9:9734192:A:G    209.471389
1595  9:9734267:T:G    870.454638
1596  9:9734875:A:G    301.691109
1597  9:9738217:C:G    335.092796
1598  9:9739302:G:A    133.624962
1599  9:9739479:A:C    186.042387
1600  9:9739593:G:C    214.581218
1601  9:9746553:C:A   1395.802970
1602  9:9747816:G:C    428.968482
1603  9:9750667:C:T    313.151292
1604  9:9751109:C:T    152.719412
1605  9:9751905:A:T   1370.986320
1606  9:9753341:G:A    409.026572
1607  9:9753908:A:G    317.201019
1608  9:9754840:C:T    332.290247
1609  9:9756334:G:T    445.915725
1610  9:9757334:T:A    411.380157
1611  9:9759544:T:G    165.832302
1612  9:9760302:G:T    222.091769
1613  9:9762861:T:C    186.042387
1614  9:9763221:A:T   1110.665381
1615  9:9763539:G:C    855.300262
1616  9:9766595:T:G    805.559891
1617  9:9766791:A:G    713.447768
1618  9:9770918:G:C    419.496292
1619  9:9771657:C:T    130.843080
1620  9:9772333:G:T    281.602946
1621  9:9774805:A:G    267.986447
1622  9:9775817:A:G   1533.847558
1623  9:9777221:C:G    255.987576
1624  9:9778389:G:C    428.230313
1625  9:9779614:T:A    276.133231
1626  9:9779811:T:C    285.230924
1627  9:9785406:A:C    178.149255
1628  9:9787010:G:A    468.345245
1629  9:9787336:G:T    344.198993
1630  9:9787587:G:A   1420.408625
1631  9:9788000:C:T    133.624962
1632  9:9788574:A:G    222.091769
1633  9:9789665:T:C    238.506918
1634  9:9791247:A:G    121.721271
1635  9:9791522:A:G    186.042387
1636  9:9792261:T:C    294.152469
1637  9:9793846:A:G    584.357054
1638  9:9794287:T:C    155.299129
1639  9:9794418:A:G    344.001475
1640  9:9794490:G:C    563.283849
1641  9:9794527:T:C    615.355484
1642  9:9794545:C:T   1316.784407
1643  9:9796577:A:C    864.333691
1644  9:9797383:A:G    233.789825
1645  9:9797710:G:T    174.220929
1646  9:9797826:G:A    866.733868
1647  9:9798666:A:G    608.355047
1648  9:9804718:C:T    744.323795
1649  9:9808210:C:T    290.989762
1650  9:9808436:T:C    755.913066
1651  9:9809112:T:C    558.362931
1652  9:9809499:C:T    344.988020
1653  9:9810744:C:T    218.482785
1654  9:9811325:G:C    115.479755
1655  9:9815921:A:T    208.433431
1656  9:9816991:G:A    210.882836
1657  9:9817047:T:C    755.268320
1658  9:9817118:G:C    290.989762
1659  9:9817514:A:C   1481.823993
1660  9:9817541:C:G    134.597203
1661  9:9818403:G:C    253.771677
1662  9:9819644:T:A   1232.439198
1663  9:9822584:C:G    174.220929
1664  9:9824421:C:T    257.317237
1665  9:9827718:A:G    695.481579
1666  9:9827831:C:A    290.989762
1667  9:9829785:T:C    292.827708
1668  9:9829798:T:A    471.900767
1669  9:9831529:G:T     65.373654
1670  9:9833176:G:A     52.452693
1671  9:9837928:C:T   1449.432550
1672  9:9838003:G:A    155.395607
1673  9:9838433:G:A    174.220929
1674  9:9838577:G:C    165.011363
1675  9:9840402:A:G    106.613176
1676  9:9840822:C:G    769.950776
1677  9:9850137:A:G    396.241047
1678  9:9850552:A:G    226.360080
1679  9:9850662:C:T    187.436961
1680  9:9851370:A:G    141.418864
1681  9:9852026:C:T   1232.439198
1682  9:9852100:G:A   1412.123275
1683  9:9852889:A:T    433.660456
1684  9:9855866:C:G    222.031087
1685  9:9857071:C:T    276.743523
1686  9:9858058:T:C     98.217737
1687  9:9859008:G:T    412.080524
1688  9:9859121:C:G     99.380571
1689  9:9859750:T:G    440.849560
1690  9:9861416:G:A    299.774788
1691  9:9862282:C:T   1402.770050
1692  9:9864792:A:G    269.676554
1693  9:9867163:T:G    327.663053
1694  9:9867812:G:A    129.284432
1695  9:9868623:G:A     52.452693
1696  9:9869714:G:T    503.039165
1697  9:9872875:C:T    221.185950
1698  9:9875098:T:C    248.383397
1699  9:9875377:C:A    510.079663
1700  9:9876096:T:C   1265.676075
1701  9:9876907:A:G    217.184258
1702  9:9877561:G:C    183.834540
1703  9:9878393:G:C    189.768426
1704  9:9878633:A:C    310.121858
1705  9:9879690:A:T    218.456449
1706  9:9880144:A:G    209.243949
1707  9:9881918:T:C    233.833847
1708  9:9884182:T:A   1274.311967
1709  9:9884214:A:G    222.149365
1710  9:9884886:C:T    258.974607
1711  9:9888209:G:A    157.247889
1712  9:9888340:A:G    426.507033
1713  9:9889707:T:C     98.217737
1714  9:9889895:C:T    165.832302
1715  9:9893002:A:G    213.570950
1716  9:9893121:C:G    876.508503
1717  9:9894136:C:T    295.502573
1718  9:9894455:A:C    280.847209
1719  9:9894599:G:C    159.610349
1720  9:9894730:A:G   1479.631928
1721  9:9894806:C:T    144.918385
1722  9:9894898:A:G    168.446532
1723  9:9895423:G:A    621.199114
1724  9:9896276:A:C   1180.307661
1725  9:9896522:C:T   1411.514121
1726  9:9896977:G:T    267.561091
1727  9:9904274:G:A    510.224869
1728  9:9905096:T:C    155.740688
1729  9:9905809:C:T   1123.762818
1730  9:9906823:T:C    653.132138
1731  9:9906970:C:T   1388.136648
1732  9:9907358:G:T    247.247570
1733  9:9907449:T:C    558.837791
1734  9:9909128:G:A    393.386077
1735  9:9909232:T:C    352.179584
1736  9:9909390:G:C    322.889852
1737  9:9910028:C:T   1425.883782
1738  9:9910365:G:T    275.332320
1739  9:9910904:C:T    285.811378
1740  9:9911738:T:C    155.996003
1741  9:9913929:C:T    252.361577
1742  9:9914032:A:G    192.936977
1743  9:9915105:C:A    322.889852
1744  9:9916353:C:A    527.623284
1745  9:9916525:A:C    595.861529
1746  9:9916527:A:C   1284.334358
1747  9:9916529:A:C    139.991056
1748  9:9918043:C:T    210.113920
1749  9:9918787:A:C     97.596874
1750  9:9918976:T:G   1068.833986
1751  9:9919035:C:T   1389.791665
1752  9:9919288:G:C   1020.807829
1753  9:9919631:C:T    681.849306
1754  9:9919790:T:G    376.303662
1755  9:9920242:T:G    594.682268
1756  9:9923120:G:T    280.802318
1757  9:9924997:T:C    488.306268
1758  9:9925620:A:C    895.380512
1759  9:9926842:T:G    350.905083
1760  9:9929116:T:C    275.749562
1761  9:9929586:G:A    229.477324
1762  9:9929650:A:C   1328.300630
1763  9:9931231:G:T    157.264668
1764  9:9931240:G:A    559.097541
1765  9:9931267:G:A    294.547480
1766  9:9931378:G:A    502.796151
1767  9:9931631:A:G    258.845450
1768  9:9931716:G:C    535.410886
1769  9:9931735:G:A    273.050741
1770  9:9932014:G:A    477.841246
1771  9:9932290:G:A    312.258049
1772  9:9933933:G:A   1311.205803
1773  9:9934535:G:T    103.749188
1774  9:9936235:A:C    615.161555
1775  9:9939618:A:G     95.974627
1776  9:9940329:A:G    221.913892
1777  9:9940521:A:G    730.255640
1778  9:9940617:G:C    170.068444
1779  9:9941602:C:T    236.199342
1780  9:9942507:A:G   1006.806638
1781  9:9944101:G:C    442.507880
1782  9:9945571:T:C   1286.701171
1783  9:9947391:A:G    215.599271
1784  9:9948874:C:T    808.540100
1785  9:9948996:G:T    167.966556
1786  9:9949036:G:A    151.751908
1787  9:9949717:T:C    161.157115
1788  9:9950190:G:T    219.245483
1789  9:9951355:G:C    625.347455
1790  9:9954989:A:C      6.631021
1791  9:9955166:G:C    766.590463
1792  9:9955463:C:T    278.796583
1793  9:9955625:G:A    148.750686
1794  9:9955798:A:G    208.595834
1795  9:9958392:G:A    285.788672
1796  9:9958573:A:C    700.633840
1797  9:9961208:T:C    451.342794
1798  9:9962205:G:A    206.287570
1799  9:9962498:A:G    585.358088
1800  9:9965722:T:G    264.749882
1801  9:9965790:A:G    543.521455
1802  9:9967021:T:C    233.399934
1803  9:9967081:G:T    163.961767
1804  9:9967675:G:A    263.294565
1805  9:9968413:A:G      6.631021
1806  9:9969023:C:G   1318.105547
1807  9:9969965:C:G    479.150902
1808  9:9970278:A:G    262.523672
1809  9:9970438:A:G    360.558852
1810  9:9970611:A:G    231.690951
1811  9:9971557:T:G    282.308085
1812  9:9971930:C:T    183.707344
1813  9:9973378:C:T    879.744684
1814  9:9974650:G:C   1569.011131
1815  9:9976472:T:C    421.426834
1816  9:9976494:C:G    215.196293
1817  9:9978594:G:A     95.974627
1818  9:9978798:G:A    158.603348
1819  9:9980731:G:T     72.876515
1820  9:9984809:C:A    554.969919
1821  9:9987043:A:T   1317.459015
1822  9:9987542:C:T    192.837694
1823  9:9989393:G:A    287.399572
1824  9:9990624:A:C    879.744684
1825  9:9990645:C:A    184.970485
1826  9:9991381:A:G     99.869159
1827  9:9992268:A:G    202.253841
1828  9:9992613:C:T    402.675457
1829  9:9995469:C:T    314.917945
1830  9:9996947:A:G    243.770346
1831  9:9998777:C:G   1268.271287
1832  9:9999880:G:C    243.841397

{"project":"masters","channel":"laplacian","event":"Laplacian Construction is complete","description":"Genes 3-3","icon":"🔥","notify":true,"parser":"text"}