[1] "No duplicate edges found. Skipping simplify()."
$graphxx
     gene   density    mean_dist transitivity edge_dens vertex_con edge_con
1 MACROD2 0.4449947 2.949234e-06    0.4947018 0.4449947         93       93

$snpsbetw_centrDF
                 SNP snpbetw_centr
1    20:13977293:C:T     112.12199
2    20:13980826:T:C     123.17075
3    20:13980987:G:A     264.67465
4    20:13983704:A:C     319.84654
5    20:13988796:C:G     185.23633
6    20:13989396:G:A     144.71679
7    20:13989565:T:A     174.60732
8    20:13990064:T:A      57.66838
9    20:13991627:A:C      70.24359
10   20:13992805:T:G     109.52917
11   20:13992920:T:G     441.47535
12   20:13993549:G:T     128.81803
13   20:13997009:G:A     711.43490
14   20:13998098:G:A     257.52527
15   20:13999918:G:A     316.82944
16   20:14001069:A:G     117.97964
17   20:14002087:G:A     137.83341
18   20:14002621:A:G     760.71353
19   20:14006143:C:T     174.60732
20   20:14007633:C:T     196.82567
21   20:14009742:T:C     976.28000
22   20:14012926:T:A      60.07996
23   20:14016559:C:T     144.71679
24   20:14018311:A:G     693.45021
25   20:14019363:A:C     313.15301
26   20:14020342:G:A     760.71353
27   20:14022232:G:A     215.52086
28   20:14024285:C:T      91.98741
29   20:14024857:G:T     241.09598
30   20:14024908:T:C     257.52527
31   20:14024990:G:T     174.60732
32   20:14030348:G:A     133.42716
33   20:14040908:C:G     313.15301
34   20:14041062:A:G     185.23633
35   20:14041198:T:G      10.03896
36   20:14042478:C:T     456.14405
37   20:14043259:T:A     172.36768
38   20:14043489:A:G     123.17075
39   20:14044987:C:G     257.52527
40   20:14045741:C:G     745.53022
41   20:14045817:A:G     243.66830
42   20:14049655:C:T     197.89347
43   20:14052526:G:T     101.69728
44   20:14053389:G:A     120.87636
45   20:14054963:C:T     170.16086
46   20:14056514:A:T     130.59906
47   20:14058855:T:A     442.99809
48   20:14060528:G:T     236.03558
49   20:14061616:A:G     208.72064
50   20:14065885:A:G     164.72438
51   20:14070158:T:A     759.59687
52   20:14070488:G:T     629.60912
53   20:14071070:T:C     299.54428
54   20:14073403:G:A      47.08365
55   20:14077756:A:G      38.67793
56   20:14080338:A:G     106.15573
57   20:14080969:A:C      73.62965
58   20:14089161:C:G     408.37809
59   20:14095318:A:C      78.64127
60   20:14097648:G:T     107.39904
61   20:14099200:C:T     105.43395
62   20:14100766:A:G     358.04317
63   20:14101238:A:G     133.71581
64   20:14102741:T:C     759.59687
65   20:14102829:C:T     109.76338
66   20:14103838:G:A     976.28000
67   20:14109708:T:A     616.56747
68   20:14111999:A:G     332.62288
69   20:14112809:A:G     424.13291
70   20:14112940:T:A      92.41748
71   20:14114356:T:A      91.24400
72   20:14118224:C:A     194.60713
73   20:14119927:C:T     152.07059
74   20:14122715:G:T     167.22160
75   20:14125441:T:C     277.22324
76   20:14125545:C:A     107.56492
77   20:14126882:G:C     110.31623
78   20:14127922:T:C      10.03896
79   20:14136776:C:G     161.33936
80   20:14136794:T:A     134.42842
81   20:14137546:A:G     176.16135
82   20:14140201:T:G     424.13291
83   20:14140913:G:C      38.67793
84   20:14142809:G:A     251.53416
85   20:14143901:C:G      94.40084
86   20:14146332:G:A     143.12346
87   20:14156142:A:G     115.62017
88   20:14158101:T:C     123.65591
89   20:14160050:G:T      75.11101
90   20:14162056:G:A      47.08365
91   20:14165727:G:A     627.87777
92   20:14166473:T:G     120.08229
93   20:14171461:C:T     152.07059
94   20:14172443:G:A     413.21391
95   20:14173286:A:G     511.28488
96   20:14178240:C:T     168.06618
97   20:14181024:A:G      38.67793
98   20:14182356:G:A     122.67679
99   20:14183126:G:A     203.93543
100  20:14186948:C:T     334.01937
101  20:14187659:C:T      75.28303
102  20:14187792:C:T     143.12346
103  20:14188177:G:A     107.29717
104  20:14188396:A:G     187.26663
105  20:14191572:G:A     397.93021
106  20:14191827:G:A     615.98389
107  20:14196167:C:T     100.12525
108  20:14202012:T:C     219.73496
109  20:14204636:G:A     219.25883
110  20:14207535:C:T     121.04635
111  20:14207849:G:T     178.24582
112  20:14211207:C:T     153.73085
113  20:14212176:A:G     189.09603
114  20:14215174:C:T     210.85129
115  20:14216429:C:T      10.03896
116  20:14218323:T:A      68.55211
117  20:14223570:C:A     198.24650
118  20:14223917:G:A     625.78997
119  20:14224350:C:T     209.99109
120  20:14225901:T:C     131.31178
121  20:14229037:C:T     511.28488
122  20:14230035:A:G      94.40084
123  20:14232393:A:G     113.50220
124  20:14234321:A:G     210.43596
125  20:14234835:G:C     844.94138
126  20:14235738:T:G      47.08365
127  20:14238189:C:A     230.83996
128  20:14239741:A:G     146.59501
129  20:14241269:G:A     201.00619
130  20:14242652:T:A     131.31178
131  20:14243216:A:G     137.14229
132  20:14244289:T:C     127.24579
133  20:14245880:C:A     198.24650
134  20:14249534:A:G     140.37104
135  20:14251909:C:A     100.12525
136  20:14252150:C:T     130.26861
137  20:14253594:C:G     187.59353
138  20:14256183:A:T      64.04238
139  20:14256530:C:T     669.62551
140  20:14256656:C:T     146.43620
141  20:14256727:G:T     186.69972
142  20:14256982:A:G     315.60852
143  20:14258657:G:A      53.99440
144  20:14260213:A:G     140.37104
145  20:14260929:A:G     152.79598
146  20:14261642:A:C     123.58818
147  20:14265619:A:G      94.09396
148  20:14276429:C:G     870.89527
149  20:14280596:T:C     147.43909
150  20:14281428:C:A     115.57161
151  20:14283180:G:A     294.24543
152  20:14284425:A:G     147.45661
153  20:14284675:T:G     664.23247
154  20:14286964:A:G      83.57851
155  20:14288168:C:T      93.54974
156  20:14289762:A:G     148.06476
157  20:14290463:T:C     164.30581
158  20:14292459:C:T      71.95876
159  20:14292467:A:G     192.08450
160  20:14299671:T:C     844.94138
161  20:14302633:T:G     205.12434
162  20:14319794:T:A      38.67793
163  20:14321501:T:A     148.06476
164  20:14322849:C:A     105.90036
165  20:14322962:T:C     164.30581
166  20:14324874:A:G     166.37675
167  20:14325914:A:G     844.94138
168  20:14329051:T:A     198.91189
169  20:14335044:G:A      63.15832
170  20:14335355:C:T     614.12580
171  20:14335397:C:T     122.00034
172  20:14337546:A:T     161.73697
173  20:14340348:C:G     144.48456
174  20:14343934:G:T     137.49914
175  20:14345001:A:G     210.73831
176  20:14345049:C:T     856.17843
177  20:14347213:A:C      63.22816
178  20:14350327:G:C     672.79045
179  20:14350866:A:G     120.86025
180  20:14352261:C:A     393.23966
181  20:14352579:C:G     524.27011
182  20:14352702:C:T     570.26184
183  20:14352704:G:A     516.75554
184  20:14353346:C:T     741.07185
185  20:14353801:G:A     148.62148
186  20:14354485:C:T     153.26317
187  20:14354503:A:G     230.30473
188  20:14360976:T:C     244.42967
189  20:14363905:C:T     124.55310
190  20:14372908:C:T     527.91999
191  20:14373417:A:G     166.52780
192  20:14374573:A:G     381.16084
193  20:14376001:A:G     691.77134
194  20:14377440:G:A     118.07536
195  20:14380955:T:C     976.28000
196  20:14381500:A:G     268.18417
197  20:14390005:G:A     184.22172
198  20:14392663:C:G     155.98321
199  20:14395593:T:C     592.55634
200  20:14395879:G:A     198.98968
201  20:14397703:T:C     784.75211
202  20:14398719:G:C     130.95720
203  20:14399602:T:C     286.59202
204  20:14400708:T:C      90.39169
205  20:14401423:C:T     182.16220
206  20:14403090:A:T     138.22884
207  20:14403890:G:T      38.67793
208  20:14409362:T:C     240.29449
209  20:14413334:G:A     212.34219
210  20:14414221:C:T      47.08365
211  20:14414373:C:T     378.29980
212  20:14417238:G:A     147.93096
213  20:14420295:C:T     101.08448
214  20:14421009:G:T    1001.18673
215  20:14421257:A:T     784.75211
216  20:14421324:A:G     541.88192
217  20:14422616:A:C      94.23860
218  20:14423494:G:A     682.30530
219  20:14427808:G:A     155.82880
220  20:14428963:T:C     153.26317
221  20:14432472:C:T     381.36840
222  20:14435201:C:A     165.69118
223  20:14436104:T:C     141.53769
224  20:14438604:C:A    1137.47255
225  20:14442349:T:C     167.58606
226  20:14444480:G:A     175.91259
227  20:14448173:C:T     362.34812
228  20:14448345:T:C      38.67793
229  20:14451165:C:T      98.20239
230  20:14451409:C:T    1137.47255
231  20:14452026:A:G     178.18784
232  20:14453725:C:A     192.49985
233  20:14453726:G:A     228.68624
234  20:14455497:T:C     476.42124
235  20:14456685:T:G     118.02484
236  20:14457834:G:T     313.08245
237  20:14460430:T:A     662.41550
238  20:14460801:C:T     203.39231
239  20:14462069:A:G     670.30294
240  20:14466216:A:G      98.14948
241  20:14467096:A:G      10.03896
242  20:14467744:C:T     168.32913
243  20:14470732:C:G      10.03896
244  20:14471117:A:G     131.52929
245  20:14473001:C:G     410.94404
246  20:14473092:A:G     129.79475
247  20:14475683:G:A     134.88648
248  20:14476876:T:A     443.15672
249  20:14477175:A:C     760.62010
250  20:14477413:T:G     125.51616
251  20:14479321:C:G     152.26549
252  20:14480915:C:G     163.30004
253  20:14483230:G:C     472.36210
254  20:14483582:T:A      10.03896
255  20:14484173:C:T     192.72461
256  20:14484241:A:C     447.08808
257  20:14485772:A:C     603.26808
258  20:14487662:T:A     104.88609
259  20:14488368:A:G     162.80441
260  20:14491081:T:C     443.15672
261  20:14491497:C:A    1137.47255
262  20:14495776:A:G      38.67793
263  20:14497757:A:G      98.20239
264  20:14499014:G:T     115.92233
265  20:14500283:C:T     332.51523
266  20:14501602:C:T      78.99307
267  20:14502953:C:G     212.68748
268  20:14504577:A:T     751.22287
269  20:14505705:C:T     467.18886
270  20:14507255:C:T     127.84183
271  20:14507909:G:T     590.99462
272  20:14508207:C:T     101.08448
273  20:14508356:G:A      10.03896
274  20:14509143:C:A     375.06058
275  20:14509266:G:A     274.70888
276  20:14509601:A:G      35.72745
277  20:14510068:G:A      59.18027
278  20:14510925:G:A     336.65994
279  20:14511079:T:C     155.59856
280  20:14511977:G:T     167.09897
281  20:14513093:A:T     677.21798
282  20:14513820:G:T      75.85365
283  20:14516301:G:T      10.03896
284  20:14519512:C:T     716.64707
285  20:14521775:G:A     146.15688
286  20:14525304:G:A     378.04010
287  20:14526400:G:A      97.67370
288  20:14528243:G:C     761.98180
289  20:14528513:C:A     300.23843
290  20:14528968:C:T      10.03896
291  20:14529134:G:C     250.23810
292  20:14529255:T:C     208.88777
293  20:14530020:T:C     246.11912
294  20:14530220:C:A     686.70905
295  20:14531835:A:T     431.73670
296  20:14532087:T:A     731.28912
297  20:14532479:G:C      88.30649
298  20:14533426:A:G     153.03160
299  20:14533770:A:C     252.34503
300  20:14610289:C:T     733.87722
301  20:14612444:C:T     105.74397
302  20:14613508:G:T     474.55395
303  20:14615594:C:G     295.07746
304  20:14617836:G:T      98.26108
305  20:14632484:G:A     302.20935
306  20:14636950:G:A     321.70165
307  20:14640648:G:T     137.92546
308  20:14640979:A:T     431.73670
309  20:14643776:T:C     373.83650
310  20:14646516:C:G     147.85943
311  20:14647810:A:G     501.09345
312  20:14652524:C:G     137.42275
313  20:14653907:A:C     137.98096
314  20:14656184:A:G     110.21152
315  20:14657567:G:A     478.43979
316  20:14658453:G:A     193.55559
317  20:14659420:T:C     152.35737
318  20:14662882:C:T     388.18346
319  20:14667001:A:G     150.89557
320  20:14674988:G:A     133.31054
321  20:14675617:C:T     111.69424
322  20:14678957:C:G      10.03896
323  20:14679824:C:T     120.52180
324  20:14683356:T:G     292.06590
325  20:14683383:T:A     152.45340
326  20:14683656:G:C      71.22838
327  20:14684473:A:G     135.38360
328  20:14688777:T:C     663.50904
329  20:14690185:C:T     349.80030
330  20:14692253:A:G     472.54077
331  20:14694054:A:G     169.77107
332  20:14695379:C:G     639.66753
333  20:14695557:T:C     232.87907
334  20:14696830:A:G     280.18089
335  20:14697914:C:T     702.96732
336  20:14700951:T:A     448.78101
337  20:14704491:C:T     198.35611
338  20:14707334:G:A    1137.47255
339  20:14708666:T:A     187.70028
340  20:14711738:C:T     239.41786
341  20:14715096:G:A     448.78101
342  20:14717266:G:A      38.50179
343  20:14717481:C:G     237.13167
344  20:14717951:A:G     211.25559
345  20:14719049:G:A     511.03072
346  20:14720498:A:G     190.61279
347  20:14723009:G:A     682.92178
348  20:14727307:A:G     235.14040
349  20:14728733:T:C    1133.35640
350  20:14730891:G:A      38.50179
351  20:14731057:C:T     159.52958
352  20:14736093:T:C     149.86155
353  20:14737452:C:T     143.75093
354  20:14737843:T:G     239.58228
355  20:14741207:G:T     270.12838
356  20:14743508:A:G     218.50377
357  20:14744154:T:C     316.48059
358  20:14746831:C:T      38.50179
359  20:14747046:A:C     199.46214
360  20:14752083:A:G     184.65050
361  20:14757483:C:T     245.08639
362  20:14757885:T:G    1133.35640
363  20:14758111:C:T     372.36468
364  20:14760747:C:T     746.99855
365  20:14761838:C:T     317.54630
366  20:14762036:C:T     138.19180
367  20:14765820:A:C     242.36832
368  20:14766407:C:A     166.92864
369  20:14767647:T:G      70.35530
370  20:14768906:T:C     177.44359
371  20:14769126:G:A     287.89029
372  20:14769478:G:A     229.01061
373  20:14776940:A:G     708.16007
374  20:14782046:T:C     538.29555
375  20:14783006:C:T     138.19180
376  20:14784252:G:A     193.70763
377  20:14784334:C:T     120.68989
378  20:14785540:A:T      10.03896
379  20:14787446:T:C     198.63644
380  20:14791849:G:A     321.30644
381  20:14793543:A:G      92.17658
382  20:14796808:A:G     192.30224
383  20:14801374:C:G     155.21495
384  20:14804040:T:C    1137.47255
385  20:14807215:A:G     237.13167
386  20:14807599:G:A     203.79731
387  20:14807655:A:G     138.19180
388  20:14810752:A:G     120.68989
389  20:14812277:A:G     445.21287
390  20:14812921:A:G     735.75652
391  20:14813955:G:C      81.74469
392  20:14814233:T:C      93.85597
393  20:14815597:T:C     280.01997
394  20:14817018:T:G     640.07072
395  20:14827043:G:A     394.34205
396  20:14830192:C:A     203.79731
397  20:14835930:G:A      38.50179
398  20:14838431:G:A     710.63629
399  20:14839626:G:A     166.10379
400  20:14841937:G:A      41.61906
401  20:14842939:A:G     163.17901
402  20:14843228:T:A      59.41575
403  20:14845317:C:A     685.61192
404  20:14845994:C:T     136.17593
405  20:14852336:G:A     620.85182
406  20:14857835:C:T      93.40030
407  20:14858035:A:G     160.81887
408  20:14863547:A:G     412.78421
409  20:14911655:T:G     442.99072
410  20:14912800:A:G      10.03896
411  20:14914621:T:A     737.15325
412  20:14915034:A:G     144.39139
413  20:14917222:C:T     473.05633
414  20:14919919:G:A     261.40233
415  20:14921234:T:G     181.85456
416  20:14921479:A:G     702.45138
417  20:14925275:T:C     745.90042
418  20:14925589:T:C     278.27779
419  20:14928020:T:C     258.74065
420  20:14928658:T:C     477.11854
421  20:14929217:C:G     651.78200
422  20:14929356:A:G     208.94585
423  20:14930891:A:G     112.91696
424  20:14931245:T:C     569.03858
425  20:14931925:T:A     155.81841
426  20:14933969:T:G     193.58645
427  20:14934734:T:C     261.84424
428  20:14935964:A:G     642.62998
429  20:14936116:C:T      10.03896
430  20:14936703:T:C     352.28859
431  20:14937064:A:G     156.16827
432  20:14938201:A:G     269.20045
433  20:14938424:T:A      51.87487
434  20:14939564:T:C      10.03896
435  20:14940228:G:T     194.89906
436  20:14944545:G:C     567.77358
437  20:14945547:A:G     374.82240
438  20:14945737:A:G     166.52348
439  20:14952132:C:G     289.35698
440  20:14954118:C:T     237.01667
441  20:14956188:A:G     202.75167
442  20:14958405:T:C     776.25703
443  20:14958648:G:T      28.02809
444  20:14959016:G:A     453.45511
445  20:14967213:G:C     117.75340
446  20:14968542:G:A     215.27808
447  20:14969728:A:C     151.61344
448  20:14972461:G:A     387.84749
449  20:14975523:G:T     461.18170
450  20:14982544:A:G     301.71932
451  20:14985985:G:A     150.53492
452  20:14987793:A:G     215.27808
453  20:14987984:T:C     231.28033
454  20:14989136:G:A     165.64081
455  20:14992542:G:T     481.28218
456  20:14999250:T:G     135.29873
457  20:14999630:G:A     263.77064
458  20:15002672:T:A     276.84962
459  20:15005337:A:G     222.00881
460  20:15005527:C:T     189.22183
461  20:15007730:G:A     595.34332
462  20:15008203:T:G     667.25599
463  20:15010021:A:G     148.85817
464  20:15012297:G:A     714.57350
465  20:15012519:G:A     242.60070
466  20:15015853:A:G     237.18973
467  20:15016102:A:G     201.41914
468  20:15017945:A:G     116.83533
469  20:15021845:T:C     129.53227
470  20:15025216:T:C     252.36089
471  20:15028413:T:C     298.73225
472  20:15028718:C:T      99.24828
473  20:15031375:A:T      73.57223
474  20:15037290:A:C     249.65150
475  20:15038920:A:G     766.06331
476  20:15042962:G:A     189.90439
477  20:15045714:A:G     129.53227
478  20:15046118:A:G     314.47415
479  20:15047485:A:G     684.13153
480  20:15047578:A:T     212.97233
481  20:15051358:C:T     236.39270
482  20:15052838:A:G     144.59869
483  20:15053801:T:G     249.65150
484  20:15057490:G:A    1030.44043
485  20:15058088:T:C      10.03896
486  20:15058620:C:T     123.00947
487  20:15058882:G:A     675.09892
488  20:15060174:A:G     376.60331
489  20:15063016:G:T     202.36723
490  20:15063679:C:T     781.59082
491  20:15064076:C:T     940.23502
492  20:15064336:C:T     193.76446
493  20:15066394:G:A     237.47492
494  20:15066439:C:T     530.21187
495  20:15069096:T:A     391.48885
496  20:15075923:G:A     218.63057
497  20:15077218:C:T     275.04086
498  20:15078886:G:T      66.17593
499  20:15081464:T:C     154.67280
500  20:15081971:A:G     401.98251
501  20:15082878:G:A     406.51643
502  20:15085102:C:A     797.95961
503  20:15085205:G:T     278.64627
504  20:15087332:T:C     321.86808
505  20:15091226:A:G     295.71973
506  20:15092521:A:C      67.01478
507  20:15093367:C:T     376.97026
508  20:15093907:C:T     107.37421
509  20:15094254:T:C     218.07763
510  20:15098177:C:G     297.29136
511  20:15098707:G:A     269.05083
512  20:15100693:G:A      44.96406
513  20:15102523:G:T      37.34539
514  20:15103166:T:C     295.71973
515  20:15103408:T:C      43.93071
516  20:15105055:A:G     777.52280
517  20:15114520:A:G     712.14288
518  20:15114678:G:A     148.68530
519  20:15114697:T:C     285.31933
520  20:15114891:C:T     343.75941
521  20:15115277:A:G     228.21432
522  20:15115486:G:T     138.61308
523  20:15115551:A:G     226.49108
524  20:15120795:A:C     184.66471
525  20:15121563:T:C     334.60068
526  20:15122013:T:C     723.50405
527  20:15125417:C:A     243.01013
528  20:15125455:C:T     319.90564
529  20:15125490:T:C     385.53395
530  20:15125785:A:G      82.74949
531  20:15127247:T:G     538.29555
532  20:15128454:C:A     714.20674
533  20:15132005:C:T     140.26224
534  20:15132269:A:G     340.81774
535  20:15138634:C:T     220.92331
536  20:15140542:G:A      79.11766
537  20:15143059:T:A     253.36518
538  20:15145544:C:T     338.35777
539  20:15146357:G:A     715.22217
540  20:15148384:C:T     608.68533
541  20:15150701:A:C     127.97738
542  20:15151147:A:G     762.45918
543  20:15154317:G:A     153.23791
544  20:15156096:A:T     126.35761
545  20:15156130:A:G     264.66283
546  20:15156758:C:T     521.49322
547  20:15159234:A:G     227.74607
548  20:15161670:T:C     319.75316
549  20:15167024:C:T     127.71446
550  20:15168170:A:G      70.77780
551  20:15168947:G:A      78.88155
552  20:15171114:C:T     188.30142
553  20:15173839:T:C     772.08902
554  20:15181294:A:G     325.54568
555  20:15182427:A:G     127.71446
556  20:15186580:A:C     119.23089
557  20:15187089:G:C     566.16078
558  20:15188949:C:A     188.30142
559  20:15189598:A:G     834.99530
560  20:15189847:G:A     113.98447
561  20:15190755:G:T     208.82082
562  20:15194191:A:C     690.36408
563  20:15196998:A:T     121.27893
564  20:15197697:A:G     233.44719
565  20:15197971:G:A     188.21924
566  20:15200433:G:T     127.71446
567  20:15204934:G:A     271.46475
568  20:15211056:G:A     292.64010
569  20:15214249:T:A     198.10398
570  20:15215915:A:G     779.63057
571  20:15216447:A:G     690.36408
572  20:15217730:T:C     188.30142
573  20:15224006:C:T     127.71446
574  20:15227016:G:A     149.52171
575  20:15227164:A:T     206.20158
576  20:15228383:G:T     354.14991
577  20:15228544:C:A     697.09982
578  20:15228812:G:A     103.51356
579  20:15230067:C:A     672.02366
580  20:15233464:C:T     225.50766
581  20:15233797:A:G     398.92055
582  20:15234229:G:A     367.50954
583  20:15236542:C:T     149.09674
584  20:15238054:A:G     130.10599
585  20:15239201:T:A     769.67076
586  20:15239983:T:C     283.90259
587  20:15240120:G:T     113.64792
588  20:15240700:A:G     321.87002
589  20:15240823:A:G     147.02888
590  20:15242256:A:G     158.01178
591  20:15242365:T:C     682.58394
592  20:15242665:C:T     115.00759
593  20:15244765:C:A     126.08459
594  20:15245970:C:T     130.99619
595  20:15246984:G:A     749.49101
596  20:15250014:A:T     375.74570
597  20:15250324:T:C      10.03896
598  20:15252564:C:T      42.90010
599  20:15255145:C:T     163.30996
600  20:15256110:C:T     122.53946
601  20:15258891:A:T     166.14162
602  20:15259891:A:T     183.69297
603  20:15262551:T:C     739.93997
604  20:15263061:C:T     264.59600
605  20:15264521:C:T     162.48509
606  20:15267667:A:G      91.28182
607  20:15273523:C:T      72.34345
608  20:15274283:G:A     352.82867
609  20:15274419:A:G     454.41693
610  20:15276852:T:C     353.05094
611  20:15277072:G:A     225.31584
612  20:15277113:T:C     120.23093
613  20:15287703:T:C     166.88463
614  20:15288426:A:G      99.74791
615  20:15291696:G:A     182.38939
616  20:15294075:C:T     237.51910
617  20:15294748:T:C     690.36408
618  20:15295669:A:G     213.30806
619  20:15300435:A:G     117.36125
620  20:15300805:T:A     505.03018
621  20:15305805:T:C      32.09494
622  20:15306931:G:C     698.84303
623  20:15308563:A:G     572.60213
624  20:15310882:C:T     156.83839
625  20:15312796:T:C     736.29748
626  20:15315236:T:A     740.68629
627  20:15320920:A:G     446.45587
628  20:15321055:T:G     574.23983
629  20:15323938:A:C     167.43629
630  20:15330527:G:C      71.13116
631  20:15331500:T:C     154.34441
632  20:15333547:C:A     446.45587
633  20:15335574:T:G     654.46617
634  20:15335823:C:T     129.25236
635  20:15340673:A:T     354.16179
636  20:15341054:G:A      79.60200
637  20:15341549:A:G     702.50558
638  20:15341935:G:A     769.51595
639  20:15343477:A:C     330.34493
640  20:15343561:A:C      58.49134
641  20:15343978:A:G     366.05187
642  20:15344181:G:A     598.50222
643  20:15344231:T:A     136.51675
644  20:15344610:A:G     137.02209
645  20:15347437:T:C     685.41304
646  20:15351277:C:T     117.91843
647  20:15358864:G:A     271.59698
648  20:15359412:G:A     269.49485
649  20:15359868:T:G     283.64635
650  20:15360175:A:T     845.10155
651  20:15363130:T:C     723.10401
652  20:15363745:A:G     311.24830
653  20:15367114:C:T     319.97408
654  20:15367466:T:C     364.61872
655  20:15367873:T:G     584.69972
656  20:15368027:C:T     229.57198
657  20:15368036:C:G     111.55921
658  20:15368064:T:C     147.19186
659  20:15368407:C:T     270.59068
660  20:15368599:T:G     761.05919
661  20:15368635:G:A      94.47505
662  20:15368919:G:T     559.30060
663  20:15369697:G:C     132.82600
664  20:15369787:A:G     292.81449
665  20:15371291:C:T      67.46819
666  20:15371549:T:A     298.44842
667  20:15372258:T:C     424.83005
668  20:15373109:G:A      84.27739
669  20:15374019:T:C     271.35693
670  20:15374120:T:G     192.52018
671  20:15375124:A:G     710.30775
672  20:15376159:C:T     138.80406
673  20:15377114:T:G     107.38466
674  20:15378522:G:A      52.77165
675  20:15380641:A:G     131.80068
676  20:15381666:G:A     216.60213
677  20:15382307:G:A     345.80883
678  20:15385339:T:C     976.28000
679  20:15387731:A:G     428.48439
680  20:15387734:C:T     537.64303
681  20:15389702:A:G     705.49674
682  20:15390758:C:T     515.32524
683  20:15393190:A:G     301.50479
684  20:15393297:C:T     279.86652
685  20:15393483:T:C      97.20755
686  20:15394638:G:A     231.11410
687  20:15395647:G:T      94.97912
688  20:15396160:G:A     158.23567
689  20:15397543:G:A     250.46349
690  20:15397676:C:T     470.10433
691  20:15398762:T:A     381.86645
692  20:15398845:C:T     765.84709
693  20:15399984:A:G     698.35022
694  20:15403445:T:C     783.60132
695  20:15404639:T:A     307.80688
696  20:15407093:G:A     235.42388
697  20:15407100:C:T     111.40029
698  20:15407150:C:T      10.03896
699  20:15411323:A:G      64.41083
700  20:15414847:A:C     128.47179
701  20:15417413:G:T     307.80688
702  20:15422689:G:A     217.32863
703  20:15422771:C:T      85.02348
704  20:15423803:T:C     768.22992
705  20:15424860:A:G     188.95433
706  20:15426036:C:T     805.51867
707  20:15430465:C:T     285.57166
708  20:15433495:A:G     386.49499
709  20:15433602:G:A     637.49639
710  20:15433904:A:G     361.36087
711  20:15434123:A:G      32.24938
712  20:15434198:A:C     244.28909
713  20:15434217:A:G      70.67255
714  20:15434681:A:G     195.71529
715  20:15435018:C:G      79.87615
716  20:15435634:G:A     138.66668
717  20:15436671:C:T     724.64657
718  20:15438901:C:A     362.90604
719  20:15440663:C:A     256.11813
720  20:15440846:A:G     920.98141
721  20:15448398:T:G     184.75030
722  20:15450622:A:G     256.47031
723  20:15453469:A:G     104.69610
724  20:15455387:G:T     338.42786
725  20:15462072:A:G     616.39633
726  20:15462474:T:A     348.96545
727  20:15465112:A:G     102.69023
728  20:15465427:T:A     289.38145
729  20:15470764:C:T      78.84645
730  20:15472381:G:A     777.65358
731  20:15472878:T:C     219.46853
732  20:15477710:G:A    1009.40590
733  20:15478094:G:A     285.25663
734  20:15478187:G:A     198.09520
735  20:15478673:G:A     164.62034
736  20:15480092:T:C     196.07401
737  20:15480134:A:G     118.20431
738  20:15480138:G:A     357.96178
739  20:15480588:A:C     173.49422
740  20:15482993:T:C     161.53490
741  20:15484168:C:T     775.64592
742  20:15484411:G:A     150.92812
743  20:15484583:A:G      70.30159
744  20:15486020:C:T     175.20485
745  20:15486203:C:T     201.55554
746  20:15494228:C:T     151.22633
747  20:15496251:G:T     570.50646
748  20:15496298:A:G      79.56549
749  20:15497268:A:G     690.14909
750  20:15497646:C:T     845.54415
751  20:15500662:C:T      44.50512
752  20:15501953:G:A     177.96996
753  20:15503664:C:T     161.57249
754  20:15504687:A:G     169.94021
755  20:15508983:T:C     253.46171
756  20:15509412:A:G     160.08633
757  20:15509776:A:G     528.31634
758  20:15510133:C:G     204.26716
759  20:15511008:T:C     307.18533
760  20:15511270:A:G     712.26434
761  20:15515794:A:T      69.84037
762  20:15520291:C:T     186.17255
763  20:15524336:G:A     117.30490
764  20:15525780:A:T     204.26716
765  20:15528946:A:G      44.50512
766  20:15531174:T:C      65.97859
767  20:15531394:A:G     224.78984
768  20:15531523:A:G     693.22820
769  20:15532320:C:G     364.29123
770  20:15532942:C:A     266.27368
771  20:15540344:C:T     193.51729
772  20:15542375:C:T     265.59268
773  20:15542435:C:G     319.34941
774  20:15542612:T:C     225.48081
775  20:15544323:A:G     234.65139
776  20:15544575:T:C     200.64753
777  20:15545449:G:A     262.97757
778  20:15548086:G:A      71.90094
779  20:15548983:A:G      74.11748
780  20:15550204:A:T     217.36227
781  20:15554390:T:C      10.03896
782  20:15554753:A:G     537.54466
783  20:15555539:A:G     291.82407
784  20:15556917:C:A      95.99571
785  20:15558011:A:G     128.93040
786  20:15559323:G:T      99.32542
787  20:15560116:A:G     162.10269
788  20:15560200:G:T     198.49982
789  20:15560791:C:T     699.00936
790  20:15561913:T:G     655.01650
791  20:15562149:G:A     798.48879
792  20:15563026:T:C     243.36822
793  20:15564551:C:T     805.87641
794  20:15565140:A:G     233.92004
795  20:15565634:G:T     794.04194
796  20:15565821:G:C      82.89335
797  20:15567007:T:C     203.92269
798  20:15567681:T:G     596.43571
799  20:15568233:C:G     722.82000
800  20:15568718:C:T     146.67812
801  20:15569202:G:A      86.44907
802  20:15571243:C:T      93.81218
803  20:15571345:T:C     229.24433
804  20:15574122:T:C     149.95906
805  20:15575150:G:A     104.59876
806  20:15575595:C:A     135.07034
807  20:15577936:G:A     119.86792
808  20:15579807:C:G      10.03896
809  20:15580362:T:G     483.96785
810  20:15581484:A:G     795.57610
811  20:15585543:C:T     111.53479
812  20:15587752:G:A     173.06888
813  20:15587973:G:C      91.05922
814  20:15588600:T:C     146.58065
815  20:15590488:G:A     110.54007
816  20:15591580:C:T     201.18893
817  20:15592200:A:G    1049.43551
818  20:15592377:T:C     782.21981
819  20:15593238:G:T     324.41414
820  20:15593272:A:G     163.34221
821  20:15594822:G:A      10.03896
822  20:15598673:G:A     199.00413
823  20:15598817:C:T     264.38105
824  20:15600897:G:A      90.33103
825  20:15601426:G:T     155.96679
826  20:15601701:T:C      10.03896
827  20:15604724:C:G     201.18893
828  20:15605018:C:T     240.46907
829  20:15608247:T:A     352.63722
830  20:15609292:G:C     366.09233
831  20:15609530:G:T      88.56808
832  20:15609651:T:C      95.95125
833  20:15610241:G:C     677.56578
834  20:15610907:A:G     104.58182
835  20:15613185:C:A     329.18228
836  20:15616521:T:C     146.02337
837  20:15623233:C:G     699.46099
838  20:15623507:G:A      10.03896
839  20:15625057:A:C     164.64357
840  20:15625864:C:T    1028.95809
841  20:15626639:A:C     581.33038
842  20:15630684:G:A     112.89903
843  20:15631653:T:C     153.50525
844  20:15633808:T:G     208.80746
845  20:15634194:A:G     124.15975
846  20:15636227:G:C     123.31467
847  20:15637586:G:A     414.23033
848  20:15640048:G:A     422.51209
849  20:15642044:A:G     188.33938
850  20:15644931:G:A      87.93807
851  20:15645021:A:G     108.65100
852  20:15646848:C:T     242.73133
853  20:15649366:G:A     770.70912
854  20:15649640:C:T     260.88668
855  20:15649782:C:G     151.41554
856  20:15651033:G:A     238.80446
857  20:15651211:A:G     346.32307
858  20:15651341:C:T    1049.43551
859  20:15652066:G:T      87.85214
860  20:15652983:T:G      78.08576
861  20:15653636:A:G     167.73387
862  20:15654234:G:C     758.17783
863  20:15656007:G:A     145.73447
864  20:15656200:A:C     225.50385
865  20:15657909:C:T      97.92274
866  20:15657998:A:G     548.00476
867  20:15658005:C:T      81.23363
868  20:15658091:T:C      61.65716
869  20:15658199:G:T     158.60037
870  20:15658353:T:A     233.27892
871  20:15658625:A:C     124.18696
872  20:15659106:G:A     640.79144
873  20:15659158:C:T      58.30356
874  20:15659196:A:G     816.59025
875  20:15659276:A:C      76.44374
876  20:15659451:T:A     287.57015
877  20:15659486:G:A     535.95784
878  20:15659619:C:T     582.18199
879  20:15659950:G:A     119.65854
880  20:15660197:T:C     646.88502
881  20:15663151:T:C     154.86504
882  20:15663791:C:T     453.64974
883  20:15664896:G:C     390.59404
884  20:15665470:T:C      70.24707
885  20:15665686:T:A     208.62346
886  20:15669611:C:T     100.07350
887  20:15671749:G:A     210.79578
888  20:15674788:T:C     208.62346
889  20:15676306:G:A     115.43563
890  20:15679571:T:G    1049.43551
891  20:15680489:G:C     272.32879
892  20:15683325:C:A     292.98404
893  20:15684024:T:C     549.73603
894  20:15684864:C:T      86.83581
895  20:15687671:C:T      90.65744
896  20:15688871:C:A     410.56230
897  20:15689865:G:C     187.60198
898  20:15691125:C:T     700.83480
899  20:15691346:C:G    1137.47255
900  20:15692504:C:T      93.53559
901  20:15695502:A:G     353.34008
902  20:15695993:C:A     402.92557
903  20:15696084:A:C     335.69626
904  20:15697294:C:T     218.25331
905  20:15698025:T:C     427.57583
906  20:15699836:T:C      10.03896
907  20:15700525:G:A     249.67733
908  20:15702480:C:T     131.33609
909  20:15706467:A:T     104.47568
910  20:15707182:A:G     147.23002
911  20:15707639:A:C     322.57533
912  20:15708522:A:G     202.93548
913  20:15709171:C:A     254.77580
914  20:15710241:A:G     664.69359
915  20:15711468:A:G     124.33621
916  20:15711993:G:A     105.70981
917  20:15712407:T:A     209.09044
918  20:15715365:A:G     187.47624
919  20:15717540:A:G     576.03695
920  20:15718470:G:A     203.33039
921  20:15718596:C:T     278.77091
922  20:15719984:G:T     199.02847
923  20:15720565:G:T     166.22957
924  20:15720806:G:A     155.15694
925  20:15720962:A:G     730.68025
926  20:15723799:T:A     131.18958
927  20:15724794:G:A      96.60572
928  20:15726057:G:A    1049.43551
929  20:15727695:G:A     921.23277
930  20:15728718:C:A      82.82766
931  20:15730525:G:C     507.09351
932  20:15730723:A:G     716.59562
933  20:15732579:A:G     350.70677
934  20:15733847:C:G     567.34701
935  20:15733909:G:A      96.29946
936  20:15736353:A:G      78.20287
937  20:15736514:G:A     259.84213
938  20:15738249:T:C     822.13634
939  20:15738829:A:G      78.57399
940  20:15738964:A:G      28.02809
941  20:15742942:C:G      60.76410
942  20:15745129:G:A     152.93820
943  20:15746378:A:G     261.66427
944  20:15749815:C:T     192.66405
945  20:15750640:C:A     115.62422
946  20:15753459:T:C     789.54719
947  20:15755890:A:C      73.32974
948  20:15756007:C:T      94.43411
949  20:15758969:A:T     247.31300
950  20:15761688:A:T      81.60399
951  20:15766807:A:T     163.10770
952  20:15769704:G:A     365.35290
953  20:15776072:G:A     177.84989
954  20:15778012:A:G     789.29030
955  20:15780942:C:T     193.75460
956  20:15782424:T:C     114.68654
957  20:15783630:A:G     230.26614
958  20:15785216:C:T     171.91530
959  20:15785217:G:A     114.17971
960  20:15789090:A:C     138.97441
961  20:15789122:C:T     448.59779
962  20:15791728:A:G     854.80578
963  20:15791801:C:G     126.32863
964  20:15792147:C:G      33.42064
965  20:15794422:G:A     247.48334
966  20:15794696:C:T     162.10939
967  20:15796102:C:G      60.95056
968  20:15801600:T:C     735.81492
969  20:15804604:A:G      83.24004
970  20:15804910:G:A     132.59662
971  20:15805164:C:G      86.96371
972  20:15805501:G:A     220.89039
973  20:15806765:T:C     165.79982
974  20:15807441:T:C     351.47395
975  20:15808494:C:G     174.31084
976  20:15810800:A:G     105.50701
977  20:15811100:T:C      76.34000
978  20:15811604:C:G      28.02809
979  20:15812060:T:C     111.45522
980  20:15812550:G:A      81.41076
981  20:15812665:G:A     731.42354
982  20:15812882:A:G     308.45709
983  20:15814045:A:G      65.40373
984  20:15814487:C:T     187.46464
985  20:15814825:C:T     201.66676
986  20:15815701:A:G     155.75755
987  20:15817527:A:G     141.76295
988  20:15817915:T:A     203.80867
989  20:15820657:A:T     246.73652
990  20:15821875:G:A     714.77486
991  20:15822002:G:C     174.31084
992  20:15823747:G:A      95.76651
993  20:15825803:C:T     570.87021
994  20:15826445:C:T     201.66676
995  20:15827792:A:G      28.02809
996  20:15829201:C:T     474.55395
997  20:15829288:G:T     141.76295
998  20:15832299:A:T     395.41089
999  20:15833204:C:T     174.31084
1000 20:15833245:C:T     691.70563
1001 20:15833746:G:A     151.08270
1002 20:15839044:G:A      86.34054
1003 20:15841161:C:T     178.97011
1004 20:15841794:C:G      83.25507
1005 20:15841903:A:G     163.46554
1006 20:15842368:C:T     149.92790
1007 20:15843733:A:G     275.29136
1008 20:15844418:A:G     227.78051
1009 20:15846561:A:G     155.97721
1010 20:15849202:T:G     203.80867
1011 20:15854901:T:A     329.03673
1012 20:15855572:G:C      68.94114
1013 20:15857394:A:G     304.07295
1014 20:15857407:G:C     154.20828
1015 20:15858073:G:T     665.44119
1016 20:15864206:C:T     211.92400
1017 20:15865420:C:T     191.49524
1018 20:15866724:C:G      88.30549
1019 20:15867605:G:T     155.97721
1020 20:15868021:G:A     228.94881
1021 20:15872736:A:T     701.84729
1022 20:15966999:C:A     106.86844
1023 20:15967327:A:G     804.57987
1024 20:15968581:G:T     168.59142
1025 20:15970563:T:A     233.27576
1026 20:15970767:G:A     260.80967
1027 20:15970882:G:A      87.22671
1028 20:15971823:C:G     568.48354
1029 20:15972301:C:T     511.28488
1030 20:15973276:C:T     121.64418
1031 20:15973379:G:T     675.17639
1032 20:15973427:A:G     144.55439
1033 20:15979364:C:T     262.33130
1034 20:15981119:G:A     728.01818
1035 20:15984565:C:T     692.13531
1036 20:15984804:T:G      84.03812
1037 20:15985030:C:T     252.50042
1038 20:15986871:A:G     431.53205
1039 20:15990013:C:T      99.65606
1040 20:15990099:C:T     481.81896
1041 20:15993193:G:A     685.75405
1042 20:15993793:C:A     251.95119
1043 20:15996823:A:G     398.47987
1044 20:15999954:G:A     178.17276
1045 20:15999969:G:A     203.49068
1046 20:16000249:G:C     173.61434
1047 20:16001860:G:A      79.76714
1048 20:16003922:T:C     741.18442
1049 20:16004106:G:A     431.53205
1050 20:16006361:G:A     481.81896
1051 20:16010855:G:A     283.28711
1052 20:16011595:T:C     158.59422
1053 20:16012425:A:T      59.13205
1054 20:16012937:G:A     198.02372
1055 20:16018619:G:A     123.62906
1056 20:16019177:G:T     338.55551
1057 20:16022316:T:G      78.07081
1058 20:16023243:A:G     107.34392
1059 20:16024597:G:A     644.68013
1060 20:16025289:G:T     262.92130
1061 20:16025379:C:T      95.13848
1062 20:16027472:C:T     205.62273
1063 20:16029972:A:G     179.57375
1064 20:16032584:A:G     172.15473
1065 20:16032947:A:G     262.49836
1066 20:16034378:C:T     792.50530

{"project":"masters","channel":"laplacian","event":"Laplacian Construction is complete","description":"Genes 8-8","icon":"🔥","notify":true,"parser":"text"}