[1] "No duplicate edges found. Skipping simplify()."
$graphxx
   gene  density    mean_dist transitivity edge_dens vertex_con edge_con
1 CDH13 0.437416 2.782938e-06    0.4924908  0.437416         37       37

$snpsbetw_centrDF
                 SNP snpbetw_centr
1    16:82662523:C:T    118.556322
2    16:82665486:C:T    170.126754
3    16:82665855:G:A    747.306604
4    16:82666158:T:G     86.700031
5    16:82668376:A:G    340.765671
6    16:82668395:C:T    193.467485
7    16:82670268:T:C     74.661989
8    16:82670452:G:A    372.698398
9    16:82670636:A:G    297.716040
10   16:82670696:C:T     66.759529
11   16:82672454:C:T    355.312390
12   16:82672483:G:C    744.459521
13   16:82673715:T:C     98.991271
14   16:82674055:C:G    728.374304
15   16:82674464:T:C    116.015528
16   16:82675129:G:T     82.938990
17   16:82675137:A:G     65.601252
18   16:82677257:G:C    302.101963
19   16:82677345:T:G     93.913599
20   16:82677693:G:C    209.273283
21   16:82677795:C:A    201.891663
22   16:82677802:C:T    685.833763
23   16:82677875:C:T    299.040770
24   16:82677889:C:G    392.283903
25   16:82677892:T:C    239.690255
26   16:82677948:G:A    360.306228
27   16:82678223:T:C    740.468774
28   16:82678443:T:A    188.903536
29   16:82679345:G:A    209.759790
30   16:82679532:G:C    826.961171
31   16:82680663:C:A    328.421890
32   16:82681355:C:G    173.685598
33   16:82683202:T:C     78.949224
34   16:82684863:A:G    473.009460
35   16:82685018:A:G     65.272338
36   16:82686392:A:C    769.233850
37   16:82686755:T:C    103.377242
38   16:82686766:T:C    104.145120
39   16:82687412:C:T     79.144559
40   16:82688068:T:G    126.087373
41   16:82689696:A:T    388.473341
42   16:82692465:G:A   1067.020831
43   16:82692647:A:G    137.694713
44   16:82693464:C:T     84.305083
45   16:82693921:T:C     94.229357
46   16:82694222:G:A     76.917130
47   16:82694603:T:C    595.878687
48   16:82694619:A:G    130.469196
49   16:82696286:A:G    445.855889
50   16:82696350:A:C    557.531117
51   16:82696394:C:T    632.268210
52   16:82696777:C:T    320.364469
53   16:82697045:C:T    537.446842
54   16:82697135:C:G    757.152031
55   16:82697593:T:C    505.836752
56   16:82699216:G:A    172.308357
57   16:82699323:G:A    174.215889
58   16:82699816:A:G    143.007340
59   16:82700937:G:T    414.607261
60   16:82701268:C:T    767.867524
61   16:82702075:T:C     85.217829
62   16:82703372:A:G    103.091088
63   16:82703474:C:T    135.295795
64   16:82705606:G:C    302.619204
65   16:82705771:C:T    785.753912
66   16:82706362:A:G     86.161341
67   16:82709866:C:G    424.105365
68   16:82710152:C:T   1165.882389
69   16:82712457:C:A     88.622187
70   16:82713103:C:G    555.048572
71   16:82713551:T:C    740.278326
72   16:82714611:A:G    161.213249
73   16:82714773:T:C    234.382184
74   16:82715721:A:G    176.024850
75   16:82716656:T:G    142.463839
76   16:82717049:C:T    256.597286
77   16:82719836:T:C    499.813106
78   16:82720168:A:G    189.955975
79   16:82723876:G:C    233.175331
80   16:82724185:G:A    669.583175
81   16:82724240:T:C    142.484833
82   16:82725996:A:G    318.932614
83   16:82726319:C:T    195.532791
84   16:82726747:G:A    290.184834
85   16:82728687:G:A    118.955670
86   16:82728756:C:T    244.012147
87   16:82729035:G:T    252.186174
88   16:82729187:A:G     39.847055
89   16:82729250:G:C     73.198019
90   16:82732586:G:A    136.582338
91   16:82732603:T:C    753.551386
92   16:82733440:T:G    441.820044
93   16:82734644:T:C    132.970534
94   16:82734780:C:T    172.056551
95   16:82735532:T:C     93.276973
96   16:82737687:T:C    135.819321
97   16:82740108:A:G    181.167694
98   16:82740674:T:C    425.279908
99   16:82741635:C:G    157.411256
100  16:82744226:T:G    111.018427
101  16:82745040:A:G    124.479499
102  16:82745777:G:A    264.273781
103  16:82745923:T:A    144.772176
104  16:82746056:C:A    165.052495
105  16:82746310:A:T    129.764810
106  16:82747426:C:A    721.315833
107  16:82748233:G:T    298.656659
108  16:82748352:C:T    104.023494
109  16:82750051:A:G    299.866413
110  16:82751354:T:A    417.779383
111  16:82751393:A:T    633.898537
112  16:82751915:C:T    197.189706
113  16:82751952:G:A    308.558745
114  16:82753609:C:G    185.226195
115  16:82754420:T:G     45.252602
116  16:82755068:G:A    219.357116
117  16:82755152:G:T    132.476186
118  16:82757371:T:C    134.266227
119  16:82757772:C:G     89.567362
120  16:82758100:T:C    120.604852
121  16:82758667:A:G     68.531614
122  16:82759314:G:A    752.534417
123  16:82759575:G:T    269.932988
124  16:82760042:C:T      1.254868
125  16:82760210:A:G    123.201841
126  16:82762985:C:T    285.265760
127  16:82764086:C:A    648.762522
128  16:82767999:G:A    145.709883
129  16:82768690:G:T    335.628472
130  16:82770533:T:C    720.401299
131  16:82770656:C:G    737.389472
132  16:82770895:C:G    101.242204
133  16:82770916:T:C     68.531614
134  16:82771640:C:T    723.739184
135  16:82776071:T:C      1.254868
136  16:82776234:T:C    739.345930
137  16:82776917:A:T    259.794267
138  16:82777015:G:A    200.788582
139  16:82778874:G:A    380.310643
140  16:82782318:G:A    756.414132
141  16:82782542:G:A     79.253143
142  16:82783144:A:G    237.171674
143  16:82785119:A:T    157.805554
144  16:82785367:T:G    466.646339
145  16:82786040:G:A    495.455036
146  16:82788307:G:A    120.604852
147  16:82789089:C:T    762.085538
148  16:82791722:C:G     47.285838
149  16:82792469:T:C    564.410893
150  16:82793492:G:A    322.390353
151  16:82794389:C:T    130.582057
152  16:82794465:C:T    258.545808
153  16:82798631:G:A     47.388033
154  16:82798874:C:T    319.369446
155  16:82799127:T:C    744.418359
156  16:82801785:C:G    122.272141
157  16:82804193:A:G    247.129755
158  16:82805384:T:C    800.445616
159  16:82805951:T:C      1.254868
160  16:82806045:G:C    192.667468
161  16:82864247:G:A    732.735827
162  16:82864371:C:T     92.675637
163  16:82864876:C:A    313.410964
164  16:82865579:T:A    108.785771
165  16:82866739:A:T    660.936015
166  16:82867500:C:G    121.866416
167  16:82868995:G:A    170.817680
168  16:82869552:A:C    188.922648
169  16:82872628:C:G    736.177800
170  16:82873443:G:C   1071.341806
171  16:82874016:A:G    283.022205
172  16:82874370:A:C    103.491271
173  16:82874569:C:G    114.790904
174  16:82877301:T:C    155.591918
175  16:82877570:C:T    492.579002
176  16:82877680:C:A    711.503973
177  16:82878073:G:A     47.727891
178  16:82878768:G:A    100.189199
179  16:82879408:C:A    126.355188
180  16:82883196:A:G    281.781859
181  16:82883446:C:A    588.350984
182  16:82884345:A:G   1071.341806
183  16:82888050:C:A    167.994709
184  16:82888935:G:C    267.632709
185  16:82889369:T:A    220.265501
186  16:82889582:T:A    727.917824
187  16:82892037:A:G     62.645340
188  16:82892874:C:G    224.991788
189  16:82894555:C:T    210.397435
190  16:82894981:A:G    351.391316
191  16:82895079:T:G    730.954514
192  16:82895390:C:T    152.732525
193  16:82897323:A:T    324.826121
194  16:82899561:C:T    753.291391
195  16:82908528:A:G    247.683458
196  16:82908807:C:T    195.776932
197  16:82909807:A:G    267.877606
198  16:82912374:T:C    352.704228
199  16:82914268:T:C     96.921783
200  16:82915418:G:A     82.440800
201  16:82922384:T:C    380.050902
202  16:82924120:A:C    140.509171
203  16:82925908:T:C    136.016363
204  16:82927367:A:G   1418.997760
205  16:82928813:C:T    110.873153
206  16:82928892:A:G     82.440800
207  16:82929961:A:G     87.619550
208  16:82931179:C:G    135.397094
209  16:82932591:G:T    121.027630
210  16:82934231:T:C     47.727891
211  16:82934353:A:G    348.701998
212  16:82934879:A:T    176.567947
213  16:82935532:C:G    402.162088
214  16:82936353:A:T    668.825984
215  16:82937545:C:G    314.646610
216  16:82940014:A:G    172.879428
217  16:82941104:A:G    135.397094
218  16:82941872:C:T    111.726685
219  16:82944227:C:T    217.650770
220  16:82944714:G:C    192.031508
221  16:82946152:G:A    146.014669
222  16:82948031:T:G    539.520025
223  16:82949100:G:A     93.631408
224  16:82949155:G:A    735.415800
225  16:82949237:G:A     49.164215
226  16:82950144:A:G    643.243304
227  16:82950502:A:G    416.489615
228  16:82951667:T:G     74.807339
229  16:82953345:G:A    121.027630
230  16:82953960:A:G    673.659370
231  16:82957961:G:C    168.264617
232  16:82959559:G:A    154.562576
233  16:82962763:A:T    265.196927
234  16:82964541:C:A    741.554721
235  16:82964580:C:T    128.314661
236  16:82966013:G:C    715.514788
237  16:82966950:G:T    122.237459
238  16:82968365:T:G    747.364767
239  16:82969790:G:T     78.437608
240  16:82969968:A:C    114.160877
241  16:82970177:C:G    277.792751
242  16:82970242:C:G    334.815489
243  16:82971651:A:G     53.727621
244  16:82971679:C:T     82.440800
245  16:82973479:G:A    109.345727
246  16:82976342:G:C    269.492368
247  16:82978206:T:G    741.546642
248  16:82980556:C:G     99.331809
249  16:82980764:C:A    203.386816
250  16:82982910:T:C     53.727621
251  16:82982972:C:T    196.701544
252  16:82984002:C:T     54.731560
253  16:82984868:C:T    168.652269
254  16:82985851:C:G    219.066379
255  16:83024430:G:A     90.950245
256  16:83025285:C:T     96.270496
257  16:83025959:A:G    127.611531
258  16:83028851:C:T    148.021313
259  16:83030292:A:G    177.714802
260  16:83031252:C:T    674.754685
261  16:83032550:C:G    343.266616
262  16:83033321:A:G     90.950245
263  16:83035708:C:T    464.316938
264  16:83037907:A:G    169.978358
265  16:83039836:A:C    199.627446
266  16:83040513:G:T     90.940593
267  16:83040541:T:G      1.254868
268  16:83041378:A:G    368.507946
269  16:83041421:G:A     95.750521
270  16:83042116:C:G     78.950940
271  16:83042534:G:A    306.259111
272  16:83042817:C:G    159.060122
273  16:83043205:C:A    158.925093
274  16:83043318:C:T    742.052512
275  16:83049340:C:T    225.972861
276  16:83052164:G:A     87.029609
277  16:83052188:C:T     95.750521
278  16:83052907:T:A     78.950940
279  16:83053045:T:G     33.667312
280  16:83054065:C:T    146.855644
281  16:83054128:G:C     58.653751
282  16:83054249:C:G    209.540434
283  16:83055222:A:G    702.244023
284  16:83055464:A:G    406.417040
285  16:83055964:A:G    159.060122
286  16:83056076:A:G    146.918674
287  16:83059913:A:C    538.890548
288  16:83060027:T:G    163.585348
289  16:83060297:G:A    694.206426
290  16:83060717:C:G    297.852077
291  16:83061691:C:T     91.244101
292  16:83062965:G:A    120.911319
293  16:83067098:A:C    197.443416
294  16:83067662:C:G    287.050025
295  16:83067711:C:T    677.084109
296  16:83068750:C:A    117.413359
297  16:83070118:C:G    181.037056
298  16:83073058:C:G    160.706642
299  16:83074449:T:C     67.133914
300  16:83075455:T:C    268.123501
301  16:83076634:G:T    791.298185
302  16:83077197:C:T     91.244101
303  16:83078358:G:A    353.070725
304  16:83078735:G:A    160.690919
305  16:83078972:G:A    213.234265
306  16:83079014:C:T    427.596637
307  16:83079570:A:G     81.346664
308  16:83079639:C:G    138.490218
309  16:83079828:A:T    360.896014
310  16:83079884:C:G    120.000146
311  16:83080002:T:C    302.234214
312  16:83080420:C:T    530.661587
313  16:83080502:C:T    710.040131
314  16:83080639:T:C    200.707144
315  16:83080643:C:T    494.624678
316  16:83080806:C:T    126.874611
317  16:83080940:G:A    168.052756
318  16:83080952:T:C    232.046113
319  16:83081101:G:A    191.378967
320  16:83081782:C:G      1.254868
321  16:83082437:T:C    297.000388
322  16:83085547:T:G    288.693525
323  16:83086369:G:A     48.329445
324  16:83086375:T:C    292.568136
325  16:83087218:G:C    729.364970
326  16:83088513:G:A    292.949977
327  16:83089503:T:C     79.881505
328  16:83089568:A:G    137.552270
329  16:83095474:A:C     94.872721
330  16:83095528:G:A    139.844783
331  16:83095757:T:A     72.704066
332  16:83101608:T:C     79.881505
333  16:83102056:A:G    273.534956
334  16:83103934:G:C    715.050537
335  16:83104307:A:C    379.509842
336  16:83104781:G:A     86.708431
337  16:83105733:G:T    445.040453
338  16:83114033:C:T    118.697111
339  16:83114930:A:G    191.866580
340  16:83115491:C:T    263.601266
341  16:83122461:T:C     87.516723
342  16:83122605:C:G    246.488170
343  16:83122677:A:G    716.435267
344  16:83123517:G:C    396.711277
345  16:83123651:G:T    146.481713
346  16:83123771:T:C     92.444961
347  16:83124081:A:T    145.646551
348  16:83125922:A:G      1.254868
349  16:83127065:A:G    154.475057
350  16:83127137:C:G    387.597284
351  16:83127692:C:G    709.130971
352  16:83129695:A:G    219.823400
353  16:83130260:C:T      1.254868
354  16:83131764:C:T     33.913444
355  16:83131826:T:C      1.254868
356  16:83132104:G:A    391.391348
357  16:83132767:T:A    709.130971
358  16:83134337:C:T     92.597887
359  16:83135411:G:C    451.947657
360  16:83136911:G:A    135.143679
361  16:83138634:C:T    478.628319
362  16:83138817:G:C   1071.341806
363  16:83139258:T:C    364.522437
364  16:83140833:A:C    103.561062
365  16:83143445:C:T    542.808526
366  16:83144060:C:T    788.994500
367  16:83145107:T:A    109.563266
368  16:83145982:A:C    166.144565
369  16:83146320:C:T    102.229100
370  16:83148780:T:G    182.852998
371  16:83149215:C:G    538.947290
372  16:83151469:G:A    724.042273
373  16:83152847:G:A    220.596106
374  16:83153398:C:T     67.367121
375  16:83154427:G:C    151.040912
376  16:83154613:C:T    185.669425
377  16:83155229:C:T     95.988915
378  16:83157072:C:T    119.426483
379  16:83157143:C:G    803.144203
380  16:83157736:C:T     73.293953
381  16:83158818:C:G     75.001502
382  16:83159818:G:A    249.407708
383  16:83160410:G:T    114.584806
384  16:83161341:C:A    333.371183
385  16:83162101:A:G    288.652183
386  16:83163509:A:G    178.206048
387  16:83164704:C:T    107.926672
388  16:83164837:G:A    119.113299
389  16:83165835:C:G    283.756932
390  16:83165910:T:C    224.981355
391  16:83165968:G:A    339.149049
392  16:83166179:A:C    396.262384
393  16:83167340:G:A    106.554431
394  16:83168132:G:A    421.663793
395  16:83168699:G:C    802.922345
396  16:83169760:C:A    242.217611
397  16:83171446:A:G   1071.341806
398  16:83172153:A:G    658.507580
399  16:83173954:C:G     56.379090
400  16:83174822:C:G    111.529190
401  16:83175556:C:T    117.746796
402  16:83176245:A:C    103.715033
403  16:83179231:C:T    214.366552
404  16:83180655:T:C    311.196964
405  16:83181088:A:T    142.438618
406  16:83181732:G:A    274.982011
407  16:83182247:C:G   1071.341806
408  16:83182912:C:A    117.047913
409  16:83184339:A:G    147.307222
410  16:83188272:A:G    304.779136
411  16:83191333:A:C    431.441297
412  16:83191645:C:T    139.572398
413  16:83191778:C:T    147.919963
414  16:83191941:T:C   1008.256191
415  16:83192102:T:A    283.828160
416  16:83192878:G:A    130.091570
417  16:83193175:A:G    194.031589
418  16:83193813:A:G    183.220798
419  16:83193918:G:T     64.860052
420  16:83194218:C:T    157.647308
421  16:83194481:T:C     29.953343
422  16:83195641:C:G    269.502293
423  16:83197327:T:C    776.893113
424  16:83198459:C:A     59.813797
425  16:83198749:C:G     80.143175
426  16:83199079:A:C    155.706569
427  16:83201777:T:A    325.962318
428  16:83202405:C:T    683.264207
429  16:83202929:C:A    344.843012
430  16:83204347:C:T    102.303050
431  16:83204474:A:C     78.549198
432  16:83205543:G:A    121.742013
433  16:83206558:C:T    160.293779
434  16:83206698:C:G    283.393368
435  16:83206941:A:T    628.466922
436  16:83207071:A:G    708.458537
437  16:83207678:C:G     82.055638
438  16:83208101:A:C   1071.341806
439  16:83208966:C:T    106.938409
440  16:83209927:C:T    154.519829
441  16:83211653:A:G    139.572398
442  16:83213677:A:T    356.090747
443  16:83217581:C:T    686.334062
444  16:83218617:T:G    755.129087
445  16:83219520:C:T    154.519829
446  16:83220617:C:G   1041.409221
447  16:83223578:G:A     80.050284
448  16:83225231:A:G     82.055638
449  16:83226427:G:A    160.540036
450  16:83226527:A:C    181.942988
451  16:83226661:G:T    360.551565
452  16:83228308:A:G    769.865555
453  16:83228714:G:C    765.628500
454  16:83231868:G:A     93.579053
455  16:83232120:C:G    143.612900
456  16:83233704:T:G    381.249140
457  16:83233859:C:T     87.818713
458  16:83233951:A:G     82.055638
459  16:83234338:T:C    140.192565
460  16:83234818:T:C     67.520904
461  16:83234997:G:A    343.559452
462  16:83235224:T:C    426.019428
463  16:83235318:T:C    177.313011
464  16:83235327:C:G    200.739097
465  16:83235650:T:C    187.858651
466  16:83236406:T:C    659.110765
467  16:83239012:C:G    419.265307
468  16:83241128:T:C     71.150515
469  16:83241215:G:C   1130.561059
470  16:83242076:T:G    289.383469
471  16:83244238:G:A    166.322646
472  16:83244908:G:A    560.241252
473  16:83246126:A:G     70.231159
474  16:83247602:C:T    168.890132
475  16:83248796:C:T     55.727514
476  16:83249287:T:C    259.519722
477  16:83249442:A:G    303.819613
478  16:83249980:T:A     53.634500
479  16:83250052:C:G    198.433153
480  16:83250550:A:C    128.805464
481  16:83252726:G:A    114.391929
482  16:83253058:C:T    129.016804
483  16:83253546:G:A    187.755672
484  16:83253890:A:G     64.260098
485  16:83254122:C:T    122.708250
486  16:83257733:T:G     40.848226
487  16:83257809:A:G    115.820432
488  16:83259167:T:C    474.952062
489  16:83259253:C:T    789.657702
490  16:83261615:T:C     97.613779
491  16:83264692:C:T    165.134976
492  16:83264859:C:T     60.385795
493  16:83265094:C:T     68.718640
494  16:83266219:T:C     85.351824
495  16:83266851:A:G    153.966671
496  16:83266919:A:C    725.851524
497  16:83266945:C:T     86.354796
498  16:83267329:T:G    124.081176
499  16:83270541:T:C    697.111490
500  16:83270736:A:G    672.040489
501  16:83270767:G:T    112.844573
502  16:83274308:T:A   1199.533059
503  16:83274617:C:T    319.317730
504  16:83276033:A:G    253.185235
505  16:83276642:T:A     52.987512
506  16:83277680:G:A    692.501538
507  16:83278212:A:G    112.805872
508  16:83280474:A:G      1.254868
509  16:83284405:C:T    587.781661
510  16:83284796:G:A    419.382505
511  16:83288453:C:A    703.250833
512  16:83288507:T:C   1199.533059
513  16:83289737:G:C    508.394954
514  16:83290232:G:C    165.852392
515  16:83290264:G:A    130.156071
516  16:83290492:T:G    101.205724
517  16:83292019:G:A    348.582845
518  16:83293849:A:G     90.206089
519  16:83296232:T:G    469.200412
520  16:83297331:C:T    267.851015
521  16:83297439:C:T    671.410233
522  16:83297491:T:A    792.244338
523  16:83298910:T:G    207.728550
524  16:83299067:G:A    508.394954
525  16:83299602:T:C    305.662145
526  16:83299699:G:A    264.673745
527  16:83299700:T:C    537.649976
528  16:83300393:T:C    121.596189
529  16:83300928:G:C    349.523985
530  16:83303147:A:G    775.133306
531  16:83304453:C:T     88.048879
532  16:83304907:C:T    501.147258
533  16:83305101:T:C    112.641905
534  16:83305240:C:G     48.669149
535  16:83305467:A:T    351.527131
536  16:83306143:A:C    301.785410
537  16:83307296:A:C     87.806179
538  16:83307375:C:T     73.818394
539  16:83307723:C:T    710.963143
540  16:83307764:G:C    573.860652
541  16:83307778:G:T    561.226043
542  16:83308447:A:G    199.442732
543  16:83309043:T:C    122.012426
544  16:83309986:C:G     85.044325
545  16:83311269:C:G     62.547747
546  16:83311301:C:G    127.624939
547  16:83312045:G:T    124.379327
548  16:83314482:C:T    214.971792
549  16:83315466:C:T    145.564765
550  16:83315646:A:T    624.454662
551  16:83316834:A:G    790.632025
552  16:83317816:C:T     60.195040
553  16:83318584:C:T    231.245165
554  16:83318946:C:T    141.595255
555  16:83319079:T:G    177.084534
556  16:83319137:C:T    234.723470
557  16:83319785:A:C    110.929591
558  16:83320278:C:A    112.928153
559  16:83321494:C:T    222.566015
560  16:83323854:G:C    176.962727
561  16:83326059:C:A    677.442419
562  16:83326219:C:G    157.986053
563  16:83327610:A:G    251.627179
564  16:83328521:T:G    184.383482
565  16:83329462:C:T      1.254868
566  16:83333213:C:G    271.155576
567  16:83335183:C:T    319.647642
568  16:83335563:A:T     71.635478
569  16:83335646:C:T    164.062339
570  16:83335684:C:G    323.299299
571  16:83336001:C:G    157.647175
572  16:83336417:A:G    119.431937
573  16:83336845:T:C    281.993919
574  16:83338977:A:G    181.790741
575  16:83339955:T:C    106.377656
576  16:83340245:C:T    225.443513
577  16:83340567:G:A     48.563985
578  16:83341534:C:T    144.947753
579  16:83343113:G:C    695.280669
580  16:83343483:G:T     65.779000
581  16:83346471:C:T    200.412498
582  16:83348456:A:G   1284.685125
583  16:83348812:G:A    100.172212
584  16:83349367:A:T    277.622548
585  16:83351421:G:A    297.554684
586  16:83353468:A:T    226.037794
587  16:83353767:C:G    189.803111
588  16:83354955:T:C    251.220319
589  16:83355279:G:A    109.259183
590  16:83357123:C:T    128.468889
591  16:83357935:C:T    700.988965
592  16:83359177:C:T    353.447858
593  16:83359531:C:G    313.113412
594  16:83359657:A:G     94.542200
595  16:83359748:T:C    331.002287
596  16:83360445:C:T    121.617737
597  16:83362272:G:A     89.156730
598  16:83365331:G:A   1445.594036
599  16:83366987:G:C    150.205549
600  16:83369829:C:T     92.860014
601  16:83370791:G:A     82.039989
602  16:83372672:A:T    624.430709
603  16:83373085:A:G    316.561589
604  16:83375980:G:A    146.214316
605  16:83379741:C:T     63.333260
606  16:83380129:G:A    199.477368
607  16:83382861:C:T    268.902453
608  16:83383700:A:C    149.835704
609  16:83384675:T:C    185.697622
610  16:83385288:G:A    221.042637
611  16:83385326:G:A    183.887811
612  16:83386685:G:A     57.969857
613  16:83387367:C:T    355.566631
614  16:83388041:C:T    103.306980
615  16:83389371:T:C    108.696249
616  16:83390442:C:G    249.640627
617  16:83390775:C:A    689.099385
618  16:83392764:T:C    149.835704
619  16:83394664:A:G    141.473298
620  16:83397750:A:T    192.708428
621  16:83400678:A:C    655.889332
622  16:83404620:A:G     70.164055
623  16:83405037:C:G     73.903515
624  16:83405493:C:G     48.880210
625  16:83405551:G:A    730.234384
626  16:83406925:C:T    150.133423
627  16:83407943:C:T    119.351540
628  16:83408204:T:A    104.847783
629  16:83409217:G:C    519.919904
630  16:83409332:G:A    215.612831
631  16:83411510:G:C    177.948714
632  16:83412838:G:A    183.170319
633  16:83413052:T:C     64.164107
634  16:83413252:G:T     86.363279
635  16:83413477:G:A    184.751476
636  16:83414233:C:T     48.268709
637  16:83415603:G:T    729.146458
638  16:83417606:C:T    401.687186
639  16:83417845:G:A     65.009535
640  16:83419204:A:G    166.447100
641  16:83420074:C:T    163.322645
642  16:83420684:T:C    217.408456
643  16:83420818:T:G    218.110620
644  16:83421181:G:A    678.017901
645  16:83421195:A:T     82.182731
646  16:83421520:T:A    173.861821
647  16:83421683:G:A     86.142915
648  16:83423397:G:T    385.995727
649  16:83423650:C:T    723.396969
650  16:83424614:A:G    263.321668
651  16:83425760:T:A    126.722619
652  16:83427329:G:A    158.575756
653  16:83428094:T:C    642.794236
654  16:83428137:G:C    328.653949
655  16:83428244:T:C    719.549700
656  16:83428361:G:C    297.965113
657  16:83429339:T:C    350.641115
658  16:83429902:G:C    758.814536
659  16:83431258:C:G    135.587044
660  16:83431339:C:G    294.711146
661  16:83431792:A:C    107.609417
662  16:83435658:T:C    234.473580
663  16:83435868:A:T    257.078055
664  16:83435942:A:G    405.361051
665  16:83436378:A:T    669.884136
666  16:83437667:G:A     61.725564
667  16:83439150:T:C    267.898521
668  16:83440066:C:T    266.844391
669  16:83440635:C:T    201.885766
670  16:83441927:T:G      1.254868
671  16:83442736:G:C    673.919391
672  16:83443055:T:C     89.785266
673  16:83443748:G:A    431.334843
674  16:83444145:A:G     80.183531
675  16:83444670:C:T    196.753006
676  16:83446060:A:C    544.426350
677  16:83447175:T:G     15.346309
678  16:83447271:C:T    283.052096
679  16:83447394:T:C    130.319319
680  16:83447967:C:G     89.785266
681  16:83448091:C:G    140.588940
682  16:83448095:G:A     61.725564
683  16:83450250:T:A    101.407927
684  16:83450962:A:G    335.306240
685  16:83451446:C:G    728.553704
686  16:83451550:C:G     80.799703
687  16:83451606:T:C    712.464980
688  16:83452593:C:T    187.850866
689  16:83455913:C:G    270.781069
690  16:83456355:A:G     76.970070
691  16:83458420:G:T    141.665013
692  16:83460689:G:A    211.569781
693  16:83461534:G:A    165.632319
694  16:83464836:G:A    209.357805
695  16:83464860:G:A    121.780055
696  16:83468488:A:G    795.731331
697  16:83468690:C:G    141.665013
698  16:83469135:C:A    111.128091
699  16:83471598:C:T      1.254868
700  16:83473113:C:T    327.317986
701  16:83473126:A:G    133.574364
702  16:83473232:T:C    245.103522
703  16:83473249:A:G    740.012222
704  16:83474217:G:A    168.906073
705  16:83476373:G:T    127.836467
706  16:83476525:T:C    427.495920
707  16:83476701:A:C    516.642751
708  16:83476719:C:T    709.088078
709  16:83476894:C:T    103.358563
710  16:83476903:C:T    676.595370
711  16:83477676:A:G    133.768384
712  16:83478031:G:A    321.100262
713  16:83478083:T:A    791.403453
714  16:83478573:G:C      1.254868
715  16:83479677:G:T    230.620183
716  16:83481480:C:T     90.854689
717  16:83483030:C:T    156.828048
718  16:83483174:C:A    119.131310
719  16:83483429:T:C    175.446345
720  16:83485659:G:A   1144.418313
721  16:83485889:C:T     61.926525
722  16:83486137:G:A     61.704598
723  16:83486478:C:T     62.002956
724  16:83487571:G:A     53.943471
725  16:83487723:C:G    101.733977
726  16:83487874:G:A    215.274316
727  16:83489411:C:T    340.654272
728  16:83490044:C:T     68.936344
729  16:83490561:T:C    755.252257
730  16:83490729:C:T    275.538901
731  16:83491822:T:C      1.254868
732  16:83492010:G:A    142.133257
733  16:83492134:C:G    123.594912
734  16:83493135:T:G    207.463178
735  16:83498816:C:T    109.877525
736  16:83500251:G:C    537.149963
737  16:83501087:C:A    280.776472
738  16:83501836:T:G      1.254868
739  16:83502949:C:T    216.538554
740  16:83503237:C:T    728.059376
741  16:83503560:C:G     33.244907
742  16:83505126:G:A     91.727918
743  16:83505391:C:G    104.946319
744  16:83507561:G:A    122.647345
745  16:83507574:G:A    110.563329
746  16:83510068:G:A      1.254868
747  16:83510815:A:G    535.276640
748  16:83511134:C:T    102.112087
749  16:83512610:C:A    124.688419
750  16:83513211:A:G    300.466955
751  16:83513966:A:T    127.058610
752  16:83515714:A:G     59.205846
753  16:83516756:C:T      1.254868
754  16:83516973:G:C    263.632635
755  16:83517188:A:G    478.229738
756  16:83517259:A:C    133.912807
757  16:83517716:T:C    689.478338
758  16:83518447:G:A    151.703807
759  16:83519341:A:T    277.205391
760  16:83523395:G:C    127.918883
761  16:83524073:C:T    134.782771
762  16:83524511:G:A    285.457858
763  16:83527191:G:A    123.131953
764  16:83528965:T:G    140.285787
765  16:83529017:G:C    159.635514
766  16:83529409:G:A    288.950438
767  16:83529536:G:A    451.244782
768  16:83530898:A:C    155.086340
769  16:83531032:C:T    301.108578
770  16:83532700:T:C     57.199630
771  16:83533175:T:C    127.918883
772  16:83533470:C:T    108.645611
773  16:83535684:G:A     62.463212
774  16:83537386:T:C     81.678234
775  16:83537448:G:A    189.109202
776  16:83537596:G:A    766.287849
777  16:83540252:G:A    144.667312
778  16:83541818:G:A    128.186427
779  16:83542115:A:G    152.262256
780  16:83543569:G:A    117.026296
781  16:83543758:C:T    558.755417
782  16:83544978:G:A    276.847595
783  16:83546268:G:A    102.312335
784  16:83546365:G:A    177.617598
785  16:83547028:G:A    168.397625
786  16:83548506:G:T    139.079174
787  16:83548526:G:A    707.713668
788  16:83549260:A:G    101.586680
789  16:83549415:A:G    104.204117
790  16:83549418:A:G    351.340508
791  16:83551215:G:T    195.581211
792  16:83551818:T:C    126.180782
793  16:83553528:C:A    125.767971
794  16:83554585:C:G    292.439154
795  16:83555525:A:G    356.866292
796  16:83556238:C:T    748.756742
797  16:83556981:C:T    283.713079
798  16:83557128:C:G    103.163590
799  16:83560634:G:A    149.557623
800  16:83563238:T:G    181.577896
801  16:83563446:G:A    302.318099
802  16:83564482:G:A    110.503224
803  16:83566527:G:C    764.528619
804  16:83568758:G:A    112.972822
805  16:83569333:G:T     69.424869
806  16:83569649:T:C    150.608882
807  16:83572783:G:A    112.295699
808  16:83573299:A:G    122.263846
809  16:83573702:A:G    137.284136
810  16:83573730:A:C    503.249049
811  16:83573872:G:A    244.431180
812  16:83575020:C:A     97.521507
813  16:83576119:G:C    762.050718
814  16:83577174:C:G     57.100690
815  16:83577580:A:G     98.656576
816  16:83578050:C:T     89.232541
817  16:83579812:G:A     73.591565
818  16:83580347:A:C    105.372114
819  16:83582254:C:A    166.098174
820  16:83583322:G:A     99.761881
821  16:83584198:C:G    250.489243
822  16:83586555:G:A    296.815124
823  16:83588715:G:T    274.172494
824  16:83590857:G:C    213.107679
825  16:83592700:T:G    108.088126
826  16:83592707:C:T     55.204931
827  16:83594176:T:C     73.681201
828  16:83594179:G:A    262.326658
829  16:83596228:T:G    755.404854
830  16:83596353:C:A    265.416470
831  16:83597993:T:C     39.425879
832  16:83599863:A:G     54.768586
833  16:83601887:T:C     72.781017
834  16:83602683:C:T     78.058865
835  16:83602824:C:G     97.601543
836  16:83603146:T:C    262.128522
837  16:83605884:T:C    124.769016
838  16:83607074:T:C    130.116150
839  16:83607434:A:G    103.387775
840  16:83608528:T:A     73.681201
841  16:83608598:C:G    492.664874
842  16:83609609:A:G    712.680565
843  16:83611393:A:C     39.425879
844  16:83611616:A:G    301.803545
845  16:83612723:C:A    191.945447
846  16:83613261:G:A    782.393603
847  16:83614472:T:C    755.015463
848  16:83615783:C:A    687.231820
849  16:83616267:C:T    155.371916
850  16:83617447:A:G    258.412229
851  16:83617790:G:T    556.397357
852  16:83618698:C:T    106.982687
853  16:83619113:C:T     89.070285
854  16:83620547:A:G    196.749090
855  16:83621017:C:T   1071.341806
856  16:83623509:T:C    683.701550
857  16:83623678:G:A    684.899045
858  16:83623982:C:G    263.573424
859  16:83625591:C:T    105.792630
860  16:83625819:G:C    694.335035
861  16:83626615:G:A    723.460936
862  16:83628832:T:C    126.116259
863  16:83629028:C:G    174.368138
864  16:83630859:A:G    225.894805
865  16:83632708:G:A     94.307692
866  16:83635413:G:A    297.874292
867  16:83636692:C:A    104.173097
868  16:83638558:G:A    110.914349
869  16:83639496:A:G    174.851316
870  16:83641140:G:A    163.046965
871  16:83641217:C:A    213.188894
872  16:83642417:T:A    153.188311
873  16:83643235:G:C    177.412471
874  16:83643499:G:C    742.026629
875  16:83644033:C:T    102.469892
876  16:83645456:A:G    188.284946
877  16:83651430:A:T    532.375197
878  16:83651747:C:T     70.070974
879  16:83652902:G:A     95.273353
880  16:83654695:G:A    100.401686
881  16:83654718:G:A    225.192280
882  16:83657201:G:A    514.455870
883  16:83657958:C:T    123.499058
884  16:83658857:C:G    692.113775
885  16:83658870:C:T    160.421624
886  16:83662025:T:G    103.738065
887  16:83665334:C:G     61.906503
888  16:83667282:C:T    514.795415
889  16:83669744:A:T    202.965639
890  16:83671358:G:C    411.004057
891  16:83677346:T:A    473.557043
892  16:83677391:A:T     83.988455
893  16:83680158:T:C    777.905115
894  16:83681600:C:T    165.114402
895  16:83682231:A:G    106.400744
896  16:83685692:A:T     58.335882
897  16:83687469:A:C    756.785002
898  16:83688077:C:T    466.781445
899  16:83688785:C:G    107.284175
900  16:83689654:G:A    116.662996
901  16:83693455:G:C    489.812540
902  16:83694156:C:T    252.432581
903  16:83694312:T:C    797.596640
904  16:83695673:G:A    137.392495
905  16:83696675:C:T     92.154845
906  16:83698195:G:C    177.959602
907  16:83698743:T:C     62.997756
908  16:83699154:A:G    236.619802
909  16:83699603:T:A    524.261714
910  16:83701074:A:G    429.087743
911  16:83707267:A:G    134.495083
912  16:83707350:C:T     92.154845
913  16:83708495:G:A      1.254868
914  16:83709666:C:T    726.506647
915  16:83710357:T:C     59.978758
916  16:83710487:G:A    151.710385
917  16:83711204:C:A    417.226908
918  16:83711311:A:C    242.224308
919  16:83711944:C:T    143.157182
920  16:83714504:A:G    182.141010
921  16:83714610:C:G    183.189724
922  16:83715247:T:C    110.973239
923  16:83718063:C:T    763.257034
924  16:83720202:A:G    194.869539
925  16:83721922:C:G    714.257455
926  16:83724540:T:C    229.392419
927  16:83730989:G:A    110.973239
928  16:83732994:A:G    157.600348
929  16:83735130:T:C    726.619809
930  16:83735618:G:A    113.281529
931  16:83736951:G:A     84.842354
932  16:83737439:T:G    736.632666
933  16:83738647:C:G    205.753520
934  16:83738663:A:G    110.973239
935  16:83739341:C:G   1302.372237
936  16:83740136:T:C    773.766920
937  16:83741244:C:T    496.079628
938  16:83741891:C:T    662.373294
939  16:83743508:T:G    110.973239
940  16:83744592:C:T    271.610921
941  16:83747283:A:G    223.749301
942  16:83747607:T:C    693.030900
943  16:83750347:A:G    500.707993
944  16:83750473:T:A    382.047025
945  16:83750603:G:A    110.973239
946  16:83750852:G:A    272.629113
947  16:83751003:A:C    140.244207
948  16:83751438:C:T    735.893544
949  16:83752907:A:G    127.739919
950  16:83754758:T:A     72.948849
951  16:83755289:T:A    608.116067
952  16:83756209:G:A     87.737298
953  16:83756724:G:T     56.006566
954  16:83756988:C:G    710.553540
955  16:83758139:A:G    639.083938
956  16:83758250:G:C    213.482346
957  16:83758899:C:T    241.781679
958  16:83759856:T:C    495.475656
959  16:83760216:A:G    126.107185
960  16:83760675:T:G    170.612657
961  16:83761062:T:C    754.295129
962  16:83761115:T:A    226.155960
963  16:83762041:C:G    209.215612
964  16:83763160:C:T    150.905301
965  16:83763325:T:G    638.922867
966  16:83764328:A:C    111.313671
967  16:83764734:G:A    164.605617
968  16:83765357:G:A    115.666230
969  16:83766899:G:A    102.036730
970  16:83768779:T:C    150.905301
971  16:83770865:A:C    113.749102
972  16:83771124:T:G     77.583217
973  16:83771496:G:C    578.425319
974  16:83772957:G:A    176.574124
975  16:83775294:T:C    122.261711
976  16:83775929:G:A   1302.372237
977  16:83776629:T:A   1268.939879
978  16:83777265:T:A    280.647436
979  16:83778391:G:A    141.198024
980  16:83778622:T:A    761.707408
981  16:83779219:C:A    298.977279
982  16:83780168:C:G    562.899617
983  16:83780715:T:C    442.023555
984  16:83780781:C:A    705.259433
985  16:83780796:G:A    382.801564
986  16:83780862:T:A    407.197249
987  16:83781021:A:G    863.321601
988  16:83781163:A:G    178.988944
989  16:83781402:C:T    157.897890
990  16:83781604:T:C    774.733907
991  16:83782302:C:A    782.162083
992  16:83782517:C:T    199.604030
993  16:83782792:C:T    180.173334
994  16:83784107:A:G    349.193791
995  16:83784485:C:G    143.019143
996  16:83784709:G:A     90.575466
997  16:83785123:G:C    158.455124
998  16:83785959:T:C    785.506203
999  16:83787045:G:C    247.408258
1000 16:83787369:C:T     74.466815
1001 16:83788237:T:C      1.254868
1002 16:83790236:A:G    156.042246
1003 16:83790883:A:T    108.485059
1004 16:83791298:A:T     80.624473
1005 16:83791580:A:G     82.027292
1006 16:83791729:A:C    312.837396
1007 16:83792314:C:A    758.947518
1008 16:83800910:T:A    220.152720
1009 16:83807212:T:C    256.985475
1010 16:83807216:A:T     77.842085
1011 16:83807712:T:C    275.615664
1012 16:83808708:G:C    335.342067
1013 16:83809951:G:A    754.588811
1014 16:83810950:G:A    207.442489
1015 16:83811203:T:G    752.325253
1016 16:83811964:A:T     96.087571
1017 16:83812937:G:A    126.749377
1018 16:83813969:T:C    156.607341
1019 16:83815351:T:C    223.063006
1020 16:83817634:G:A    331.692501
1021 16:83818108:A:G     97.485285
1022 16:83819759:C:G    811.134744
1023 16:83821456:G:C    108.485059
1024 16:83823972:A:T    789.249713
1025 16:83824298:A:G    630.516852
1026 16:83824308:C:T     58.570824
1027 16:83824318:A:T    365.035840
1028 16:83824606:C:G    110.289112
1029 16:83828382:C:T    116.429734
1030 16:83829105:C:G    106.785113
1031 16:83830610:C:T    123.209319
1032 16:83830650:C:G    251.766131
1033 16:83830689:G:A    235.801668

{"project":"masters","channel":"laplacian","event":"Laplacian Construction is complete","description":"Genes 10-10","icon":"🔥","notify":true,"parser":"text"}