[1] "No duplicate edges found. Skipping simplify()."
$graphxx
    gene   density    mean_dist transitivity edge_dens vertex_con edge_con
1 RBFOX1 0.4463916 2.006942e-06    0.4912077 0.4463916        175      175

$snpsbetw_centrDF
                SNP snpbetw_centr
1    16:6068509:G:A     527.38737
2    16:6071365:A:G    1338.70454
3    16:6071498:G:A     781.66825
4    16:6071910:A:G    1403.55413
5    16:6072464:T:C     426.08431
6    16:6074679:G:C     519.31329
7    16:6077598:A:G     140.12401
8    16:6077832:G:A     663.66860
9    16:6078423:C:T     520.90981
10   16:6078428:C:A     145.22422
11   16:6078820:G:A     187.47095
12   16:6080385:T:G     427.18262
13   16:6080402:T:C     289.79861
14   16:6081670:C:T    1296.76033
15   16:6084318:G:A    1405.35575
16   16:6085059:C:T     519.31329
17   16:6085213:C:G     388.91150
18   16:6086089:G:T     103.40016
19   16:6086272:A:G     541.26594
20   16:6087444:T:G     274.24869
21   16:6087895:C:T     463.52871
22   16:6090090:G:C     568.38975
23   16:6090291:T:C     144.39165
24   16:6091895:A:G    1327.70085
25   16:6095606:A:G     279.67332
26   16:6098534:T:G     136.81709
27   16:6101236:G:T     486.20097
28   16:6103206:C:G     221.15587
29   16:6103214:A:C     144.39165
30   16:6103215:C:T     273.40004
31   16:6105241:C:G     184.10940
32   16:6105319:C:T     309.05930
33   16:6106260:T:C    1335.08066
34   16:6106992:G:A     204.30639
35   16:6109577:A:G     623.66923
36   16:6109592:T:C     218.93136
37   16:6109608:C:T     170.90960
38   16:6110993:C:A    1310.79442
39   16:6112080:A:G     760.15370
40   16:6112936:C:G     184.10940
41   16:6112998:G:C    1407.34840
42   16:6115321:C:A     385.25412
43   16:6115391:G:A     174.76444
44   16:6116418:A:G    1005.70451
45   16:6116961:A:G     118.39331
46   16:6117871:A:C     302.79169
47   16:6118676:A:C     353.79934
48   16:6120573:C:G     163.24779
49   16:6120699:A:C     592.89601
50   16:6121115:G:C    1349.58824
51   16:6122260:C:T     492.67883
52   16:6122549:G:T     669.01977
53   16:6122942:C:A     209.50076
54   16:6124010:T:C     846.16579
55   16:6124345:G:C    1371.87567
56   16:6125013:C:A     367.11335
57   16:6125783:G:A     277.63425
58   16:6125817:C:G     309.78660
59   16:6126374:G:C    1352.12345
60   16:6126509:C:G     263.65490
61   16:6126714:A:G     261.14263
62   16:6127472:A:C     191.06243
63   16:6127655:C:T     116.09380
64   16:6127992:T:C    1200.80834
65   16:6128384:T:A     276.22373
66   16:6129898:A:G     381.50660
67   16:6130330:A:G     235.78624
68   16:6131123:A:T     251.84741
69   16:6132388:A:C     579.60419
70   16:6133834:C:T     232.61124
71   16:6134284:G:A     168.54631
72   16:6134321:G:A     153.81146
73   16:6134402:G:T     560.03529
74   16:6134434:G:A     513.42247
75   16:6134533:C:G     216.62228
76   16:6135163:C:G     263.65490
77   16:6136219:A:G     236.29435
78   16:6137184:G:A    1311.14549
79   16:6138155:T:A     380.95561
80   16:6138905:C:G    1230.59117
81   16:6139060:C:G     193.16653
82   16:6139958:T:C     106.13926
83   16:6140738:A:G     173.05958
84   16:6141379:T:C     416.96035
85   16:6141860:G:C     535.42299
86   16:6141982:A:G     326.67077
87   16:6142338:T:C     267.15267
88   16:6143132:A:G     315.24379
89   16:6143603:G:A     225.51426
90   16:6143701:C:A     613.61815
91   16:6145631:T:A     220.74080
92   16:6146252:C:T     291.53874
93   16:6146287:C:T     182.90836
94   16:6146331:G:A    1283.45848
95   16:6147082:T:C    1260.67956
96   16:6147167:T:A    1361.48131
97   16:6147193:C:T     543.74333
98   16:6147581:C:T     546.06446
99   16:6147645:A:G    1340.79343
100  16:6148276:A:G     178.80544
101  16:6148616:A:G     287.04096
102  16:6149092:G:A    1436.48144
103  16:6149183:T:C     538.64692
104  16:6150166:G:T     143.59608
105  16:6153409:T:A     237.23020
106  16:6155688:T:A    1468.10962
107  16:6155800:C:T     514.75592
108  16:6156908:G:A      92.62414
109  16:6157754:G:A     211.82553
110  16:6157817:T:C     208.32046
111  16:6159498:G:A    1106.67577
112  16:6162016:T:C      95.07351
113  16:6162885:G:A     207.19767
114  16:6163836:C:G     253.99715
115  16:6163843:T:G     410.54787
116  16:6165179:T:C     180.61380
117  16:6168027:A:G     380.00657
118  16:6170178:C:T      99.06240
119  16:6171685:G:A     403.35573
120  16:6173668:G:A    1394.17973
121  16:6173789:C:T     129.87205
122  16:6174779:T:C      96.27029
123  16:6175743:G:A     151.28897
124  16:6176061:G:T     179.73660
125  16:6180375:C:A     845.91197
126  16:6182155:C:A     252.89135
127  16:6182336:C:A     646.72956
128  16:6182450:C:T     341.73793
129  16:6182646:A:G    1200.80834
130  16:6183396:C:T     574.54210
131  16:6183829:A:G     432.56953
132  16:6184341:A:G     259.48102
133  16:6185320:C:G     162.92477
134  16:6187307:T:C     294.60400
135  16:6187618:T:A     245.91375
136  16:6188724:A:C     615.01533
137  16:6188909:G:A     155.62597
138  16:6192412:T:C     576.41838
139  16:6195244:A:C    1046.93443
140  16:6195718:C:G     211.82553
141  16:6196401:A:G     194.74775
142  16:6197985:G:C     957.28245
143  16:6200588:T:C     940.64921
144  16:6201380:G:A     210.17228
145  16:6202206:A:G     521.49782
146  16:6202787:C:G     411.93616
147  16:6203220:A:C    1404.32260
148  16:6203687:C:T     273.90252
149  16:6204185:G:C     184.08464
150  16:6209202:C:A     607.82252
151  16:6209306:G:A      92.36873
152  16:6210465:G:A    1200.80834
153  16:6211161:G:A     278.96609
154  16:6212555:C:T     467.46530
155  16:6213749:C:T    1006.95662
156  16:6214376:A:G     248.09356
157  16:6214387:G:C    1399.86580
158  16:6214655:T:G     901.94517
159  16:6214816:G:A     167.04697
160  16:6215042:A:G    1026.48712
161  16:6215084:T:G     509.14690
162  16:6216763:G:A     330.16180
163  16:6218584:C:T     268.95899
164  16:6220794:T:C     256.20413
165  16:6221015:A:G     501.79277
166  16:6222505:T:G     486.41782
167  16:6222707:A:G    1361.84232
168  16:6226501:C:T     513.81391
169  16:6229238:G:A     800.48563
170  16:6229902:A:G     279.10715
171  16:6230122:G:C     399.15781
172  16:6230403:T:G     290.97080
173  16:6232060:T:C     455.40338
174  16:6233684:A:G     122.54839
175  16:6233791:C:G     195.25325
176  16:6234177:T:C     468.36637
177  16:6235883:C:G     644.65281
178  16:6237017:T:C     627.67416
179  16:6239558:A:G     341.30481
180  16:6244708:A:T    1316.96451
181  16:6244714:A:G     742.54962
182  16:6247898:G:A      76.55419
183  16:6248068:G:A     201.85473
184  16:6249041:A:T     815.71362
185  16:6254985:G:A     450.29551
186  16:6255347:A:G     333.64524
187  16:6258071:T:C     227.74492
188  16:6258202:T:C     283.65492
189  16:6260191:C:T     337.61563
190  16:6261050:G:A     200.14339
191  16:6261829:A:G     296.45890
192  16:6261881:C:T     164.73369
193  16:6262245:G:A     162.72737
194  16:6263297:T:C     795.89892
195  16:6263447:T:C     337.40798
196  16:6264419:G:A      89.75095
197  16:6266099:G:A     619.24730
198  16:6266525:C:T    1295.43726
199  16:6266560:A:C     337.61428
200  16:6267472:C:T    1307.67902
201  16:6268965:A:C    1389.86655
202  16:6269331:T:A     293.65046
203  16:6273547:T:C     449.64455
204  16:6273603:C:G     287.48956
205  16:6273975:C:T      95.21627
206  16:6274883:G:T    1341.65848
207  16:6275198:G:C     125.10655
208  16:6276896:G:T     391.48902
209  16:6277201:G:C      12.87122
210  16:6277556:G:A    1124.73554
211  16:6278207:G:T     509.99147
212  16:6279692:C:T     164.63694
213  16:6280369:C:T     318.54973
214  16:6281994:C:T    1276.96937
215  16:6282815:G:T     403.96063
216  16:6283608:C:T     196.88640
217  16:6284566:G:T    1244.32422
218  16:6287527:G:A     414.41453
219  16:6287779:G:T     786.73702
220  16:6287921:G:A     186.94449
221  16:6289300:G:A    1214.57094
222  16:6292007:G:T    1124.86714
223  16:6292600:G:A     589.50648
224  16:6292720:T:C     328.67046
225  16:6293795:A:G     252.20128
226  16:6293886:T:G     222.36797
227  16:6294356:C:T     152.49697
228  16:6294591:G:A    1311.23284
229  16:6295154:A:T     374.32692
230  16:6297352:T:G      12.87122
231  16:6298458:T:C     133.53558
232  16:6300510:C:T     240.78080
233  16:6300681:C:T     357.23399
234  16:6300731:A:G     167.18064
235  16:6301513:A:G    1113.54626
236  16:6302158:C:G     189.60498
237  16:6302521:C:T     147.62522
238  16:6305170:A:G     268.42845
239  16:6307481:C:T    1391.22089
240  16:6307709:G:T     105.79166
241  16:6310645:G:A    1251.73001
242  16:6311376:A:G    1356.33836
243  16:6312952:C:T      99.69266
244  16:6313000:G:A    1140.21540
245  16:6313873:T:C     371.78196
246  16:6314862:C:G     250.96360
247  16:6317038:G:A     330.96575
248  16:6318528:C:G     263.36701
249  16:6318582:G:A      66.31304
250  16:6319034:A:G     379.93236
251  16:6319505:G:A    1135.41825
252  16:6320813:A:G     409.01739
253  16:6321287:T:C     112.32984
254  16:6322636:T:G     194.62561
255  16:6324036:G:T     270.97577
256  16:6325009:C:T     238.82852
257  16:6325740:A:G     176.78174
258  16:6327247:A:G     170.64635
259  16:6327433:G:C      94.97684
260  16:6330520:C:T     198.78724
261  16:6330667:A:T      99.69266
262  16:6331682:C:A     414.97934
263  16:6332741:T:G     128.99472
264  16:6334582:T:C     965.73257
265  16:6335012:A:T     293.48730
266  16:6338234:G:A      57.03455
267  16:6339693:G:T     198.78724
268  16:6340114:G:T     445.08058
269  16:6340645:C:A    1123.29877
270  16:6341645:T:C     226.82690
271  16:6343986:T:A     166.92022
272  16:6345755:C:A     247.24494
273  16:6346863:G:C     508.45368
274  16:6347109:T:G     277.11949
275  16:6347508:C:T     221.69812
276  16:6347598:G:T    1200.80834
277  16:6350023:A:T     396.39412
278  16:6350491:T:A     154.97924
279  16:6353064:T:G     378.06190
280  16:6355428:G:A     310.20705
281  16:6356847:C:T     583.21022
282  16:6357502:C:A    1353.44726
283  16:6358286:A:G     410.22907
284  16:6360887:A:C    1361.08280
285  16:6361071:G:A     363.43220
286  16:6361159:T:C     300.99703
287  16:6361405:A:G     544.11931
288  16:6363264:G:C     398.43365
289  16:6364525:G:A     264.89970
290  16:6366067:G:A    1414.41955
291  16:6370229:G:A     338.28866
292  16:6373386:T:C    1354.53111
293  16:6373714:A:C      62.78621
294  16:6373777:T:G     380.03322
295  16:6374911:A:C      97.95797
296  16:6375835:A:G     229.64528
297  16:6378399:A:C     610.86846
298  16:6379277:A:G     155.41564
299  16:6379918:G:A     244.64357
300  16:6381546:C:A     642.31536
301  16:6381548:A:C    1143.36028
302  16:6382806:G:A     325.56869
303  16:6385528:C:T     194.21485
304  16:6385882:C:T    1438.82598
305  16:6387430:G:A    1302.82787
306  16:6390347:C:G    1423.12503
307  16:6390796:T:G     335.24364
308  16:6392826:T:G     178.47307
309  16:6393698:A:G     431.27092
310  16:6396373:T:A    1225.28052
311  16:6397911:C:T     321.38582
312  16:6398290:T:C     120.82428
313  16:6400124:G:A    1358.23712
314  16:6403483:T:A     418.65576
315  16:6403501:C:T     365.43564
316  16:6404050:G:A     195.80455
317  16:6405381:C:T     198.81873
318  16:6406759:G:A     254.89317
319  16:6409118:G:T      48.79955
320  16:6409737:A:G     147.54256
321  16:6411543:C:T    1423.12503
322  16:6411894:G:C    1317.04420
323  16:6412912:G:A    1401.24565
324  16:6413123:T:C    1354.53111
325  16:6413441:C:G    1098.67515
326  16:6414015:C:T     553.91132
327  16:6414783:G:A     193.99486
328  16:6416612:A:G     713.06811
329  16:6418031:T:C     152.28578
330  16:6420145:A:G     938.70990
331  16:6420352:C:G    1308.81311
332  16:6425390:A:G    1354.53111
333  16:6427631:C:T     238.16581
334  16:6428027:C:T     174.82405
335  16:6428400:C:G    1406.15176
336  16:6428524:C:T     140.50388
337  16:6430258:G:A     180.44723
338  16:6431075:A:C    1409.15940
339  16:6433415:T:C     245.53817
340  16:6433876:T:A     665.29186
341  16:6437009:A:G     471.99147
342  16:6437115:A:G     129.99517
343  16:6437437:G:C     285.22361
344  16:6441208:C:G    1387.50348
345  16:6441211:A:G     180.44723
346  16:6441868:C:A     780.00721
347  16:6442053:G:A     440.02875
348  16:6443653:C:T    1308.81311
349  16:6444710:A:G     245.53462
350  16:6446363:A:G     803.26202
351  16:6447581:G:T     273.85459
352  16:6448438:C:G     563.49549
353  16:6450463:A:C    1283.89327
354  16:6451237:C:A     123.99472
355  16:6454119:A:C     138.27444
356  16:6455470:G:A     701.99892
357  16:6455891:A:G     286.38555
358  16:6456863:A:G     134.88804
359  16:6457010:A:T     660.93216
360  16:6458469:T:G    1322.90427
361  16:6458598:T:A     713.70246
362  16:6458907:T:C     436.62392
363  16:6460009:T:C     226.43876
364  16:6460138:A:C     313.83181
365  16:6461887:C:G     128.71736
366  16:6462501:C:T     127.70878
367  16:6463298:C:G     626.17476
368  16:6463706:C:G      77.64819
369  16:6466737:C:A     171.31930
370  16:6467365:A:G     391.90045
371  16:6468373:A:G     209.52385
372  16:6468532:T:A    1060.61965
373  16:6468837:C:A     483.04242
374  16:6468866:G:T     488.78859
375  16:6469280:G:C    1343.16108
376  16:6470978:T:C    1200.80834
377  16:6471367:G:A     118.09243
378  16:6471846:C:G     392.01916
379  16:6472365:C:A     220.84602
380  16:6472674:G:C     452.50650
381  16:6473197:A:G     359.05434
382  16:6474109:A:G     390.24592
383  16:6475909:C:G     310.47136
384  16:6477402:A:G      85.48254
385  16:6477665:C:A     238.04646
386  16:6478116:C:T     261.40492
387  16:6484556:C:A     258.91823
388  16:6487549:T:C    1317.33800
389  16:6490179:G:A     419.57286
390  16:6492562:A:G     246.66429
391  16:6493256:C:T     124.27335
392  16:6493736:C:A     236.81468
393  16:6495078:A:G     608.30489
394  16:6496408:A:G     371.42104
395  16:6498182:A:T     426.09790
396  16:6499402:T:C    1325.52726
397  16:6504024:C:T     185.68396
398  16:6504568:G:A     138.27924
399  16:6504594:A:G     197.78511
400  16:6505349:G:A     466.19492
401  16:6505624:C:T     261.74454
402  16:6508648:C:T    1439.84642
403  16:6511407:G:A     412.39177
404  16:6512668:T:A     128.68425
405  16:6512689:T:C    1335.69572
406  16:6512698:C:T     224.39335
407  16:6512739:T:C     381.89655
408  16:6513375:A:G     286.04208
409  16:6517372:A:T     239.71750
410  16:6518561:A:G     335.04712
411  16:6519542:G:A     130.46491
412  16:6519657:T:G     223.51060
413  16:6519913:A:G     300.07026
414  16:6521063:A:C    1439.84642
415  16:6521878:C:T     353.50876
416  16:6522924:C:T      68.63469
417  16:6523452:C:A     354.66491
418  16:6524828:G:A     211.12843
419  16:6524885:C:G      86.41872
420  16:6524921:A:G     947.40141
421  16:6529826:A:G     142.47596
422  16:6530578:G:T     581.00577
423  16:6531141:T:C     213.25367
424  16:6532828:A:T     173.17731
425  16:6532951:A:G      68.63469
426  16:6534369:T:C    1367.15079
427  16:6534936:G:T    1294.86136
428  16:6536761:T:C     214.96602
429  16:6540246:A:G     287.82927
430  16:6541090:T:G      79.46482
431  16:6545820:C:G     141.20531
432  16:6546830:G:A     187.48528
433  16:6547088:C:T    1321.05319
434  16:6547180:C:T     282.96953
435  16:6548720:T:C      86.97653
436  16:6551144:T:A     108.69426
437  16:6551572:G:C     171.89263
438  16:6552788:A:G      97.99547
439  16:6553479:C:T     238.79251
440  16:6554818:A:G     168.34685
441  16:6556130:G:A     498.08939
442  16:6556875:C:G     145.63817
443  16:6558638:T:C     200.67463
444  16:6561865:A:T     886.96442
445  16:6561899:G:A    1344.15173
446  16:6563144:A:G     843.40279
447  16:6563995:C:G     130.46491
448  16:6565326:A:C     286.04208
449  16:6565774:C:A     196.30168
450  16:6565942:T:A     246.98337
451  16:6566619:A:G      93.24427
452  16:6567422:C:T    1389.37434
453  16:6567825:T:A      87.85473
454  16:6567987:C:A     481.80023
455  16:6568322:C:T     274.12861
456  16:6568464:A:G     133.61104
457  16:6569064:G:A     266.33392
458  16:6569339:T:G     200.28710
459  16:6569836:G:A     343.39532
460  16:6570050:C:G    1402.24294
461  16:6570077:C:G     373.80517
462  16:6570248:G:A     813.31995
463  16:6570881:G:A     276.78392
464  16:6573408:G:T     946.35902
465  16:6574247:T:G     127.99348
466  16:6576795:C:G     183.10094
467  16:6577073:A:G      12.87122
468  16:6579245:C:G      95.87098
469  16:6579586:T:C     216.67601
470  16:6580461:T:C     105.89364
471  16:6581321:G:A    1463.28659
472  16:6581908:C:T     274.60824
473  16:6583502:T:G     267.40831
474  16:6583673:C:G    1361.19516
475  16:6583810:C:G     328.50890
476  16:6585646:G:A     852.23366
477  16:6585797:C:T     353.80986
478  16:6586876:A:G     499.36957
479  16:6588605:G:C     791.30122
480  16:6588644:G:A     142.88711
481  16:6588752:C:T     218.03548
482  16:6589489:A:G     262.61223
483  16:6590334:G:A    1463.28659
484  16:6592141:C:T    1414.58936
485  16:6592251:G:C     291.03672
486  16:6593337:A:G     751.41375
487  16:6595143:C:T     187.33195
488  16:6595560:C:T     252.95091
489  16:6595783:G:C     243.45826
490  16:6600328:C:T    1463.28659
491  16:6601270:G:A     373.71153
492  16:6601480:T:A    1450.94962
493  16:6601660:G:A     262.61223
494  16:6602397:T:C     304.16222
495  16:6604797:A:T     386.80018
496  16:6605560:G:A     593.49764
497  16:6605594:A:G    1400.28230
498  16:6606634:G:C     175.84259
499  16:6607678:C:T     590.91082
500  16:6609165:T:G     832.10304
501  16:6609800:C:G    1463.28659
502  16:6609821:A:G     329.24232
503  16:6610071:C:T    1249.29607
504  16:6610395:G:A    1380.37318
505  16:6612470:C:G     166.96571
506  16:6612574:T:A     849.48224
507  16:6614008:A:C     199.57421
508  16:6615320:C:T     143.24770
509  16:6615712:G:T     276.59431
510  16:6616034:C:T     533.29247
511  16:6616957:A:T      93.06627
512  16:6617581:C:G     157.85111
513  16:6617707:A:G      64.55647
514  16:6618021:C:T     635.48376
515  16:6619511:G:C     457.48709
516  16:6622270:A:G     438.06179
517  16:6623293:G:T    1275.38310
518  16:6624532:C:T     769.21362
519  16:6624908:G:A     730.40329
520  16:6624972:G:A     278.29722
521  16:6626221:G:A     352.72503
522  16:6628293:A:G     193.18581
523  16:6629410:A:G     226.00030
524  16:6630424:G:C     114.78117
525  16:6630890:C:G    1436.24145
526  16:6632387:C:T     451.78999
527  16:6635191:T:G     317.30315
528  16:6636270:T:C      77.64819
529  16:6640457:A:G     152.53938
530  16:6640562:T:C     274.09176
531  16:6641273:A:C      12.87122
532  16:6641804:C:A     230.38840
533  16:6642234:G:A     270.53198
534  16:6644443:G:T    1386.48244
535  16:6645285:G:A     253.40699
536  16:6645421:G:A     471.17486
537  16:6646184:T:C     216.15659
538  16:6646391:G:A     444.84043
539  16:6649261:T:C     281.58241
540  16:6649735:C:T     989.04630
541  16:6650751:G:A     147.83110
542  16:6651124:T:C     262.79639
543  16:6651204:A:G     472.13486
544  16:6651251:A:G     294.19317
545  16:6651314:C:T     181.66783
546  16:6651542:A:G     779.77830
547  16:6651611:C:G     656.57186
548  16:6651666:A:C    1287.76097
549  16:6651742:A:G    1412.94280
550  16:6651834:T:C     711.39887
551  16:6651971:A:T     234.32336
552  16:6652335:C:T     414.21880
553  16:6653568:C:T     478.91996
554  16:6654411:T:C    1329.11846
555  16:6654597:A:G     458.62101
556  16:6654775:A:T     167.17072
557  16:6656435:C:G     346.29447
558  16:6656933:C:A    1200.80834
559  16:6657389:C:T    1194.49870
560  16:6657453:T:G     180.15333
561  16:6660705:T:A    1276.01240
562  16:6661210:C:T     629.06579
563  16:6661304:C:T     207.03875
564  16:6661981:C:G     326.66121
565  16:6662221:A:C     213.93529
566  16:6665356:A:C     389.83287
567  16:6665624:A:G     440.43896
568  16:6665697:G:A    1431.48955
569  16:6667267:A:G     403.21805
570  16:6668816:A:C     298.95474
571  16:6670578:A:G     393.93024
572  16:6671015:G:A     304.46264
573  16:6672021:C:T     197.26846
574  16:6673148:C:T     487.74713
575  16:6673323:G:A    1389.94509
576  16:6674291:T:C     204.22031
577  16:6674608:G:C      87.58183
578  16:6676395:A:T     184.16887
579  16:6676787:A:G     223.05162
580  16:6680114:C:T     541.14921
581  16:6680665:T:C     285.66809
582  16:6682506:G:A     110.45879
583  16:6683075:A:G     406.80931
584  16:6683878:G:A     390.45774
585  16:6688022:A:G    1276.11638
586  16:6688454:A:G    1200.80834
587  16:6688502:C:T     465.55543
588  16:6688810:C:G     205.41433
589  16:6689303:A:G     223.78168
590  16:6689466:G:A     300.55760
591  16:6691602:G:C     211.39635
592  16:6692550:C:G     510.87874
593  16:6693987:C:T     245.42010
594  16:6694041:C:A      76.47650
595  16:6694238:A:G    1200.80834
596  16:6694382:A:C    1278.26430
597  16:6695397:T:C    1038.85971
598  16:6695763:C:G     153.73438
599  16:6696076:A:T    1405.29267
600  16:6696929:C:G     543.93867
601  16:6697773:G:T     518.07256
602  16:6699026:C:T     159.91657
603  16:6700457:C:T     280.28277
604  16:6700889:T:C    1462.20748
605  16:6701225:T:C     203.37204
606  16:6701226:C:G     770.08194
607  16:6701357:T:C     623.17118
608  16:6701494:G:A     138.57207
609  16:6702822:G:C     135.54343
610  16:6703782:G:A    1310.94420
611  16:6703951:A:G     555.59640
612  16:6706156:G:C     618.92215
613  16:6706255:G:A    1011.86380
614  16:6707544:C:G     153.73438
615  16:6707616:G:A     259.69937
616  16:6708661:C:T     337.87887
617  16:6709059:C:T     305.35249
618  16:6709345:G:C     219.10310
619  16:6710014:T:C     736.50309
620  16:6710181:C:T     138.57207
621  16:6710346:C:T     209.00519
622  16:6711229:A:C     370.66936
623  16:6711907:C:T     184.55297
624  16:6712186:A:G     813.42979
625  16:6713766:G:A     161.21140
626  16:6713952:G:A     180.52439
627  16:6716006:A:G     954.72426
628  16:6716206:C:T     606.51397
629  16:6716347:C:G     141.78261
630  16:6717592:C:G     422.90070
631  16:6717757:G:A    1374.05489
632  16:6718411:G:A     323.49111
633  16:6720160:C:G     138.14977
634  16:6722097:G:A     208.72517
635  16:6722250:C:T     444.90927
636  16:6725201:G:A     180.52439
637  16:6725650:T:C     765.19771
638  16:6725957:T:C     423.44398
639  16:6726052:C:A     174.65707
640  16:6726275:A:C     606.51397
641  16:6726355:G:C     182.31297
642  16:6726966:C:T     217.09140
643  16:6727423:T:G    1310.94420
644  16:6727498:G:C     320.29209
645  16:6727892:C:T     354.34208
646  16:6728012:A:G     242.32106
647  16:6728674:A:G      63.42653
648  16:6730196:C:T     429.70649
649  16:6730533:G:A     319.70884
650  16:6730845:G:T    1343.25748
651  16:6730900:T:C     138.82737
652  16:6732058:A:G    1016.87859
653  16:6732184:G:C     684.43684
654  16:6733276:T:G     225.23198
655  16:6735245:G:A     119.32246
656  16:6735821:A:G     312.83305
657  16:6736658:A:T     747.79617
658  16:6736689:G:A     166.36328
659  16:6736812:A:G     179.83763
660  16:6737060:A:G     846.43918
661  16:6738259:C:G     143.61247
662  16:6738290:C:T     183.98516
663  16:6738365:C:A    1241.56318
664  16:6739470:T:G     175.55839
665  16:6740230:G:C     246.02306
666  16:6742479:G:A     133.06812
667  16:6742492:C:G     207.12825
668  16:6743031:C:G     215.68591
669  16:6743187:G:A     539.08178
670  16:6744268:G:T     361.45379
671  16:6744674:G:A     544.26805
672  16:6744889:A:G     450.40359
673  16:6745599:C:T     451.59565
674  16:6745744:A:G     225.23198
675  16:6745839:C:T    1230.47900
676  16:6746206:A:G     751.70400
677  16:6747240:G:A     165.16854
678  16:6747311:G:A    1310.94420
679  16:6747361:G:T     979.09805
680  16:6747737:C:G     143.61247
681  16:6748139:G:C     710.95844
682  16:6748151:C:G     741.53959
683  16:6748942:C:T     608.01073
684  16:6750275:G:A     166.36328
685  16:6750486:C:T     453.35970
686  16:6750827:A:G     183.98516
687  16:6752046:C:T     539.08178
688  16:6752743:T:A    1211.18259
689  16:6752887:A:T     779.58298
690  16:6753069:T:A     212.98076
691  16:6753239:A:G     802.56234
692  16:6754259:A:G     312.23914
693  16:6754582:A:C     751.70400
694  16:6754930:C:T    1265.51732
695  16:6755601:C:G     508.94802
696  16:6756614:C:T    1310.94420
697  16:6757641:G:A     543.40025
698  16:6757716:G:C     246.02306
699  16:6760213:G:C     524.62846
700  16:6760573:G:A     539.08178
701  16:6761410:C:A     660.90203
702  16:6761840:G:C     751.70400
703  16:6761858:C:G     203.74048
704  16:6763455:T:C     568.91016
705  16:6763570:C:G    1268.27845
706  16:6763821:T:C     101.63488
707  16:6763908:C:G     376.91126
708  16:6765872:C:A     253.96765
709  16:6767470:G:A      91.11944
710  16:6767767:C:T     203.74048
711  16:6769190:C:G     548.11868
712  16:6770355:C:G     568.61776
713  16:6771793:T:C      73.76720
714  16:6772081:G:T     639.92564
715  16:6772224:A:G     232.40231
716  16:6772389:C:A    1392.75755
717  16:6773673:A:G     440.20061
718  16:6773812:C:T     206.87448
719  16:6774776:G:A     186.98211
720  16:6776533:C:A     156.78119
721  16:6778523:C:A     135.50061
722  16:6778612:C:G     432.00668
723  16:6780083:G:C     291.93617
724  16:6781499:G:A     985.83694
725  16:6781590:C:T     160.95247
726  16:6781748:C:A      12.87122
727  16:6782406:C:G     298.88581
728  16:6782613:C:T     215.75457
729  16:6783576:T:G    1202.79124
730  16:6785089:C:T     147.80113
731  16:6785191:C:T    1488.96548
732  16:6785398:T:C     389.91315
733  16:6785406:T:C    1391.99159
734  16:6785654:G:T     108.84009
735  16:6785659:A:G    1395.00821
736  16:6786277:T:C     307.07551
737  16:6786916:T:C     551.71709
738  16:6788326:C:T     229.39869
739  16:6789403:A:G     379.43747
740  16:6789579:C:T     226.17130
741  16:6789872:T:C     201.01681
742  16:6790365:A:G    1420.56011
743  16:6790527:C:G     235.32078
744  16:6794679:G:A     133.33638
745  16:6796337:G:C     719.43088
746  16:6796840:G:C     162.64148
747  16:6797079:A:G     184.40709
748  16:6798346:A:C     239.78469
749  16:6798784:A:G    1373.67070
750  16:6803009:T:C     182.35828
751  16:6804298:A:G     283.47749
752  16:6804488:T:C     265.27599
753  16:6805274:G:A     218.74333
754  16:6806856:G:A      12.87122
755  16:6807851:A:G    1310.94420
756  16:6807890:T:C    1390.81868
757  16:6807924:A:G     599.31911
758  16:6808178:C:T     187.60375
759  16:6808769:C:G    1462.58574
760  16:6808976:T:A    1161.30575
761  16:6809251:C:A    1336.44660
762  16:6809352:G:A    1462.48413
763  16:6809649:A:C     384.84375
764  16:6810216:A:T    1222.69105
765  16:6810888:C:G     508.78495
766  16:6811078:A:T     399.11578
767  16:6811163:A:G    1380.81066
768  16:6812478:G:A     232.65814
769  16:6813711:C:T     703.50269
770  16:6813717:A:G     171.80512
771  16:6813768:A:C     211.19085
772  16:6813992:A:C     305.69237
773  16:6814459:G:T     295.34851
774  16:6816351:T:C    1012.85541
775  16:6817189:A:T     145.30730
776  16:6817473:G:A     908.68984
777  16:6817518:A:T     151.24349
778  16:6819647:T:A     340.65210
779  16:6820637:C:A     211.19085
780  16:6820898:T:C     372.07563
781  16:6821718:C:T     270.82504
782  16:6821972:A:C     357.28834
783  16:6824467:A:C     258.00707
784  16:6824709:T:C     126.40562
785  16:6825062:C:T     508.99921
786  16:6828183:G:A    1285.79936
787  16:6831674:T:G     328.55208
788  16:6831953:G:A     209.32111
789  16:6833158:A:G     242.78375
790  16:6833215:A:T     244.27211
791  16:6833581:C:G      76.65312
792  16:6834064:G:T     500.61132
793  16:6834419:T:A     218.31118
794  16:6835193:A:G     385.59295
795  16:6835480:A:G     395.70627
796  16:6835484:G:A     222.66773
797  16:6836890:C:A     134.83904
798  16:6837553:C:T    1326.07863
799  16:6838137:C:T     145.30730
800  16:6839694:G:C    1107.42935
801  16:6839950:T:C     319.80305
802  16:6842620:C:G     566.98254
803  16:6843423:G:T     482.95143
804  16:6843857:G:T    1391.22089
805  16:6844322:C:T     371.26036
806  16:6845482:T:C     111.49351
807  16:6845861:A:T     249.52102
808  16:6845920:C:G    1050.18055
809  16:6845996:T:C     235.49620
810  16:6846113:C:G    1079.13789
811  16:6846138:T:C      86.63970
812  16:6846175:G:A    1167.27115
813  16:6846188:C:G     373.11968
814  16:6846314:C:G    1390.37973
815  16:6846906:C:T     206.59528
816  16:6847387:G:A     144.40480
817  16:6849424:C:T     631.07471
818  16:6849439:A:G    1200.80834
819  16:6849744:C:A    1361.45958
820  16:6850445:A:G     159.17682
821  16:6850922:C:T     281.58467
822  16:6850949:C:G     332.58145
823  16:6851286:C:T     141.75441
824  16:6851297:A:G     171.43475
825  16:6851325:C:T     234.88455
826  16:6853183:C:T     685.87102
827  16:6853253:C:T     175.13384
828  16:6854309:A:T     434.11495
829  16:6855117:C:G     611.82172
830  16:6855634:G:A     174.93267
831  16:6859817:A:G      52.04609
832  16:6860438:A:G     213.65733
833  16:6861057:G:A     726.59443
834  16:6861438:A:G     228.46118
835  16:6861944:T:C     176.00734
836  16:6862249:A:G    1324.25446
837  16:6863044:G:A     203.40625
838  16:6863277:C:G     756.16564
839  16:6863454:C:A      12.87122
840  16:6864342:G:C     217.67464
841  16:6865483:T:C      96.59487
842  16:6866627:G:C     235.99316
843  16:6866831:A:C    1338.88413
844  16:6867475:G:A     708.29378
845  16:6867487:G:C     326.22024
846  16:6867676:C:T     397.96594
847  16:6867788:T:A     295.91498
848  16:6868114:C:A     226.64056
849  16:6868860:T:C    1447.62428
850  16:6869459:C:T     442.16212
851  16:6869531:C:T     383.07744
852  16:6870590:T:C    1347.86791
853  16:6871827:T:C     157.20509
854  16:6873066:C:G     459.53946
855  16:6873155:C:G     306.02751
856  16:6874794:T:C     402.38340
857  16:6876897:G:A     296.76131
858  16:6877639:C:T     350.06320
859  16:6878953:T:A     530.54161
860  16:6880052:G:C      91.13304
861  16:6881469:A:C    1249.81373
862  16:6882105:T:C     255.56678
863  16:6882276:T:C     261.61364
864  16:6884109:G:A     176.79237
865  16:6884887:T:G     512.53219
866  16:6885056:G:A     419.59682
867  16:6885156:C:T     144.55093
868  16:6886726:A:T     357.72915
869  16:6886770:C:T     153.65140
870  16:6888361:A:C     255.29263
871  16:6889098:G:A      91.13304
872  16:6889737:C:G     327.92941
873  16:6889848:C:T     124.43047
874  16:6890084:T:C    1323.73316
875  16:6891217:C:T    1101.81889
876  16:6891462:C:G     200.05797
877  16:6892075:C:T     443.10386
878  16:6892423:T:C     112.96321
879  16:6893366:C:G    1086.47893
880  16:6893425:T:C     323.27094
881  16:6893464:C:T     114.91207
882  16:6894512:C:T     501.75541
883  16:6894515:T:A     235.70255
884  16:6894846:C:A     941.80561
885  16:6894901:C:G     335.76858
886  16:6895174:T:A     328.67843
887  16:6897148:C:A     723.71318
888  16:6897636:C:T    1270.63538
889  16:6897683:G:A     248.91793
890  16:6897765:C:T     599.83331
891  16:6898383:A:G    1334.91991
892  16:6899495:C:G     168.07307
893  16:6899804:C:T     409.40313
894  16:6900314:A:G     227.42307
895  16:6900327:G:A     235.70255
896  16:6900636:T:C     791.13080
897  16:6901206:G:A    1249.29607
898  16:6902608:G:A     416.06251
899  16:6903506:C:G     578.71420
900  16:6904618:C:G     148.77676
901  16:6905210:A:T     211.82657
902  16:6905567:T:C    1313.45673
903  16:6908110:T:C     164.79675
904  16:6908438:A:G     224.67899
905  16:6908968:A:T     341.04602
906  16:6910435:C:T    1141.29388
907  16:6911491:C:G    1249.29607
908  16:6912026:A:G     202.93028
909  16:6912595:A:G     403.53344
910  16:6912630:C:T    1035.11813
911  16:6913157:G:A     233.47368
912  16:6913426:A:C     632.93708
913  16:6914864:T:A     164.33317
914  16:6914977:G:A    1444.99422
915  16:6915299:C:T     219.99319
916  16:6915738:C:G     941.80561
917  16:6916507:A:T    1242.31126
918  16:6916634:C:A     271.63512
919  16:6916694:C:T     436.53601
920  16:6917014:C:G    1249.24563
921  16:6918768:G:A     215.77878
922  16:6919382:C:T    1249.29607
923  16:6920767:A:G     219.99319
924  16:6921361:A:G     963.72126
925  16:6921846:C:T     250.86690
926  16:6922512:T:G    1142.06975
927  16:6923259:A:G     334.65933
928  16:6923345:A:G     129.51494
929  16:6924003:T:A     227.42307
930  16:6925836:T:C     357.74402
931  16:6925851:T:C    1249.29607
932  16:6925876:G:C     730.58643
933  16:6926110:G:A     184.05203
934  16:6926910:G:A     153.96468
935  16:6927044:A:G     201.59756
936  16:6927259:C:G     227.42307
937  16:6927768:T:G     219.99319
938  16:6929536:G:T    1350.50612
939  16:6930047:G:C    1081.82363
940  16:6930364:T:A    1249.29607
941  16:6931014:G:A     811.53140
942  16:6931025:C:T     227.42307
943  16:6932622:G:T     173.52856
944  16:6932894:C:A     223.47836
945  16:6933190:C:T    1249.29607
946  16:6934363:C:T     436.53601
947  16:6934602:C:T     234.26154
948  16:6934870:G:C    1334.20454
949  16:6934892:C:G     214.42517
950  16:6935437:A:G     348.68008
951  16:6935881:T:G     148.77676
952  16:6936789:A:C     196.65271
953  16:6937246:C:T     249.77292
954  16:6937465:G:A    1249.29607
955  16:6938963:G:C     868.65272
956  16:6939506:G:T     180.50172
957  16:6941431:G:C    1243.70647
958  16:6941577:A:G     198.71930
959  16:6943436:A:G     254.38904
960  16:6943865:G:A     257.08739
961  16:6944063:G:C     167.49540
962  16:6945130:G:C    1249.29607
963  16:6945661:G:A     411.20572
964  16:6946904:A:T     217.30071
965  16:6946932:A:G    1310.76575
966  16:6947064:G:A     987.90220
967  16:6948607:G:A     244.38811
968  16:6948833:T:C     512.72043
969  16:6949085:G:T     280.20124
970  16:6949185:T:A    1079.51751
971  16:6949609:C:G     262.15267
972  16:6949942:G:C     698.34014
973  16:6950275:G:C    1276.23502
974  16:6951088:C:G     254.98144
975  16:6951752:C:G    1350.93535
976  16:6952238:A:G    1348.22954
977  16:6952581:A:G    1486.84309
978  16:6953116:G:A     296.21995
979  16:6953298:T:G     253.33965
980  16:6953895:T:C     600.52774
981  16:6956074:A:C      59.31347
982  16:6956126:C:T     370.14831
983  16:6957923:T:C    1309.45970
984  16:6958195:T:C     458.06195
985  16:6959329:C:A    1345.00321
986  16:6960976:C:T     219.99319
987  16:6961584:T:G     200.28691
988  16:6962364:G:T     365.56261
989  16:6963559:G:A     947.62386
990  16:6963715:C:A    1200.80834
991  16:6964381:C:T    1383.42238
992  16:6965269:C:A    1437.08333
993  16:6965322:C:G     196.57763
994  16:6965574:C:T     717.83516
995  16:6968510:G:T     152.54840
996  16:6968872:T:C     196.56688
997  16:6968986:G:A    1350.39893
998  16:6969010:G:A     108.77773
999  16:6969406:A:G     562.10967
1000 16:6971078:C:A     212.03493
1001 16:6971764:A:G     427.90536
1002 16:6971878:G:C     455.42534
1003 16:6972236:C:T     277.30170
1004 16:6973884:C:G     188.16131
1005 16:6974362:C:T     471.12670
1006 16:6975087:G:A     994.32052
1007 16:6977443:C:T    1343.62834
1008 16:6977899:C:T      84.96438
1009 16:6977994:C:G     202.34559
1010 16:6978245:G:A     206.83758
1011 16:6978923:G:C     424.92495
1012 16:6979690:A:G     179.98149
1013 16:6980296:T:C    1307.24437
1014 16:6980362:C:G     742.14281
1015 16:6980525:C:T    1486.84309
1016 16:6980657:T:C    1256.62909
1017 16:6981723:C:T     108.77773
1018 16:6982287:C:T     120.14161
1019 16:6984150:C:T     314.21674
1020 16:6984670:C:T     219.00348
1021 16:6984852:C:G     227.56422
1022 16:6984920:C:G     300.55920
1023 16:6985714:G:A     364.17366
1024 16:6986063:G:C      63.98168
1025 16:6986070:T:C     283.48743
1026 16:6986997:G:A     220.69943
1027 16:6988758:C:G    1423.04131
1028 16:6988871:A:T     663.06006
1029 16:6989011:C:T     159.91067
1030 16:6990164:G:A     362.05641
1031 16:6990249:A:C     169.17146
1032 16:6991266:T:C     349.28913
1033 16:6991929:C:G     386.57324
1034 16:6991975:A:G     120.14161
1035 16:6992187:C:T     152.87540
1036 16:6992351:T:G     934.39065
1037 16:6993631:C:T     263.37465
1038 16:6995746:G:T      69.71205
1039 16:6995793:G:A     294.29730
1040 16:6997483:G:T     166.15746
1041 16:6997568:T:C     546.04861
1042 16:6997866:C:G     156.37075
1043 16:6998059:C:T     520.64091
1044 16:6998091:C:G     176.75037
1045 16:6999128:T:C     108.77773
1046 16:6999809:C:G    1296.36969
1047 16:7000239:A:G    1307.25426
1048 16:7000628:T:C     168.01884
1049 16:7002238:C:T     153.46706
1050 16:7003171:G:T     110.31458
1051 16:7004128:C:T     416.02486
1052 16:7004453:A:G     301.17791
1053 16:7004539:C:T     209.42734
1054 16:7004971:C:T    1362.45798
1055 16:7005764:C:G    1322.72444
1056 16:7007296:C:G    1343.42237
1057 16:7007919:C:T     264.56401
1058 16:7009275:G:T     346.00416
1059 16:7010834:A:G     259.80611
1060 16:7011532:G:A    1105.11420
1061 16:7012201:A:G     270.79574
1062 16:7013162:C:T     273.15536
1063 16:7014089:G:A     588.62108
1064 16:7014177:C:T     587.69064
1065 16:7014543:G:T      97.86262
1066 16:7015705:A:C     202.71375
1067 16:7016056:C:A     475.28574
1068 16:7017038:C:T     320.20353
1069 16:7017100:C:T     181.70236
1070 16:7018796:C:T    1338.01247
1071 16:7018981:G:T     635.59372
1072 16:7024392:C:G     277.70983
1073 16:7024654:A:G     698.64316
1074 16:7027939:A:G    1375.06727
1075 16:7027993:A:G      12.87122
1076 16:7029107:T:C    1184.78581
1077 16:7030108:C:G     232.82386
1078 16:7030162:C:T     192.82109
1079 16:7030513:T:C     646.42564
1080 16:7030880:C:G     287.65727
1081 16:7031090:A:G     498.96776
1082 16:7031309:C:T     342.98142
1083 16:7031490:G:T     214.93404
1084 16:7032016:C:T     223.44556
1085 16:7032523:C:T     508.70824
1086 16:7034337:T:C     403.33067
1087 16:7035437:C:T     323.18260
1088 16:7036820:C:T     629.49313
1089 16:7042186:A:T      12.87122
1090 16:7042503:C:T     585.98303
1091 16:7042743:C:T    1357.86134
1092 16:7044406:G:C     239.32292
1093 16:7045554:T:G     320.40323
1094 16:7045631:C:T     234.70209
1095 16:7046430:A:T     580.19666
1096 16:7046977:T:C     192.01416
1097 16:7047006:T:A     170.53002
1098 16:7047105:A:G     410.51233
1099 16:7047357:C:T     326.88592
1100 16:7047669:G:A     485.38439
1101 16:7048508:G:A     101.08151
1102 16:7048850:T:G     636.26789
1103 16:7048906:A:G     234.41162
1104 16:7050376:C:T     669.85495
1105 16:7050762:T:C    1468.69404
1106 16:7050763:G:A     348.44046
1107 16:7051735:G:A     204.80921
1108 16:7053199:C:T     490.07863
1109 16:7053227:C:T     183.40419
1110 16:7053236:T:C    1313.67971
1111 16:7053244:A:G      88.25998
1112 16:7053256:T:C     832.37253
1113 16:7053265:T:G     135.81246
1114 16:7053798:A:G     381.63777
1115 16:7055961:C:G     282.46123
1116 16:7056224:C:T    1422.79528
1117 16:7056714:G:A     516.03944
1118 16:7057935:A:G     323.60515
1119 16:7059459:A:G      52.14252
1120 16:7062222:C:T      80.95580
1121 16:7062657:T:C     225.30912
1122 16:7066515:A:G     196.59368
1123 16:7066652:A:C     235.53315
1124 16:7067509:C:T     179.57968
1125 16:7068328:C:G     308.25242
1126 16:7070146:C:T    1412.98492
1127 16:7070336:C:T     161.98227
1128 16:7071656:T:C     822.66984
1129 16:7074808:T:C     546.58586
1130 16:7075527:G:T      12.87122
1131 16:7076018:C:T      52.14252
1132 16:7078061:G:A     264.30067
1133 16:7078165:G:T     196.59368
1134 16:7078751:G:A    1369.89854
1135 16:7079306:T:C     506.19118
1136 16:7079537:T:C     282.46123
1137 16:7083598:A:G     179.46847
1138 16:7084127:G:A     193.63785
1139 16:7084450:C:A    1141.02156
1140 16:7084524:A:G     280.07707
1141 16:7085553:T:G      12.87122
1142 16:7086747:G:A     704.35064
1143 16:7088073:C:G    1385.31155
1144 16:7089109:G:A     547.52493
1145 16:7091712:A:T     174.82604
1146 16:7091741:C:T      93.92711
1147 16:7091937:G:A     704.35064
1148 16:7092651:G:C     282.46123
1149 16:7093091:G:A     225.09436
1150 16:7094404:G:A     368.33913
1151 16:7094621:G:A     199.91781
1152 16:7096832:C:G     711.20852
1153 16:7097218:A:G     385.89337
1154 16:7097922:C:T     177.00289
1155 16:7098496:A:G     486.74206
1156 16:7098644:G:A     338.51058
1157 16:7099242:C:G     241.93382
1158 16:7099689:C:A    1341.24047
1159 16:7100073:C:T     308.99569
1160 16:7101960:C:G     163.89499
1161 16:7102285:G:T      12.87122
1162 16:7102297:A:G     133.83262
1163 16:7102525:G:A     632.13145
1164 16:7102611:C:T     270.38796
1165 16:7102997:G:A     700.13397
1166 16:7104534:G:A    1396.84485
1167 16:7105939:C:G     231.70599
1168 16:7108726:T:C     163.43023
1169 16:7109159:G:C     314.23415
1170 16:7109290:C:T     225.09436
1171 16:7109699:C:T     194.25625
1172 16:7110097:C:T     384.39333
1173 16:7111072:T:C    1429.68677
1174 16:7111318:T:G     208.96312
1175 16:7112022:G:A     228.30497
1176 16:7112037:G:A    1197.68255
1177 16:7112237:G:A     168.85786
1178 16:7112267:C:T     205.46235
1179 16:7112442:C:A     669.85495
1180 16:7112591:G:C      92.95576
1181 16:7112749:C:T     692.28347
1182 16:7113223:G:C     666.42926
1183 16:7113726:C:G     231.70599
1184 16:7115032:G:C    1396.84485
1185 16:7115290:G:A    1424.99603
1186 16:7115546:G:A     384.39333
1187 16:7115972:C:A     113.31601
1188 16:7116301:T:C      65.83428
1189 16:7116630:G:C     817.63306
1190 16:7118159:C:T     282.46123
1191 16:7118453:C:T     231.70599
1192 16:7118870:A:G    1352.92633
1193 16:7119313:C:A     166.28591
1194 16:7123475:A:G     156.71118
1195 16:7124368:C:T     219.71333
1196 16:7124857:A:G     163.16133
1197 16:7125380:G:T    1396.52137
1198 16:7127582:T:A     427.60404
1199 16:7127835:C:T     282.46123
1200 16:7128137:C:G     669.76550
1201 16:7128443:G:T      71.19273
1202 16:7129432:A:C     391.84817
1203 16:7130024:C:T    1463.28659
1204 16:7131924:T:G     206.06869
1205 16:7133187:G:A     358.93703
1206 16:7134651:G:C     384.66741
1207 16:7135038:A:G     406.26965
1208 16:7135367:A:T     128.40752
1209 16:7136994:G:A     722.49461
1210 16:7138159:T:C    1200.80834
1211 16:7139092:T:C    1461.26072
1212 16:7141164:T:C     378.74036
1213 16:7141360:T:C     271.72351
1214 16:7141395:C:G     625.81345
1215 16:7142197:C:G    1335.56760
1216 16:7142916:T:C      97.19353
1217 16:7143416:T:C     288.96229
1218 16:7143910:A:G     237.47387
1219 16:7144145:A:C     132.66141
1220 16:7146080:T:C     472.81351
1221 16:7146392:G:T     689.91772
1222 16:7146648:C:T     224.62747
1223 16:7146657:G:A    1320.33191
1224 16:7148644:T:A     168.00514
1225 16:7150870:T:A     287.65281
1226 16:7151571:T:C     221.94973
1227 16:7153020:G:A     213.04715
1228 16:7154228:C:T     146.66791
1229 16:7155788:G:T     450.65491
1230 16:7156951:G:A     211.82141
1231 16:7157982:A:G     231.11495
1232 16:7158849:G:A     198.57784
1233 16:7159941:A:G     183.52097
1234 16:7160894:T:C     390.34078
1235 16:7161574:G:C    1280.89491
1236 16:7163731:A:G     127.29640
1237 16:7164053:G:C     813.65541
1238 16:7165810:T:G    1384.16943
1239 16:7165919:G:C     630.51472
1240 16:7168150:C:G     368.00120
1241 16:7168766:T:C     484.31174
1242 16:7169524:C:T     143.78950
1243 16:7169801:G:A     217.28323
1244 16:7170088:A:G     784.89975
1245 16:7171892:T:G     535.58974
1246 16:7172314:A:G     185.98287
1247 16:7172821:A:G     127.29640
1248 16:7173298:C:T     315.61887
1249 16:7174329:C:A     236.85273
1250 16:7175851:C:T     629.43168
1251 16:7176293:C:T     129.68013
1252 16:7180410:G:A     146.29352
1253 16:7180899:C:G     905.87503
1254 16:7181205:G:A     255.88868
1255 16:7181706:G:C    1289.93980
1256 16:7182091:G:C      12.87122
1257 16:7183990:A:G     353.86428
1258 16:7184126:A:G     334.47853
1259 16:7185263:G:T     384.92273
1260 16:7185480:G:A     305.99896
1261 16:7186118:A:T     757.52287
1262 16:7187382:T:C     181.43650
1263 16:7188323:T:G    1221.15440
1264 16:7190344:T:C     286.19740
1265 16:7191810:G:A      87.30966
1266 16:7193974:C:G     104.64377
1267 16:7196521:G:A     569.32883
1268 16:7197139:A:C     869.41999
1269 16:7197332:T:G    1305.93329
1270 16:7197542:C:T     293.60632
1271 16:7197810:A:C     284.21998
1272 16:7197983:C:T     214.50345
1273 16:7198137:A:G     182.07083
1274 16:7198929:T:G     365.57998
1275 16:7203700:C:G    1254.15321
1276 16:7205900:A:G     762.63522
1277 16:7207554:C:G     127.29640
1278 16:7209208:A:C     811.06956
1279 16:7209248:A:C     172.23392
1280 16:7209601:G:A    1222.46953
1281 16:7209971:G:T    1402.12980
1282 16:7210028:T:C     263.99867
1283 16:7210393:C:T    1197.22886
1284 16:7210609:T:A     482.78756
1285 16:7210919:C:G     242.30795
1286 16:7214173:G:A    1361.77830
1287 16:7214845:T:A     468.83594
1288 16:7215128:G:T     254.97665
1289 16:7216439:A:C    1393.24362
1290 16:7218670:G:T     248.36799
1291 16:7218981:C:T     200.73606
1292 16:7219932:G:T     441.08717
1293 16:7221692:G:A     255.31111
1294 16:7223641:A:G     252.39991
1295 16:7223951:G:A      58.64448
1296 16:7224791:G:A    1156.37200
1297 16:7225495:G:C    1357.31970
1298 16:7226547:G:A     195.77763
1299 16:7227394:G:A     166.73697
1300 16:7227711:G:C    1493.90399
1301 16:7227793:C:G     164.29559
1302 16:7228849:A:C     255.31111
1303 16:7229725:T:C     158.86710
1304 16:7230643:A:G     506.43796
1305 16:7230710:A:G     233.98660
1306 16:7233072:G:A     181.77914
1307 16:7233600:T:C     166.79328
1308 16:7234263:T:G    1384.89814
1309 16:7235493:T:C    1197.68255
1310 16:7238298:A:G     541.71959
1311 16:7238584:A:G     399.61259
1312 16:7239155:G:A    1493.90399
1313 16:7240381:T:G     222.85670
1314 16:7240898:T:A     130.61164
1315 16:7241019:C:A     215.59630
1316 16:7241141:C:T     316.74125
1317 16:7241159:C:T     166.73697
1318 16:7241529:G:C     164.28648
1319 16:7241628:T:G     361.89353
1320 16:7241644:A:G     180.15023
1321 16:7241788:G:T    1338.61758
1322 16:7242251:G:T     347.12253
1323 16:7242419:C:G     870.23689
1324 16:7242634:A:G     278.55772
1325 16:7243849:C:T     312.45053
1326 16:7245112:C:A     536.69402
1327 16:7245286:A:G     134.61664
1328 16:7246030:G:A     399.94604
1329 16:7246112:C:A     133.81054
1330 16:7246189:G:C     502.46471
1331 16:7246193:G:C    1347.61414
1332 16:7248313:C:T     357.01155
1333 16:7249562:A:C     344.07711
1334 16:7250111:A:G    1325.56952
1335 16:7250893:A:G     379.95493
1336 16:7252399:G:C     536.61942
1337 16:7252467:C:T     222.85670
1338 16:7254133:T:C     158.86710
1339 16:7254269:A:G    1493.90399
1340 16:7254431:C:G     230.09876
1341 16:7255943:C:A     399.41704
1342 16:7255971:G:A     711.80010
1343 16:7256440:T:G    1365.53176
1344 16:7257024:C:G     347.12253
1345 16:7258088:G:C    1312.21614
1346 16:7258356:A:T     189.09170
1347 16:7259668:A:T      85.58411
1348 16:7261315:C:A     178.60322
1349 16:7261743:G:A    1493.90399
1350 16:7262834:A:C     700.95921
1351 16:7263166:A:T    1352.04131
1352 16:7263844:A:C     133.81054
1353 16:7264159:T:C      59.18628
1354 16:7264964:C:T     858.18607
1355 16:7265495:G:C     430.35876
1356 16:7265616:C:T    1294.81136
1357 16:7265788:T:C     724.79985
1358 16:7265917:G:C     164.29402
1359 16:7266003:C:T     182.28402
1360 16:7266999:C:T     711.80037
1361 16:7267135:T:C     348.29393
1362 16:7267287:A:C     546.76214
1363 16:7268070:G:C     190.29940
1364 16:7269749:C:G     202.02064
1365 16:7270353:A:G     285.31756
1366 16:7270582:T:C    1287.11883
1367 16:7272284:A:G      51.66372
1368 16:7272351:T:C     317.77608
1369 16:7273446:T:A     546.76214
1370 16:7275511:A:G      98.68246
1371 16:7275638:A:C     287.98065
1372 16:7276193:C:G      88.14211
1373 16:7276615:C:T     149.32936
1374 16:7276680:T:C     611.77810
1375 16:7277786:A:G     179.29889
1376 16:7278663:G:C     225.91364
1377 16:7278712:C:T    1099.68363
1378 16:7279001:G:A     381.97488
1379 16:7280715:T:A     774.21590
1380 16:7281199:C:T     302.60967
1381 16:7282263:T:C    1210.88192
1382 16:7284147:G:A     457.82265
1383 16:7284599:G:T     285.57608
1384 16:7285381:G:A     142.98522
1385 16:7285768:G:T     405.11040
1386 16:7286351:G:C     552.70460
1387 16:7287625:C:G     215.41229
1388 16:7288014:A:G     616.76603
1389 16:7288113:C:G    1352.39809
1390 16:7288908:C:T     179.74943
1391 16:7290672:C:G    1393.89856
1392 16:7291344:C:T     281.87039
1393 16:7292389:G:C     612.94887
1394 16:7292426:C:G     989.97246
1395 16:7293468:A:T     155.77815
1396 16:7293747:C:T    1210.88192
1397 16:7296406:C:G     142.69490
1398 16:7297807:C:T     122.05026
1399 16:7299906:A:C     545.37681
1400 16:7300079:A:T    1005.33647
1401 16:7300955:G:T     155.77815
1402 16:7301530:G:C     139.27280
1403 16:7302263:C:G     238.36860
1404 16:7304594:A:G    1450.94962
1405 16:7305144:C:T    1343.97209
1406 16:7305645:A:G     527.12534
1407 16:7309353:C:T     316.45740
1408 16:7309525:C:G     882.06370
1409 16:7310939:C:A     115.98940
1410 16:7313392:T:C     526.23391
1411 16:7313906:T:A    1355.26042
1412 16:7315801:A:T     126.47272
1413 16:7317202:C:G     214.15222
1414 16:7317532:A:G      12.87122
1415 16:7319252:A:G     225.58478
1416 16:7320849:T:A      86.36152
1417 16:7323673:A:G     130.56809
1418 16:7324068:A:G     375.73566
1419 16:7324592:C:T     363.74612
1420 16:7326484:C:G     194.89046
1421 16:7326823:G:A    1324.49135
1422 16:7328159:G:A      12.87122
1423 16:7330960:C:A     373.28645
1424 16:7331204:G:T     498.54319
1425 16:7332764:C:G     309.90022
1426 16:7335225:A:G     142.98522
1427 16:7336322:T:C     564.21266
1428 16:7338818:C:T    1383.08598
1429 16:7340429:G:C     320.35515
1430 16:7340454:A:G     602.59218
1431 16:7340456:T:A     151.08945
1432 16:7342306:A:G     224.36752
1433 16:7347634:C:T     147.14173
1434 16:7348294:T:G     317.93277
1435 16:7348483:G:A      67.04965
1436 16:7349231:G:A     245.22106
1437 16:7352642:A:C     165.89485
1438 16:7352834:A:G     368.70849
1439 16:7352994:C:T     947.74445
1440 16:7353176:G:T     683.28126
1441 16:7354093:T:C     278.68468
1442 16:7354184:G:A     335.14672
1443 16:7354883:G:C     330.72699
1444 16:7356555:C:G    1099.87168
1445 16:7357886:C:T    1305.45201
1446 16:7359956:T:C     157.87665
1447 16:7360123:C:A     368.86386
1448 16:7360535:G:T    1349.31884
1449 16:7365267:C:T     311.65796
1450 16:7366065:T:G     190.10229
1451 16:7367141:C:A    1255.64533
1452 16:7369768:C:T     289.56394
1453 16:7371141:T:C     421.95666
1454 16:7371596:A:G     209.06148
1455 16:7372754:A:T     129.96831
1456 16:7373841:G:A     202.89056
1457 16:7375406:A:G      86.36152
1458 16:7376075:T:C     187.26897
1459 16:7378234:G:A     986.85047
1460 16:7380978:G:T     226.76025
1461 16:7381375:G:T     218.48632
1462 16:7382072:A:G     159.24444
1463 16:7382452:T:A     241.58975
1464 16:7382629:T:C      57.47847
1465 16:7383821:C:T     123.29891
1466 16:7384227:C:T    1309.46205
1467 16:7385164:C:G     421.95666
1468 16:7389754:T:G     541.81976
1469 16:7390453:C:G      52.42403
1470 16:7390459:T:C     292.93527
1471 16:7391561:G:A     311.72281
1472 16:7393022:C:T     559.51858
1473 16:7395436:T:G     809.31251
1474 16:7396003:G:A    1374.43708
1475 16:7396633:C:G     212.12344
1476 16:7397219:T:C     154.82769
1477 16:7399745:A:G     170.65773
1478 16:7400155:T:A     479.13094
1479 16:7400644:C:T     270.19132
1480 16:7404363:T:C      12.87122
1481 16:7407126:C:T     405.45164
1482 16:7407271:A:C     528.43371
1483 16:7408842:T:C     295.62108
1484 16:7409225:C:G     249.84448
1485 16:7410018:C:G    1327.33921
1486 16:7411779:G:A     102.24582
1487 16:7411960:A:G     295.46150
1488 16:7412515:G:T     125.98454
1489 16:7413720:C:T     241.82224
1490 16:7414340:G:T     173.45247
1491 16:7414430:C:T     122.12525
1492 16:7415264:A:C     122.21323
1493 16:7418792:A:T     325.34898
1494 16:7422480:C:G    1360.76036
1495 16:7422687:A:G     125.98454
1496 16:7422796:A:C      12.87122
1497 16:7422820:A:C     173.54274
1498 16:7423470:G:A     168.13381
1499 16:7424392:G:A     264.85641
1500 16:7425290:C:G     325.81368
1501 16:7427085:A:C     118.29670
1502 16:7428647:C:G     252.91250
1503 16:7431746:C:T     187.26897
1504 16:7433813:T:G     278.77126
1505 16:7434250:A:G    1308.55098
1506 16:7435409:C:G     275.96788
1507 16:7436576:A:G     213.55070
1508 16:7436694:T:C     129.96831
1509 16:7437439:A:G     189.59548
1510 16:7437600:C:G      12.87122
1511 16:7437664:C:G     337.96406
1512 16:7438039:G:T     697.55662
1513 16:7439206:A:G    1124.73554
1514 16:7439264:G:A     169.75776
1515 16:7440386:C:G     515.50832
1516 16:7440657:T:C      57.47847
1517 16:7440755:T:C     146.45541
1518 16:7441344:A:C    1340.92376
1519 16:7441385:G:C     572.33120
1520 16:7442494:C:T     703.21581
1521 16:7443364:A:G     219.31422
1522 16:7445777:T:G     145.24712
1523 16:7447569:A:G     180.52341
1524 16:7447895:A:T     125.57326
1525 16:7449116:C:T     200.51290
1526 16:7454739:A:G     689.97965
1527 16:7455029:G:A     120.33040
1528 16:7455335:C:T     229.82390
1529 16:7455369:C:T    1147.66358
1530 16:7456936:A:T    1354.19290
1531 16:7457987:C:T     947.74445
1532 16:7458320:G:A     299.67469
1533 16:7459499:A:G     268.22406
1534 16:7461977:C:A     756.73516
1535 16:7462090:T:C     262.36484
1536 16:7462715:C:G    1313.87505
1537 16:7462998:A:G    1038.73625
1538 16:7463085:A:G     907.27709
1539 16:7464604:G:C     342.20349
1540 16:7464957:G:A     446.65701
1541 16:7468883:T:G     365.42248
1542 16:7472369:C:T     316.86489
1543 16:7472397:G:A     188.44611
1544 16:7472626:C:T     414.56934
1545 16:7475297:C:T     185.03805
1546 16:7478088:G:T     255.25890
1547 16:7479771:C:T     129.90490
1548 16:7480443:A:T     388.21069
1549 16:7480942:A:G    1359.10368
1550 16:7482272:G:T     205.39501
1551 16:7483453:T:C     322.35190
1552 16:7484124:A:T     476.91063
1553 16:7485329:C:T    1236.60201
1554 16:7486976:G:A    1342.18205
1555 16:7488224:T:G      67.96458
1556 16:7490321:A:G     374.50307
1557 16:7493463:T:C      87.91240
1558 16:7493652:T:C     334.05351
1559 16:7496047:G:C     801.25540
1560 16:7496133:A:G     158.21153
1561 16:7496252:G:A     227.25787
1562 16:7498221:G:C     325.55724
1563 16:7498440:A:G     113.92123
1564 16:7500531:G:A    1372.02143
1565 16:7503603:C:T     453.75795
1566 16:7503683:G:A     267.24154
1567 16:7504906:C:G     415.87380
1568 16:7505839:A:G    1056.75788
1569 16:7507852:C:T     277.16219
1570 16:7508433:G:A     476.40672
1571 16:7508582:C:T     472.86141
1572 16:7509620:T:G    1270.27532
1573 16:7510557:G:C     215.77029
1574 16:7511055:G:T      67.96458
1575 16:7512358:A:G     227.25787
1576 16:7513868:A:G     186.83123
1577 16:7514385:A:G     166.28362
1578 16:7514564:T:G     305.09544
1579 16:7514973:A:G     350.89965
1580 16:7515479:A:G     717.52536
1581 16:7516962:C:T     325.55724
1582 16:7520277:T:C     998.02551
1583 16:7520966:A:G    1283.68602
1584 16:7523694:G:A     425.58034
1585 16:7523724:T:C     271.19352
1586 16:7524644:G:A     114.78774
1587 16:7527269:A:G     181.29052
1588 16:7527449:T:C     261.79989
1589 16:7528859:C:T      87.79398
1590 16:7529638:A:G    1366.44960
1591 16:7530620:C:G     159.34508
1592 16:7531510:C:T     199.15082
1593 16:7532073:G:A      82.83436
1594 16:7532229:A:G     404.88097
1595 16:7532452:C:T     404.60132
1596 16:7533268:C:T     302.61143
1597 16:7533307:C:T     648.47025
1598 16:7533888:C:G     180.36667
1599 16:7534782:C:T    1256.27875
1600 16:7535052:A:G     191.52211
1601 16:7535911:C:G      62.60718
1602 16:7538642:C:T     239.12050
1603 16:7539904:A:G    1275.72113
1604 16:7541682:G:C     739.18134
1605 16:7543493:C:G     202.94927
1606 16:7543517:A:G     144.36470
1607 16:7543792:T:G    1400.59868
1608 16:7544037:G:A    1291.12773
1609 16:7544354:G:A     158.32531
1610 16:7545188:G:T     721.54009
1611 16:7545253:C:G    1375.96572
1612 16:7548352:C:G     151.71011
1613 16:7549809:G:A    1493.37820
1614 16:7550791:C:T     300.80735
1615 16:7552664:G:A     397.98713
1616 16:7555057:C:T     163.56537
1617 16:7555635:G:A     251.78382
1618 16:7555987:A:G    1316.12212
1619 16:7556756:T:A     259.88315
1620 16:7557853:C:T     190.41839
1621 16:7560342:C:G     213.75107
1622 16:7561333:G:A     631.51020
1623 16:7563104:A:C    1373.70092
1624 16:7564115:A:C     172.83342
1625 16:7565817:G:T    1493.37820
1626 16:7565963:C:G     126.24835
1627 16:7567362:G:C     225.19136
1628 16:7569218:C:T     168.67452
1629 16:7570205:A:T     102.29688
1630 16:7570907:A:T     602.35020
1631 16:7572470:G:A     136.91130
1632 16:7573978:T:C     835.21537
1633 16:7574482:A:G    1094.61373
1634 16:7575203:T:C     155.82435
1635 16:7575225:C:T     299.71072
1636 16:7575288:T:C    1248.17259
1637 16:7576334:C:T     223.85036
1638 16:7581929:G:T    1493.37820
1639 16:7582209:C:G     216.78355
1640 16:7583418:T:A     966.39817
1641 16:7583707:G:A     299.71072
1642 16:7586279:T:G     137.25086
1643 16:7587443:T:A    1430.81595
1644 16:7588045:G:A     172.03535
1645 16:7588213:C:G     271.39906
1646 16:7590052:A:G     328.15948
1647 16:7591741:A:G      62.53116
1648 16:7592263:G:A     280.45343
1649 16:7594064:A:G     483.50059
1650 16:7595701:A:C    1297.25957
1651 16:7596790:C:A     185.06144
1652 16:7599244:C:G     215.92100
1653 16:7599784:G:A     207.86414
1654 16:7600710:G:A     242.19394
1655 16:7601083:C:T     230.23604
1656 16:7601581:T:C     223.45502
1657 16:7601912:A:C     801.14206
1658 16:7602388:C:T     271.39906
1659 16:7604466:A:G     504.84867
1660 16:7605104:T:G    1397.49676
1661 16:7606339:T:A     209.78315
1662 16:7607029:T:G     377.84100
1663 16:7607319:A:G     596.08044
1664 16:7609366:T:C     259.80756
1665 16:7609535:G:T      75.32370
1666 16:7609763:A:G     214.62543
1667 16:7609912:A:G    1111.18296
1668 16:7611197:C:G     167.73427
1669 16:7613941:G:C    1398.52200
1670 16:7615445:C:T     785.39720
1671 16:7616188:C:T     857.96969
1672 16:7619505:C:G     269.84174
1673 16:7619908:C:T    1412.92441
1674 16:7620475:A:G     867.82297
1675 16:7620772:C:T    1387.01862
1676 16:7620863:A:G     597.79764
1677 16:7621605:G:T     486.42183
1678 16:7623397:C:G     251.81676
1679 16:7624379:C:A     167.21291
1680 16:7624586:G:C     568.71138
1681 16:7624593:C:A     518.20266
1682 16:7624641:G:A    1029.54604
1683 16:7625373:G:A     354.56389
1684 16:7625792:A:G    1394.26846
1685 16:7626847:G:A     269.84174
1686 16:7627762:A:G     469.93477
1687 16:7628264:A:G     239.12780
1688 16:7628632:T:C     525.46777
1689 16:7628744:A:G     405.99351
1690 16:7629841:A:G     168.51898
1691 16:7629953:C:T     121.06938
1692 16:7630506:C:G     237.99541
1693 16:7631319:A:G     592.99204
1694 16:7632230:T:G    1184.88475
1695 16:7632339:T:A     233.40499
1696 16:7632880:A:T     809.03187
1697 16:7633801:A:G     212.70850
1698 16:7633888:A:G     248.50956
1699 16:7635406:G:A    1101.73920
1700 16:7635945:G:T    1426.34211
1701 16:7635998:C:T     123.31889
1702 16:7636228:G:C     678.80975
1703 16:7636315:A:C     218.93263
1704 16:7636320:G:A    1090.47271
1705 16:7636371:T:C    1405.49700
1706 16:7637086:G:C     335.52507
1707 16:7637931:G:A     152.19369
1708 16:7638597:C:A    1509.62293
1709 16:7639147:T:G     708.65725
1710 16:7639829:C:A     287.96541
1711 16:7640632:C:T     758.89575
1712 16:7640745:C:T     381.69626
1713 16:7641721:A:G     568.34905
1714 16:7648874:A:G    1300.77507
1715 16:7650961:A:G     169.18889
1716 16:7657160:C:T     472.21624
1717 16:7657828:G:A     351.59872
1718 16:7659883:G:C     250.31787
1719 16:7660387:T:A     371.07225
1720 16:7660799:T:C      12.87122
1721 16:7661950:G:A     717.78387
1722 16:7662062:G:A     223.76347
1723 16:7664243:G:A     102.40014
1724 16:7668053:A:G      94.15067
1725 16:7668589:A:C     124.36635
1726 16:7671024:G:A    1063.76960
1727 16:7673538:C:T     206.85361
1728 16:7674483:C:T     287.79446
1729 16:7675119:C:T     979.50688
1730 16:7675503:C:G    1264.05636
1731 16:7677373:G:A     200.79356
1732 16:7678771:C:T     241.65601
1733 16:7679615:C:T      12.87122
1734 16:7681568:T:C     759.64727
1735 16:7681936:A:G     558.75514
1736 16:7685572:G:C     406.06472
1737 16:7686089:G:C     151.49447
1738 16:7686104:G:A     676.84812
1739 16:7687366:G:C    1415.31714
1740 16:7688490:C:A      12.87122
1741 16:7689128:T:C     134.46019
1742 16:7690008:C:T     351.00124
1743 16:7691193:T:G     969.64849
1744 16:7692249:G:A     759.64727
1745 16:7693137:A:G     479.48938
1746 16:7695207:G:A    1197.68255
1747 16:7696194:A:G     134.82367
1748 16:7696342:G:C     600.86338
1749 16:7697058:C:T     199.96859
1750 16:7698436:A:G     188.79222
1751 16:7698743:G:C     179.09691
1752 16:7700277:A:G     558.48615
1753 16:7701180:C:T     294.59531
1754 16:7702748:G:C    1326.61170
1755 16:7702997:G:A     336.63501
1756 16:7703414:A:G     228.43188
1757 16:7704022:G:A     370.86622
1758 16:7704173:A:C     269.37513
1759 16:7704346:A:G     602.06084
1760 16:7704408:C:T    1431.45520
1761 16:7706352:G:A     273.18959
1762 16:7709030:G:A     253.59726
1763 16:7709446:T:G     305.04504
1764 16:7710312:G:T     227.20692
1765 16:7711478:A:T     123.33991
1766 16:7711608:C:T     297.37129
1767 16:7712139:C:T     154.68208
1768 16:7712416:T:C    1437.07762
1769 16:7712986:C:A     161.70317
1770 16:7713984:C:T     184.54052
1771 16:7716065:A:G     415.83010
1772 16:7717034:A:G     318.25536
1773 16:7721195:A:G     227.20692
1774 16:7724137:T:C     602.25138
1775 16:7724507:T:C     298.62527
1776 16:7724705:A:G    1455.98741
1777 16:7725356:C:G     659.69775
1778 16:7726988:C:G     365.67927
1779 16:7727113:C:T     159.01161
1780 16:7728239:G:A     117.42989
1781 16:7728458:A:G     200.82927
1782 16:7728672:G:T     446.33403
1783 16:7728840:A:C     181.30105
1784 16:7730030:C:T     210.55291
1785 16:7730817:A:T     101.02723
1786 16:7730993:C:T     224.86851
1787 16:7732156:C:T     170.41023
1788 16:7732440:C:T     381.30092
1789 16:7733404:G:C     275.61367
1790 16:7733843:T:A     225.44788
1791 16:7734153:G:T     132.41296
1792 16:7734494:A:G    1395.27921
1793 16:7735030:T:C     220.22249
1794 16:7735033:A:C     460.45567
1795 16:7735350:T:C    1005.43548
1796 16:7735458:G:A     402.04623
1797 16:7736532:G:A     129.11335
1798 16:7737070:C:T     124.27165
1799 16:7737836:A:G    1290.66868
1800 16:7737876:C:T     300.16208
1801 16:7737925:C:G     209.19923
1802 16:7743747:T:G    1274.90895
1803 16:7743960:A:T      90.02262
1804 16:7745824:T:C     172.71125
1805 16:7746321:C:G     262.43716
1806 16:7746498:A:G     567.09403
1807 16:7747638:C:G     373.34290
1808 16:7747854:G:A     298.10510
1809 16:7751855:A:G    1117.04835
1810 16:7752167:G:A     420.91734
1811 16:7752697:T:C     132.24809
1812 16:7752757:A:C    1312.15463
1813 16:7753084:T:C     139.73254
1814 16:7753306:C:T     249.29321
1815 16:7753382:C:G     511.14906
1816 16:7753517:C:T     259.59930
1817 16:7753697:T:C     183.76889
1818 16:7753970:A:C     600.17778
1819 16:7754489:A:T     276.15631
1820 16:7755275:G:A     444.01565
1821 16:7755649:T:G     276.23691
1822 16:7755654:C:T     420.66604
1823 16:7756952:T:C     369.95656
1824 16:7757212:G:C    1129.78018
1825 16:7758306:C:G    1410.10699
1826 16:7759136:G:A     225.78889
1827 16:7759338:T:C      65.71916
1828 16:7760884:T:G    1340.30273
1829 16:7761529:C:T     183.81821
1830 16:7761736:G:T     755.91199
1831 16:7762254:T:C     795.78744
1832 16:7763813:G:C     700.62947
1833 16:7764074:A:G    1486.84309

{"project":"masters","channel":"laplacian","event":"Laplacian Construction is complete","description":"Genes 2-2","icon":"🔥","notify":true,"parser":"text"}