[1] "No duplicate edges found. Skipping simplify()."
$graphxx
     gene   density    mean_dist transitivity edge_dens vertex_con edge_con
1 CNTNAP2 0.4396409 1.871819e-05    0.4810933 0.4396409        204      204

$snpsbetw_centrDF
                 SNP snpbetw_centr
1    7:146470784:C:A      96.05170
2    7:146471173:G:T     132.22053
3    7:146476641:C:T      94.29127
4    7:146477995:G:C     115.67608
5    7:146478514:A:C      36.48745
6    7:146485901:A:C     177.35847
7    7:146486527:T:A     250.95964
8    7:146487957:G:A     275.30021
9    7:146488439:G:A     318.52606
10   7:146489606:A:T     762.10288
11   7:146493811:A:G      78.57141
12   7:146494117:A:G     181.39673
13   7:146496414:C:A      96.05170
14   7:146496578:C:T     254.25788
15   7:146501346:T:C      67.04719
16   7:146505943:A:G     133.74377
17   7:146506523:G:A     132.22053
18   7:146509534:A:T     256.74228
19   7:146509622:A:G     155.28245
20   7:146511903:A:G      71.37208
21   7:146516956:C:G     219.80256
22   7:146517459:G:C      61.70665
23   7:146518986:C:T     190.93771
24   7:146519967:A:G     209.56179
25   7:146521026:A:G     167.23142
26   7:146524983:G:A      99.94000
27   7:146530087:T:C      67.04719
28   7:146533265:A:G     115.67608
29   7:146537237:G:A     145.06853
30   7:146538961:T:C      59.63621
31   7:146539356:A:C     837.60874
32   7:146542530:T:C     433.78235
33   7:146542698:A:G     308.07523
34   7:146542987:G:A     321.95850
35   7:146544896:T:G      54.79417
36   7:146546484:C:T      92.41207
37   7:146547214:A:G     252.09577
38   7:146551306:A:G     205.70687
39   7:146553769:C:T     270.86917
40   7:146556760:A:T     156.62579
41   7:146557128:A:C     132.18096
42   7:146557143:G:A     803.15421
43   7:146557397:C:G     947.69619
44   7:146559719:T:C     114.56552
45   7:146564612:C:T      61.70665
46   7:146565004:G:A     294.84384
47   7:146568243:G:A     219.32075
48   7:146568626:A:T      91.42414
49   7:146569065:A:G     193.19345
50   7:146571958:G:A      97.33972
51   7:146574388:G:A     264.45892
52   7:146575682:A:C     640.36829
53   7:146576625:T:C     859.56570
54   7:146576758:A:T     827.74152
55   7:146577133:A:T     846.76498
56   7:146577200:T:A     669.58253
57   7:146577857:C:T     399.84051
58   7:146580801:G:T     151.33705
59   7:146581210:C:T      91.68254
60   7:146582565:T:C     873.46650
61   7:146585198:T:C     266.28275
62   7:146586139:C:T     109.57548
63   7:146587142:C:T     330.86496
64   7:146594169:A:C     119.52769
65   7:146594640:G:A     137.78838
66   7:146596110:T:C      52.53680
67   7:146598764:T:C     222.65457
68   7:146599478:C:T     766.04025
69   7:146602321:G:C     124.92885
70   7:146602450:C:T      97.47432
71   7:146602897:C:T      70.44578
72   7:146603201:C:T      67.58980
73   7:146603579:C:G     100.01787
74   7:146603839:C:G     349.37018
75   7:146604490:G:A     304.23651
76   7:146606905:G:A     166.89640
77   7:146610780:A:T     237.28848
78   7:146610785:A:G      52.53680
79   7:146611910:A:T     484.93927
80   7:146613869:A:T     805.92609
81   7:146618498:G:A     455.11224
82   7:146619367:C:T     176.19158
83   7:146619486:T:C      93.89523
84   7:146619534:G:A     228.11902
85   7:146619794:G:A     310.70510
86   7:146621449:G:A     108.27052
87   7:146621741:C:T     102.47607
88   7:146624488:C:T     105.11798
89   7:146624642:A:G     119.26988
90   7:146625909:C:T      49.27138
91   7:146627971:G:C     103.10069
92   7:146629224:C:A     118.81382
93   7:146630028:C:G      84.13787
94   7:146630498:A:T     241.78568
95   7:146630796:G:A     769.80500
96   7:146630832:A:G     263.27442
97   7:146632208:G:T     137.78838
98   7:146635989:C:T      31.58356
99   7:146636063:A:G      71.61241
100  7:146642043:G:A      64.96136
101  7:146649639:A:G     127.76946
102  7:146650849:G:A      86.37188
103  7:146654965:C:T     137.78838
104  7:146655949:T:C      42.57147
105  7:146657448:C:T     206.02769
106  7:146658570:A:G      71.61241
107  7:146658874:A:G     791.26115
108  7:146660468:T:C     136.69456
109  7:146660924:G:A     352.46356
110  7:146661655:T:C     254.14641
111  7:146664009:C:T     231.13688
112  7:146665269:A:G     234.98599
113  7:146666474:T:C     438.55398
114  7:146676011:A:G     233.07819
115  7:146677373:C:T      76.61618
116  7:146678063:G:A     127.76946
117  7:146682394:G:A     316.22922
118  7:146683899:C:T     526.84364
119  7:146685276:G:A     151.16343
120  7:146686551:C:G     357.56250
121  7:146691344:G:A     151.55779
122  7:146691509:T:C     279.52480
123  7:146694454:A:T     129.92705
124  7:146697087:A:G     250.87100
125  7:146698706:G:A     221.64070
126  7:146700064:A:C      98.50161
127  7:146701265:C:T      46.59518
128  7:146701480:G:T     615.92700
129  7:146702382:C:G      99.98051
130  7:146703184:A:G     105.95132
131  7:146707835:T:G     800.10303
132  7:146708839:A:G      91.39706
133  7:146712085:A:G      91.41179
134  7:146712382:G:A     171.44675
135  7:146712903:T:C     109.40741
136  7:146715607:A:G     280.40545
137  7:146723583:T:G     128.02356
138  7:146726302:G:C     334.94609
139  7:146728824:A:G     123.96599
140  7:146729161:G:A     306.01679
141  7:146729796:A:G     107.78140
142  7:146734012:T:A      31.58356
143  7:146734735:G:A     681.19419
144  7:146734992:A:T     774.28421
145  7:146736776:A:G      75.22902
146  7:146744582:A:G     113.41746
147  7:146745227:C:T     135.40830
148  7:146745522:G:A      74.17512
149  7:146747589:G:A     416.39579
150  7:146748168:C:T     803.40089
151  7:146753732:C:T      67.60510
152  7:146754911:T:C     106.45212
153  7:146757880:T:C     160.81479
154  7:146758613:C:T      51.12834
155  7:146759484:G:A     832.33813
156  7:146759757:G:A     231.16841
157  7:146761579:C:A     117.46662
158  7:146761620:A:G     132.37529
159  7:146762872:T:C     292.65109
160  7:146769577:G:A     361.15178
161  7:146770483:G:C     296.94353
162  7:146771502:C:T     861.43643
163  7:146771595:T:C      78.54226
164  7:146772819:A:C     601.42619
165  7:146773439:C:T     214.98282
166  7:146774157:A:G     101.19438
167  7:146774380:A:G      99.43810
168  7:146774819:T:C     297.37168
169  7:146796125:T:C     279.78941
170  7:146797491:A:G     101.52279
171  7:146804696:G:A      90.77331
172  7:146811035:G:C     173.72725
173  7:146814185:G:A      60.79826
174  7:146815910:G:A      69.92978
175  7:146817387:G:T     486.84120
176  7:146818846:C:T     284.34454
177  7:146820575:A:G     242.48956
178  7:146820920:C:G     668.34029
179  7:146821557:C:T     195.12423
180  7:146821558:G:A     426.92705
181  7:146823699:G:A     620.58230
182  7:146824571:A:T     128.36018
183  7:146826061:A:G     890.97806
184  7:146826210:T:C     240.45965
185  7:146826629:G:T     160.95247
186  7:146828224:C:T     152.85536
187  7:146845439:G:A     450.27808
188  7:146851080:T:C     178.80994
189  7:146852731:A:G     204.75050
190  7:146855615:T:C     177.13120
191  7:146857300:T:C      98.02769
192  7:146857836:A:G     360.10813
193  7:146860686:G:T     197.99377
194  7:146860790:T:C     876.69256
195  7:146867709:G:A     251.96051
196  7:146870698:C:A     113.20367
197  7:146872116:T:C     192.74384
198  7:146872316:A:G     431.62483
199  7:146873581:C:A     100.03201
200  7:146874683:C:T     860.31811
201  7:146875325:T:C     560.01437
202  7:146875397:T:A      68.02083
203  7:146878987:G:A     249.18348
204  7:146879598:C:G     668.34029
205  7:146883190:C:T      89.77018
206  7:146886634:A:C      56.52456
207  7:146887868:A:G     242.37590
208  7:146891774:T:G     105.56772
209  7:146895836:A:G     315.84216
210  7:146896334:G:A     202.19890
211  7:146896562:C:T     289.41453
212  7:146897402:C:T     111.31822
213  7:146898867:T:C     183.53256
214  7:146899953:T:A      89.73792
215  7:146901009:C:T     481.76126
216  7:146901068:C:T     249.18348
217  7:146901255:T:C     121.98491
218  7:146902267:C:T      67.68400
219  7:146903111:C:T     150.72249
220  7:146903850:C:T      72.14200
221  7:146913706:C:G     637.79552
222  7:146920036:C:T      96.48856
223  7:146923182:C:A     306.92714
224  7:146924510:T:C      99.92000
225  7:146925197:A:G      77.91010
226  7:146925987:A:G     854.79405
227  7:146926654:A:C     164.59103
228  7:146933360:C:T     213.53876
229  7:146935123:T:C     322.57984
230  7:146936773:G:A      83.86592
231  7:146937680:A:G      83.48992
232  7:146939907:G:C     136.46375
233  7:146942173:T:A     172.62017
234  7:146942255:G:C     811.83092
235  7:146944063:A:G      99.09490
236  7:146947963:C:T     424.99607
237  7:146949611:T:C     102.56270
238  7:146951442:G:A      49.17336
239  7:146953838:G:C     205.97965
240  7:146957362:T:C     147.10721
241  7:146959088:T:C     797.41218
242  7:146962153:C:T      51.72555
243  7:146963023:G:A     167.54880
244  7:146965215:G:C      75.09005
245  7:146966876:T:C     806.22971
246  7:146969809:C:A     108.82964
247  7:146970262:C:T      85.16018
248  7:146971288:G:A     150.28835
249  7:146971931:T:C      96.31695
250  7:146972997:A:C      47.93822
251  7:146973654:A:T     103.12627
252  7:146975891:C:T     113.20667
253  7:146976192:G:A     202.31340
254  7:146981896:T:G     705.55314
255  7:146982223:T:A     180.28953
256  7:146983314:A:G     231.88342
257  7:146983589:C:T     108.02245
258  7:146985808:T:C     388.26222
259  7:146986630:T:G      83.48992
260  7:146988182:T:C     245.43367
261  7:146988289:G:A     202.31340
262  7:146988619:C:A      69.59670
263  7:146988989:A:G      73.93384
264  7:146990551:G:T     148.23468
265  7:146991320:G:C     297.08681
266  7:146993413:T:C     705.55314
267  7:146995177:A:G     227.76913
268  7:146999589:G:C     103.12627
269  7:146999921:T:C     176.59009
270  7:147001723:A:T      33.37132
271  7:147002888:T:G     199.42236
272  7:147005265:T:C     202.31340
273  7:147006687:T:G     379.83185
274  7:147006820:C:T     770.58506
275  7:147008718:T:A      83.48992
276  7:147011388:T:C     235.58026
277  7:147012232:G:A      70.94374
278  7:147012597:A:G     141.84619
279  7:147012979:T:G     115.49175
280  7:147013510:A:G     782.40686
281  7:147014588:T:C     386.63781
282  7:147015480:C:T     202.31340
283  7:147017403:A:G     236.23168
284  7:147017653:C:A     370.47484
285  7:147022210:T:C     783.23129
286  7:147022653:G:A     190.48117
287  7:147023153:G:A     308.19575
288  7:147023159:C:T     442.56566
289  7:147023251:G:T     657.56371
290  7:147023295:C:T     250.71861
291  7:147023298:T:G     138.36159
292  7:147024166:C:G      66.55575
293  7:147025943:A:G     661.56197
294  7:147027883:A:C     395.43912
295  7:147028927:A:G     707.47501
296  7:147029264:C:G     250.71861
297  7:147029783:G:A      77.67894
298  7:147035177:T:C     279.27457
299  7:147035550:G:A     163.22650
300  7:147044094:T:C     690.59735
301  7:147044852:G:T     403.56493
302  7:147045044:A:G     835.36807
303  7:147047485:C:T     163.72696
304  7:147049115:T:C      68.21175
305  7:147049757:A:G     241.42366
306  7:147051303:A:G     152.46140
307  7:147052134:C:T     814.24295
308  7:147052218:T:A      54.88027
309  7:147052341:C:T     115.85353
310  7:147052919:C:T      75.09005
311  7:147053862:A:G     815.92360
312  7:147053938:G:T     125.89962
313  7:147054250:G:T     697.78724
314  7:147057971:G:A     130.61446
315  7:147063496:A:G     168.70306
316  7:147064027:G:A     151.50730
317  7:147065523:A:C      33.37132
318  7:147067719:C:T     867.95337
319  7:147067882:G:T     120.46923
320  7:147069905:T:A     300.02705
321  7:147073129:G:A      72.55378
322  7:147073363:G:A     793.64120
323  7:147074362:A:G     250.71861
324  7:147077848:T:C     796.78418
325  7:147080510:G:T      86.46468
326  7:147082202:A:T     300.02705
327  7:147082989:G:A     151.50730
328  7:147088225:C:T     160.44148
329  7:147093528:A:G     769.85780
330  7:147098564:A:G      98.28228
331  7:147098787:T:C      56.01952
332  7:147099014:T:G     125.89962
333  7:147104159:C:A     602.29991
334  7:147104229:A:G     797.70603
335  7:147105598:A:C     294.28237
336  7:147105617:C:G      98.28228
337  7:147107476:G:A     778.01489
338  7:147108175:A:G     371.31177
339  7:147109521:G:A      54.05961
340  7:147110131:A:G      56.01952
341  7:147112411:T:C      74.79616
342  7:147114521:A:C     101.35289
343  7:147114776:G:A     105.80436
344  7:147117975:C:G     299.08907
345  7:147119051:C:T     110.15820
346  7:147119237:A:C      70.46873
347  7:147124822:C:T     647.23193
348  7:147124964:T:G      85.65119
349  7:147126618:T:G     173.47833
350  7:147127026:C:T      56.01952
351  7:147134634:C:T     151.50730
352  7:147135945:C:T     250.71861
353  7:147138607:C:A     129.98187
354  7:147139405:C:T     294.28237
355  7:147142669:A:G     104.63071
356  7:147143673:C:G     142.79803
357  7:147144534:G:A     863.83552
358  7:147152165:G:A     380.51759
359  7:147154188:T:C     162.67406
360  7:147154977:G:T     141.45441
361  7:147157421:C:T     811.72981
362  7:147157874:T:G      86.56799
363  7:147158020:G:A      48.60116
364  7:147162575:T:C     585.79931
365  7:147163269:A:G     567.48297
366  7:147163432:A:G     439.64074
367  7:147163952:A:G     126.47565
368  7:147167173:A:G     603.56181
369  7:147168270:A:C     552.89130
370  7:147168580:A:C     690.06734
371  7:147168706:A:G     571.15079
372  7:147168899:T:C      48.60116
373  7:147171980:G:C     120.94080
374  7:147173863:T:C     152.42091
375  7:147173975:A:G     774.97285
376  7:147174244:T:C     317.35666
377  7:147177026:C:A     262.90994
378  7:147179150:A:G      52.19769
379  7:147180070:G:A      75.09005
380  7:147182147:T:A     105.80436
381  7:147182405:G:T     199.27492
382  7:147185647:T:A     418.40238
383  7:147186070:C:A     143.32605
384  7:147186760:T:G     138.26968
385  7:147186888:C:T     695.68244
386  7:147189138:A:G     620.81868
387  7:147193716:C:T      52.19769
388  7:147197683:C:A     109.68145
389  7:147197946:A:G     135.30100
390  7:147199048:T:A      79.42884
391  7:147201295:T:C      82.26494
392  7:147203871:T:C     105.80436
393  7:147204859:A:G     717.08769
394  7:147205228:G:A     208.90530
395  7:147205356:C:T     257.89873
396  7:147205452:T:A     849.28383
397  7:147205542:A:G      95.90284
398  7:147205820:C:T     284.85158
399  7:147205998:C:T     126.97037
400  7:147205999:G:A     125.38723
401  7:147206289:T:C      96.27401
402  7:147206439:A:C     925.86098
403  7:147207957:A:G      48.07118
404  7:147208479:T:C      48.60116
405  7:147209290:C:T     127.15968
406  7:147209655:G:A     310.68136
407  7:147210921:C:T     113.92005
408  7:147214001:T:C     306.41504
409  7:147215230:C:A      51.72555
410  7:147218138:C:T     484.93927
411  7:147218996:C:T     401.10650
412  7:147219883:A:C     334.75074
413  7:147220721:T:C     169.90079
414  7:147221441:C:T     109.34084
415  7:147222039:A:G      88.27194
416  7:147224240:A:G     791.81863
417  7:147225881:T:C    1022.10067
418  7:147226358:T:C     890.31399
419  7:147229179:A:G     127.48346
420  7:147229190:T:C     552.60972
421  7:147230990:G:A      66.51932
422  7:147232440:C:T     120.19671
423  7:147236431:C:T     150.11306
424  7:147239130:G:A     150.29064
425  7:147239309:T:A     835.27276
426  7:147239664:A:T     435.06860
427  7:147245519:T:A     222.60912
428  7:147247139:A:G     598.58975
429  7:147248763:T:G     392.13811
430  7:147250702:A:G     495.43541
431  7:147251629:T:C      82.68258
432  7:147254649:C:G     863.23197
433  7:147255859:G:A     242.61337
434  7:147258136:G:T     237.01177
435  7:147261067:A:C      76.74311
436  7:147263146:G:A     204.76954
437  7:147265240:G:A     435.06860
438  7:147265246:G:T      84.69676
439  7:147267528:G:A     858.43607
440  7:147268217:T:C     140.16870
441  7:147273322:T:A     183.72161
442  7:147274149:A:G     283.16631
443  7:147276226:C:T     166.16026
444  7:147277731:G:A     435.06860
445  7:147279499:G:A      90.50258
446  7:147280071:T:C     860.82227
447  7:147280255:A:G     340.06074
448  7:147280649:C:T      84.69676
449  7:147281034:C:A     239.07270
450  7:147282781:C:T     479.65281
451  7:147284164:G:T     263.42187
452  7:147284171:A:G     252.58841
453  7:147285304:A:G      60.88498
454  7:147285385:C:T     874.93841
455  7:147285927:C:T      66.75126
456  7:147290519:G:A     143.50602
457  7:147290995:C:A     190.99392
458  7:147292384:C:T     162.46411
459  7:147293985:C:A     239.07270
460  7:147296436:A:T     435.06860
461  7:147298074:G:A      90.50258
462  7:147299696:A:G      86.29187
463  7:147302582:A:G     353.12269
464  7:147302751:A:G     517.07379
465  7:147303137:A:G     106.27184
466  7:147303904:C:G      96.78500
467  7:147305593:C:T     214.78630
468  7:147306931:T:C     102.16767
469  7:147312899:C:T     451.86317
470  7:147313691:C:T     782.22116
471  7:147313723:C:T     760.10385
472  7:147313809:A:G     801.01812
473  7:147313925:G:A     194.42649
474  7:147314518:C:A     133.37735
475  7:147320053:G:T     381.71007
476  7:147321738:A:G     780.46110
477  7:147321798:G:A     104.58331
478  7:147322473:C:T      92.78541
479  7:147323761:G:C     108.15739
480  7:147323861:C:A     178.49542
481  7:147324300:G:A      46.89372
482  7:147327557:T:C     162.78099
483  7:147328054:C:G     780.46110
484  7:147328921:A:T     182.38380
485  7:147329151:A:G     257.28091
486  7:147333388:G:A     104.58331
487  7:147334153:A:G     843.41061
488  7:147334979:T:A     297.52492
489  7:147338246:A:C     163.11141
490  7:147338616:G:C     380.68188
491  7:147339056:A:C      95.78493
492  7:147341711:C:T      94.98133
493  7:147341776:C:A      79.92519
494  7:147342335:A:G     123.58251
495  7:147345114:G:A     144.20639
496  7:147345983:C:G     847.30746
497  7:147348227:G:A     147.12927
498  7:147349025:A:G      70.33105
499  7:147351071:A:G     671.08622
500  7:147352276:A:G     382.09836
501  7:147353310:A:G     119.54522
502  7:147355931:C:T      88.30178
503  7:147356108:A:G      46.48907
504  7:147357330:T:C     108.55434
505  7:147358879:G:A     680.44748
506  7:147358993:T:C     560.68535
507  7:147359132:T:C     168.37337
508  7:147361404:G:A     755.95754
509  7:147364456:G:T     236.97917
510  7:147364897:A:T     287.71964
511  7:147365490:A:G     409.22939
512  7:147366954:T:C     394.43616
513  7:147370711:G:T     102.35348
514  7:147370818:G:A     269.14672
515  7:147370955:A:G     784.93910
516  7:147372412:A:G     687.22489
517  7:147381782:G:C     758.31365
518  7:147382334:C:T     514.96846
519  7:147383913:C:T      61.87171
520  7:147384548:G:A      99.42594
521  7:147385454:G:A      99.55097
522  7:147387509:C:A     201.05306
523  7:147387809:A:G     188.68390
524  7:147388736:A:G     418.40238
525  7:147388746:G:C     440.69818
526  7:147390034:C:T     269.28689
527  7:147391444:C:G     143.53407
528  7:147395789:G:A     834.96926
529  7:147396603:G:A     288.38410
530  7:147400158:G:A     156.24982
531  7:147401239:A:G     518.21233
532  7:147402427:A:G     247.51406
533  7:147406262:G:A     365.27820
534  7:147409912:C:A     288.38410
535  7:147414793:A:G     278.00588
536  7:147415536:C:A      45.42375
537  7:147416309:T:G     121.27956
538  7:147418072:C:A     146.96862
539  7:147419098:C:T      94.15960
540  7:147419143:G:A     360.52446
541  7:147419313:T:C     249.40042
542  7:147419683:T:C     900.69334
543  7:147424462:C:T     701.29321
544  7:147427188:T:A      55.41668
545  7:147427272:T:C     316.27186
546  7:147429043:G:A     305.66849
547  7:147431110:G:T     706.59024
548  7:147431418:T:G     214.12847
549  7:147431844:T:C     188.27431
550  7:147431865:A:G     229.67322
551  7:147432777:G:T     386.29048
552  7:147433482:A:C     268.02436
553  7:147434652:T:C     198.72714
554  7:147434891:G:A     106.57471
555  7:147435172:A:T      64.96183
556  7:147438445:A:G     153.12170
557  7:147438464:G:A     104.33207
558  7:147439865:A:G      55.41668
559  7:147440839:T:C     143.78531
560  7:147441889:A:G     141.23651
561  7:147441899:A:G     225.67165
562  7:147442226:C:T     726.57875
563  7:147443185:T:A      71.72188
564  7:147446023:G:C      83.17094
565  7:147446115:T:C      55.41668
566  7:147446431:G:A     299.96723
567  7:147447176:G:A     308.31551
568  7:147452258:T:G     105.12933
569  7:147454340:T:A      83.17094
570  7:147456826:A:G     112.53045
571  7:147460275:C:T     235.83667
572  7:147460586:T:G     733.73626
573  7:147461701:A:T     376.13950
574  7:147463059:A:G     122.49404
575  7:147463740:T:C      59.76895
576  7:147467806:G:A     116.37352
577  7:147471123:G:A     190.44904
578  7:147471710:T:C     762.42179
579  7:147471725:T:C     110.52656
580  7:147475273:T:G     279.22206
581  7:147479409:A:C     501.63801
582  7:147480187:G:A     268.02436
583  7:147481287:A:G     313.71247
584  7:147485858:T:C     816.45177
585  7:147485921:G:T     324.39234
586  7:147486291:G:A     339.83567
587  7:147486418:C:T     117.58926
588  7:147487063:A:C     734.97939
589  7:147487632:A:G      55.41668
590  7:147491154:C:T     132.80427
591  7:147491838:T:A     196.56333
592  7:147494755:T:C     350.74101
593  7:147495069:A:G     218.27114
594  7:147495593:C:T     102.35348
595  7:147498705:T:C     858.53244
596  7:147498781:A:G     274.24038
597  7:147498945:G:C     132.80427
598  7:147500221:C:G      63.04151
599  7:147500735:C:T      62.80209
600  7:147501709:G:A     114.16249
601  7:147502886:G:C     296.23615
602  7:147511155:C:A     120.35359
603  7:147511935:A:T     248.15246
604  7:147512547:G:T      62.80209
605  7:147513072:A:G     374.90503
606  7:147513184:C:T     790.94985
607  7:147514913:C:T     112.37979
608  7:147515438:A:T     289.72407
609  7:147516867:A:G      98.62066
610  7:147518477:T:C     156.97891
611  7:147519334:G:A     836.26001
612  7:147519907:G:A      63.04151
613  7:147520219:A:T     611.00892
614  7:147520604:G:C     114.16249
615  7:147521641:G:C      49.57239
616  7:147523909:C:T     185.02091
617  7:147524161:A:G     678.61328
618  7:147524944:A:C     117.46676
619  7:147527225:C:T     171.39840
620  7:147528012:T:G     818.33552
621  7:147528625:A:G      63.04151
622  7:147529758:C:T      99.31202
623  7:147531285:G:A     141.03285
624  7:147533219:T:G     455.33277
625  7:147533323:A:C      81.55378
626  7:147533720:A:G     564.21109
627  7:147534565:A:G     427.93121
628  7:147535478:C:T      63.04151
629  7:147535740:C:T     185.02091
630  7:147536649:T:C     355.73705
631  7:147536896:G:A     498.67879
632  7:147537194:A:C     112.37979
633  7:147538107:A:G     734.20836
634  7:147540461:T:C     167.91607
635  7:147544265:A:G      69.79607
636  7:147544273:C:T      70.62919
637  7:147544974:G:T     143.58561
638  7:147545232:C:G     202.76530
639  7:147547693:C:G      63.04151
640  7:147548098:T:A     409.24716
641  7:147549316:T:C     165.99730
642  7:147549713:A:C     443.77979
643  7:147550567:C:A     141.03285
644  7:147552030:C:G     114.16249
645  7:147552843:T:A     707.98233
646  7:147554105:C:T     517.98082
647  7:147554372:G:A      72.64712
648  7:147557342:C:A     559.83750
649  7:147557386:C:T     443.77979
650  7:147559164:T:C     199.89726
651  7:147560076:G:T     114.16249
652  7:147560518:A:C      63.04151
653  7:147561191:T:A     504.00041
654  7:147561541:T:A     266.53566
655  7:147561925:C:T      66.13537
656  7:147562247:A:G     757.30163
657  7:147562414:G:A     309.82550
658  7:147562628:G:A     202.76530
659  7:147564407:C:T     115.22137
660  7:147565066:C:T     455.33277
661  7:147567236:A:G     751.66553
662  7:147569023:G:A     252.18333
663  7:147569034:G:C     525.30304
664  7:147569172:T:C      86.44325
665  7:147569192:C:T     211.78797
666  7:147570584:A:G     830.73907
667  7:147570863:C:T     148.58407
668  7:147573924:G:A     205.75651
669  7:147575935:T:A      86.44325
670  7:147576571:C:A     252.18333
671  7:147578222:T:C      87.93059
672  7:147578800:C:T      55.41668
673  7:147579122:G:T     110.32945
674  7:147579673:G:A     220.13754
675  7:147580325:A:G     802.52955
676  7:147581191:G:A     181.41297
677  7:147581804:A:C     495.87276
678  7:147583229:G:C     252.18333
679  7:147584213:C:T      95.46566
680  7:147584717:T:G     100.04976
681  7:147584811:G:A     220.13754
682  7:147585865:A:T     110.32945
683  7:147586818:C:T      55.41668
684  7:147587541:A:G      95.79361
685  7:147587753:A:T     830.73907
686  7:147587887:C:G     234.86554
687  7:147588585:A:G     112.37979
688  7:147588768:C:T     312.50296
689  7:147592258:G:A     123.46960
690  7:147593329:C:T     124.57212
691  7:147595317:C:G     140.73718
692  7:147595399:C:T     166.70189
693  7:147595615:T:A     789.66487
694  7:147596247:C:T      55.41668
695  7:147598656:A:C     111.18936
696  7:147599446:C:T     830.04816
697  7:147600143:G:A     692.17342
698  7:147600172:G:A     108.05507
699  7:147601184:C:T     112.37979
700  7:147603006:C:A     489.80504
701  7:147605121:A:G      98.33481
702  7:147605256:G:A     312.94737
703  7:147606597:A:G     114.71553
704  7:147607585:C:T     752.09982
705  7:147607779:A:G     107.82850
706  7:147609290:G:A      86.44325
707  7:147610747:G:C     331.82727
708  7:147612321:G:A     235.27225
709  7:147615059:G:A     129.61148
710  7:147616077:C:A     825.71382
711  7:147616793:G:A     247.04039
712  7:147619546:T:G     357.34463
713  7:147621392:G:A     424.41802
714  7:147622711:A:G     301.42941
715  7:147623460:T:C      79.66773
716  7:147624177:C:T      40.46302
717  7:147624891:T:A     825.75788
718  7:147625905:G:A      46.34798
719  7:147629498:T:G     162.24545
720  7:147633487:G:T     244.63757
721  7:147634891:G:A      87.93933
722  7:147635306:T:A     868.36541
723  7:147635390:C:A     180.11414
724  7:147636894:T:A      91.63384
725  7:147637248:G:A     151.75108
726  7:147637547:A:G      59.75072
727  7:147641383:A:G     396.53161
728  7:147641720:T:G     837.48059
729  7:147644943:C:T      73.13013
730  7:147646065:G:A     142.63362
731  7:147646783:C:G     733.79465
732  7:147648194:A:G      67.38913
733  7:147648991:C:A     195.95447
734  7:147652120:G:A     149.68994
735  7:147652592:T:C     850.10564
736  7:147654000:T:A      83.82047
737  7:147654097:A:G     111.37508
738  7:147654953:A:G      59.75072
739  7:147655370:G:A     190.36377
740  7:147655979:G:C     104.50718
741  7:147656629:G:A     138.04678
742  7:147658499:C:A      91.79935
743  7:147662356:C:G     875.48903
744  7:147664614:C:T     351.19293
745  7:147664748:T:C     195.95447
746  7:147666838:G:A     452.18120
747  7:147668585:A:G     498.73712
748  7:147668694:G:C     142.63362
749  7:147672421:T:C     862.82454
750  7:147674978:A:G     400.99832
751  7:147677989:C:T     498.73712
752  7:147678991:G:C     808.12322
753  7:147682345:T:C     150.71373
754  7:147683635:C:G     187.27826
755  7:147685205:G:A     131.51720
756  7:147687424:A:T     343.69489
757  7:147688147:G:A      90.08064
758  7:147688645:G:T      83.82047
759  7:147689325:A:T     832.27208
760  7:147689625:C:T     548.44273
761  7:147694914:G:T     164.61498
762  7:147700430:T:C      68.03843
763  7:147702427:C:G     498.73712
764  7:147702619:G:T     147.23002
765  7:147703017:T:C     250.22544
766  7:147703602:G:A      95.95056
767  7:147705104:C:A      63.55300
768  7:147705239:A:T     100.51491
769  7:147705421:G:A     145.59252
770  7:147705627:C:T     261.52689
771  7:147706634:T:A     121.10833
772  7:147706981:C:T     855.01232
773  7:147708637:A:T     250.22544
774  7:147710158:G:A     210.23918
775  7:147710462:G:C     149.14232
776  7:147710667:C:G     141.64209
777  7:147710765:A:G     826.46846
778  7:147711677:A:G      91.71903
779  7:147712245:A:G     125.62387
780  7:147714551:G:A     131.51720
781  7:147715253:C:G     159.83311
782  7:147715709:T:C     746.84741
783  7:147715765:T:A     147.05231
784  7:147715843:C:G      63.55300
785  7:147716920:T:C     825.45392
786  7:147717186:T:C     134.68504
787  7:147718123:A:G      87.93933
788  7:147723360:G:A     117.11901
789  7:147724782:G:A     367.09108
790  7:147726313:C:T     164.14789
791  7:147726321:C:T      88.49921
792  7:147726469:A:C     111.37508
793  7:147727072:C:T     192.37087
794  7:147728982:T:C     807.94321
795  7:147729855:C:T     202.48061
796  7:147730004:A:T     141.64209
797  7:147730990:C:T     250.97868
798  7:147732818:C:G      74.56908
799  7:147734679:C:T      93.59925
800  7:147735436:C:T     520.53084
801  7:147735443:C:T     126.04332
802  7:147735722:C:T     193.12581
803  7:147737152:T:C     833.13349
804  7:147737450:A:G     142.48197
805  7:147738590:A:G     199.29609
806  7:147738798:C:G      71.19392
807  7:147741182:A:G     131.11684
808  7:147745116:C:T      93.59925
809  7:147748359:T:C      90.72452
810  7:147750021:C:A     131.51720
811  7:147750195:C:A     617.99470
812  7:147751157:C:T     203.72686
813  7:147751572:T:G     245.99268
814  7:147751964:A:C      98.72273
815  7:147753884:A:C     368.69012
816  7:147753897:C:T     791.74707
817  7:147754273:G:A     315.80966
818  7:147754407:G:A     465.13366
819  7:147756170:C:T     118.81207
820  7:147758470:G:A     170.83554
821  7:147760802:A:G     414.81091
822  7:147762095:C:G     296.82805
823  7:147763748:C:A     282.57159
824  7:147763811:C:T     197.76839
825  7:147766620:C:T      58.72260
826  7:147766755:G:C     423.15232
827  7:147768398:G:A     188.58140
828  7:147770183:A:G     887.98138
829  7:147771798:A:G     475.75328
830  7:147772505:G:A     122.84603
831  7:147773825:G:A     102.70233
832  7:147774272:G:A     129.36646
833  7:147775824:C:T      80.92509
834  7:147780377:A:G     168.87657
835  7:147786497:A:C     267.51719
836  7:147787288:A:C     899.33636
837  7:147791011:G:A     173.32581
838  7:147791285:A:G     347.29301
839  7:147793229:T:C     234.09672
840  7:147794343:G:C     402.93665
841  7:147798579:C:T     170.83554
842  7:147801137:A:C      49.97172
843  7:147803861:C:T     301.95649
844  7:147804337:G:A     158.08705
845  7:147804590:A:G     272.94962
846  7:147808805:A:T     423.15232
847  7:147809696:A:G     109.78491
848  7:147809960:T:A     199.30182
849  7:147809961:A:T     291.54817
850  7:147810997:T:A     330.73031
851  7:147811022:C:T     823.36574
852  7:147815663:T:A     525.11802
853  7:147816099:A:G     161.08271
854  7:147816224:C:T     318.98784
855  7:147816491:G:A     129.56773
856  7:147817705:T:C     152.88627
857  7:147821174:G:T     204.83958
858  7:147821399:A:G     922.32289
859  7:147823840:G:A     181.26647
860  7:147827451:A:G      59.61173
861  7:147834881:T:C     230.60748
862  7:147837585:G:A     131.43042
863  7:147839682:G:A     533.52529
864  7:147843075:A:G     118.07490
865  7:147845788:G:T      59.03004
866  7:147852127:G:A      99.87621
867  7:147854607:A:G     131.35525
868  7:147855874:T:C     557.82766
869  7:147856214:T:A     239.99072
870  7:147858290:G:T     181.27603
871  7:147858894:C:T     106.41712
872  7:147859933:A:T     258.55293
873  7:147866049:A:G     260.43133
874  7:147868493:G:C     928.87335
875  7:147871512:G:C     215.91703
876  7:147871657:C:T     108.67922
877  7:147871710:G:A      56.47256
878  7:147873901:G:A     123.28300
879  7:147874331:G:T     915.37226
880  7:147877344:A:G     222.78890
881  7:147878616:G:T     122.21123
882  7:147880484:A:T     439.36183
883  7:147880626:C:T     846.90793
884  7:147883934:C:T     732.19547
885  7:147886758:G:A      71.14202
886  7:147891420:C:T     146.75731
887  7:147891564:G:A     137.43679
888  7:147893809:A:T     156.00865
889  7:147895075:T:C     381.38944
890  7:147895712:T:G     234.16020
891  7:147896306:G:T     134.98437
892  7:147898538:A:G     348.40368
893  7:147899457:A:T     574.38675
894  7:147900480:A:G     105.12083
895  7:147903850:C:T     559.83750
896  7:147906302:C:T     826.14292
897  7:147906627:C:T      74.91091
898  7:147906908:C:T     207.64482
899  7:147907326:G:A     888.60998
900  7:147907504:T:C     162.71269
901  7:147908658:T:C     928.58517
902  7:147909992:C:G     439.36183
903  7:147910287:G:A     144.74827
904  7:147910432:C:T     213.98886
905  7:147911244:T:C     137.02899
906  7:147911685:G:C      56.96864
907  7:147915033:A:G      80.19204
908  7:147916400:C:T      64.18509
909  7:147918404:T:C     365.40107
910  7:147918535:G:A     213.17366
911  7:147918910:G:A     193.41286
912  7:147921280:G:A     129.83362
913  7:147923566:A:C     826.26849
914  7:147923882:T:A     314.06153
915  7:147925235:T:C     171.10818
916  7:147926888:A:C     870.62694
917  7:147927279:A:G      83.41887
918  7:147930475:A:T      88.40444
919  7:147930615:A:T     400.73214
920  7:147930643:T:G     281.41332
921  7:147931051:G:A     131.18902
922  7:147933412:G:A     313.78200
923  7:147933758:T:C     199.39327
924  7:147934049:C:T     809.01324
925  7:147935314:G:A     212.08274
926  7:147935939:G:A     841.99617
927  7:147945342:G:A     129.51434
928  7:147946169:T:C     195.16939
929  7:147947585:G:A     131.18902
930  7:147947704:C:T     143.72723
931  7:147952990:T:C     225.89466
932  7:147957814:T:G     483.22126
933  7:147959207:G:A     166.74221
934  7:147959686:T:C     233.98790
935  7:147959740:G:T      91.21527
936  7:147959890:A:G     743.55927
937  7:147960299:G:A     338.02278
938  7:147960601:T:C     874.48045
939  7:147960707:G:T     396.61310
940  7:147961849:C:T     111.31620
941  7:147963649:C:T     231.63098
942  7:147964864:A:C     131.92114
943  7:147968248:G:A     278.61155
944  7:147969969:G:A     274.93110
945  7:147970178:T:C     762.45602
946  7:147972008:C:T     208.98418
947  7:147972817:T:C      63.86108
948  7:147973669:G:A      61.33755
949  7:147974655:T:G     922.96554
950  7:147975844:G:A     357.72908
951  7:147978472:T:C     241.01744
952  7:147981012:A:G     154.50580
953  7:147981192:T:A     357.72908
954  7:147981286:C:G      27.61007
955  7:147981346:T:C      88.14684
956  7:147982887:G:A     145.37480
957  7:147984915:C:T     721.57437
958  7:147985129:G:A     666.76932
959  7:147985196:T:C     231.24096
960  7:147986419:G:A     835.83374
961  7:147989027:C:T     111.31620
962  7:147990144:A:G     730.60901
963  7:147991705:C:A     104.23943
964  7:147991777:A:G     363.70725
965  7:147992812:T:C     785.31673
966  7:147993122:C:T     778.81887
967  7:147993283:A:T     317.81653
968  7:147994941:G:A     698.02653
969  7:147997728:C:T     861.50676
970  7:148003737:T:A     114.65842
971  7:148003952:C:G     130.57835
972  7:148006060:T:G     409.22939
973  7:148006155:A:G     240.77477
974  7:148006963:G:T      69.11439
975  7:148007041:C:T     305.54627
976  7:148009080:C:G     751.11326
977  7:148009554:G:C     385.17192
978  7:148013395:C:T     182.00065
979  7:148014094:G:A     268.83832
980  7:148019861:G:T      95.25716
981  7:148022596:C:T     117.72587
982  7:148022695:C:T     758.38538
983  7:148023874:G:A     355.76134
984  7:148024534:A:G      91.22162
985  7:148027685:C:G     306.31402
986  7:148028996:G:T     206.68554
987  7:148029059:T:A     868.29995
988  7:148029271:A:C     358.43559
989  7:148029336:A:C      78.23245
990  7:148031210:T:A     225.08386
991  7:148033550:C:T     291.85220
992  7:148035047:C:T     297.81552
993  7:148035512:C:T      69.57872
994  7:148035622:T:C      95.20447
995  7:148035676:T:G     562.19859
996  7:148036303:A:G     735.42658
997  7:148039047:T:C     885.92119
998  7:148039757:A:T     194.07526
999  7:148041148:A:G     109.07717
1000 7:148045105:T:C     603.60847
1001 7:148046537:G:A     197.63765
1002 7:148050241:G:A     810.76024
1003 7:148051260:G:A      50.22302
1004 7:148053588:C:T     313.79793
1005 7:148053714:C:T     134.75377
1006 7:148054423:G:A     773.06565
1007 7:148056135:A:G     243.54577
1008 7:148058982:C:T      70.33494
1009 7:148059774:C:T     525.30304
1010 7:148061284:T:C     775.06873
1011 7:148061620:C:A      95.47662
1012 7:148063918:A:C     197.26177
1013 7:148065945:A:G     354.12046
1014 7:148068364:G:A     240.39865
1015 7:148069629:G:A     231.36899
1016 7:148070562:C:A     199.65853
1017 7:148070706:G:A     253.94926
1018 7:148071828:A:T     854.11659
1019 7:148072932:A:T     228.78784
1020 7:148073489:G:T     106.01074
1021 7:148076091:G:A     169.09132
1022 7:148076992:C:G     201.02992
1023 7:148078012:G:A     106.46871
1024 7:148079191:A:C     163.25213
1025 7:148079741:C:T     760.18352
1026 7:148081815:G:A     202.13789
1027 7:148081899:C:T      47.30705
1028 7:148085258:T:C     178.94225
1029 7:148086183:A:G     938.27675
1030 7:148089139:C:T     115.45215
1031 7:148094024:A:G     326.87651
1032 7:148096413:C:T     503.35987
1033 7:148097195:C:A     147.86674
1034 7:148098288:C:T     103.97740
1035 7:148102109:C:G     986.60808
1036 7:148102638:C:T     118.01599
1037 7:148103047:G:A      91.87692
1038 7:148106651:G:A     295.00248
1039 7:148107817:C:T     918.16729
1040 7:148108416:G:A     318.64178
1041 7:148108605:G:A     380.59453
1042 7:148108771:A:G      50.40939
1043 7:148110249:C:T     238.10575
1044 7:148110557:G:A      57.52831
1045 7:148111055:T:C      70.09947
1046 7:148113386:G:C     200.55634
1047 7:148114865:A:G     903.19272

{"project":"masters","channel":"laplacian","event":"Laplacian Construction is complete","description":"Genes 9-9","icon":"🔥","notify":true,"parser":"text"}