[1] "No duplicate edges found. Skipping simplify()."
$graphxx
  gene   density   mean_dist transitivity edge_dens vertex_con edge_con
1  EYS 0.4231137 1.24133e-05     0.470423 0.4231137        116      116

$snpsbetw_centrDF
                SNP snpbetw_centr
1    6:64441205:G:A    1051.59792
2    6:64445335:T:A     128.28691
3    6:64449887:G:A      53.59318
4    6:64453661:A:G    1003.69575
5    6:64454585:C:T     134.13141
6    6:64455963:C:T     116.24381
7    6:64459057:G:A      95.46345
8    6:64461069:T:C     308.55388
9    6:64461357:T:C      93.11582
10   6:64467084:T:G     374.16804
11   6:64472077:A:G     480.32391
12   6:64483614:G:T     258.92290
13   6:64484915:C:G     134.80023
14   6:64485021:A:G      88.76577
15   6:64487159:G:A     886.04643
16   6:64489961:G:A     172.69975
17   6:64492548:G:C     137.63449
18   6:64495619:C:T      73.23167
19   6:64499916:T:A      33.18386
20   6:64503037:T:A     100.61741
21   6:64503420:G:A     358.73314
22   6:64504047:A:G      53.59318
23   6:64505584:T:C     401.79304
24   6:64512379:G:A     275.61079
25   6:64515672:A:C     590.33636
26   6:64515994:T:C     100.37524
27   6:64537504:G:A     859.43335
28   6:64537962:C:T     165.70591
29   6:64539397:G:A     449.79337
30   6:64540853:C:G     107.54645
31   6:64543413:T:G     290.69075
32   6:64544345:A:G     142.19695
33   6:64544537:C:T     172.69975
34   6:64544853:A:C     583.34580
35   6:64552410:A:G      88.76577
36   6:64558447:G:A     384.09336
37   6:64562768:C:T     112.45459
38   6:64566059:G:A     583.34580
39   6:64566616:G:A     107.54645
40   6:64567832:A:C     182.08054
41   6:64568205:G:A     899.82501
42   6:64573305:G:A     142.19695
43   6:64576037:G:A     128.28691
44   6:64577331:G:A     607.73078
45   6:64577973:G:T     127.78617
46   6:64581135:A:G     158.41034
47   6:64581845:A:G      73.23167
48   6:64582887:C:A     215.32444
49   6:64584600:C:T     606.67152
50   6:64586990:C:T     209.94568
51   6:64587599:C:T      58.73193
52   6:64588137:C:T     136.68453
53   6:64588272:C:T     136.29804
54   6:64590185:A:G     128.77705
55   6:64591092:A:C     211.27298
56   6:64593949:G:A     157.85554
57   6:64594987:A:G    1096.40988
58   6:64596749:G:A     101.69115
59   6:64598286:G:T     290.69075
60   6:64600402:A:G     147.03593
61   6:64600766:C:G     100.61741
62   6:64604466:T:G     216.74305
63   6:64604486:T:G      70.85928
64   6:64604722:C:T     874.17335
65   6:64604723:G:A      54.09377
66   6:64604780:A:C      87.06274
67   6:64607779:G:T     313.08706
68   6:64608107:C:T     156.18579
69   6:64614612:A:C     363.86690
70   6:64618136:C:A     469.73170
71   6:64622165:C:G      92.51415
72   6:64622788:G:T     233.05091
73   6:64623251:A:G    1096.40988
74   6:64630797:T:G     220.83301
75   6:64630990:C:T     477.85510
76   6:64633924:A:G     235.73498
77   6:64635386:G:A     260.80103
78   6:64637615:A:G     250.60705
79   6:64642607:C:T     102.23213
80   6:64646943:A:G     113.03156
81   6:64651480:C:A     234.88559
82   6:64652421:G:T     249.10568
83   6:64656883:A:G     131.40218
84   6:64656895:T:C      86.73635
85   6:64657259:T:A      30.80898
86   6:64658077:A:G      95.12002
87   6:64660092:A:C     499.41419
88   6:64660243:C:T     156.55773
89   6:64661901:T:G     871.09459
90   6:64665386:C:T      92.51415
91   6:64666337:C:G     208.42001
92   6:64668793:G:A     314.43896
93   6:64675980:G:A      72.83366
94   6:64677731:A:T      90.79471
95   6:64679904:C:G     485.44503
96   6:64683286:C:T     156.55773
97   6:64683407:T:A     278.13128
98   6:64684146:A:G     984.46648
99   6:64686646:C:T    1096.40988
100  6:64690167:G:T      70.54835
101  6:64695023:C:T     835.70505
102  6:64695124:A:C     216.81287
103  6:64697758:G:A     259.57650
104  6:64699622:T:G     256.77323
105  6:64701860:C:G     260.05999
106  6:64702347:T:C     224.89471
107  6:64704196:G:T      95.56464
108  6:64705355:A:G     302.09936
109  6:64708907:A:C    1058.67982
110  6:64710428:A:G      70.54835
111  6:64715854:C:T     145.85510
112  6:64718592:G:T     175.79403
113  6:64720379:T:C      95.56585
114  6:64721777:C:T     118.90820
115  6:64723524:A:G      52.29425
116  6:64723566:T:C     607.73078
117  6:64724679:T:A      53.53097
118  6:64725835:G:A      44.33619
119  6:64726275:G:A     353.81981
120  6:64726789:A:G     264.66758
121  6:64728398:C:T      89.19712
122  6:64728926:C:A     132.35699
123  6:64730226:A:G     114.27914
124  6:64731498:G:A    1096.40988
125  6:64733701:C:A     153.58961
126  6:64734773:C:T     172.73392
127  6:64735546:A:G     218.60970
128  6:64735930:C:A     214.83044
129  6:64739360:G:A     267.73064
130  6:64740734:C:T      83.42335
131  6:64740896:G:A      53.81021
132  6:64742418:A:G      41.37930
133  6:64743739:C:A     727.76219
134  6:64749170:T:C      52.67965
135  6:64749534:G:T     124.71309
136  6:64751546:C:T     206.02555
137  6:64752796:C:T     914.12952
138  6:64755487:C:T     307.42639
139  6:64758947:C:T      70.54835
140  6:64764527:G:A     118.90820
141  6:64764964:C:A     238.14060
142  6:64765686:G:A     421.21626
143  6:64767365:T:A     222.24063
144  6:64767810:A:G     385.37940
145  6:64772890:C:T     209.77541
146  6:64775927:A:G     111.85622
147  6:64783454:A:G     214.59337
148  6:64788543:G:A     249.43484
149  6:64792215:C:T     126.97029
150  6:64797504:A:T    1114.20589
151  6:64797663:T:C     125.28532
152  6:64797827:G:A     475.01546
153  6:64801717:A:G      42.71932
154  6:64801818:A:G     529.79346
155  6:64802050:G:A     151.72326
156  6:64803760:G:T    1009.35206
157  6:64804858:G:A     145.85510
158  6:64806536:G:A     117.30970
159  6:64807689:G:A     265.57236
160  6:64809334:C:A     107.73484
161  6:64816858:A:G     244.00430
162  6:64819013:T:A     277.32792
163  6:64819236:T:A     335.02625
164  6:64819821:A:G     189.81411
165  6:64821983:T:G     154.04315
166  6:64822431:A:T     929.29347
167  6:64824570:C:T     117.30970
168  6:64824994:A:C      65.96514
169  6:64825605:G:C     529.79346
170  6:64828089:G:A     475.01546
171  6:64829585:G:T     150.84809
172  6:64831341:T:C     230.73888
173  6:64836714:A:T     393.75935
174  6:64837091:G:C      70.54835
175  6:64837989:G:C      29.15555
176  6:64838714:G:A     143.94337
177  6:64842014:A:T     126.97029
178  6:64842960:T:G     926.93060
179  6:64846944:A:G     475.93585
180  6:64855985:C:T     514.46175
181  6:64856221:T:A      69.62686
182  6:64856843:A:G     219.49345
183  6:64858765:A:G      46.19788
184  6:64862066:T:C     145.85510
185  6:64866398:C:T     475.93585
186  6:64866516:T:C     984.39437
187  6:64868047:A:T     230.73888
188  6:64869378:G:T      70.54835
189  6:64871416:G:T     152.47478
190  6:64871763:G:A      29.15555
191  6:64875779:A:G     143.63669
192  6:64877790:C:A      47.81278
193  6:64880823:T:C     176.16705
194  6:64881108:C:T     316.99494
195  6:64881126:T:A     107.73484
196  6:64881703:G:T     167.47275
197  6:64881855:G:A     367.06147
198  6:64882876:C:T      76.58428
199  6:64885456:C:G     318.34806
200  6:64887377:T:C      93.48644
201  6:64891777:A:C     254.80284
202  6:64892432:A:G     316.99494
203  6:64893026:C:A      28.55447
204  6:64894219:A:G     103.87761
205  6:64900369:C:T      86.37624
206  6:64902720:G:A     277.48591
207  6:64903364:C:T     368.63546
208  6:64903415:T:G     434.09569
209  6:64903878:G:T      59.15909
210  6:64907586:A:G     100.58010
211  6:64912098:G:A     393.73123
212  6:64916609:T:C     129.39787
213  6:64920985:G:A     235.39520
214  6:64921466:A:T     275.91088
215  6:64921468:T:A     458.19926
216  6:64926405:G:A     209.77541
217  6:64931512:A:G      62.72799
218  6:64934706:C:T      83.37385
219  6:64937208:C:T     167.98764
220  6:64938272:C:T     276.35550
221  6:64938514:T:G    1064.09021
222  6:64944535:A:G     199.22915
223  6:64944754:C:T     316.99494
224  6:64944894:C:T     160.01520
225  6:64946169:T:G     921.55606
226  6:64948090:T:C      91.71101
227  6:64948459:C:T     107.73484
228  6:64951719:C:T     320.26440
229  6:64952549:C:T      99.55818
230  6:64957745:G:T     188.09297
231  6:64958000:T:G     963.72927
232  6:64962194:G:A     100.58010
233  6:64964115:A:G     169.32452
234  6:64964363:T:C     301.64284
235  6:64965028:T:C     109.38300
236  6:64965883:G:A      96.49886
237  6:64967197:G:A      99.55818
238  6:64967888:T:G     944.13569
239  6:64971994:A:G     686.43142
240  6:64972075:T:A     188.09297
241  6:64972597:G:A      93.57361
242  6:64972680:A:T     152.47478
243  6:64972981:G:A      99.55818
244  6:64975111:C:G      99.42774
245  6:64976904:G:A     161.66346
246  6:64977309:T:A      53.81021
247  6:64977777:G:A     107.73484
248  6:64981470:C:G      78.00519
249  6:64982814:G:A     944.13569
250  6:64983170:C:G     194.87079
251  6:64984282:C:A     248.64929
252  6:64986958:C:T     188.09297
253  6:64987630:T:C      93.57361
254  6:64989635:A:G      29.15555
255  6:64990349:G:A     218.87080
256  6:64990785:A:T     247.48712
257  6:64995980:G:T     145.85510
258  6:65005114:A:T     118.40264
259  6:65005775:C:T     106.33015
260  6:65006157:A:G      99.55818
261  6:65006352:T:G     279.38163
262  6:65006684:G:A     948.86067
263  6:65009382:G:A     359.66651
264  6:65009596:C:G     188.09297
265  6:65011208:T:C      68.92186
266  6:65011895:C:A     247.48712
267  6:65013001:A:G    1064.09021
268  6:65016653:T:A      60.14180
269  6:65017976:C:A      70.34762
270  6:65018993:G:C     372.20602
271  6:65020787:T:A     188.09297
272  6:65021409:T:C     106.33015
273  6:65022744:A:G     152.21740
274  6:65028720:A:T     108.22811
275  6:65030104:T:G     107.73484
276  6:65031137:C:T     122.48489
277  6:65034922:G:T     152.47478
278  6:65035394:A:C     145.85510
279  6:65036417:A:G      60.14180
280  6:65036671:G:A     176.11962
281  6:65038403:G:A      42.71932
282  6:65043581:C:T     288.04563
283  6:65044524:G:A     188.09297
284  6:65045553:T:C     106.33015
285  6:65051256:A:G     948.86067
286  6:65051529:A:G     262.24718
287  6:65053303:A:G     388.22541
288  6:65054751:A:G      60.14180
289  6:65055513:T:C     211.04670
290  6:65060083:G:A     188.09297
291  6:65061346:C:A     167.73625
292  6:65061880:T:C     372.35304
293  6:65062664:C:A     948.86067
294  6:65064552:T:C     275.28211
295  6:65067404:C:A     699.53355
296  6:65069303:T:A     152.47478
297  6:65069620:G:A     106.33015
298  6:65075914:A:G      53.81021
299  6:65078006:A:G      60.14180
300  6:65078287:C:T     278.09977
301  6:65085368:G:A     372.86830
302  6:65085407:G:A     188.09297
303  6:65085450:G:A     176.11962
304  6:65089123:T:C     192.62986
305  6:65091797:G:T     106.33015
306  6:65092607:C:T     161.75759
307  6:65093199:C:A     163.25862
308  6:65095994:G:A     275.28211
309  6:65097346:T:C      60.14180
310  6:65097595:T:A     152.47478
311  6:65099813:C:T     175.02345
312  6:65100325:C:T     253.60607
313  6:65101249:T:A     434.85630
314  6:65101322:G:A     107.73484
315  6:65101430:C:T     117.31590
316  6:65102595:A:G     145.85510
317  6:65104212:G:A     379.62401
318  6:65104256:G:A     839.46453
319  6:65104285:C:G     299.35679
320  6:65105002:G:A     342.93160
321  6:65106358:A:C      53.81021
322  6:65113547:C:A     291.51486
323  6:65113813:T:A      89.37596
324  6:65115123:T:C     231.93172
325  6:65117909:G:A      60.14180
326  6:65119565:T:C     219.22496
327  6:65125573:T:G     538.05963
328  6:65126733:A:T     186.77774
329  6:65126762:A:G     122.48489
330  6:65127020:C:A      69.55450
331  6:65127727:C:A     129.18978
332  6:65129638:C:T     927.18607
333  6:65133052:A:G     127.87346
334  6:65134803:A:G     107.92148
335  6:65135681:T:G      78.00519
336  6:65136368:G:C     178.91698
337  6:65137153:T:C      60.14180
338  6:65139862:T:C     186.77774
339  6:65141591:T:C     100.58010
340  6:65142654:G:T     175.02345
341  6:65146023:T:C     154.19546
342  6:65152780:C:G      40.55635
343  6:65156541:T:C      60.14180
344  6:65156881:G:T     425.20029
345  6:65158244:T:C     928.11566
346  6:65158299:C:A     434.85630
347  6:65158355:C:G      93.32243
348  6:65159180:G:T     100.58010
349  6:65159392:C:T     152.47478
350  6:65159778:C:T     107.55548
351  6:65163177:A:T     145.85510
352  6:65164371:A:G      53.81021
353  6:65172405:T:C      93.32243
354  6:65174513:T:C     511.89375
355  6:65176494:G:C     254.00818
356  6:65177380:T:C      94.04180
357  6:65177711:C:T      42.71932
358  6:65179432:A:G     543.22905
359  6:65179457:C:A     186.77774
360  6:65184528:T:C      93.32243
361  6:65186006:A:T     913.35118
362  6:65187148:T:C     511.89375
363  6:65187237:T:C     253.22989
364  6:65187973:T:A      78.00519
365  6:65189966:C:T     288.91030
366  6:65190412:C:T     107.73484
367  6:65191879:C:T      82.99840
368  6:65194858:T:C      90.16065
369  6:65195613:A:G     266.22435
370  6:65197702:G:C      71.58973
371  6:65199159:A:C     511.89375
372  6:65200888:C:T     895.06416
373  6:65201718:C:A      47.81278
374  6:65202368:G:T     338.71838
375  6:65205207:G:A     131.21509
376  6:65206470:T:C     112.22507
377  6:65208518:C:T     511.89375
378  6:65209576:G:A      52.30785
379  6:65209773:G:A     114.71394
380  6:65211580:C:A     885.39476
381  6:65214655:T:G     186.77774
382  6:65217842:G:A      78.00519
383  6:65219452:G:A     123.42134
384  6:65221269:A:G     187.55496
385  6:65221712:G:T     511.89375
386  6:65223238:C:T     543.22905
387  6:65223651:T:C     296.98844
388  6:65223655:T:C     185.22156
389  6:65225071:T:C     270.64637
390  6:65228265:A:G      70.97973
391  6:65229375:G:A     440.80745
392  6:65231633:G:A      47.81278
393  6:65232390:G:A     511.89375
394  6:65233348:C:A      94.40139
395  6:65233643:G:T     543.22905
396  6:65233665:G:A     909.88610
397  6:65233805:A:G     214.75363
398  6:65234874:G:A     114.91177
399  6:65235357:C:T     185.22156
400  6:65235473:A:T     232.95896
401  6:65236588:G:A      92.85385
402  6:65241343:G:A     119.12452
403  6:65241776:C:A     449.10559
404  6:65242568:T:C     514.08791
405  6:65243525:A:G     968.67701
406  6:65243843:A:T     328.03142
407  6:65246078:T:G      12.77047
408  6:65246335:C:T     644.54254
409  6:65250477:G:T     383.54250
410  6:65250888:G:C     347.47757
411  6:65255215:C:G     158.89316
412  6:65256267:C:T      66.05509
413  6:65258363:C:T      12.77047
414  6:65258924:C:G     227.77266
415  6:65259216:A:G      42.71932
416  6:65263951:A:G      39.04292
417  6:65264940:C:A     511.89375
418  6:65267161:G:A     300.11387
419  6:65269164:A:G     148.21259
420  6:65269650:A:T     202.20008
421  6:65272128:C:T      79.10805
422  6:65272458:T:C     106.27332
423  6:65275324:G:C     836.39987
424  6:65276255:A:C    1077.00832
425  6:65277896:C:T     159.99838
426  6:65282114:A:C      73.93583
427  6:65287875:T:C     534.44769
428  6:65291023:G:A     145.02974
429  6:65291443:T:C     126.19963
430  6:65293688:C:A      78.10711
431  6:65294297:T:G     604.53951
432  6:65294438:A:G     718.46759
433  6:65298551:G:A     210.30673
434  6:65301977:C:T    1077.00832
435  6:65304548:C:A     534.44769
436  6:65305659:T:C     840.54103
437  6:65311224:C:T      51.13778
438  6:65318362:C:T     968.57581
439  6:65320870:T:C     167.82184
440  6:65322193:A:C     204.08778
441  6:65324445:C:T     132.40767
442  6:65324797:C:A     211.24423
443  6:65326073:G:A     159.12653
444  6:65329127:T:C     195.39071
445  6:65329692:G:A     215.54672
446  6:65330819:G:A     327.98639
447  6:65331201:C:T     419.27081
448  6:65338004:C:G      80.92760
449  6:65338235:A:G     159.12653
450  6:65338599:C:T     994.29767
451  6:65341144:G:T     607.73078
452  6:65341896:G:C      88.13139
453  6:65342926:G:A     636.62047
454  6:65344691:T:C      83.66843
455  6:65345123:C:T     256.30568
456  6:65346461:A:C     103.51971
457  6:65346468:C:A     148.34803
458  6:65351867:G:T     691.85401
459  6:65352211:A:C      97.99377
460  6:65354074:A:G     607.73078
461  6:65354108:C:T    1008.38334
462  6:65363355:T:G     607.73078
463  6:65363704:C:T      60.40879
464  6:65365069:C:T    1064.09021
465  6:65365420:T:C     966.77471
466  6:65365465:A:G     159.12653
467  6:65367504:T:C     212.27711
468  6:65368034:C:A      94.43389
469  6:65368776:T:C     616.97360
470  6:65369448:C:T     607.73078
471  6:65369601:G:C     181.69636
472  6:65371037:C:T      88.13139
473  6:65371874:C:T    1064.09021
474  6:65372563:G:A      96.68577
475  6:65372716:C:T     261.43262
476  6:65374542:G:C     239.72171
477  6:65374831:G:A     212.27711
478  6:65379126:C:T      99.53693
479  6:65379843:C:T     966.77471
480  6:65380019:C:T     181.69636
481  6:65382684:G:A     360.15466
482  6:65384094:G:A     405.63866
483  6:65386262:G:T     627.63468
484  6:65386967:C:T     216.12347
485  6:65389208:T:G    1064.09021
486  6:65389654:T:G     211.84784
487  6:65390043:A:G     148.41172
488  6:65392641:A:G     143.94841
489  6:65392712:C:T     261.43262
490  6:65394493:G:T     314.85842
491  6:65395125:C:T     181.53224
492  6:65397011:C:T     560.49284
493  6:65398391:G:C      80.30844
494  6:65400362:T:C     174.28110
495  6:65400421:C:T     178.13773
496  6:65400470:C:A      55.01835
497  6:65402511:A:T     204.98105
498  6:65406595:T:A     303.96962
499  6:65408916:G:A     392.13505
500  6:65408956:A:T     567.01443
501  6:65408990:T:A      55.01835
502  6:65412054:A:G     107.63029
503  6:65414228:C:T     207.46015
504  6:65414796:G:A     131.82701
505  6:65415174:T:C     104.15210
506  6:65417089:A:C     723.40914
507  6:65417285:A:G     943.73704
508  6:65417300:C:T     362.19782
509  6:65419291:G:T     214.37937
510  6:65424159:T:C     136.16224
511  6:65426458:A:T     261.09703
512  6:65426659:A:G     743.40939
513  6:65428062:C:T     717.42845
514  6:65429348:G:A      49.48471
515  6:65429431:C:T     329.50981
516  6:65431083:A:G     115.47842
517  6:65432337:G:A     119.48457
518  6:65432909:T:G     244.04746
519  6:65437453:T:C     145.05339
520  6:65437737:C:T      81.40427
521  6:65438596:C:T     196.88956
522  6:65440500:A:T     190.21507
523  6:65440520:A:G     261.43262
524  6:65442737:T:A     733.65740
525  6:65446904:T:G      63.62976
526  6:65450063:C:T     611.36744
527  6:65451160:C:G     368.66951
528  6:65458587:C:T     144.30858
529  6:65459244:T:A     162.80961
530  6:65460397:A:G     261.43262
531  6:65461971:A:C     166.31031
532  6:65464439:C:A      78.10711
533  6:65465572:T:C     121.53929
534  6:65466748:T:C     175.93647
535  6:65467612:A:T     860.06173
536  6:65468959:G:A      63.62976
537  6:65469399:T:C     108.96751
538  6:65472366:T:C      54.57645
539  6:65473268:A:G     243.58611
540  6:65474503:G:T     196.78638
541  6:65477021:C:T      72.01266
542  6:65478472:T:G     281.47297
543  6:65482564:C:T      99.19223
544  6:65487527:A:G      99.31533
545  6:65488026:A:G    1046.00190
546  6:65489164:G:A     909.65333
547  6:65490518:T:C      59.68265
548  6:65500245:C:T     607.28508
549  6:65503314:C:T     444.02117
550  6:65514735:T:C     134.40889
551  6:65515313:T:G     854.08574
552  6:65515976:T:C     887.72190
553  6:65516584:C:T     462.89072
554  6:65518670:A:G     103.72372
555  6:65520297:A:C    1107.57569
556  6:65522417:T:C     223.23386
557  6:65523630:C:T     321.19424
558  6:65523948:C:A     350.65740
559  6:65524907:G:A     346.42549
560  6:65526373:C:G     248.49153
561  6:65526667:A:G     721.11094
562  6:65527433:G:C     182.54158
563  6:65529577:G:A     488.38864
564  6:65530223:G:A     332.25199
565  6:65532887:G:T     127.74992
566  6:65533078:A:G     155.66802
567  6:65534170:G:A     129.99901
568  6:65539439:G:A     135.21462
569  6:65539557:G:A     182.54158
570  6:65539922:G:A     745.69870
571  6:65541161:G:T     219.91621
572  6:65541681:A:G    1039.22314
573  6:65542177:C:T     228.37093
574  6:65545417:C:T     124.63862
575  6:65547629:C:A     160.22036
576  6:65549992:T:G     182.54158
577  6:65552138:C:A     199.56637
578  6:65552914:T:C     961.99173
579  6:65561619:T:A     837.75729
580  6:65561655:T:C     118.90790
581  6:65562131:C:T     219.62591
582  6:65562300:C:G      12.77047
583  6:65567004:C:A     961.99173
584  6:65571535:C:T     239.02675
585  6:65571895:T:C     162.73234
586  6:65572089:G:C      35.34040
587  6:65572614:C:T     306.13779
588  6:65573934:T:C    1003.09596
589  6:65574844:G:C     165.46186
590  6:65576061:T:C      83.74258
591  6:65576637:T:A     126.67693
592  6:65576709:C:T     196.40915
593  6:65578533:C:T      81.10114
594  6:65579370:A:T     269.74375
595  6:65583462:G:A     269.84962
596  6:65583809:G:A     961.17578
597  6:65584506:G:A     105.97427
598  6:65586339:A:C     837.75729
599  6:65586411:G:A     237.03315
600  6:65588875:C:T    1000.92451
601  6:65590457:T:C     218.37656
602  6:65593376:T:A     165.46186
603  6:65593727:C:T     196.40915
604  6:65596177:G:A     103.01614
605  6:65599948:C:A      85.56608
606  6:65600553:C:G     237.03315
607  6:65605351:T:A     417.00971
608  6:65606451:T:A     801.30313
609  6:65607082:C:G     895.03729
610  6:65607211:G:T     140.22051
611  6:65608241:A:C     979.98935
612  6:65609605:G:C     106.34634
613  6:65610836:C:T     539.66991
614  6:65611064:A:G     624.98258
615  6:65611391:T:G     124.20355
616  6:65612667:G:A     206.39845
617  6:65614558:T:G     837.75729
618  6:65614732:G:A     359.37526
619  6:65622769:A:G     493.24083
620  6:65625727:G:T     105.49181
621  6:65626781:T:C     209.08750
622  6:65635163:C:A     140.22051
623  6:65640640:G:A     111.84617
624  6:65645068:G:A     152.47589
625  6:65652905:A:G     250.92926
626  6:65654604:G:A     172.03323
627  6:65657236:T:G     544.61319
628  6:65657380:T:C    1047.24983
629  6:65659435:C:G     340.29424
630  6:65660292:A:T      88.48572
631  6:65665542:G:A     599.77807
632  6:65672841:A:G      83.96633
633  6:65674871:T:G     155.60763
634  6:65675372:T:A     979.98935
635  6:65677407:C:T      96.38492
636  6:65677720:T:C     540.00015
637  6:65677852:T:A     105.49181
638  6:65679023:G:T     837.75729
639  6:65680110:C:T      65.57241
640  6:65680917:C:A     148.52118
641  6:65683172:T:C      79.49616
642  6:65684169:G:A     399.01150
643  6:65684251:C:T     561.07738
644  6:65685842:T:C     126.11990
645  6:65685966:A:T     427.86274
646  6:65690471:T:C     966.29025
647  6:65692041:A:C     492.52275
648  6:65692471:G:C      88.48572
649  6:65693226:T:C     137.59292
650  6:65698962:C:T     431.63727
651  6:65702234:A:G      83.96633
652  6:65706205:G:A      83.20735
653  6:65706563:C:A     399.01150
654  6:65709688:C:G     940.36306
655  6:65717137:C:T     228.95915
656  6:65717710:A:C     480.66005
657  6:65718343:A:G     427.86274
658  6:65719277:C:T     168.28385
659  6:65720311:C:T     399.01150
660  6:65720696:G:C     281.30131
661  6:65721768:C:A      83.96633
662  6:65722913:A:G     255.29582
663  6:65723218:T:A      92.64620
664  6:65725601:C:T     215.85635
665  6:65725869:C:T     130.04954
666  6:65728364:T:C     123.95154
667  6:65728690:A:G     427.86274
668  6:65729359:G:A     979.98935
669  6:65729824:A:G     238.92198
670  6:65734811:C:A     117.97218
671  6:65734818:G:A     324.13152
672  6:65736788:C:T     247.87058
673  6:65736844:T:C     562.51402
674  6:65736926:T:G      66.22490
675  6:65742451:C:G     123.95154
676  6:65743530:G:A    1013.11813
677  6:65747428:C:G      79.06730
678  6:65752918:C:T     351.82975
679  6:65754261:A:T     353.03094
680  6:65755415:G:A     247.87058
681  6:65755492:G:A     139.04832
682  6:65759576:A:G     544.94797
683  6:65763203:A:T     501.96368
684  6:65765052:A:G     125.88188
685  6:65765742:G:A     444.28415
686  6:65765856:A:G     438.83590
687  6:65765889:A:G     939.44562
688  6:65767906:C:G     614.28646
689  6:65768092:G:A     122.49833
690  6:65770677:A:G     454.75456
691  6:65771554:C:A     167.10185
692  6:65772059:C:T      87.45512
693  6:65772870:C:T      63.15868
694  6:65774746:C:T      93.69637
695  6:65775546:G:A     115.84881
696  6:65782598:C:A      80.88206
697  6:65783601:T:A     324.57094
698  6:65783833:G:C    1062.25751
699  6:65785338:T:C      81.83627
700  6:65785515:A:T     452.42004
701  6:65786200:C:T     134.14234
702  6:65791106:G:T     133.85432
703  6:65796004:G:A     305.39951
704  6:65799429:C:A      49.20969
705  6:65799733:C:T     329.71554
706  6:65800596:A:T      91.94355
707  6:65801429:C:T     268.30301
708  6:65801745:G:A     315.24861
709  6:65802880:A:G      22.06089
710  6:65804913:A:G     151.36820
711  6:65808210:C:A     115.84881
712  6:65812520:G:T     180.59735
713  6:65816614:T:C     117.14953
714  6:65816918:C:T    1017.57733
715  6:65817176:A:G     935.91671
716  6:65817896:T:C     252.14153
717  6:65818401:G:A      68.22501
718  6:65821046:G:A     160.35883
719  6:65821376:A:G     172.82860
720  6:65821805:T:C     322.04669
721  6:65823004:T:C     251.17922
722  6:65823330:C:G     660.29613
723  6:65829539:C:T     402.71407
724  6:65829778:T:C     935.28533
725  6:65829805:C:A     154.28194
726  6:65830112:C:T      91.94355
727  6:65833111:A:G     101.34744
728  6:65836765:C:A     158.34165
729  6:65838774:T:A     151.36820
730  6:65839279:C:A     326.13245
731  6:65840104:C:T     242.55644
732  6:65844723:A:G     404.24170
733  6:65845311:T:C    1017.57733
734  6:65846084:A:G     807.01353
735  6:65847397:G:A     300.14562
736  6:65848988:A:G     646.07148
737  6:65850601:A:C     776.64123
738  6:65856804:A:T     807.01353
739  6:65857670:A:G     101.34744
740  6:65857728:A:G     275.48861
741  6:65858751:G:A     792.67786
742  6:65869084:C:G     309.49741
743  6:65870870:C:G     276.70788
744  6:65871821:C:T     807.01353
745  6:65874474:C:A     334.12996
746  6:65878549:A:G     275.48861
747  6:65878609:G:A     895.82251
748  6:65883314:G:A      68.22501
749  6:65886953:T:A     110.73448
750  6:65887142:G:A      91.94355
751  6:65887689:A:G     290.81789
752  6:65888331:C:T      89.62043
753  6:65888557:T:G     788.54603
754  6:65889435:A:G     134.88206
755  6:65891608:C:T     130.49854
756  6:65892845:C:A     157.76045
757  6:65894454:C:A     275.48861
758  6:65901865:G:T      68.22501
759  6:65902779:T:C     152.60764
760  6:65903127:G:C     260.12788
761  6:65905243:A:G    1017.57733
762  6:65905300:G:T     174.79496
763  6:65906043:C:T     321.35216
764  6:65908042:C:G     180.59735
765  6:65908073:G:T     195.67024
766  6:65912462:C:T     242.55644
767  6:65916052:C:G     689.65854
768  6:65917383:G:C     389.99900
769  6:65917903:T:G      96.96116
770  6:65918809:A:G     974.39055
771  6:65920103:A:T     330.71279
772  6:65924546:G:A     102.73935
773  6:65924803:G:A      62.99438
774  6:65932738:T:C      87.45512
775  6:65934775:G:T     139.73741
776  6:65935255:T:C     108.66886
777  6:65936295:T:C      81.12071
778  6:65937376:T:C     224.80244
779  6:65937820:G:A      68.22501
780  6:65939228:G:A     508.31686
781  6:65943653:C:G     389.99900
782  6:65945560:T:C     117.45537
783  6:65946576:C:T     260.12788
784  6:65947487:G:A     945.98249
785  6:65950589:T:A     757.06743
786  6:65951331:T:G      96.80189
787  6:65952558:T:C      22.06089
788  6:65955917:T:C     184.37766
789  6:65957757:A:G     163.39871
790  6:65958978:C:T      97.48858
791  6:65961191:A:G     174.79496
792  6:65964268:T:A     276.74751
793  6:65965591:T:C     389.99900
794  6:65967000:T:C      87.45512
795  6:65968148:A:G     198.65966
796  6:65968214:C:T     471.73325
797  6:65971853:T:C     455.43171
798  6:65973440:G:T     887.72190
799  6:65974520:A:G     332.84991
800  6:65974714:A:G     101.34744
801  6:65978400:A:G      73.74285
802  6:65981603:A:G     459.75726
803  6:65981678:C:T      68.22501
804  6:65985494:C:T     607.73078
805  6:65987638:C:T     139.76051
806  6:65988457:G:A     153.35457
807  6:65989505:T:C    1055.00556
808  6:65995959:T:C     244.41019
809  6:65996007:C:G     609.16235
810  6:65996855:C:T     738.13991
811  6:65999992:C:A     361.52676
812  6:66000590:C:T      87.45512
813  6:66003277:A:G     264.51131
814  6:66004279:A:G     425.93279
815  6:66005643:A:G    1036.43310
816  6:66005888:C:T     961.19697
817  6:66006374:T:G     607.73078
818  6:66006429:A:G     254.86967
819  6:66006736:G:A     475.19409
820  6:66006891:A:G      29.96250
821  6:66008335:T:C     277.66591
822  6:66008443:G:C     439.95982
823  6:66009584:C:T     130.07714
824  6:66016474:G:A     294.72302
825  6:66018784:G:C     294.06405
826  6:66018829:C:A     124.97262
827  6:66019243:A:G     247.59612
828  6:66019981:C:A      12.77047
829  6:66020117:A:C     524.59431
830  6:66022511:A:G     254.86967
831  6:66022785:G:A     361.52676
832  6:66023856:T:C     246.51310
833  6:66025396:G:A     489.80329
834  6:66026233:G:C     513.39704
835  6:66027551:C:T      87.45512
836  6:66027585:C:T      29.96250
837  6:66029326:A:G     364.51311
838  6:66029382:G:A     445.21903
839  6:66031025:G:A     101.34744
840  6:66032503:C:A      35.58989
841  6:66033423:T:C     357.00104
842  6:66037978:G:A      59.92365
843  6:66038515:T:C     148.85885
844  6:66039601:G:A    1020.12311
845  6:66040466:A:G     139.73741
846  6:66043219:T:A     164.54508
847  6:66044927:T:C     644.22580
848  6:66049455:T:C     139.73741
849  6:66049528:G:T     638.79367
850  6:66050686:C:G     940.97380
851  6:66050955:G:A     134.43135
852  6:66052156:C:G     134.82303
853  6:66052175:T:C     442.48680
854  6:66052994:A:G     523.29058
855  6:66055862:C:A     887.72190
856  6:66059024:G:A     141.96131
857  6:66061166:G:A     110.21217
858  6:66062762:C:T     138.64810
859  6:66064857:T:C     989.10325
860  6:66065386:C:T     178.11677
861  6:66067686:G:A     134.82303
862  6:66067950:C:T     489.68475
863  6:66068160:G:A     120.63663
864  6:66076084:C:T     134.26915
865  6:66076545:A:G     414.69396
866  6:66077386:A:T     117.76961
867  6:66077874:T:G      47.16935
868  6:66079736:C:T     550.66682
869  6:66081907:C:A     891.60045
870  6:66083245:G:C    1053.84547
871  6:66083591:A:C     887.72190
872  6:66085628:C:G     352.19533
873  6:66086541:T:A     202.77266
874  6:66091208:A:G     151.57866
875  6:66091993:C:T     414.69396
876  6:66093323:A:G     891.60045
877  6:66096784:A:G     126.72624
878  6:66097931:T:C     159.44832
879  6:66099073:C:T      95.28256
880  6:66099337:C:A     352.19533
881  6:66100012:G:A     912.03783
882  6:66101908:C:T     538.80811
883  6:66102657:C:T     445.49672
884  6:66109354:A:G    1053.84547
885  6:66109580:G:T     983.03722
886  6:66114578:G:T     151.57866
887  6:66114705:A:G     126.72624
888  6:66117315:A:G     120.63663
889  6:66119565:G:A     117.47285
890  6:66123971:A:C      55.44741
891  6:66125154:C:G     300.38531
892  6:66126377:G:C     343.16595
893  6:66129481:G:A      69.12703
894  6:66130564:A:C     232.72451
895  6:66132017:C:A     106.81353
896  6:66132673:A:G     157.15903
897  6:66133662:C:T      89.46144
898  6:66133733:A:G     220.11995
899  6:66135094:T:C      39.02564
900  6:66135231:G:A     106.28619
901  6:66136139:G:C     341.29957
902  6:66136335:C:T     104.65628
903  6:66138847:A:G    1008.62546
904  6:66139093:C:T     159.91209
905  6:66139220:C:A     950.45206
906  6:66140707:C:G     993.77105
907  6:66140712:C:A     183.25820
908  6:66143329:T:G     128.68655
909  6:66144299:T:C      90.18123
910  6:66148100:T:C     104.94831
911  6:66148672:A:G     119.58353
912  6:66153541:T:C     164.69370
913  6:66154647:T:G    1048.42611
914  6:66155112:T:C    1019.81896
915  6:66157337:T:A     102.59065
916  6:66159341:T:C     912.03783
917  6:66160842:C:T    1051.51008
918  6:66161052:A:G      61.38679
919  6:66162772:C:A     104.94831
920  6:66163798:G:A      47.31383
921  6:66163817:G:A     339.40630
922  6:66164934:T:A    1019.81896
923  6:66168523:A:G     138.65238
924  6:66169185:T:C     853.73992
925  6:66169194:A:G     106.86124
926  6:66170414:C:A      95.48394
927  6:66170982:T:C     124.69222
928  6:66172973:T:C     103.77877
929  6:66178395:G:T     293.61934
930  6:66184279:G:T      52.10094
931  6:66185246:G:T      83.45271
932  6:66186661:G:T     251.42212
933  6:66188074:A:G     314.30129
934  6:66188619:C:A     145.44474
935  6:66190176:A:G     337.77326
936  6:66190253:C:T     151.20694
937  6:66191464:C:T     104.94831
938  6:66200057:A:G      96.49105
939  6:66202702:A:G    1127.16789
940  6:66202933:C:A      56.33852
941  6:66208545:C:A     226.36609
942  6:66209060:A:G     413.58988
943  6:66211429:G:A     104.94831
944  6:66212812:T:C      87.96611
945  6:66214739:T:C     193.59178
946  6:66214801:G:T     197.54660
947  6:66217773:G:A     138.76803
948  6:66218918:A:C     870.94338
949  6:66218990:T:C      47.31383
950  6:66220768:T:G     274.13204
951  6:66222372:C:T     271.40084
952  6:66223873:C:T     117.24320
953  6:66227243:A:C     108.36367
954  6:66228999:T:C      96.49105
955  6:66230794:T:A     912.03783
956  6:66233027:T:A      64.70099
957  6:66234087:A:T      53.20085
958  6:66234489:C:A     177.05270
959  6:66235344:C:T      81.47865
960  6:66235973:C:G    1075.78768
961  6:66237066:A:G     200.09705
962  6:66238554:C:A      56.59464
963  6:66241846:G:C      64.70099
964  6:66243369:C:G     303.70056
965  6:66247020:C:G     135.76970
966  6:66247172:T:C     350.47467
967  6:66249734:C:A     183.48323
968  6:66250852:C:T     954.10621
969  6:66253841:A:G     508.78433
970  6:66254110:C:T      64.70099
971  6:66257292:A:G      47.31383
972  6:66258951:C:A     839.26265
973  6:66259713:G:A     749.78804
974  6:66261925:C:T     295.67200
975  6:66263486:G:A     173.37422
976  6:66263581:C:T     107.39334
977  6:66264112:T:C      64.70099
978  6:66267201:T:C     508.78433
979  6:66267954:C:T     621.08438
980  6:66268183:C:T     819.12706
981  6:66269820:G:T     157.81366
982  6:66270624:G:A      81.23043
983  6:66274199:A:G     164.39167
984  6:66274887:C:T     352.25505
985  6:66275298:C:A     149.56755
986  6:66275744:G:T     134.63911
987  6:66276989:T:C     333.69606
988  6:66277243:A:G      64.70099
989  6:66277628:G:C     621.08438
990  6:66279846:T:C      96.49105
991  6:66281308:C:G    1059.14099
992  6:66284642:T:C     173.66598
993  6:66286949:T:C     139.74782
994  6:66288421:T:C     333.69606
995  6:66288489:G:A      56.59464
996  6:66289440:G:C     149.56755
997  6:66291354:G:T      64.70099
998  6:66294825:T:C     841.36951
999  6:66299196:T:G     172.92614
1000 6:66299571:T:C     111.36741
1001 6:66300659:T:C      70.24993
1002 6:66305105:C:T     119.51984
1003 6:66309161:A:G     105.43637
1004 6:66309315:T:C     620.39024
1005 6:66309629:C:T     429.54158
1006 6:66310307:C:A    1024.58416
1007 6:66310734:C:T     131.12109
1008 6:66313807:T:C     285.67135
1009 6:66315699:G:A      43.41077
1010 6:66316172:C:A     138.01704
1011 6:66316417:T:C     313.97635
1012 6:66319438:T:C      86.38660
1013 6:66319903:C:T    1022.09346
1014 6:66320465:A:T     233.45770
1015 6:66320571:C:A     252.85898
1016 6:66322044:A:C     285.67135
1017 6:66322050:C:T    1077.00832
1018 6:66323137:T:C     266.25173
1019 6:66323410:G:A     186.17230
1020 6:66323646:T:C     105.43637
1021 6:66325882:T:A    1001.46092
1022 6:66329053:C:T     285.67135
1023 6:66330284:G:A     105.43637
1024 6:66330621:G:A     266.25173
1025 6:66330722:T:G     887.72190
1026 6:66330886:T:C      43.41077
1027 6:66335124:C:T     217.10580
1028 6:66335379:T:G     338.69278
1029 6:66336799:C:A     968.20449
1030 6:66337344:C:T     281.89982
1031 6:66337781:C:T      22.53024
1032 6:66339113:A:C     142.86771
1033 6:66339134:T:C     175.04081
1034 6:66340251:G:T     107.53676
1035 6:66343385:G:A      91.93708
1036 6:66344200:C:G    1002.95822
1037 6:66344818:G:A     105.43637
1038 6:66344991:T:A     278.66043
1039 6:66345320:G:A     166.61744
1040 6:66346030:C:G     548.66094
1041 6:66346116:T:C     166.78547
1042 6:66347109:G:T      56.59464
1043 6:66348218:T:C     462.38277
1044 6:66352380:G:C    1077.64606
1045 6:66353450:T:A     887.72190
1046 6:66356421:G:A     142.86771
1047 6:66356804:C:A     175.04081
1048 6:66358695:C:T     192.13810
1049 6:66358696:G:A      68.98577
1050 6:66360262:A:G     462.38277
1051 6:66361533:G:C     168.53527
1052 6:66361691:T:A      71.39334
1053 6:66362999:T:A     298.85876
1054 6:66363605:G:A     257.08591
1055 6:66366227:T:C     571.07996
1056 6:66369304:T:C    1087.21492
1057 6:66373660:C:T     214.64273
1058 6:66375613:T:G      56.59464
1059 6:66375994:G:A      50.43931
1060 6:66376091:T:C     213.11145
1061 6:66376836:A:T     443.10705
1062 6:66379837:A:G      25.98814
1063 6:66381808:G:T    1077.00832
1064 6:66383026:C:T     131.12109
1065 6:66383698:G:A     188.29239
1066 6:66384147:T:C     186.59869
1067 6:66386026:G:T     126.93388
1068 6:66391675:G:A     443.10705
1069 6:66391865:C:T      70.24993
1070 6:66393283:T:A     175.27261
1071 6:66394090:T:C     576.54202
1072 6:66394762:G:A     963.47290
1073 6:66397288:T:C      71.39334
1074 6:66398026:T:G      56.59464
1075 6:66398546:C:T     189.11944
1076 6:66398924:C:A     175.17082
1077 6:66399021:C:T     555.99100
1078 6:66399647:T:C      75.05332
1079 6:66400348:A:T     115.76821
1080 6:66401889:C:T     233.45770
1081 6:66406612:C:T     104.69006
1082 6:66408008:T:C     963.47290
1083 6:66412428:T:A     189.11944
1084 6:66413126:A:C      22.53024
1085 6:66413340:A:G     187.59216
1086 6:66414139:T:C     145.83376
1087 6:66414828:G:A     531.59587
1088 6:66417228:C:A      56.59464

{"project":"masters","channel":"laplacian","event":"Laplacian Construction is complete","description":"Genes 7-7","icon":"🔥","notify":true,"parser":"text"}