[1] "No duplicate edges found. Skipping simplify()."
$graphxx
  gene   density    mean_dist transitivity edge_dens vertex_con edge_con
1 WWOX 0.4342401 3.037965e-06    0.4870919 0.4342401         77       77

$snpsbetw_centrDF
                 SNP snpbetw_centr
1    16:78133194:G:A    162.000285
2    16:78136414:C:T    885.314319
3    16:78136582:T:C    993.866532
4    16:78136713:C:T    452.325278
5    16:78137380:T:C     60.624736
6    16:78137820:C:G    118.041237
7    16:78139005:G:A    155.036049
8    16:78140830:C:T    497.825653
9    16:78141106:A:G    304.779973
10   16:78145039:C:T    266.420479
11   16:78145124:A:G    205.571550
12   16:78145602:C:T    968.800241
13   16:78147623:T:C    130.647962
14   16:78148143:G:A    598.894426
15   16:78148516:A:T    333.713211
16   16:78148935:C:T    188.912424
17   16:78152631:G:C    904.956316
18   16:78155663:A:G    202.779684
19   16:78157110:A:T     87.302098
20   16:78158153:A:G    148.816059
21   16:78158680:G:A    106.286626
22   16:78158746:C:T    753.226711
23   16:78158889:A:T    523.059934
24   16:78159188:C:T    203.337122
25   16:78161105:G:T    158.851013
26   16:78163035:T:C    397.624673
27   16:78163749:C:A    173.440325
28   16:78164072:A:C    856.284011
29   16:78165148:T:C    895.143523
30   16:78166632:G:A    648.729155
31   16:78171180:A:C    174.585768
32   16:78171308:A:G    918.073930
33   16:78173918:A:G    115.798462
34   16:78176162:T:A     97.479977
35   16:78177764:G:A    272.190485
36   16:78179596:T:C    751.741729
37   16:78179754:G:A    551.091883
38   16:78179842:G:A    106.155601
39   16:78180391:G:T    138.757877
40   16:78181791:G:A    374.894735
41   16:78183613:G:A    498.413499
42   16:78186141:C:G    151.139360
43   16:78186183:C:T     67.965999
44   16:78186666:A:C    162.443309
45   16:78186700:C:T    109.920292
46   16:78187479:C:G    138.338885
47   16:78188454:C:A    528.325226
48   16:78188496:G:A    942.013836
49   16:78188936:C:G    117.367263
50   16:78189414:T:A    426.153092
51   16:78191182:G:C    423.132277
52   16:78198551:A:G    905.525368
53   16:78199579:C:G     56.575003
54   16:78200076:A:C    380.599019
55   16:78200155:A:G     29.728891
56   16:78200507:G:C    240.237510
57   16:78200664:C:T    442.289129
58   16:78200866:A:G    120.032984
59   16:78203100:G:T    123.225630
60   16:78203694:G:C    440.702269
61   16:78204093:C:T    109.922574
62   16:78204334:T:C    416.570443
63   16:78205661:G:T    948.135806
64   16:78206942:A:G    240.237510
65   16:78208251:C:G    421.825156
66   16:78208660:G:A    177.471717
67   16:78209069:T:G    894.194104
68   16:78214566:A:C    122.636300
69   16:78215488:G:A    134.419364
70   16:78215713:A:C    166.345672
71   16:78218016:T:C    557.830461
72   16:78220732:C:T    497.110000
73   16:78221142:A:G    285.950406
74   16:78221382:C:G    140.766519
75   16:78221389:A:G    108.894027
76   16:78221770:G:A    845.161670
77   16:78222029:A:G    113.076169
78   16:78222725:T:G    491.181763
79   16:78222989:G:A    916.094654
80   16:78224139:G:C    134.419364
81   16:78224186:G:A    942.525865
82   16:78224226:A:G    785.714580
83   16:78224421:C:T    229.136193
84   16:78225359:C:T    188.758393
85   16:78225779:A:G     84.550135
86   16:78226268:G:A    126.891438
87   16:78226916:G:A    846.503645
88   16:78227339:C:T    140.766519
89   16:78228022:G:C    139.401974
90   16:78232041:G:C   1029.331510
91   16:78233649:G:T    155.801316
92   16:78234673:C:T    272.255132
93   16:78235339:C:A    100.164607
94   16:78237187:G:A     73.213127
95   16:78237469:G:C    246.920298
96   16:78239233:G:A     68.737371
97   16:78241255:G:A    937.161958
98   16:78243384:C:T   1001.610483
99   16:78244261:C:T    149.989347
100  16:78245543:C:T    103.178474
101  16:78245941:T:C    673.719252
102  16:78249458:A:T    266.975050
103  16:78250055:A:C    640.574570
104  16:78250121:A:T    160.946416
105  16:78250301:G:A    180.522202
106  16:78251931:C:T    152.517566
107  16:78252460:C:G    716.106767
108  16:78252575:A:G    118.430922
109  16:78254732:C:T    906.416517
110  16:78255487:A:G    106.176960
111  16:78256042:G:A     46.161204
112  16:78256680:G:A    833.799722
113  16:78257718:C:A      7.090679
114  16:78259281:C:T    507.749438
115  16:78259407:G:C    820.064958
116  16:78259517:C:T    189.675821
117  16:78261120:G:A     47.926232
118  16:78264279:T:C    137.045892
119  16:78266430:G:A     60.979866
120  16:78266701:A:C     29.728891
121  16:78269219:A:G     99.830890
122  16:78269446:C:T    330.881262
123  16:78271563:C:T    898.249472
124  16:78272174:C:G    519.984660
125  16:78273162:C:G    432.268525
126  16:78273279:T:C    861.617346
127  16:78273492:C:T    198.647528
128  16:78274795:T:C    568.027764
129  16:78275298:G:A    567.713605
130  16:78275310:G:A    253.894053
131  16:78275340:T:A    227.845021
132  16:78277338:A:G    416.779105
133  16:78277693:C:T    478.115871
134  16:78277809:T:G    196.190331
135  16:78277937:T:C    985.426133
136  16:78278009:T:G    560.502115
137  16:78279697:G:A    270.446093
138  16:78282112:A:G    140.346521
139  16:78284488:A:T    144.841443
140  16:78285565:A:T    396.308216
141  16:78289135:A:G     85.021140
142  16:78289735:A:C   1019.470344
143  16:78289880:C:G    155.906736
144  16:78295642:T:C    490.778652
145  16:78296070:C:A    475.061987
146  16:78298275:C:T    981.875364
147  16:78299296:G:A     70.847332
148  16:78300309:A:G    519.535241
149  16:78303266:T:C    611.853233
150  16:78304424:G:T    275.200707
151  16:78307117:A:G    852.309493
152  16:78309067:G:C     66.634728
153  16:78310397:C:T    472.324087
154  16:78311451:G:C    343.712052
155  16:78311583:G:A     83.580941
156  16:78315073:G:T    335.143678
157  16:78315210:G:A    291.702421
158  16:78315351:T:C    894.429611
159  16:78318104:C:T     98.574456
160  16:78319418:A:G   1002.450466
161  16:78319667:C:G    196.087333
162  16:78321060:C:T     60.265818
163  16:78321347:C:G    133.693172
164  16:78323820:A:G    237.998839
165  16:78326354:C:G    184.851795
166  16:78326611:C:T    126.670655
167  16:78326689:C:T    184.513814
168  16:78330523:A:G    123.937993
169  16:78332174:T:G    886.076705
170  16:78333134:T:G      7.090679
171  16:78334259:G:A    536.426382
172  16:78335948:C:G    184.851795
173  16:78336683:A:G    162.609883
174  16:78336937:T:C    103.946933
175  16:78337260:T:C    158.619856
176  16:78341922:G:C    200.720948
177  16:78345274:C:T    119.123339
178  16:78345490:G:A    189.086191
179  16:78345565:G:A     70.884259
180  16:78345598:T:G    215.197195
181  16:78345622:A:T    967.501457
182  16:78345657:C:T    157.308503
183  16:78346026:G:C    167.370622
184  16:78347919:T:G    159.806184
185  16:78348140:A:G    158.619856
186  16:78348229:G:C    459.943268
187  16:78348297:T:C    160.586674
188  16:78350900:A:G    127.707714
189  16:78351433:G:A    179.889050
190  16:78351904:A:G    666.235303
191  16:78354991:C:T    115.943810
192  16:78355449:G:A     77.190397
193  16:78356223:C:G    546.356688
194  16:78356386:A:G    285.415612
195  16:78356896:G:A    275.467621
196  16:78357625:A:C    119.957405
197  16:78358828:A:G    356.997050
198  16:78360258:C:G    214.779525
199  16:78363110:C:A    266.736414
200  16:78363715:C:G    461.952057
201  16:78364006:A:T    225.375995
202  16:78364189:C:T    158.619856
203  16:78364792:A:G     91.477160
204  16:78364983:T:C    517.696435
205  16:78365127:C:T    816.459420
206  16:78365499:G:C     84.790697
207  16:78365796:T:C    102.118920
208  16:78367394:G:C     72.441273
209  16:78367685:C:T    163.625940
210  16:78368811:C:G     67.088635
211  16:78369019:G:C    399.525994
212  16:78369330:C:T    159.796618
213  16:78371403:C:T     74.512519
214  16:78371498:A:G    523.686597
215  16:78385220:A:G    457.219447
216  16:78385470:G:T    119.924838
217  16:78385482:G:C    585.563988
218  16:78385508:A:G    772.177280
219  16:78388107:G:C    111.843814
220  16:78388270:A:T    624.715976
221  16:78388279:T:A    149.779316
222  16:78388464:A:G    772.177280
223  16:78388799:G:A     83.600331
224  16:78389438:G:A    385.027602
225  16:78389473:T:C    807.594380
226  16:78391519:G:C    179.097798
227  16:78391522:C:T    539.638860
228  16:78391530:C:G    471.759172
229  16:78391885:C:T    308.084946
230  16:78391991:T:A    904.774272
231  16:78392845:G:T    119.924838
232  16:78394153:A:G     82.733987
233  16:78394830:A:G    196.566661
234  16:78395339:C:T    471.759172
235  16:78395954:C:T    212.044394
236  16:78396041:A:G    112.271586
237  16:78396361:A:G    150.172748
238  16:78396518:C:A    155.451348
239  16:78397015:G:A    118.344073
240  16:78397381:T:C     98.627671
241  16:78397592:T:C    761.330791
242  16:78398758:C:T    373.374736
243  16:78398851:C:T    253.747176
244  16:78401103:C:A    855.730314
245  16:78401405:G:A    149.779316
246  16:78401674:A:C    441.957519
247  16:78402128:A:G    248.149957
248  16:78402368:C:T    155.320054
249  16:78402827:T:C    761.330791
250  16:78402968:T:A     60.265818
251  16:78403795:C:A    118.344073
252  16:78404221:C:A    178.453123
253  16:78404484:T:A    179.097798
254  16:78404731:C:T    102.817456
255  16:78407399:A:G    389.914746
256  16:78410794:C:T    151.777931
257  16:78411940:C:A    138.784963
258  16:78412701:C:A    528.982770
259  16:78412716:C:T    856.418491
260  16:78413089:T:C    282.572665
261  16:78415731:G:A    198.451104
262  16:78416930:T:C    385.473562
263  16:78417318:C:G    118.344073
264  16:78417470:C:T     84.074207
265  16:78417988:T:C     98.708638
266  16:78418934:G:A    370.319623
267  16:78419363:T:C    174.452585
268  16:78419505:C:G    884.399881
269  16:78421974:G:C    144.512778
270  16:78423156:C:T    276.353352
271  16:78424711:A:G    266.756026
272  16:78425893:T:C     54.461258
273  16:78425901:T:G    405.832515
274  16:78425913:A:G    105.089138
275  16:78428617:A:G    444.070818
276  16:78429869:C:T    884.208914
277  16:78431276:C:T    119.264688
278  16:78432138:C:G    401.182881
279  16:78432492:C:T    839.812128
280  16:78432899:G:T     29.728891
281  16:78434766:A:C     69.258973
282  16:78434865:C:G    481.003014
283  16:78436084:T:C    153.626370
284  16:78438412:A:G    228.709505
285  16:78438725:G:C    127.862864
286  16:78439099:A:G    381.318830
287  16:78441522:G:T    149.747534
288  16:78442454:G:C     29.728891
289  16:78443939:A:G    194.426590
290  16:78444473:G:A    218.929884
291  16:78445833:C:T    175.778324
292  16:78446179:C:T    352.182846
293  16:78449004:A:G    127.643681
294  16:78449083:G:A    169.649705
295  16:78450177:G:A     89.866476
296  16:78451292:T:A     80.849150
297  16:78452348:A:T    417.462340
298  16:78452640:C:T    166.716901
299  16:78453041:A:G    109.036463
300  16:78453847:C:T     94.522389
301  16:78454375:A:G    189.115413
302  16:78457498:A:G    739.301899
303  16:78458306:C:T    140.188798
304  16:78458464:A:T    102.632568
305  16:78461587:A:G    328.251798
306  16:78461856:T:C    103.258603
307  16:78461887:C:G    339.404848
308  16:78462025:A:G    858.924779
309  16:78462404:G:A    162.251921
310  16:78462433:C:T     95.281271
311  16:78463861:A:G    151.833351
312  16:78464217:T:G    140.157326
313  16:78464281:C:G      7.090679
314  16:78464334:G:T    127.560335
315  16:78465717:G:A    135.827134
316  16:78466203:A:G    147.742974
317  16:78470077:A:G    105.901790
318  16:78471710:C:T    160.453928
319  16:78472039:A:G    101.395125
320  16:78472701:A:G    836.030672
321  16:78473940:G:T    330.159675
322  16:78474217:T:G    937.502222
323  16:78476000:C:G    386.999836
324  16:78476134:A:G    361.019524
325  16:78477223:A:C    260.059832
326  16:78477225:A:G    119.593000
327  16:78477406:A:G    145.847869
328  16:78477548:A:G    702.202131
329  16:78479014:G:T      7.090679
330  16:78484066:A:G    312.695954
331  16:78484857:G:C     95.281271
332  16:78485314:T:A    151.116804
333  16:78485550:C:T    726.993390
334  16:78487031:T:G    452.708002
335  16:78488826:A:G    123.405872
336  16:78490670:C:A    268.554140
337  16:78491404:C:G    162.544679
338  16:78491538:C:T    275.138785
339  16:78492451:T:C    132.309645
340  16:78492860:G:A    270.789841
341  16:78494356:T:A    859.676428
342  16:78495830:A:G    102.567297
343  16:78498180:G:A    157.601611
344  16:78498245:A:T    950.557830
345  16:78498771:T:C     48.726034
346  16:78502389:T:C    820.106426
347  16:78504735:C:G    384.431289
348  16:78506958:T:G    198.926439
349  16:78507466:T:A    387.467727
350  16:78508376:C:T    228.704297
351  16:78509504:G:C    111.002159
352  16:78512130:C:T    150.796097
353  16:78512540:T:G    978.515378
354  16:78513684:C:G    259.795998
355  16:78514168:T:C    191.242603
356  16:78514433:A:G    171.008136
357  16:78514583:C:T    408.263204
358  16:78517628:C:G    371.330710
359  16:78519780:G:A    151.258012
360  16:78519821:C:T    111.637337
361  16:78520201:C:T    123.394806
362  16:78520388:G:A    102.530705
363  16:78520597:C:T     75.720978
364  16:78522215:G:C    108.147798
365  16:78522638:G:A    161.449594
366  16:78522889:C:T    334.119961
367  16:78524099:G:A    550.215073
368  16:78524412:C:T    137.630932
369  16:78525450:C:T    932.481315
370  16:78525472:A:T     55.829597
371  16:78526209:C:G     75.720978
372  16:78527065:T:A    154.364541
373  16:78527598:G:A    214.752285
374  16:78531528:T:C    179.995913
375  16:78531904:C:T    526.657288
376  16:78532088:C:G    872.808636
377  16:78532175:C:T    214.296423
378  16:78534523:A:G    351.285902
379  16:78534660:C:G     87.190093
380  16:78535867:G:A    170.216761
381  16:78536135:C:G    254.312537
382  16:78537357:A:T     94.748170
383  16:78539946:C:G    207.784097
384  16:78540041:T:C   1219.609746
385  16:78540792:G:C    145.446604
386  16:78542046:C:G    479.952418
387  16:78543073:C:T    111.637337
388  16:78546236:A:C    433.324595
389  16:78546352:G:A     88.263149
390  16:78547147:A:C     72.379510
391  16:78547684:G:A    136.097285
392  16:78548398:C:G    261.592856
393  16:78548970:A:T    131.997865
394  16:78548993:C:T    170.132516
395  16:78550761:C:G    440.673934
396  16:78552107:A:G    387.804575
397  16:78552954:A:G   1028.054597
398  16:78553156:G:A    264.590542
399  16:78556270:A:G    490.603617
400  16:78559181:C:T    452.784498
401  16:78559423:G:A      7.090679
402  16:78559457:G:A     85.788033
403  16:78559610:A:C    184.307618
404  16:78560783:C:T     55.829597
405  16:78562806:A:G    177.416125
406  16:78563875:G:A    290.955730
407  16:78563940:A:T    928.709337
408  16:78564882:C:T    130.500122
409  16:78566026:G:C    251.628175
410  16:78566727:C:A    108.960658
411  16:78567328:A:C     60.901214
412  16:78567914:A:G    161.414941
413  16:78568714:C:T     85.788033
414  16:78568888:C:T    205.654575
415  16:78569199:G:C    401.839142
416  16:78572660:G:A    147.155934
417  16:78572872:C:G     55.829597
418  16:78573294:G:C    117.911313
419  16:78573963:T:C      7.090679
420  16:78574442:A:G    178.137390
421  16:78576107:C:T    939.416195
422  16:78577080:C:G    473.843443
423  16:78577298:C:T    221.237093
424  16:78578197:T:C    383.933345
425  16:78578737:A:G    100.229412
426  16:78579604:C:T    184.307618
427  16:78583524:C:G    104.800025
428  16:78585339:C:G    423.619860
429  16:78585539:C:G    337.249216
430  16:78586531:T:C    457.673876
431  16:78587592:C:T    945.809088
432  16:78587805:C:A    275.508081
433  16:78587943:T:C     92.063289
434  16:78590042:G:A    266.960723
435  16:78592410:C:G    133.716142
436  16:78592508:T:C    266.670297
437  16:78593865:A:G     94.748038
438  16:78594171:T:C    482.870797
439  16:78595062:C:G    374.706911
440  16:78595193:G:A    228.085102
441  16:78595489:G:T    132.608631
442  16:78597505:C:G    130.098240
443  16:78597892:C:T    148.642892
444  16:78598855:A:G    881.832024
445  16:78600560:C:T    157.664426
446  16:78600835:A:G    138.618851
447  16:78601177:T:A    210.091358
448  16:78601658:A:G    169.710508
449  16:78602412:A:C    476.462933
450  16:78602459:G:A    141.305312
451  16:78603181:A:G    160.379150
452  16:78603200:C:A    166.248781
453  16:78603358:A:G    299.846127
454  16:78603369:A:G    211.514938
455  16:78605262:G:A    268.514275
456  16:78605447:A:T    149.223613
457  16:78607137:C:T    878.112315
458  16:78607176:C:G     83.036670
459  16:78611363:C:T    342.144222
460  16:78612464:C:T    230.627771
461  16:78613118:A:C     55.829597
462  16:78613814:C:T    100.746229
463  16:78615423:G:A    195.740001
464  16:78616976:C:G    975.570721
465  16:78620956:C:T    937.683742
466  16:78621165:A:G     66.693187
467  16:78624007:A:C    742.971349
468  16:78624025:A:G    325.963778
469  16:78625217:C:T    163.336707
470  16:78625901:G:T      7.090679
471  16:78626123:T:G    281.888315
472  16:78626221:G:A    214.230372
473  16:78627121:A:G    110.457666
474  16:78627610:T:G    179.062498
475  16:78627979:G:A    251.163462
476  16:78628953:T:G    920.247135
477  16:78631794:G:A    164.353769
478  16:78632694:T:G    265.660452
479  16:78633103:T:G    354.688278
480  16:78633318:T:C      7.090679
481  16:78634023:A:C    180.544257
482  16:78634051:C:G    319.622257
483  16:78636411:T:G    121.710823
484  16:78637464:A:C    410.266363
485  16:78640362:A:G    233.915640
486  16:78640992:T:C    995.857460
487  16:78643508:G:A    124.608919
488  16:78643948:G:A     72.819879
489  16:78645000:A:G    553.879168
490  16:78645435:G:A   1011.885434
491  16:78647180:C:T    169.810194
492  16:78647364:A:G     97.642226
493  16:78648591:A:G    269.524664
494  16:78649747:A:C    137.712594
495  16:78650275:G:T    301.348228
496  16:78650907:G:C     71.830814
497  16:78651859:A:G    119.750238
498  16:78652687:C:T    166.645474
499  16:78653594:C:G    543.733290
500  16:78653732:G:T    197.402913
501  16:78657304:C:T    215.849253
502  16:78657356:C:T     55.138334
503  16:78657585:C:T    953.636785
504  16:78658183:G:C     71.830814
505  16:78659908:A:C    165.631076
506  16:78659929:A:G    128.657927
507  16:78660176:C:T     90.121670
508  16:78663627:T:C    365.452687
509  16:78666095:C:T    104.512310
510  16:78666152:C:A    911.184923
511  16:78669887:C:G    108.797587
512  16:78669979:C:G    161.450118
513  16:78670878:C:T    199.352259
514  16:78673113:G:A    109.282424
515  16:78673134:C:A    929.179413
516  16:78673502:A:G     55.138334
517  16:78675046:T:G    105.401896
518  16:78675681:G:A     95.488550
519  16:78677166:T:A    407.127130
520  16:78677370:A:T    148.994870
521  16:78677488:T:G    126.593173
522  16:78678781:C:T    205.484839
523  16:78679163:C:T    991.384259
524  16:78679473:G:C    117.260308
525  16:78680728:C:T    504.487856
526  16:78682049:C:T     55.138334
527  16:78682091:C:T    103.852997
528  16:78682969:C:T     93.624629
529  16:78685090:C:G    269.043394
530  16:78685744:G:A    119.582787
531  16:78685819:T:C     95.187237
532  16:78685961:A:G    380.525355
533  16:78686747:C:T    986.070125
534  16:78687260:A:C    995.857460
535  16:78688178:T:C    127.383237
536  16:78689512:C:T     55.138334
537  16:78689617:G:T    375.090940
538  16:78691580:C:T    212.908407
539  16:78692700:A:G    121.957617
540  16:78693014:A:C    100.588543
541  16:78693758:G:A    414.539881
542  16:78693825:C:G    788.983471
543  16:78695098:A:T    852.685995
544  16:78696459:A:G      7.090679
545  16:78696487:A:C    127.712519
546  16:78697201:A:G    117.472451
547  16:78697887:C:G    441.122782
548  16:78698128:A:C     52.426915
549  16:78698550:G:C    160.330639
550  16:78699107:G:A    182.247180
551  16:78699924:G:A    135.630218
552  16:78701348:A:C    128.306975
553  16:78702072:G:C     97.796402
554  16:78702085:A:G     39.043382
555  16:78704199:T:C    935.857293
556  16:78705178:C:T    165.196636
557  16:78705954:A:G    309.376916
558  16:78706056:A:G    173.557593
559  16:78707336:G:C    102.766457
560  16:78709007:T:C    813.876002
561  16:78709547:T:G    469.690778
562  16:78710328:G:C    408.323402
563  16:78710402:C:T    383.740325
564  16:78710973:A:G    150.618890
565  16:78711308:A:G    252.763499
566  16:78713276:T:C    490.567671
567  16:78713900:A:G    161.779724
568  16:78714301:C:T    520.866136
569  16:78715350:A:G    471.507876
570  16:78715949:A:C     88.655432
571  16:78716002:A:G     68.638934
572  16:78716190:A:G    132.589371
573  16:78716602:C:A    126.594706
574  16:78716605:T:G    174.534817
575  16:78717214:T:A    181.533794
576  16:78717472:C:T    967.119463
577  16:78717511:C:G    145.435453
578  16:78718181:A:C    813.876002
579  16:78718595:A:C    427.871809
580  16:78719633:C:T    166.438212
581  16:78721017:A:G    138.704234
582  16:78723295:C:A    129.374950
583  16:78725351:T:C    326.679169
584  16:78725422:C:A    811.894159
585  16:78725760:A:G    950.487342
586  16:78725823:A:G    140.696374
587  16:78725911:T:C     53.220668
588  16:78726032:C:T    345.328590
589  16:78727458:A:G     69.979407
590  16:78728194:G:A    126.805692
591  16:78728870:C:G    228.668725
592  16:78729878:A:G    119.992180
593  16:78730282:A:G    325.678036
594  16:78732225:C:A    176.764189
595  16:78733153:C:T    307.011260
596  16:78734619:G:C    122.085788
597  16:78739331:G:A     87.182418
598  16:78742869:A:T    100.485443
599  16:78743303:G:A    318.546349
600  16:78744485:T:G   1000.743778
601  16:78745398:C:G   1492.172750
602  16:78746976:G:A    200.829416
603  16:78747339:C:T    280.503957
604  16:78747694:A:G    336.642408
605  16:78748101:T:A    221.951224
606  16:78750070:A:G    131.147800
607  16:78750381:C:T     96.929247
608  16:78750461:A:G    151.387265
609  16:78752911:G:T    122.085788
610  16:78754397:T:C    833.784333
611  16:78754799:G:C    160.684169
612  16:78754990:T:C     84.585907
613  16:78756202:C:A     85.740874
614  16:78757423:C:G    169.740927
615  16:78757748:A:G    335.123494
616  16:78758614:A:G    109.092467
617  16:78762161:T:G    896.098406
618  16:78762373:G:A    180.980224
619  16:78762985:A:T    160.428098
620  16:78763247:A:G    138.602544
621  16:78763642:A:G    104.546239
622  16:78763794:T:G    188.970071
623  16:78764549:G:T    813.876002
624  16:78764598:A:C     69.165787
625  16:78764811:A:C    256.000191
626  16:78765616:C:G    658.431238
627  16:78767778:C:G    405.602291
628  16:78768515:C:A   1033.668241
629  16:78769005:C:A    119.052544
630  16:78771459:T:G    245.664513
631  16:78771539:A:T    155.173627
632  16:78773900:C:T    139.427658
633  16:78779669:C:A    999.974681
634  16:78780542:T:G    167.879730
635  16:78781846:A:C    459.572126
636  16:78782720:A:G    385.842036
637  16:78784538:C:T     70.133189
638  16:78786557:C:T    112.162548
639  16:78787165:C:A    155.846672
640  16:78788128:C:G    167.985143
641  16:78793104:C:A    293.465360
642  16:78793279:C:G    829.990848
643  16:78796493:C:A     63.462571
644  16:78798609:A:C    124.442253
645  16:78799379:C:G    367.083593
646  16:78800112:G:A    149.126939
647  16:78800839:T:A    948.354043
648  16:78802116:T:C    150.041572
649  16:78803193:C:G    333.306343
650  16:78806019:A:G    261.902300
651  16:78806122:G:C    144.980082
652  16:78807965:G:T    647.568650
653  16:78809615:A:G    297.026533
654  16:78809675:G:C    182.229857
655  16:78809883:C:T    235.983560
656  16:78812152:T:G     61.259318
657  16:78815853:T:C    143.865630
658  16:78816390:A:C    895.175811
659  16:78818710:G:C   1009.135331
660  16:78818933:T:C    375.745119
661  16:78820036:C:A    223.372593
662  16:78825523:C:G    134.487837
663  16:78825827:G:A    925.493889
664  16:78825916:C:G    191.484728
665  16:78826346:A:G     98.560325
666  16:78826354:A:G    479.110222
667  16:78826438:G:A    293.945834
668  16:78827533:A:C    572.726500
669  16:78827865:A:G    960.974516
670  16:78827897:C:T    117.919190
671  16:78827996:G:A    395.970271
672  16:78828121:A:C    139.495236
673  16:78829676:G:C    247.991423
674  16:78830804:A:G   1052.061182
675  16:78831387:G:A    111.016760
676  16:78832976:A:T    123.499484
677  16:78833226:A:C      7.090679
678  16:78833658:G:A    868.521998
679  16:78835952:G:T    106.735507
680  16:78836333:T:A    956.708235
681  16:78836979:A:C    142.773799
682  16:78837406:C:T    260.421076
683  16:78838088:A:G     31.281457
684  16:78838496:C:T    222.865336
685  16:78838848:A:G    282.193225
686  16:78840385:G:A    170.018247
687  16:78840427:T:C    120.303757
688  16:78841181:C:G    107.037229
689  16:78841342:C:G    123.499484
690  16:78841500:A:G    200.105761
691  16:78842778:T:C    961.094112
692  16:78844584:C:T     92.618074
693  16:78845357:C:G    175.626532
694  16:78845784:A:G    442.813036
695  16:78847228:C:T    133.013078
696  16:78848694:G:T    113.898736
697  16:78849375:C:T    858.856163
698  16:78852553:C:G     82.582033
699  16:78853032:A:G    155.918899
700  16:78853462:T:C    813.876002
701  16:78853614:C:T    647.515873
702  16:78853639:G:A    158.141149
703  16:78854803:A:C    153.786028
704  16:78856736:G:C    832.994896
705  16:78858643:A:G    797.508730
706  16:78859346:A:G    336.980664
707  16:78859408:G:C     31.281457
708  16:78862186:G:A    154.783899
709  16:78862347:C:T    101.946851
710  16:78862362:G:A    861.925903
711  16:78862422:A:C    378.224712
712  16:78862528:A:C    125.060782
713  16:78863813:A:G    966.480612
714  16:78864279:G:A    123.499484
715  16:78864296:T:G    461.821709
716  16:78864773:T:C    526.113592
717  16:78864981:G:C    370.824478
718  16:78865090:C:G    134.606802
719  16:78865144:T:G    415.603902
720  16:78866147:A:G    183.096569
721  16:78866186:A:G     86.315694
722  16:78866374:G:C    934.592596
723  16:78866476:C:T     98.926463
724  16:78867142:C:G    143.076608
725  16:78867915:G:C    958.930514
726  16:78871429:T:C    421.692261
727  16:78871744:G:A    205.486041
728  16:78871836:C:G   1025.301828
729  16:78873431:T:C    511.911386
730  16:78873805:C:T    227.155946
731  16:78874177:G:A    246.830854
732  16:78874458:G:C    140.408460
733  16:78874474:G:A     82.672481
734  16:78874745:C:T    130.640580
735  16:78875094:A:C    876.326966
736  16:78876531:C:T   1018.775807
737  16:78880638:T:G    100.956804
738  16:78882575:G:A    257.298217
739  16:78883576:G:T    320.605225
740  16:78884496:C:G    187.201035
741  16:78885535:A:G     54.689461
742  16:78886157:C:G     83.796608
743  16:78888387:C:T   1021.629912
744  16:78888639:A:G    852.303500
745  16:78892107:C:T     67.450090
746  16:78893040:T:C    121.349188
747  16:78894111:C:G    906.427387
748  16:78894139:C:T    272.008534
749  16:78894406:A:C     66.167426
750  16:78895679:C:G    257.167876
751  16:78895950:T:G    108.256603
752  16:78897787:A:G   1050.093168
753  16:78898017:A:G    101.519525
754  16:78898929:T:G    889.198243
755  16:78899809:A:G    368.227967
756  16:78899914:C:T    118.358973
757  16:78901068:C:G    470.641829
758  16:78901140:C:A    503.127713
759  16:78902681:G:A    965.832480
760  16:78903108:G:A     68.824778
761  16:78903684:C:T    410.475960
762  16:78904045:G:C    914.823964
763  16:78904833:T:C    842.447760
764  16:78905060:C:T    201.350470
765  16:78906431:A:C    122.747755
766  16:78906434:C:T    143.202780
767  16:78908013:C:T     80.334893
768  16:78909768:T:C    198.723401
769  16:78909813:T:C    343.216740
770  16:78910078:C:T    180.761478
771  16:78910227:C:T     82.279250
772  16:78911101:T:C    467.414256
773  16:78912014:C:G    391.478256
774  16:78912442:A:C    299.462268
775  16:78912559:G:T    183.179097
776  16:78914053:G:A    277.161392
777  16:78914671:A:T    223.410256
778  16:78914772:A:G    824.323136
779  16:78915054:C:T    835.267594
780  16:78915654:G:A    659.334864
781  16:78916235:G:C     87.078546
782  16:78916839:G:A    499.879688
783  16:78918943:T:C    134.225536
784  16:78919065:C:T    173.214491
785  16:78920262:A:G    199.505034
786  16:78920681:G:A    125.087617
787  16:78920761:G:A    355.850850
788  16:78922291:G:C    122.747755
789  16:78923644:T:C    995.857460
790  16:78925174:C:G     91.230457
791  16:78926895:C:T    856.104814
792  16:78927243:A:G    271.250848
793  16:78928516:C:T    366.844999
794  16:78929458:T:C    804.781082
795  16:78931658:T:C    216.450665
796  16:78932671:C:G    396.406590
797  16:78932992:A:C    216.222260
798  16:78933114:C:A    205.318380
799  16:78933487:C:T   1013.650785
800  16:78933506:C:T    182.686134
801  16:78933530:G:T     51.336125
802  16:78933777:C:G    344.589439
803  16:78934246:C:G    995.857460
804  16:78935677:C:T    166.742859
805  16:78936106:G:T    410.698808
806  16:78936215:G:T    246.107216
807  16:78938756:T:C    364.751037
808  16:78939925:T:C    847.209403
809  16:78940244:G:A    175.886269
810  16:78942096:G:A     82.551443
811  16:78942651:G:C    271.402535
812  16:78942810:A:G    971.265351
813  16:78943983:T:C    177.265176
814  16:78944184:C:G    101.058590
815  16:78944335:G:C    668.627035
816  16:78944914:A:T    786.313848
817  16:78945805:C:G    171.580366
818  16:78945940:A:C    203.621940
819  16:78946464:G:A     57.649824
820  16:78946490:T:C    121.977308
821  16:78946797:A:G     82.551443
822  16:78947247:A:T    214.712030
823  16:78947273:T:A    955.398636
824  16:78948077:T:C    768.650873
825  16:78948283:A:C    194.741114
826  16:78948464:T:A    276.366233
827  16:78948713:T:A   1021.389030
828  16:78948837:C:G    542.256342
829  16:78948945:C:G    641.128902
830  16:78949241:G:A    818.353154
831  16:78949903:T:G    166.338281
832  16:78950001:G:T    904.946697
833  16:78950193:C:T    213.926258
834  16:78951231:C:G     86.386031
835  16:78951824:C:T     93.160056
836  16:78952160:A:G    549.268424
837  16:78952817:G:T    104.722018
838  16:78953857:G:A    228.536499
839  16:78954405:C:T    346.281673
840  16:78955458:G:T    937.657045
841  16:78956390:C:T     41.850515
842  16:78957505:G:A    314.989797
843  16:78957666:G:A    139.753448
844  16:78960323:T:C    870.569411
845  16:78961282:C:T     85.547302
846  16:78961287:A:G    271.707195
847  16:78962067:G:C    108.286430
848  16:78962643:T:A    981.478677
849  16:78963203:A:G    478.176313
850  16:78963264:C:G    257.511491
851  16:78963668:A:T   1038.020011
852  16:78963895:C:G    226.299822
853  16:78964013:T:G     79.798770
854  16:78964288:C:G    528.879261
855  16:78964729:G:A     53.185838
856  16:78964761:G:C    964.096046
857  16:78965733:C:G     75.823640
858  16:78966544:C:T     91.835321
859  16:78966935:A:G    850.979228
860  16:78967685:G:A    459.085638
861  16:78967693:A:G    520.830534
862  16:78970051:A:G    422.925486
863  16:78970114:T:C    495.970615
864  16:78974541:C:T   1054.886812
865  16:78974640:C:T    940.169099
866  16:78975706:G:A    190.907802
867  16:78976914:G:C    761.990422
868  16:78977493:T:C    168.362000
869  16:78977534:C:G    435.720145
870  16:78978976:C:G     46.325614
871  16:78979412:C:T    166.528462
872  16:78979488:G:T    904.157316
873  16:78979515:A:G    530.408410
874  16:78979747:G:A    916.661240
875  16:78980013:G:A    627.674330
876  16:78980200:T:C    962.398934
877  16:78981910:G:A    854.454426
878  16:78982626:C:G    164.038781
879  16:78982653:G:A    457.503585
880  16:78983192:G:A    116.925083
881  16:78983727:A:T     82.443628
882  16:78984116:C:G     64.777263
883  16:78985906:A:G    144.870633
884  16:78986634:G:A      7.090679
885  16:78987800:C:T    122.430902
886  16:78988825:C:T    116.087644
887  16:78989741:A:G    187.025904
888  16:78990341:C:A     73.086000
889  16:78990535:C:A     86.931481
890  16:78990991:G:T    450.277278
891  16:78991363:G:T    118.670946
892  16:78991578:C:G    958.641045
893  16:78993406:A:G    347.252194
894  16:78995555:C:A    164.038781
895  16:78995565:A:T    128.868158
896  16:78996850:A:G    561.154456
897  16:78997549:A:G    170.947881
898  16:78998010:G:C    151.565084
899  16:78998313:A:G    774.113018
900  16:78998352:A:T    154.944381
901  16:78998501:T:C    962.195424
902  16:79001457:C:T    108.552050
903  16:79001965:G:A    133.734023
904  16:79002160:C:G    144.680311
905  16:79002863:C:G     91.048038
906  16:79003158:C:G    379.557033
907  16:79003701:G:A      7.090679
908  16:79004969:C:T    158.327803
909  16:79006636:T:G    890.567239
910  16:79006863:G:A    436.895204
911  16:79008149:T:C     51.303933
912  16:79008225:G:A    960.289615
913  16:79009538:C:A    200.755401
914  16:79009746:G:A    477.100241
915  16:79009768:C:G    155.553820
916  16:79009925:G:C    142.998315
917  16:79011833:A:T     61.220656
918  16:79011871:C:T    878.906779
919  16:79012960:C:T    296.355867
920  16:79013331:C:T    302.536556
921  16:79013722:G:C   1010.326627
922  16:79015056:A:G    233.354241
923  16:79015479:C:T    489.150492
924  16:79016408:A:G    436.781547
925  16:79017841:C:G    153.619757
926  16:79018017:T:C    186.175920
927  16:79018070:C:T     75.993596
928  16:79018219:C:T    405.530379
929  16:79021871:A:C    197.606203
930  16:79022004:C:G    202.823795
931  16:79022505:C:G    147.334707
932  16:79025066:G:T    108.118687
933  16:79029232:C:G    898.509146
934  16:79030276:C:A    212.251608
935  16:79030974:C:T    101.307128
936  16:79031244:A:C    176.955896
937  16:79032183:A:T    988.179144
938  16:79032221:G:C    222.965472
939  16:79032911:G:A     91.094667
940  16:79034152:C:A    135.253088
941  16:79034160:T:C    115.250406
942  16:79034485:A:G    196.230553
943  16:79034787:T:G    153.893430
944  16:79036361:C:T    848.026679
945  16:79037715:T:C     62.681913
946  16:79038196:G:T    152.087443
947  16:79038748:G:A     80.898667
948  16:79039208:C:G    152.378934
949  16:79039344:T:C    956.960845
950  16:79042001:A:G     68.573750
951  16:79042198:T:C    183.821988
952  16:79042774:G:T    898.976446
953  16:79043727:A:G    521.470806
954  16:79043747:C:A    125.080566
955  16:79044178:A:G    680.214871
956  16:79045465:C:G    222.965472
957  16:79046248:G:C     58.772001
958  16:79046755:C:T    222.107962
959  16:79046837:C:G    174.937165
960  16:79047976:T:C   1003.096423
961  16:79048632:G:A    192.599327
962  16:79048673:A:G    155.573377
963  16:79049280:C:A    939.536108
964  16:79050368:A:G    130.643321
965  16:79051200:A:G    594.444717
966  16:79051694:A:G    154.784714
967  16:79052148:A:G    177.690741
968  16:79053128:A:C   1000.506877
969  16:79054344:T:C     51.516647
970  16:79054841:A:G    248.604346
971  16:79055877:A:C    669.911587
972  16:79058257:G:C    373.057925
973  16:79058353:C:T    109.468009
974  16:79058595:G:A    102.412294
975  16:79058818:C:T    147.611980
976  16:79060779:G:T    218.841797
977  16:79060939:G:A    108.727275
978  16:79061762:G:A    425.915974
979  16:79062135:C:A    119.338977
980  16:79063463:A:G    227.075940
981  16:79064434:C:T    124.693278
982  16:79065007:T:A    152.191440
983  16:79066248:A:G    266.671042
984  16:79066659:T:C     63.861108
985  16:79067740:A:C    628.702192
986  16:79067788:G:A    166.782296
987  16:79069015:A:C    929.154576
988  16:79069900:A:G    285.799909
989  16:79069946:G:T     83.730353
990  16:79070108:C:T    186.359214
991  16:79070401:G:A    447.696809
992  16:79074269:C:T    367.819000
993  16:79074704:G:C    355.448261
994  16:79074900:A:G     55.097186
995  16:79075425:C:A    544.753213
996  16:79075946:A:G     84.548076
997  16:79076898:C:G    197.877667
998  16:79077479:C:A    873.083681
999  16:79080258:T:C    252.325688
1000 16:79080508:A:G    599.106591
1001 16:79081315:T:G     75.818491
1002 16:79083239:G:A    354.628973
1003 16:79083791:G:T    111.629850
1004 16:79084868:T:C    467.471242
1005 16:79085459:C:T    553.837028
1006 16:79085489:A:C    991.288895
1007 16:79085548:G:T   1012.389128
1008 16:79085955:C:G    259.581068
1009 16:79086070:A:G    112.215986
1010 16:79088882:C:T    319.200758
1011 16:79089196:T:A   1000.712682
1012 16:79089245:C:G     84.378751
1013 16:79090555:C:G    166.108391
1014 16:79090751:G:T     97.638333
1015 16:79093565:G:C    203.477309
1016 16:79094945:C:T    429.384185
1017 16:79094987:C:T    274.263405
1018 16:79095107:A:C   1038.426249
1019 16:79096128:T:C    188.884813
1020 16:79097244:G:C    758.852337
1021 16:79100930:C:G    147.032035
1022 16:79100949:C:T    813.876002
1023 16:79101676:C:G    958.622196
1024 16:79103157:T:G    138.587628
1025 16:79103380:G:A    103.626319
1026 16:79104413:C:T    168.610314
1027 16:79104611:G:A    203.477309
1028 16:79104923:A:G    209.954517
1029 16:79105819:C:G    347.212217
1030 16:79106043:C:T    299.305237
1031 16:79106468:C:T     59.453398
1032 16:79107499:T:C    985.426556
1033 16:79107898:G:A    771.166281
1034 16:79108040:A:G    106.510541
1035 16:79108045:T:C    931.307259
1036 16:79108134:A:T    148.763156
1037 16:79108164:T:C    170.355888
1038 16:79108228:A:G     64.910215
1039 16:79108260:T:C    171.546405
1040 16:79108262:G:C    954.436040
1041 16:79108263:T:G    466.804946
1042 16:79108354:C:T    683.153320
1043 16:79108484:T:G     56.887413
1044 16:79108574:A:G    105.652685
1045 16:79108592:T:A    947.250356
1046 16:79109428:T:C     68.614767
1047 16:79111043:T:C    322.748755
1048 16:79111737:G:C   1039.627886
1049 16:79111893:G:T    178.592961
1050 16:79113579:A:G     78.430118
1051 16:79113774:G:A    125.255610
1052 16:79113905:C:A    165.465741
1053 16:79113907:A:G    515.782538
1054 16:79118061:G:A    261.120753
1055 16:79118252:A:G    337.086190
1056 16:79119069:G:A   1007.036943
1057 16:79121226:G:A    194.113818
1058 16:79122805:T:C     65.086565
1059 16:79123067:A:T    193.609676
1060 16:79124332:C:G    738.868319
1061 16:79127587:T:G    430.071299
1062 16:79127760:C:T    228.470408
1063 16:79128476:G:C    450.195354
1064 16:79129546:C:T    390.410933
1065 16:79129738:T:G    685.088572
1066 16:79130349:A:G    121.159904
1067 16:79131745:T:A    144.057417
1068 16:79131780:G:A    912.166197
1069 16:79132013:T:C    208.129933
1070 16:79133112:A:G    201.782498
1071 16:79133132:A:G    212.718079
1072 16:79133935:T:G    416.432009
1073 16:79134815:G:A    243.056980
1074 16:79135480:G:A    135.932553
1075 16:79135829:C:G    149.077064
1076 16:79136139:T:C    954.740834
1077 16:79137644:G:A     32.770109
1078 16:79138063:T:G    455.439640
1079 16:79139562:T:G    404.965648
1080 16:79139982:A:G    158.043712
1081 16:79141900:A:G    247.359670
1082 16:79144295:C:T    127.984041
1083 16:79144382:C:A    280.010237
1084 16:79145382:T:G    275.702775
1085 16:79148655:T:C     73.386004
1086 16:79148821:G:C    121.077257
1087 16:79148871:C:T    497.110000
1088 16:79152087:T:C    222.069613
1089 16:79152310:A:G    155.625367
1090 16:79152391:G:C     52.964273
1091 16:79154917:T:C    211.727848
1092 16:79156561:T:C    344.006040
1093 16:79157320:C:T    270.101186
1094 16:79158452:A:G    283.339763
1095 16:79158556:A:G    960.780369
1096 16:79160871:G:A    137.160503
1097 16:79163080:A:G    348.595588
1098 16:79163144:C:T     32.770109
1099 16:79163877:A:C    238.166713
1100 16:79164032:A:G    449.586242
1101 16:79164747:G:A     78.400509
1102 16:79169415:G:T    360.622735
1103 16:79169417:A:G    501.869283
1104 16:79170881:A:T    277.768693
1105 16:79171137:A:G    985.781509
1106 16:79171195:C:T    107.437448
1107 16:79171244:A:T    294.603485
1108 16:79173213:A:G    200.090466
1109 16:79174768:C:T    102.074373
1110 16:79175987:C:T     32.770109
1111 16:79176100:A:G    236.247623
1112 16:79177586:G:A    268.905162
1113 16:79178046:C:G    144.854991
1114 16:79178328:G:A    205.983150
1115 16:79178775:A:T     78.400509
1116 16:79180312:T:C    237.799296
1117 16:79181051:G:A    130.755901
1118 16:79183408:G:A    913.860119
1119 16:79183939:T:G    412.756701
1120 16:79184233:A:G    118.557267
1121 16:79188158:G:A    330.949807
1122 16:79189204:A:C    150.565795
1123 16:79190173:G:A    148.629700
1124 16:79190236:T:A    236.732416
1125 16:79191080:A:G    480.275465
1126 16:79191553:G:A    137.469396
1127 16:79191907:A:G     39.687713
1128 16:79192122:T:G    550.363233
1129 16:79194260:G:C    957.706949
1130 16:79195358:A:G    136.603992
1131 16:79197846:C:G    144.854991
1132 16:79198017:A:G    114.690359
1133 16:79198947:A:G    297.875668
1134 16:79200034:C:G    441.207111
1135 16:79200104:A:G    188.095057
1136 16:79202196:T:A    321.466051
1137 16:79204121:C:A    364.076774
1138 16:79205843:C:A     60.836709
1139 16:79206884:C:G    498.778766
1140 16:79208407:G:A    123.770705
1141 16:79210170:T:A    126.922909
1142 16:79210530:A:G    366.676489
1143 16:79211804:A:C    840.087136
1144 16:79211879:A:G    506.717461
1145 16:79213177:A:C    164.098495
1146 16:79213282:A:G     77.810413
1147 16:79214434:G:T    291.692041
1148 16:79215192:G:T    427.882229
1149 16:79215369:G:A    176.252870
1150 16:79216097:G:C    143.990964
1151 16:79217098:C:T    119.347682
1152 16:79219289:G:C     96.174301
1153 16:79219609:C:A    102.713392
1154 16:79219699:G:A    209.706736
1155 16:79220957:A:C    207.936528
1156 16:79221200:A:G    341.035888
1157 16:79221454:G:C   1035.543523
1158 16:79223012:G:C    947.251075
1159 16:79223284:A:G    213.904052
1160 16:79223833:G:C    787.524207
1161 16:79224742:A:G    453.847361
1162 16:79224939:T:G    254.772268
1163 16:79225043:C:T    714.879032
1164 16:79225125:T:G    153.328749
1165 16:79225491:T:C    918.588286
1166 16:79228136:T:G    378.612767
1167 16:79228257:C:G    203.901348
1168 16:79228754:C:T    235.949808
1169 16:79229314:G:A     64.201932
1170 16:79233389:A:G    127.430991
1171 16:79235931:C:T    277.809414
1172 16:79235961:T:A    853.490633
1173 16:79236684:T:G     64.448411
1174 16:79236909:G:T      7.090679
1175 16:79236910:G:C    218.719019
1176 16:79238475:G:A    235.644876
1177 16:79238595:C:T    246.354081
1178 16:79238809:A:G    152.449971
1179 16:79239328:C:G    235.362656
1180 16:79239912:G:A    205.251549
1181 16:79241291:T:G      7.090679
1182 16:79242922:G:T    675.797936
1183 16:79243364:C:G    218.719019
1184 16:79243807:G:T    853.097154
1185 16:79244016:T:G    127.430991
1186 16:79244022:A:G    529.171782
1187 16:79244415:G:A    152.941566
1188 16:79245687:C:T    108.234805
1189 16:79245986:G:A    281.285062

{"project":"masters","channel":"laplacian","event":"Laplacian Construction is complete","description":"Genes 4-4","icon":"🔥","notify":true,"parser":"text"}