[1] "No duplicate edges found. Skipping simplify()."
$graphxx
   gene   density    mean_dist transitivity edge_dens vertex_con edge_con
1 CSMD1 0.4548555 8.522517e-06    0.4940097 0.4548555        367      367

$snpsbetw_centrDF
               SNP snpbetw_centr
1    8:2808730:T:A     404.79780
2    8:2820043:G:T     403.27153
3    8:2882305:A:C     757.68080
4    8:2883634:G:A     290.71821
5    8:2885073:G:T     119.55581
6    8:2885754:A:T    1335.47308
7    8:2886216:C:G     687.98344
8    8:2887695:C:T     254.89642
9    8:2889934:A:G     232.29054
10   8:2892778:C:T     291.19674
11   8:2892824:A:G     209.73420
12   8:2896809:T:C    1435.48058
13   8:2899484:G:A     183.17154
14   8:2900341:T:C     552.24589
15   8:2905015:C:T    1144.91387
16   8:2907843:A:G     347.82232
17   8:2909797:G:A     172.07772
18   8:2910761:C:A     809.89371
19   8:2911111:G:A    1392.47853
20   8:2911957:T:C     214.57328
21   8:2912162:C:T     295.87475
22   8:2916112:A:G     236.78943
23   8:2917080:T:C     198.06530
24   8:2918034:C:A     514.26307
25   8:2921989:T:C    1235.65504
26   8:2923179:T:C     249.65782
27   8:2923367:G:A    1032.86179
28   8:2923969:A:G    1311.49500
29   8:2924014:C:T    1415.40356
30   8:2925903:C:G     926.43140
31   8:2925957:T:G     617.84642
32   8:2927574:A:C     157.22663
33   8:2928709:T:G     512.20153
34   8:2932555:T:C     643.71091
35   8:2933522:G:A     396.88382
36   8:2933560:G:A     216.49151
37   8:2934193:A:G     530.59538
38   8:2935650:A:G     141.82053
39   8:2936213:A:G     389.15342
40   8:2940467:A:G     173.69736
41   8:2941433:C:T     222.32438
42   8:2942418:T:A     186.02730
43   8:2942822:T:C     226.79711
44   8:2944047:G:C     369.40244
45   8:2945929:T:C     176.51424
46   8:2947478:G:A     215.85080
47   8:2947818:A:G    1317.57880
48   8:2947951:T:C     282.31204
49   8:2949951:A:G     139.11972
50   8:2950195:A:T    1255.15143
51   8:2951295:A:T     373.20726
52   8:2951614:A:T     638.89303
53   8:2952234:T:C     280.32539
54   8:2952985:G:A     729.59705
55   8:2954248:T:C     352.20311
56   8:2954809:C:G    1244.34710
57   8:2954952:T:G     595.62111
58   8:2955118:T:C     278.55712
59   8:2955158:T:C    1458.86511
60   8:2955341:C:T    1064.37975
61   8:2957718:C:T     267.71663
62   8:2957876:G:T     284.24823
63   8:2958341:C:A     809.95733
64   8:2959128:T:C     145.28255
65   8:2961085:G:C     209.26303
66   8:2961090:A:G     497.73258
67   8:2961883:A:G     608.33990
68   8:2962790:G:C    1432.47122
69   8:2962825:G:A     213.35431
70   8:2967636:G:T     166.22459
71   8:2969917:G:A     153.85385
72   8:2970144:A:G     113.71692
73   8:2970431:T:A     455.28756
74   8:2970539:A:G    1203.43280
75   8:2971084:T:A     283.56662
76   8:2971096:C:G     291.17548
77   8:2971134:A:G     706.66152
78   8:2971193:G:C     563.27713
79   8:2971213:T:C    1052.02196
80   8:2971378:C:G    1295.65143
81   8:2971750:C:A     949.55482
82   8:2971778:A:C     126.11889
83   8:2972965:C:A     179.82210
84   8:2973853:T:C    1354.67702
85   8:2975415:C:T     299.81671
86   8:2977399:C:T     240.91151
87   8:2978166:T:C     876.94892
88   8:2979264:T:C     742.23870
89   8:2983472:A:C     927.03970
90   8:2989533:T:C     236.61351
91   8:2990523:C:G     200.42657
92   8:2990797:G:A      99.68132
93   8:2992120:G:T     329.78129
94   8:2995502:T:C     918.57688
95   8:2997447:T:C    1181.34825
96   8:2998248:A:T      96.45155
97   8:2999014:C:G    1134.16096
98   8:2999476:T:C     351.32950
99   8:2999541:G:C     216.47044
100  8:3002698:G:A     149.70099
101  8:3002769:G:C     182.67843
102  8:3003415:C:A      94.18662
103  8:3003475:G:C     409.19562
104  8:3003780:A:G     737.47172
105  8:3005082:G:A     264.71700
106  8:3005937:T:C     745.48586
107  8:3006045:C:G     611.06686
108  8:3007946:G:A     992.64060
109  8:3009816:C:T     930.52114
110  8:3010882:T:C     280.96890
111  8:3011575:G:A     282.46981
112  8:3012970:A:G     560.59627
113  8:3013461:C:A     116.67514
114  8:3013706:T:C     207.09004
115  8:3018085:A:G     158.90184
116  8:3018383:C:T    1025.96412
117  8:3018476:T:C      94.48907
118  8:3021008:G:C     457.86103
119  8:3024442:A:C     156.60565
120  8:3024504:C:T     497.73195
121  8:3025190:C:G     116.01128
122  8:3027810:A:G     407.77228
123  8:3028397:T:C     173.24790
124  8:3030219:G:A     339.51652
125  8:3030335:T:C    1324.78502
126  8:3030656:C:T     403.27058
127  8:3030978:G:A    1455.01635
128  8:3033081:C:T     134.06852
129  8:3033528:G:T     770.78106
130  8:3034336:T:G     106.52790
131  8:3034663:A:C    1333.68701
132  8:3035095:T:G     748.16513
133  8:3035124:T:C    1329.34973
134  8:3035278:A:G     576.59526
135  8:3035669:C:T     606.63430
136  8:3035808:T:C    1352.23873
137  8:3035992:C:A     511.12477
138  8:3036682:C:T    1379.14375
139  8:3036684:G:A     481.49342
140  8:3036689:G:A     145.51056
141  8:3036703:G:A     251.06777
142  8:3036763:A:G     171.21223
143  8:3040013:A:G     343.64312
144  8:3040064:C:T     486.77380
145  8:3040581:A:G     798.93900
146  8:3044762:A:C     317.61489
147  8:3044850:G:A    1440.23535
148  8:3045973:C:T     266.83464
149  8:3046188:A:T     332.69898
150  8:3051367:C:T    1219.84821
151  8:3051826:C:A      79.87004
152  8:3051912:A:G     399.70752
153  8:3052411:G:C     310.01463
154  8:3052978:G:A     808.54898
155  8:3053083:T:C     191.84173
156  8:3053992:C:T    1407.68242
157  8:3054870:G:A     234.36065
158  8:3058090:T:A     385.08393
159  8:3059623:A:G     626.54821
160  8:3060800:C:T     551.39566
161  8:3061086:G:C     167.39352
162  8:3061726:C:G     292.39217
163  8:3061993:G:A    1401.33855
164  8:3066322:C:T     202.14893
165  8:3070029:T:C    1435.80172
166  8:3071305:A:G     168.54327
167  8:3071650:G:A     240.81698
168  8:3073489:A:G     601.22935
169  8:3074912:T:C    1318.02433
170  8:3075006:T:A     531.43014
171  8:3075038:C:T     453.95903
172  8:3075074:A:G    1244.68340
173  8:3076006:C:T    1334.97901
174  8:3078962:A:G     191.99534
175  8:3079144:C:T     685.06074
176  8:3079846:T:G     530.20944
177  8:3081470:G:T      98.65642
178  8:3082418:A:G     210.57063
179  8:3082618:G:A     218.78403
180  8:3083425:C:G    1304.01573
181  8:3084796:G:A     244.37342
182  8:3084951:G:C     472.11441
183  8:3089739:A:G     606.63284
184  8:3091465:C:T     242.49665
185  8:3093141:G:A     243.68383
186  8:3094110:C:T     205.33695
187  8:3094114:C:T     328.61712
188  8:3094680:G:T     178.76022
189  8:3097072:G:A     130.85836
190  8:3098622:T:C     499.56534
191  8:3098641:G:A    1394.81509
192  8:3100391:G:A     629.69683
193  8:3101445:G:T     968.31324
194  8:3101997:T:G     241.20076
195  8:3106357:G:A     977.49058
196  8:3106370:T:A     174.29084
197  8:3109061:C:T      91.11861
198  8:3109667:G:T     126.89638
199  8:3110840:T:C     629.30363
200  8:3111297:G:C    1325.73092
201  8:3114691:A:C     715.28119
202  8:3115512:T:C     321.73297
203  8:3116865:C:A     473.42346
204  8:3117634:A:G     213.53217
205  8:3118213:A:G     201.70424
206  8:3122198:G:A     367.70964
207  8:3122873:A:G    1331.15003
208  8:3124361:T:C     473.02346
209  8:3125051:C:T     209.48581
210  8:3125841:C:T     144.24863
211  8:3126013:G:A     259.79573
212  8:3128647:G:C     289.43788
213  8:3134517:G:A    1356.89780
214  8:3135911:A:G     374.53997
215  8:3136243:C:A     161.55490
216  8:3136580:G:T     693.18430
217  8:3136705:C:G     596.60770
218  8:3136800:G:T     330.88651
219  8:3137274:T:C    1387.94741
220  8:3138275:A:T     368.07161
221  8:3138766:A:C     164.37064
222  8:3141263:A:G     314.28555
223  8:3142158:C:G     380.66777
224  8:3142284:G:A    1250.67261
225  8:3142326:A:C      79.95587
226  8:3142401:C:A     461.46333
227  8:3142637:C:G    1332.23318
228  8:3143107:C:G    1369.54737
229  8:3143310:A:G     304.36776
230  8:3144848:T:C     868.54530
231  8:3144983:A:C     401.96399
232  8:3147531:T:C     527.10434
233  8:3148275:C:T     115.46631
234  8:3148480:G:T    1366.69271
235  8:3148743:A:G     630.17961
236  8:3149629:G:C     129.37007
237  8:3150866:C:A     132.27611
238  8:3151520:G:C     254.65030
239  8:3152806:A:G     462.28351
240  8:3154062:C:A     624.63622
241  8:3155140:G:A     422.08875
242  8:3156062:G:A     224.98847
243  8:3158302:A:T     180.66611
244  8:3159851:C:T     353.98422
245  8:3159965:A:G     897.58487
246  8:3160045:A:G     101.44965
247  8:3160221:C:T     654.15397
248  8:3161251:A:T     247.22190
249  8:3161528:A:C     194.52894
250  8:3162113:C:G     480.74292
251  8:3162222:G:A     381.17002
252  8:3163553:T:C     302.46751
253  8:3163789:T:C     739.47287
254  8:3163916:G:A     443.84035
255  8:3164593:C:A    1418.32133
256  8:3164614:T:G     213.09295
257  8:3167088:G:T    1007.84159
258  8:3167644:G:A     272.60725
259  8:3167898:A:G     869.54632
260  8:3169023:C:T     207.41989
261  8:3169415:A:C    1014.24239
262  8:3169623:A:C     279.95984
263  8:3169808:G:A     358.51544
264  8:3171355:C:T     386.53895
265  8:3172404:T:C    1390.20564
266  8:3174400:C:G    1319.03852
267  8:3176842:G:A     789.53626
268  8:3177208:T:A     175.05359
269  8:3178593:A:G     551.76275
270  8:3178645:T:C     432.30406
271  8:3179066:G:A     285.78428
272  8:3179093:C:G    1373.94852
273  8:3182847:C:T     377.19105
274  8:3184826:G:C     255.46704
275  8:3185762:C:T     612.55785
276  8:3188544:G:A     707.35838
277  8:3188622:T:C      82.25488
278  8:3190870:G:T    1457.20303
279  8:3192670:C:T     245.69708
280  8:3192939:C:T     375.18347
281  8:3194845:G:A     860.22936
282  8:3196718:T:C    1032.86179
283  8:3196809:A:T    1153.32982
284  8:3197322:G:A     629.75883
285  8:3197565:T:C    1407.89860
286  8:3198190:T:G     244.57531
287  8:3199016:C:T    1377.63868
288  8:3201937:C:G     273.63974
289  8:3205145:C:A     211.73711
290  8:3205792:G:C     368.12538
291  8:3206353:C:A     240.38627
292  8:3206960:G:C     355.74499
293  8:3207815:T:C     196.38626
294  8:3208398:A:T     268.34085
295  8:3211857:A:G    1386.32098
296  8:3214198:A:C    1372.42356
297  8:3219246:C:T     219.74803
298  8:3219445:T:C     143.86994
299  8:3220241:G:A      84.74412
300  8:3222605:G:C     563.99402
301  8:3229882:G:A     241.36590
302  8:3229913:C:G    1394.50705
303  8:3230647:T:C     225.42903
304  8:3233426:C:T     241.06531
305  8:3234352:G:T     656.35367
306  8:3236496:A:C     145.62953
307  8:3236594:C:T     536.73680
308  8:3237894:A:C     733.29760
309  8:3239613:C:T     807.55433
310  8:3239883:T:C     178.66424
311  8:3240225:T:C     256.10460
312  8:3241845:T:C     264.59380
313  8:3242967:C:A     339.59390
314  8:3243749:G:C     299.65377
315  8:3243859:T:C     150.58376
316  8:3245840:A:G    1448.83478
317  8:3248966:T:G     994.36335
318  8:3250184:T:C     227.62995
319  8:3250993:G:A     261.72804
320  8:3252463:G:C     550.12899
321  8:3253939:A:G    1320.55095
322  8:3254061:A:G     224.79696
323  8:3255534:C:T     255.42352
324  8:3258382:G:A     252.69900
325  8:3259162:A:C     347.43588
326  8:3262123:G:T     868.01416
327  8:3266789:T:C     256.01247
328  8:3268594:T:C     684.95648
329  8:3268995:T:A     205.18595
330  8:3271993:T:G     230.07849
331  8:3272117:G:C    1082.96447
332  8:3272206:G:A    1279.51361
333  8:3273292:G:C     681.29901
334  8:3273623:A:G     203.83910
335  8:3274232:T:G     576.56509
336  8:3274589:C:G     222.99827
337  8:3276408:C:A     281.58401
338  8:3279951:C:G     351.12378
339  8:3281204:A:C     273.89464
340  8:3282617:A:C     144.03347
341  8:3283347:T:G     174.29948
342  8:3283836:G:T     143.92407
343  8:3284083:G:C     365.34013
344  8:3284143:C:A     235.33459
345  8:3287261:A:T     230.69729
346  8:3289003:T:C     154.21409
347  8:3290339:A:G     602.57707
348  8:3293621:G:A    1412.13288
349  8:3295668:A:T     313.63217
350  8:3295712:T:C     255.16505
351  8:3296511:C:A     133.04672
352  8:3299712:T:G     279.04909
353  8:3306430:A:G    1464.49274
354  8:3306458:A:G    1334.67446
355  8:3307474:C:A     230.07849
356  8:3309553:C:T     252.07221
357  8:3309776:A:C    1015.84275
358  8:3309805:C:G     450.80659
359  8:3309923:G:C     152.60200
360  8:3310226:C:T     533.17294
361  8:3310590:T:A     178.66424
362  8:3311615:T:C     382.95760
363  8:3314178:G:A     147.58470
364  8:3317872:T:C     298.12022
365  8:3317876:A:G    1353.82633
366  8:3318071:G:C     247.73003
367  8:3318958:G:C    1459.98258
368  8:3319619:T:C     227.80856
369  8:3319748:T:C     757.65939
370  8:3320069:T:C     151.76712
371  8:3320665:T:C     258.96821
372  8:3324092:T:A    1282.58256
373  8:3325115:C:T     403.54019
374  8:3327650:C:T     343.71416
375  8:3327903:G:A     245.65093
376  8:3328006:G:C     281.14158
377  8:3328206:C:G     225.40137
378  8:3328547:T:C    1004.54819
379  8:3329509:A:G    1468.12001
380  8:3331075:A:G     693.17823
381  8:3331794:T:G    1024.27660
382  8:3332699:T:C     217.51352
383  8:3332736:C:G     352.55903
384  8:3335778:G:A     691.78790
385  8:3336093:G:A    1420.48926
386  8:3336349:G:A     402.19456
387  8:3337603:G:A    1340.57607
388  8:3341401:A:C     314.42125
389  8:3344680:G:A     258.05028
390  8:3344957:T:C     124.30960
391  8:3346309:T:C     192.25423
392  8:3346657:G:A     270.01158
393  8:3348108:A:C     649.26079
394  8:3348663:G:A     463.83820
395  8:3349680:T:C    1258.95792
396  8:3351001:A:C     158.38099
397  8:3351259:G:A     580.27105
398  8:3354235:C:T     261.84856
399  8:3354693:A:G     787.69123
400  8:3355545:A:G     370.47067
401  8:3356498:A:G     652.40535
402  8:3358433:G:C     656.95203
403  8:3358994:C:G     268.83673
404  8:3360689:A:G     316.73827
405  8:3360722:A:G     365.44967
406  8:3360834:A:G     230.50022
407  8:3360968:C:A    1419.60040
408  8:3361293:C:G     853.46046
409  8:3362455:T:A     369.86149
410  8:3362530:A:T     156.88102
411  8:3363266:T:C     680.46264
412  8:3363651:C:T     697.80418
413  8:3364935:A:G     143.85561
414  8:3365041:T:C     600.57651
415  8:3365459:G:T    1477.17415
416  8:3366073:C:G     864.58586
417  8:3366750:G:C     219.94906
418  8:3368558:A:T     315.06001
419  8:3369414:G:A     471.59810
420  8:3369835:A:C     207.17286
421  8:3371938:G:A     107.04238
422  8:3373146:T:G     572.62900
423  8:3373158:T:C     633.24562
424  8:3376074:G:C     194.12590
425  8:3378222:C:T     365.10594
426  8:3378522:T:C     246.52645
427  8:3378800:T:A     331.17007
428  8:3378838:T:C     269.73091
429  8:3379562:C:T     223.26658
430  8:3382572:G:A     219.50789
431  8:3384165:G:T     399.86485
432  8:3385037:A:T     110.36550
433  8:3385222:T:C     543.20789
434  8:3385240:T:C    1374.36878
435  8:3387038:G:C     187.83575
436  8:3387139:G:C     223.97843
437  8:3388456:C:T     579.52122
438  8:3389173:T:C     630.55270
439  8:3389558:G:A     342.83235
440  8:3390148:A:C     222.30147
441  8:3390607:C:T    1363.10761
442  8:3391216:C:T     266.57409
443  8:3391513:A:G     299.32776
444  8:3392450:G:C    1238.73614
445  8:3392642:T:C     523.43622
446  8:3392712:A:G    1360.00725
447  8:3393402:G:T     805.79027
448  8:3393482:A:G    1360.06010
449  8:3393489:A:C     160.72932
450  8:3395293:A:G     140.37643
451  8:3395868:T:C     259.39919
452  8:3403349:A:C     104.34149
453  8:3406279:T:C     225.84868
454  8:3406743:G:A     105.22647
455  8:3406828:T:C     182.23207
456  8:3406849:A:C     885.14250
457  8:3409448:G:T     130.99475
458  8:3409612:T:C     952.78975
459  8:3409711:T:C    1308.81628
460  8:3411958:G:T     168.77905
461  8:3413763:C:T     636.92316
462  8:3414373:T:C     168.29052
463  8:3414780:T:G     202.27258
464  8:3414934:T:G    1009.82432
465  8:3416390:C:G     457.66619
466  8:3416818:T:C    1380.88383
467  8:3417009:G:A     903.44374
468  8:3417189:C:G    1121.98211
469  8:3417332:G:A     151.83666
470  8:3417557:T:A    1355.74993
471  8:3418535:C:T    1365.18398
472  8:3418954:C:A     230.83110
473  8:3419811:G:C    1053.53910
474  8:3420339:G:A     261.83975
475  8:3420769:G:A     592.55183
476  8:3422332:A:C    1303.11600
477  8:3422860:T:C      91.74788
478  8:3428553:G:T     156.55100
479  8:3434185:G:A     162.26509
480  8:3435354:C:T    1448.42745
481  8:3435812:A:T     454.99408
482  8:3439207:T:G     111.29900
483  8:3439611:T:C     223.41657
484  8:3442853:G:C    1321.28619
485  8:3445916:G:A     179.37734
486  8:3449082:T:C     413.11421
487  8:3450622:C:T     386.82044
488  8:3450769:C:T     574.67256
489  8:3451111:G:A    1357.01573
490  8:3451376:T:C     359.74821
491  8:3453751:C:T     435.43459
492  8:3454663:G:T     320.13555
493  8:3454992:C:T     172.35948
494  8:3456098:A:C     308.16611
495  8:3457342:T:C     553.71385
496  8:3457488:A:G     721.62521
497  8:3458102:G:A    1039.89218
498  8:3458114:C:T     312.31516
499  8:3458803:C:T     316.57889
500  8:3459008:C:T     151.83569
501  8:3460112:T:G     326.81463
502  8:3460380:A:G     272.63185
503  8:3461248:C:A    1206.68573
504  8:3461824:G:T     257.99269
505  8:3462641:C:T     222.72668
506  8:3463369:C:A     377.99256
507  8:3464905:T:C     396.24146
508  8:3468672:T:C     856.10446
509  8:3469044:C:G     133.82353
510  8:3470391:T:C    1053.53910
511  8:3471315:G:T     618.55550
512  8:3473721:A:C    1302.81082
513  8:3474592:C:T     213.64059
514  8:3474635:C:G     577.91516
515  8:3476381:A:T     580.86405
516  8:3476419:G:C     941.06061
517  8:3476493:G:A     442.70164
518  8:3476578:T:C     157.97994
519  8:3478053:G:T     568.77034
520  8:3479017:T:C     311.18332
521  8:3482112:G:T     394.77754
522  8:3484031:G:A     215.22795
523  8:3485642:A:C      83.11171
524  8:3485860:C:A     210.37433
525  8:3486955:A:C     885.74303
526  8:3487882:G:A     443.54134
527  8:3488101:T:C     581.25784
528  8:3489002:G:A     167.22136
529  8:3489030:C:T    1380.15089
530  8:3489660:T:C     306.83008
531  8:3489668:A:C     463.85375
532  8:3489674:G:A     764.79491
533  8:3491903:G:A      94.76378
534  8:3492995:G:C     226.52445
535  8:3493180:A:G     375.41291
536  8:3493540:T:C     221.11497
537  8:3494225:C:T     808.01942
538  8:3495650:C:A     357.15936
539  8:3496630:C:G     619.29552
540  8:3496726:C:A     170.63386
541  8:3499768:C:T     116.99138
542  8:3499988:C:T     113.42914
543  8:3501451:G:C     230.54397
544  8:3502917:G:T     695.40171
545  8:3503127:A:G     520.85691
546  8:3503324:C:A    1295.25659
547  8:3504038:A:T     479.60166
548  8:3504195:A:G     145.66038
549  8:3504575:G:C     881.13134
550  8:3506331:T:G     281.37590
551  8:3506485:C:G     510.31576
552  8:3507025:T:C     745.63100
553  8:3507738:T:G     378.43800
554  8:3508202:G:C     283.90533
555  8:3508967:G:C     260.00139
556  8:3510462:A:C    1443.70565
557  8:3510806:T:C    1039.89218
558  8:3511290:C:G     244.86405
559  8:3511812:G:C     579.63583
560  8:3512935:G:A    1235.34973
561  8:3513657:G:A     141.91672
562  8:3514176:G:A     716.75992
563  8:3516504:G:A     684.54341
564  8:3517309:G:A     841.32643
565  8:3517692:T:C     349.94772
566  8:3517869:G:A    1300.16699
567  8:3518244:T:C     239.49231
568  8:3518625:T:C    1281.66625
569  8:3518909:T:A     134.90694
570  8:3519233:A:G     655.90857
571  8:3519247:G:C    1352.63083
572  8:3519595:T:C     144.19230
573  8:3520137:C:T     166.76109
574  8:3524016:G:C     261.23360
575  8:3524930:G:C     468.47414
576  8:3525039:G:A     197.69692
577  8:3527084:G:T     196.89185
578  8:3527820:C:A    1327.98132
579  8:3529957:A:G     168.12023
580  8:3530156:T:C     172.46719
581  8:3531391:G:A     435.74795
582  8:3531749:T:G     300.68347
583  8:3531913:C:T     819.55125
584  8:3533454:A:C     881.14370
585  8:3533779:T:A    1024.78082
586  8:3533810:G:A     316.13473
587  8:3536130:A:C     350.06375
588  8:3538275:C:G     315.55234
589  8:3538294:T:G     794.86850
590  8:3539100:T:C     213.52323
591  8:3539782:A:C    1009.41556
592  8:3544082:A:G     505.76769
593  8:3544911:G:C      72.50086
594  8:3545212:C:T     224.10747
595  8:3546520:A:G     611.80642
596  8:3546638:A:T     310.69899
597  8:3546812:G:A     895.49777
598  8:3548551:G:A    1410.62784
599  8:3549138:A:T     120.61154
600  8:3551799:T:C     116.12456
601  8:3551893:C:A     170.84775
602  8:3552027:G:C     633.31303
603  8:3552276:C:T    1326.39148
604  8:3554242:G:C     263.99273
605  8:3557926:G:A     281.20560
606  8:3557988:A:G     545.23144
607  8:3559059:T:A     423.57600
608  8:3560723:C:T    1291.83733
609  8:3560824:A:C     714.19701
610  8:3561352:G:C     140.88787
611  8:3562253:G:T     636.60600
612  8:3562897:C:A     224.71320
613  8:3563048:G:A     108.46769
614  8:3564214:G:A     219.86050
615  8:3564911:A:G     379.54626
616  8:3566366:T:C      83.60379
617  8:3568071:G:T     351.10363
618  8:3569024:A:G     328.42697
619  8:3570304:T:G     195.59099
620  8:3570535:A:G     175.38491
621  8:3572768:A:G     463.41257
622  8:3572966:A:G     147.32234
623  8:3573064:T:A     335.15363
624  8:3573231:T:A     691.60677
625  8:3573682:T:C     183.09043
626  8:3573995:T:G      90.86682
627  8:3574224:G:A     393.15825
628  8:3574281:G:A     963.23255
629  8:3575452:G:T     589.58419
630  8:3576390:G:A    1119.07042
631  8:3576520:G:T      77.63316
632  8:3576788:C:T     167.72411
633  8:3576895:T:G     668.01089
634  8:3577804:A:G     430.76831
635  8:3577925:G:A    1418.02769
636  8:3579264:G:A     129.47163
637  8:3579785:A:G     433.81633
638  8:3580126:G:A    1345.77809
639  8:3580144:T:G     971.89220
640  8:3583662:T:C    1193.63797
641  8:3583772:A:C    1158.69665
642  8:3583858:C:T     289.41815
643  8:3584800:C:T     249.47985
644  8:3585282:T:C     245.42576
645  8:3585461:G:C     463.88582
646  8:3585717:A:C     733.81588
647  8:3585837:C:T     101.05525
648  8:3585856:C:T    1020.38395
649  8:3586061:G:T    1279.00640
650  8:3586232:G:C     697.32920
651  8:3586936:C:G     119.02906
652  8:3587622:C:T     407.28392
653  8:3588829:C:G     949.78130
654  8:3589016:T:C     609.45713
655  8:3589501:A:G     889.15469
656  8:3595317:C:A    1466.05060
657  8:3596746:T:C     899.07814
658  8:3603950:G:C     997.17118
659  8:3604018:G:C    1402.51615
660  8:3605822:A:G     193.98191
661  8:3607893:C:T     625.95269
662  8:3608133:T:C     775.46187
663  8:3608440:T:A     217.37744
664  8:3608503:G:A     419.42643
665  8:3608668:G:T     423.86934
666  8:3610762:G:A     266.22886
667  8:3612222:C:T     208.94010
668  8:3612582:A:G     230.56125
669  8:3614194:G:T     211.19780
670  8:3614219:T:C      63.61329
671  8:3614849:T:C     212.84283
672  8:3615634:G:C     949.90289
673  8:3617062:T:G     164.32314
674  8:3617101:A:G     367.72586
675  8:3618918:A:G     848.76653
676  8:3619102:A:C     248.89136
677  8:3620296:G:C    1354.08299
678  8:3620467:T:G     132.91963
679  8:3620573:C:T     527.72711
680  8:3620595:C:G     236.03087
681  8:3623263:G:A     225.59084
682  8:3624764:C:G     745.83641
683  8:3625970:A:C     142.60980
684  8:3626862:G:T    1327.86522
685  8:3627206:T:A     218.89672
686  8:3627461:A:G     294.45733
687  8:3628245:A:G     138.97353
688  8:3630491:G:A     597.43893
689  8:3630777:T:C     400.57123
690  8:3631087:G:C     226.26107
691  8:3632532:C:G    1372.31157
692  8:3632909:C:G     249.03457
693  8:3634941:C:T     186.78076
694  8:3637467:T:C     284.66123
695  8:3637563:T:C     343.73080
696  8:3638032:A:T     963.23255
697  8:3639739:C:A     264.16643
698  8:3641407:G:A     268.89888
699  8:3641811:T:A     206.00141
700  8:3642403:T:C     343.88699
701  8:3642614:T:C    1242.11323
702  8:3642691:C:T     371.08675
703  8:3643206:G:C     120.03110
704  8:3643255:C:T    1069.11872
705  8:3643487:T:C     970.71993
706  8:3643585:G:C     145.98106
707  8:3643595:G:T     687.90188
708  8:3643643:G:C     720.28989
709  8:3644992:A:C     286.73632
710  8:3646143:T:A     370.89763
711  8:3646855:A:G     525.76966
712  8:3647546:C:T     181.74448
713  8:3647808:G:A     190.80197
714  8:3648079:C:G     235.53422
715  8:3648314:G:A    1065.26032
716  8:3649591:T:C     165.98064
717  8:3651003:A:C    1163.70087
718  8:3651181:A:G    1444.82255
719  8:3651438:G:C     222.26216
720  8:3652880:A:G     269.18153
721  8:3652912:A:G     427.87483
722  8:3654727:G:T     260.53925
723  8:3655616:G:C     225.83305
724  8:3655967:T:G     352.51770
725  8:3656048:G:A     401.66392
726  8:3657572:G:A     471.86929
727  8:3657643:T:C     454.29857
728  8:3657739:T:C     252.33528
729  8:3658799:T:A     119.73490
730  8:3658821:A:C     589.48260
731  8:3662689:G:A     230.49372
732  8:3671549:A:G     597.71871
733  8:3671583:T:C     218.96014
734  8:3674921:A:G    1309.80384
735  8:3675574:C:T     491.27471
736  8:3678166:C:G     328.34629
737  8:3679662:A:T     429.93365
738  8:3679988:C:G     465.89527
739  8:3682174:T:C     461.71895
740  8:3682505:A:C     297.98021
741  8:3682929:T:C     239.74132
742  8:3683507:C:T     159.10982
743  8:3686032:T:C     389.61622
744  8:3686697:C:A    1324.55048
745  8:3687623:G:C     160.18715
746  8:3690095:T:G     131.42346
747  8:3690195:T:G     299.15214
748  8:3690743:T:A     128.75617
749  8:3690838:C:T     157.18326
750  8:3694644:T:C    1367.11685
751  8:3695053:A:G     373.32208
752  8:3695538:A:T     376.38811
753  8:3695929:T:G     658.54954
754  8:3697216:T:C     165.98064
755  8:3698792:T:A     228.52180
756  8:3698872:T:G     307.42945
757  8:3700311:T:C     243.61988
758  8:3701371:C:T    1139.47965
759  8:3702573:T:G     197.15944
760  8:3702892:T:C     118.40428
761  8:3703064:T:G     248.48183
762  8:3704488:C:T    1247.07337
763  8:3704713:T:C    1325.72995
764  8:3706410:T:C    1259.56232
765  8:3707447:C:T     334.17290
766  8:3708431:G:C     336.51573
767  8:3709117:T:G     117.50779
768  8:3711174:G:A     469.58961
769  8:3711875:T:C     192.25913
770  8:3712344:A:T     162.09468
771  8:3713001:A:G     390.26192
772  8:3713051:T:A     104.05900
773  8:3714354:G:C     109.87030
774  8:3715437:G:C    1287.67338
775  8:3716164:G:T     264.51690
776  8:3719032:G:T     641.02872
777  8:3719111:G:C     276.75613
778  8:3719289:T:C     390.75868
779  8:3721645:T:A     305.55491
780  8:3723216:A:G     291.07914
781  8:3723461:C:T     113.03796
782  8:3723959:C:G     264.93422
783  8:3724769:G:C     128.51240
784  8:3724779:C:A     228.87840
785  8:3725591:A:G     291.53970
786  8:3726974:C:T     226.52752
787  8:3727547:A:C     229.51560
788  8:3728862:A:T     413.28454
789  8:3730181:T:C     299.46866
790  8:3730212:G:A     370.50613
791  8:3730414:C:G     256.84398
792  8:3732749:G:A     249.41977
793  8:3733718:G:A     209.31484
794  8:3734224:C:A     253.70043
795  8:3734638:G:T     136.11191
796  8:3734820:G:C    1169.03952
797  8:3735515:G:A    1190.70851
798  8:3736934:C:G     469.58006
799  8:3737835:A:T     455.78076
800  8:3738953:C:G     274.71641
801  8:3739140:A:C     235.19686
802  8:3742225:C:A      73.50210
803  8:3743232:A:C     316.76802
804  8:3744007:C:T     614.99334
805  8:3744161:G:C     135.57864
806  8:3745679:G:A     464.71874
807  8:3746013:C:T     109.87030
808  8:3748175:C:T     242.26601
809  8:3748801:T:G     138.89567
810  8:3749052:A:C     428.70494
811  8:3752943:T:C     143.62350
812  8:3755270:A:G     359.08029
813  8:3755696:T:C     725.28998
814  8:3756288:T:C     151.76441
815  8:3756358:G:C     272.49354
816  8:3760085:T:C     289.44761
817  8:3761018:G:A     262.37906
818  8:3761964:A:G     360.19487
819  8:3762658:G:C     373.79849
820  8:3763348:G:C    1023.90906
821  8:3763703:T:A     180.36625
822  8:3764128:T:C     352.52064
823  8:3764204:T:C     735.47865
824  8:3764615:A:C     613.28172
825  8:3769621:A:G     256.08577
826  8:3769834:T:C     247.99367
827  8:3770189:T:A     265.85205
828  8:3770632:G:C     213.72467
829  8:3771068:A:T     147.90103
830  8:3771351:G:A     171.60240
831  8:3772442:T:C     513.43503
832  8:3773698:A:G     377.07752
833  8:3773748:C:A     144.11371
834  8:3775861:A:C     475.28840
835  8:3776992:T:G     653.37975
836  8:3777474:G:A     219.41685
837  8:3778707:T:C    1331.48533
838  8:3778881:C:G     656.20378
839  8:3780720:T:C     280.67057
840  8:3782247:C:T     807.86683
841  8:3782516:T:G    1389.43633
842  8:3782652:A:G     103.39874
843  8:3782794:C:T     165.84498
844  8:3783131:G:A     371.64687
845  8:3783135:C:T     212.65558
846  8:3783289:T:C    1172.33297
847  8:3783344:C:A    1295.11834
848  8:3783398:C:T    1395.37411
849  8:3783757:T:A     241.43506
850  8:3783762:G:T    1368.03876
851  8:3783919:C:G    1413.76688
852  8:3783994:T:C     627.54505
853  8:3784833:T:C     954.67262
854  8:3787930:G:T     458.17866
855  8:3788300:C:A     677.11224
856  8:3789703:G:A     224.05807
857  8:3791939:C:T    1362.49847
858  8:3793144:G:A     225.47628
859  8:3794164:C:T     513.57962
860  8:3796104:A:G     108.75131
861  8:3796242:A:G    1340.07378
862  8:3797269:C:T     154.45305
863  8:3797470:A:C     416.36810
864  8:3799559:C:T     498.73592
865  8:3801145:A:G    1015.54224
866  8:3802075:A:T     241.90803
867  8:3802941:T:C     270.44936
868  8:3803217:T:C     402.40180
869  8:3803305:G:A     670.30628
870  8:3803483:T:C    1337.10556
871  8:3803680:T:G      99.59933
872  8:3803769:T:C     527.70340
873  8:3805645:T:C     455.78718
874  8:3805936:A:G     409.61340
875  8:3806080:G:T     315.53539
876  8:3806794:T:C     723.10315
877  8:3807486:C:A     526.89302
878  8:3807503:T:G     111.95138
879  8:3807826:G:A    1229.20374
880  8:3807907:C:G    1326.07385
881  8:3808039:G:A    1310.93402
882  8:3809468:C:T     329.63061
883  8:3809657:A:T     508.01718
884  8:3809660:A:G     274.28654
885  8:3810514:A:G    1367.68012
886  8:3810621:A:C     627.92962
887  8:3811507:T:G     392.49604
888  8:3811907:C:T     945.32318
889  8:3812192:G:C      99.97565
890  8:3813492:T:G     540.17914
891  8:3814015:T:A     263.02672
892  8:3814260:C:T     188.46143
893  8:3815385:T:G     475.30366
894  8:3816306:C:T     412.70616
895  8:3816766:A:G     208.03035
896  8:3816956:G:C     237.56901
897  8:3818713:T:C     179.27332
898  8:3820332:A:G    1300.50485
899  8:3821686:C:A     236.55449
900  8:3822169:T:C     493.46654
901  8:3823285:A:G    1415.48236
902  8:3824254:G:C     300.82723
903  8:3824773:T:C    1367.32174
904  8:3825101:T:C     417.73253
905  8:3825249:C:A     106.89594
906  8:3826053:A:T     282.48275
907  8:3826459:C:A     331.81992
908  8:3826491:G:C     218.32674
909  8:3826508:C:T     167.93605
910  8:3827258:T:G      81.09327
911  8:3828420:A:C     262.53430
912  8:3828979:T:C     792.84736
913  8:3829321:T:A     762.05301
914  8:3833181:C:T     722.98202
915  8:3834415:T:G     604.02552
916  8:3834770:A:C     454.66474
917  8:3836249:A:G     285.44605
918  8:3837034:G:A     353.16136
919  8:3837107:T:C     217.03576
920  8:3837859:T:A     214.07195
921  8:3838106:C:A     270.78230
922  8:3839456:G:A     483.71051
923  8:3840617:C:G    1315.08116
924  8:3842953:A:G     514.72695
925  8:3843594:C:T     196.66748
926  8:3844690:T:C    1290.64955
927  8:3844809:T:A     202.86284
928  8:3845700:C:T     435.26219
929  8:3845703:T:G    1332.43116
930  8:3846875:T:A     157.88589
931  8:3847599:G:A     535.70375
932  8:3848112:A:C    1048.07636
933  8:3850169:G:T     271.25229
934  8:3850176:A:T    1378.11777
935  8:3850245:G:C     145.47616
936  8:3850956:C:G     519.29343
937  8:3851419:C:T     640.80081
938  8:3851806:G:T     162.72056
939  8:3854961:C:T     144.17049
940  8:3855371:A:G     734.71899
941  8:3856367:T:A     393.74704
942  8:3856664:T:C     477.83255
943  8:3858820:A:G    1419.96270
944  8:3858833:C:T     188.46143
945  8:3860606:T:A      69.82600
946  8:3861653:G:C     478.88780
947  8:3862470:G:C     206.17974
948  8:3865092:G:T     792.84736
949  8:3866265:T:G     213.53245
950  8:3867256:C:A     493.84218
951  8:3867591:T:C     933.79369
952  8:3869695:A:G     219.19946
953  8:3869910:T:C     302.42566
954  8:3870844:G:A     107.61376
955  8:3871932:A:C    1321.49018
956  8:3873924:G:C     252.32103
957  8:3874533:C:G     403.93710
958  8:3876430:T:C     701.62545
959  8:3877427:G:C     644.43805
960  8:3877492:G:A     322.70386
961  8:3879079:G:A     229.14281
962  8:3880864:C:T    1266.10219
963  8:3881069:G:A     726.21880
964  8:3882169:G:C     280.89144
965  8:3883358:A:T     763.64669
966  8:3883525:G:A     594.55348
967  8:3884696:C:G    1060.97120
968  8:3884979:T:C    1465.48853
969  8:3884986:G:C     823.19789
970  8:3885305:G:A    1341.10525
971  8:3885327:A:G     391.35960
972  8:3885378:T:G    1328.98494
973  8:3886579:C:T     363.37307
974  8:3886853:G:A     281.59107
975  8:3886893:A:T     383.56828
976  8:3887790:C:G     173.64723
977  8:3888362:T:G     188.34762
978  8:3888522:T:C    1032.86179
979  8:3889143:C:T     252.90999
980  8:3889161:G:A     161.09118
981  8:3890012:A:C     574.39054
982  8:3892614:T:C     503.48707
983  8:3892694:G:A     233.28119
984  8:3893039:T:C    1209.54506
985  8:3893882:C:T     182.90936
986  8:3894890:C:T     563.96721
987  8:3895643:A:C     949.78130
988  8:3895653:T:A     172.62436
989  8:3895773:T:C     105.12083
990  8:3896625:G:A    1341.68603
991  8:3897638:G:T     353.73915
992  8:3897754:C:G      93.94583
993  8:3898791:G:A     130.33895
994  8:3899868:C:T     107.61376
995  8:3900038:A:G     524.84311
996  8:3901098:C:T     186.19481
997  8:3901263:C:G     224.76988
998  8:3901631:G:T    1353.99556
999  8:3902295:G:C    1372.81465
1000 8:3902637:G:A    1332.03750
1001 8:3902759:G:C     671.19749
1002 8:3903437:T:C     792.84736
1003 8:3904405:C:G     247.59252
1004 8:3904818:G:A     229.60899
1005 8:3907191:G:A      73.33932
1006 8:3907215:A:C     859.67916
1007 8:3907432:G:C     653.89890
1008 8:3907710:T:C     256.91042
1009 8:3908191:C:T     742.52184
1010 8:3909717:G:A     791.18939
1011 8:3912736:T:A     275.09072
1012 8:3913060:G:A     203.76225
1013 8:3914618:C:A     320.10716
1014 8:3914675:C:G     310.27682
1015 8:3914746:T:A     139.50842
1016 8:3914896:G:A     381.58930
1017 8:3916620:G:C     540.37213
1018 8:3916786:A:G     140.61927
1019 8:3919211:T:C      69.82600
1020 8:3919413:C:G      91.74788
1021 8:3919672:C:G    1284.39370
1022 8:3920079:G:A     400.25224
1023 8:3920443:A:G     451.03376
1024 8:3921821:A:C     784.66502
1025 8:3922160:A:T    1342.73803
1026 8:3922481:C:A     146.15270
1027 8:3923265:A:C     345.74767
1028 8:3924206:T:C     395.59384
1029 8:3924652:C:G    1423.77126
1030 8:3924675:G:A     202.84356
1031 8:3925078:G:A     243.44420
1032 8:3925366:C:T     403.88322
1033 8:3925496:G:A     145.41353
1034 8:3925588:G:T     834.11675
1035 8:3925616:G:A     409.94652
1036 8:3925688:G:A     875.40461
1037 8:3925730:C:T     771.59984
1038 8:3925795:G:A     253.77151
1039 8:3925804:A:G     168.16317
1040 8:3925874:A:G    1123.52830
1041 8:3925912:T:A    1474.12443
1042 8:3926167:G:A     559.30126
1043 8:3926858:T:G     704.44293
1044 8:3927898:G:C     288.15952
1045 8:3927981:A:G     155.06286
1046 8:3928359:T:A     176.03322
1047 8:3929967:G:A     204.31125
1048 8:3930565:G:A     284.13835
1049 8:3930887:G:A     258.54424
1050 8:3931007:T:A     157.09429
1051 8:3932622:G:C     402.04862
1052 8:3933288:C:G    1275.38019
1053 8:3934393:T:C     239.11203
1054 8:3936787:T:C     274.42981
1055 8:3937595:A:G    1267.21872
1056 8:3938455:G:T     176.70963
1057 8:3938642:A:C     218.71530
1058 8:3938842:T:G     355.80868
1059 8:3939323:T:C     526.15375
1060 8:3940410:C:G     964.41504
1061 8:3941131:T:A    1324.37976
1062 8:3941574:T:G     619.81896
1063 8:3941991:A:G     136.08100
1064 8:3947325:T:G    1277.81863
1065 8:3947576:T:C     217.18992
1066 8:3949267:T:C     389.36556
1067 8:3950160:T:A     163.86878
1068 8:3951080:G:C     393.18783
1069 8:3951456:T:A     210.16808
1070 8:3952552:T:G     478.18167
1071 8:3957596:T:G     256.37249
1072 8:3958019:A:G     181.81969
1073 8:3958021:T:C    1380.32037
1074 8:3959429:T:C      74.33792
1075 8:3962990:T:C     745.15560
1076 8:3963102:G:T     841.69746
1077 8:3963974:C:T     641.33230
1078 8:3964314:T:C     601.20642
1079 8:3965028:A:G    1303.07223
1080 8:3965077:A:G     488.70547
1081 8:3966502:C:T     112.33206
1082 8:3966989:T:G     141.39679
1083 8:3971982:C:T     505.59767
1084 8:3972374:G:C     185.91927
1085 8:3974490:G:A    1074.00757
1086 8:3975473:G:A     752.20642
1087 8:3976650:G:A     150.63527
1088 8:3979803:T:C    1233.55846
1089 8:3981569:A:G     265.07847
1090 8:3983032:G:C     698.32151
1091 8:3985131:C:A     161.52097
1092 8:3986472:C:T     137.11667
1093 8:3987247:T:C     216.06561
1094 8:3989484:C:T     250.22451
1095 8:3989531:G:C     946.18724
1096 8:3989705:T:C     282.24643
1097 8:3991083:G:T    1258.32799
1098 8:3991424:T:C     367.93379
1099 8:3991696:T:C     134.11124
1100 8:3996986:G:C     439.31021
1101 8:3998555:G:A     980.50504
1102 8:3999802:G:T     710.40310
1103 8:4002148:G:T     187.52777
1104 8:4002307:G:C     290.21623
1105 8:4003503:G:T     720.91836
1106 8:4004227:G:T     383.51013
1107 8:4004638:A:T    1032.86179
1108 8:4004756:T:G     159.91222
1109 8:4005072:T:C     582.13908
1110 8:4005172:G:T     121.43231
1111 8:4005225:C:T     142.98944
1112 8:4007858:C:G     471.02074
1113 8:4009372:T:C     101.65041
1114 8:4009499:C:G     346.44076
1115 8:4010165:T:C     232.49017
1116 8:4010682:A:G      74.33792
1117 8:4011530:C:A     142.13567
1118 8:4014109:T:G     305.41075
1119 8:4015540:C:A     356.20472
1120 8:4016488:A:G     565.60169
1121 8:4016832:T:C      80.57913
1122 8:4019462:A:C     538.94313
1123 8:4022625:A:G     318.83103
1124 8:4023322:G:A     375.20091
1125 8:4023538:A:G     392.62271
1126 8:4024632:C:T     293.26705
1127 8:4026100:G:C    1039.89218
1128 8:4026449:T:A     220.04326
1129 8:4027898:T:C     683.66775
1130 8:4028079:G:A     213.82244
1131 8:4028178:G:A     143.32148
1132 8:4029515:G:T     797.45576
1133 8:4030457:C:T    1322.12279
1134 8:4030776:G:A     104.98869
1135 8:4032028:T:G     756.13173
1136 8:4033483:G:C     385.29899
1137 8:4034466:C:T     832.99963
1138 8:4034707:G:A     220.46162
1139 8:4035364:A:C     946.18724
1140 8:4036169:T:G     535.51481
1141 8:4037415:A:G     245.85664
1142 8:4037489:T:G    1273.75181
1143 8:4037907:C:T     183.97944
1144 8:4038068:G:T     280.72004
1145 8:4038446:C:T     350.79721
1146 8:4038746:G:C     274.54176
1147 8:4038820:A:G     183.49490
1148 8:4040458:G:A     455.23531
1149 8:4041478:G:A     241.37834
1150 8:4041575:A:G    1120.20105
1151 8:4042746:C:T    1367.65831
1152 8:4042842:A:C     324.85309
1153 8:4044510:A:T     244.23292
1154 8:4045770:C:G    1032.86179
1155 8:4047507:G:A     136.71627
1156 8:4049489:C:G     612.41505
1157 8:4050710:G:A    1318.21868
1158 8:4052782:G:A     158.74398
1159 8:4053079:C:G    1433.62292
1160 8:4054953:T:C     622.15729
1161 8:4055097:T:C     147.00771
1162 8:4059016:C:A     186.50290
1163 8:4059441:G:A     147.88883
1164 8:4059914:A:G    1053.53910
1165 8:4059972:G:A     247.16923
1166 8:4060604:G:A    1344.12440
1167 8:4060852:A:G     182.54929
1168 8:4061614:C:G     386.35380
1169 8:4061704:T:G     256.25496
1170 8:4066767:C:T     258.64408
1171 8:4067955:A:G     544.66412
1172 8:4068027:C:G     770.39573
1173 8:4068601:T:C     260.09085
1174 8:4070415:G:T    1167.57604
1175 8:4070844:A:C      93.55014
1176 8:4071214:G:C     794.33348
1177 8:4071270:A:G    1253.33157
1178 8:4071327:C:G     950.61520
1179 8:4071351:C:G    1147.80940
1180 8:4071438:C:G    1354.66076
1181 8:4071514:C:G     332.01362
1182 8:4071516:G:C    1377.51527
1183 8:4072897:T:C     144.07215
1184 8:4076049:A:G     492.99269
1185 8:4078211:A:G     263.34847
1186 8:4078294:C:A     253.69535
1187 8:4078323:C:T     125.85749
1188 8:4078619:G:A     207.44591
1189 8:4079514:G:A     672.18345
1190 8:4080812:G:A     309.72373
1191 8:4081142:A:C     647.56234
1192 8:4082107:G:A     652.27242
1193 8:4084111:G:A     715.72964
1194 8:4084285:T:C     402.74901
1195 8:4085342:G:A     108.75841
1196 8:4086116:T:G     270.21356
1197 8:4086561:C:T     259.19817
1198 8:4086817:T:C     610.91850
1199 8:4087339:G:A     123.82917
1200 8:4091363:G:C     807.86683
1201 8:4091634:C:T     271.35191
1202 8:4092133:T:C     253.41793
1203 8:4092617:G:T     283.22673
1204 8:4093202:A:G     175.10255
1205 8:4094032:T:C     471.53414
1206 8:4096304:A:G     243.35058
1207 8:4096483:A:G     241.31251
1208 8:4097519:A:C    1297.12027
1209 8:4097907:C:A     534.97525
1210 8:4097992:A:G     915.45360
1211 8:4101280:C:T     146.42558
1212 8:4102059:C:T     143.54797
1213 8:4102862:G:A     257.36722
1214 8:4104015:T:C     246.41723
1215 8:4104780:T:C     245.45677
1216 8:4107011:T:C     277.01845
1217 8:4107852:A:G     432.37270
1218 8:4109163:C:T    1359.42568
1219 8:4109451:G:C     304.80789
1220 8:4110032:T:C    1356.86983
1221 8:4110081:G:C     478.11843
1222 8:4111042:G:C     219.50623
1223 8:4111274:T:C     123.61389
1224 8:4112953:C:G     182.12552
1225 8:4115032:C:T     184.74950
1226 8:4115302:G:A     157.01499
1227 8:4115795:G:A    1109.74626
1228 8:4116425:G:T     617.33936
1229 8:4117026:C:A    1413.13402
1230 8:4117811:T:C     299.33140
1231 8:4118122:A:C     193.80692
1232 8:4119076:C:A    1363.17025
1233 8:4119688:G:C     121.24796
1234 8:4122078:T:C     588.37308
1235 8:4122337:C:T      95.53543
1236 8:4122438:C:A     360.77356
1237 8:4125163:A:G     509.14286
1238 8:4126283:A:C     810.75705
1239 8:4126673:G:C     284.13281
1240 8:4128415:A:C     217.74069
1241 8:4129563:G:C    1451.19726
1242 8:4130688:A:C    1071.37974
1243 8:4130968:T:C     186.63743
1244 8:4131374:T:A    1219.19583
1245 8:4132731:G:A     235.27289
1246 8:4134281:G:A     381.58188
1247 8:4134358:A:T     194.79679
1248 8:4134874:C:T    1450.00576
1249 8:4136657:C:A     483.69584
1250 8:4138252:A:C     164.83569
1251 8:4138396:A:G     901.64563
1252 8:4140955:G:A     241.44570
1253 8:4142179:T:G     342.50817
1254 8:4142922:G:C     258.45323
1255 8:4145208:C:T     165.84958
1256 8:4145215:T:G     350.39230
1257 8:4147642:A:G     185.19983
1258 8:4147644:T:C     972.63238
1259 8:4149966:G:C     218.79940
1260 8:4150615:G:A     421.11945
1261 8:4152509:C:G     413.05140
1262 8:4152903:T:C     234.03431
1263 8:4153207:C:T      91.74788
1264 8:4153371:C:G    1031.02267
1265 8:4154457:G:C     351.20908
1266 8:4155867:G:A     318.99345
1267 8:4156539:A:G     304.35797
1268 8:4156763:C:T    1393.67046
1269 8:4157393:T:C     378.84224
1270 8:4159519:C:A     623.18275
1271 8:4160095:A:C     221.63350
1272 8:4161036:C:G     396.14837
1273 8:4161039:T:C     984.46594
1274 8:4161234:C:G    1357.41102
1275 8:4161294:C:G     375.50028
1276 8:4161873:T:C     231.30365
1277 8:4161959:A:C     286.38137
1278 8:4163271:A:G     549.20636
1279 8:4164185:G:C    1335.77823
1280 8:4164444:A:G     583.07805
1281 8:4164961:A:C     633.28610
1282 8:4165205:G:C     759.90600
1283 8:4165460:C:T    1583.74520
1284 8:4165497:T:A     638.00307
1285 8:4165746:T:C     324.15936
1286 8:4165843:G:A     192.85376
1287 8:4167181:A:G     442.19845
1288 8:4167981:C:T     180.19801
1289 8:4168155:G:C    1471.16023
1290 8:4169283:G:A    1046.98993
1291 8:4169599:G:C     244.83256
1292 8:4170421:G:A     403.16659
1293 8:4172681:C:T      63.74253
1294 8:4174454:A:C    1426.68017
1295 8:4174686:T:C     224.95128
1296 8:4175407:T:G     243.48059
1297 8:4175801:G:A     955.72485
1298 8:4175917:G:T      90.26184
1299 8:4176544:G:A     323.93085
1300 8:4177289:C:G    1039.29611
1301 8:4178633:G:C     246.38718
1302 8:4178787:C:T     359.89352
1303 8:4182941:A:G     184.26089
1304 8:4183795:C:T     174.96829
1305 8:4184942:C:G     430.13581
1306 8:4185271:G:A     326.00692
1307 8:4186726:C:A     295.21351
1308 8:4186731:C:T     389.47853
1309 8:4187692:A:T     274.82551
1310 8:4188598:T:C     454.96588
1311 8:4189094:G:A     189.88539
1312 8:4189279:A:G     542.93664
1313 8:4189293:C:T     223.30257
1314 8:4190839:C:G     949.78130
1315 8:4191112:C:T     387.10453
1316 8:4192158:T:A     223.30526
1317 8:4192260:C:T     587.58138
1318 8:4193125:A:G     328.35716
1319 8:4193502:G:C     348.14145
1320 8:4195822:A:G     172.21924
1321 8:4197151:C:G     105.63988
1322 8:4198035:A:G     136.49161
1323 8:4200777:G:A     637.57138
1324 8:4201459:A:G     957.98116
1325 8:4202998:A:G     240.24779
1326 8:4204695:T:G     693.46635
1327 8:4205255:G:A     288.37618
1328 8:4206567:A:C     313.05202
1329 8:4206840:C:G    1318.01768
1330 8:4207083:T:A     190.33100
1331 8:4207261:T:C     404.93730
1332 8:4209609:C:T     499.71031
1333 8:4210590:T:G      46.61851
1334 8:4211658:T:G     182.72271
1335 8:4212136:A:G     375.11862
1336 8:4212646:T:C     318.43878
1337 8:4215127:C:A     645.87211
1338 8:4215605:T:C     209.55819
1339 8:4217451:G:C     122.40578
1340 8:4217652:G:T     216.97800
1341 8:4218268:G:A     217.91793
1342 8:4219717:C:T     248.30008
1343 8:4219943:G:A     123.29252
1344 8:4220564:G:A     271.75809
1345 8:4220995:C:A     963.23255
1346 8:4221095:G:A    1426.51558
1347 8:4221399:G:A      93.62021
1348 8:4222076:G:C     192.92728
1349 8:4224128:T:G     200.16967
1350 8:4227253:G:A     406.00567
1351 8:4229573:G:A    1496.20017
1352 8:4230016:C:A     730.56597
1353 8:4230404:C:T     172.49078
1354 8:4231767:C:G     473.70008
1355 8:4233767:A:G     252.57847
1356 8:4234230:A:C      98.19214
1357 8:4234680:A:G    1355.77474
1358 8:4238096:G:C     679.23127
1359 8:4240232:C:G    1023.90906
1360 8:4240429:G:C     183.22258
1361 8:4244110:C:T     273.10520
1362 8:4244592:C:G     863.36923
1363 8:4247905:G:A     189.99770
1364 8:4248122:G:T     455.88053
1365 8:4248712:T:C     303.10150
1366 8:4249074:G:C    1420.63116
1367 8:4249550:G:A     400.59001
1368 8:4251284:A:G    1343.48083
1369 8:4251845:A:G     124.68067
1370 8:4253419:A:G     103.21705
1371 8:4253449:G:C     728.01883
1372 8:4254883:G:A     204.58134
1373 8:4255520:C:T     353.66667
1374 8:4256133:T:G     431.21664
1375 8:4256225:A:C     285.95379
1376 8:4256265:T:A    1298.90742
1377 8:4256929:G:T     143.16906
1378 8:4256962:C:G     303.52160
1379 8:4258091:C:A    1347.83212
1380 8:4259234:T:A     684.81627
1381 8:4259633:G:T     174.56995
1382 8:4260096:C:G     253.05990
1383 8:4260936:G:C     143.70315
1384 8:4262622:G:C     274.25154
1385 8:4263916:T:G     278.56751
1386 8:4264491:C:T     216.97800
1387 8:4265784:T:C    1321.69906
1388 8:4267068:A:G     300.24979
1389 8:4269435:A:G     226.53187
1390 8:4270408:A:T    1404.58221
1391 8:4270661:C:T     394.73150
1392 8:4271845:A:C     194.65167
1393 8:4272689:T:G     518.10235
1394 8:4273819:G:A     442.37175
1395 8:4273872:C:T    1254.78005
1396 8:4274348:A:G    1017.36513
1397 8:4275087:A:C     421.81361
1398 8:4275106:C:T     247.83573
1399 8:4275286:T:C     491.94697
1400 8:4275415:A:G     712.39278
1401 8:4275539:C:T     166.23361
1402 8:4275585:A:T     629.38916
1403 8:4275638:G:A    1276.62224
1404 8:4275704:A:C     306.84429
1405 8:4275720:A:G     797.45576
1406 8:4275735:A:C     638.41755
1407 8:4275882:C:T     467.43466
1408 8:4275981:A:C    1246.64090
1409 8:4276126:C:T    1252.32147
1410 8:4278434:C:A     305.96200
1411 8:4279342:A:G    1349.64411
1412 8:4279369:A:C     665.96595
1413 8:4280057:G:A     180.98408
1414 8:4280649:G:C     114.05422
1415 8:4282088:C:T    1428.14082
1416 8:4284830:C:A     818.27430
1417 8:4287640:A:G    1296.66815
1418 8:4288105:C:T     156.86606
1419 8:4289976:A:C    1307.40750
1420 8:4291877:G:A     935.92815
1421 8:4292427:C:T     391.89106
1422 8:4293624:T:A     225.33807
1423 8:4296587:T:C     154.48488
1424 8:4298735:G:C      89.86732
1425 8:4299722:C:G     232.63908
1426 8:4303419:G:A     162.12698
1427 8:4303592:T:C     621.96163
1428 8:4304583:C:G    1210.99800
1429 8:4304614:T:C     126.87985
1430 8:4305537:A:G     259.08562
1431 8:4307243:C:A     285.78531
1432 8:4307310:A:G     737.51984
1433 8:4307509:C:T     510.96756
1434 8:4307535:T:C     197.32810
1435 8:4308273:G:A     155.02422
1436 8:4308820:C:G     919.73118
1437 8:4309096:A:C     215.83833
1438 8:4309361:G:A     195.16373
1439 8:4310686:C:T     170.19939
1440 8:4311324:C:T     159.57339
1441 8:4311505:G:A      71.23708
1442 8:4313123:A:G     439.93404
1443 8:4313311:G:C     146.01521
1444 8:4315838:C:T    1025.36568
1445 8:4316127:T:C     211.06009
1446 8:4317280:T:C    1291.39783
1447 8:4318777:G:A     313.00976
1448 8:4319183:C:G     381.06193
1449 8:4319188:T:C    1285.28942
1450 8:4319207:G:T     259.84167
1451 8:4319880:T:C    1048.31148
1452 8:4320002:C:T     182.50609
1453 8:4320575:A:T     321.90230
1454 8:4322402:A:G    1100.47103
1455 8:4323269:G:C     714.70828
1456 8:4325562:A:G     280.68790
1457 8:4325717:T:G     171.22870
1458 8:4325924:T:C     511.79013
1459 8:4327691:C:G     285.38840
1460 8:4328216:G:A     690.49577
1461 8:4328250:G:C    1278.29374
1462 8:4328853:C:G     237.88187
1463 8:4330027:G:C     182.28690
1464 8:4330709:C:T     299.22759
1465 8:4331615:C:T     970.78698
1466 8:4332522:A:C     720.79539
1467 8:4333216:G:A     572.45903
1468 8:4333611:T:C     227.79700
1469 8:4336011:C:A     250.08306
1470 8:4336012:C:A     170.38696
1471 8:4336640:G:A     344.32072
1472 8:4337374:G:T     266.33812
1473 8:4338247:A:G     190.72491
1474 8:4338477:A:T    1362.07594
1475 8:4339196:T:A     407.11577
1476 8:4344147:A:G     175.49446
1477 8:4344553:A:G     187.69580
1478 8:4346594:A:C     175.71849
1479 8:4347648:T:C     641.32849
1480 8:4350040:C:A     813.76988
1481 8:4350513:G:A    1395.26274
1482 8:4351510:A:T     179.95039
1483 8:4352592:G:T     848.29752
1484 8:4352642:C:G    1373.23080
1485 8:4352751:T:C    1191.75106
1486 8:4352943:G:A    1466.62568
1487 8:4352992:G:C     481.38251
1488 8:4353408:G:A     264.32668
1489 8:4353989:G:A     372.08603
1490 8:4354515:G:A     113.05157
1491 8:4355448:C:T     167.79248
1492 8:4356395:G:A     355.22215
1493 8:4356569:C:A    1209.95874
1494 8:4367485:T:A     268.00159
1495 8:4369190:C:G    1335.44391
1496 8:4369592:C:T     276.70434
1497 8:4371014:G:A     215.82011
1498 8:4371169:G:T    1368.34783
1499 8:4371385:C:G     530.36816
1500 8:4372663:T:C     294.09869
1501 8:4373052:A:G     600.65771
1502 8:4376000:C:A    1015.41532
1503 8:4376683:T:C     232.96970
1504 8:4377071:G:A     333.71169
1505 8:4377260:A:G     121.86948
1506 8:4379417:G:A     208.44680
1507 8:4380258:G:A     186.68777
1508 8:4382533:C:T     273.61832
1509 8:4382751:T:C     321.20403
1510 8:4382772:C:T     282.65388
1511 8:4382919:C:G     711.64988
1512 8:4383913:T:A     267.41079
1513 8:4385410:G:A     645.49967
1514 8:4387962:T:C     566.92747
1515 8:4390396:G:A     362.16620
1516 8:4390529:A:G    1381.74233
1517 8:4390960:T:A     262.84066
1518 8:4392535:A:C    1206.76106
1519 8:4393564:G:A     195.03650
1520 8:4393647:A:G     316.29603
1521 8:4395077:T:C     134.70994
1522 8:4395485:T:C     349.88862
1523 8:4397332:G:C     474.23834
1524 8:4398511:A:C     624.51430
1525 8:4398557:G:A     161.10714
1526 8:4398674:T:G     217.21573
1527 8:4400199:C:T     134.93665
1528 8:4400333:T:C    1278.67831
1529 8:4400864:C:T    1354.29355
1530 8:4402900:G:A     139.96985
1531 8:4405318:T:A     452.00417
1532 8:4406949:C:T     187.68580
1533 8:4409842:T:C     249.31013
1534 8:4411781:C:G     320.14848
1535 8:4411928:C:T     304.62264
1536 8:4412306:G:C    1356.28245
1537 8:4415280:G:C    1250.92988
1538 8:4416666:G:C     322.30076
1539 8:4419901:G:A     512.14512
1540 8:4420376:C:G     476.95562
1541 8:4420609:G:C    1387.63332
1542 8:4421932:C:T    1430.11939
1543 8:4422187:C:T     398.59528
1544 8:4422315:T:C     559.56380
1545 8:4422765:A:G     671.71631
1546 8:4422899:T:A     138.68686
1547 8:4424053:C:T     289.85063
1548 8:4427167:A:G     145.79021
1549 8:4427904:A:T     418.93644
1550 8:4428852:T:G     220.62230
1551 8:4429761:G:C     717.95745
1552 8:4430642:C:G     696.49502
1553 8:4433179:G:T     285.80536
1554 8:4433995:A:G     682.93401
1555 8:4434456:T:C     229.48716
1556 8:4434866:G:C     206.95433
1557 8:4435074:C:T    1107.87010
1558 8:4436579:C:T    1432.81819
1559 8:4436714:G:A     227.83113
1560 8:4437643:G:A     357.00739
1561 8:4438226:A:T    1397.20987
1562 8:4438436:G:A     520.46094
1563 8:4439314:C:T     537.67709
1564 8:4439485:T:C     467.56233
1565 8:4439797:C:A     908.48997
1566 8:4439823:T:C     792.38512
1567 8:4440660:A:G     147.83688
1568 8:4440694:G:A     394.46373
1569 8:4440710:C:G     543.26626
1570 8:4440964:A:C     173.55413
1571 8:4443359:G:A    1041.45485
1572 8:4443621:G:T     194.91183
1573 8:4443670:C:G     573.49269
1574 8:4444119:G:A     449.55522
1575 8:4448524:C:T     235.03769
1576 8:4448785:G:T     958.97061
1577 8:4448880:G:C     574.17860
1578 8:4449245:G:T      63.84797
1579 8:4449909:T:C     164.78977
1580 8:4452073:G:T     575.58230
1581 8:4452328:T:C     177.75525
1582 8:4452492:T:G     596.21065
1583 8:4454716:G:A     453.71677
1584 8:4454813:G:C    1512.41484
1585 8:4454921:T:C     268.02244
1586 8:4455198:T:C     535.28047
1587 8:4455358:C:T      97.55930
1588 8:4456578:C:T     222.21408
1589 8:4457384:A:C     332.03773
1590 8:4459023:C:A     150.44497
1591 8:4461958:C:T     632.40839
1592 8:4461981:G:C     600.76797
1593 8:4462281:A:C     258.24109
1594 8:4462390:T:A    1418.99259
1595 8:4463041:G:C     648.85236
1596 8:4463239:G:C    1434.16947
1597 8:4463253:A:G     553.90603
1598 8:4463524:G:C     201.76134
1599 8:4463680:C:T     281.48991
1600 8:4463990:C:T     190.17925
1601 8:4466964:T:C     290.93865
1602 8:4469490:G:C     485.66719
1603 8:4471059:C:G     201.48212
1604 8:4471953:G:A     292.05552
1605 8:4473133:T:C     471.59357
1606 8:4473205:T:C     229.58405
1607 8:4474191:A:G     194.89399
1608 8:4476391:G:A     129.04215
1609 8:4477213:C:G    1444.60012
1610 8:4478966:T:G     411.58096
1611 8:4480667:A:G     579.82985
1612 8:4480689:G:A     811.63924
1613 8:4480923:T:C     758.62873
1614 8:4481209:C:T     840.48429
1615 8:4481250:C:T    1395.95194
1616 8:4481364:T:G    1453.29856
1617 8:4481386:G:A     680.32185
1618 8:4481561:G:C    1366.91353
1619 8:4482411:G:C     499.09530
1620 8:4482476:C:T     372.86052
1621 8:4482902:C:A     306.03448
1622 8:4483544:C:T     318.77802
1623 8:4486561:A:G    1344.89471
1624 8:4487159:T:G     350.58179
1625 8:4487780:C:T    1441.46362
1626 8:4488547:C:G     252.45228
1627 8:4490837:C:T     520.83640
1628 8:4492278:A:G     694.95387
1629 8:4493580:T:G    1384.78208
1630 8:4494048:T:G     935.43915
1631 8:4495504:A:C    1274.08370
1632 8:4496140:C:G     467.61541
1633 8:4497184:G:C     568.90070
1634 8:4497413:A:T     198.67491
1635 8:4500730:T:C     113.76797
1636 8:4501622:A:T     220.40827
1637 8:4503429:G:C     159.01275
1638 8:4503828:T:C     510.49651
1639 8:4504531:G:A     509.79776
1640 8:4505023:T:C     404.42348
1641 8:4505449:T:C     395.68084
1642 8:4506125:G:A     993.70714
1643 8:4508249:T:A     205.13558
1644 8:4508355:A:C     255.13913
1645 8:4510096:C:T     287.62787
1646 8:4512977:T:G     318.07008
1647 8:4513929:T:C     304.66982
1648 8:4514682:A:G     287.45213
1649 8:4514968:C:A     303.02829
1650 8:4515063:C:A     423.33622
1651 8:4518086:A:G     364.09003
1652 8:4519988:T:C     333.88842
1653 8:4521513:T:C     525.70263
1654 8:4521856:C:T    1421.28111
1655 8:4521992:G:A     379.61216
1656 8:4523880:G:T     954.18730
1657 8:4526928:T:C     148.39535
1658 8:4529623:G:A     140.30734
1659 8:4530041:T:G     964.31412
1660 8:4530414:A:C     546.26890
1661 8:4531830:T:C     455.62762
1662 8:4534655:C:T     764.95449
1663 8:4539498:G:A      77.79976
1664 8:4542755:G:C     658.02290
1665 8:4544950:C:T    1032.86179
1666 8:4546456:A:G      79.23589
1667 8:4547688:C:G     131.84370
1668 8:4552841:T:A     527.95896
1669 8:4556291:T:A     535.18044
1670 8:4560490:A:C      50.47485
1671 8:4560907:C:T     250.13701
1672 8:4561224:A:T    1358.48695
1673 8:4561933:T:C    1217.21813
1674 8:4563752:G:T     929.12221
1675 8:4564978:T:C    1000.27644
1676 8:4567109:G:C     202.59101
1677 8:4569748:T:C     266.29443
1678 8:4575035:T:C     375.67007
1679 8:4575431:A:G     553.32962
1680 8:4576703:A:G     245.71919
1681 8:4578278:T:C     333.01136
1682 8:4578338:G:C     210.37936
1683 8:4578678:G:C     345.59863
1684 8:4580198:A:T     154.06936
1685 8:4580753:A:C     317.47086
1686 8:4580765:C:G    1272.51150
1687 8:4585973:A:T     163.50845
1688 8:4587367:T:C     162.22789
1689 8:4587645:T:C     635.80263
1690 8:4587669:C:T     385.47153
1691 8:4588681:C:T     289.98756
1692 8:4588814:G:A     172.01936
1693 8:4589226:A:G     197.58967
1694 8:4589326:G:A     384.39939
1695 8:4590880:C:T     126.30955
1696 8:4593421:A:G     954.18730
1697 8:4594321:G:C     193.80525
1698 8:4595783:C:T     242.09873
1699 8:4595814:T:G    1311.00927
1700 8:4596574:T:C     523.97184
1701 8:4596929:T:C     217.15403
1702 8:4597079:G:A     393.60032
1703 8:4597842:T:C     253.86193
1704 8:4598410:T:C     182.83629
1705 8:4600466:C:T     316.66476
1706 8:4601974:C:T     226.26015
1707 8:4604021:G:A    1136.69864
1708 8:4605009:T:G    1316.95773
1709 8:4605050:C:G     428.18752
1710 8:4605170:A:C     173.34009
1711 8:4607277:A:C     654.69020
1712 8:4607581:T:C    1058.76128
1713 8:4609495:T:A     111.74030
1714 8:4613305:G:A     443.20480
1715 8:4613340:T:C     222.64253
1716 8:4613441:G:A     304.68151
1717 8:4613862:A:G     235.88273
1718 8:4615131:G:A     181.15217
1719 8:4615335:G:A     342.68014
1720 8:4616010:C:T     264.11099
1721 8:4618522:A:T     575.64203
1722 8:4618602:T:A     516.74686
1723 8:4620069:C:T     208.45275
1724 8:4620909:G:A     796.07116
1725 8:4623613:T:G    1304.54056
1726 8:4626253:G:A     206.14603
1727 8:4626503:T:C     189.44867
1728 8:4627780:C:T     463.24368
1729 8:4628391:G:A     212.27447
1730 8:4629117:G:C     479.47258
1731 8:4629634:G:A     177.45969
1732 8:4633396:G:C     310.17876
1733 8:4634122:T:A     189.65428
1734 8:4634475:C:T    1058.57695
1735 8:4636093:A:G    1221.11970
1736 8:4637653:C:T     421.79985
1737 8:4638320:G:A     182.32901
1738 8:4639636:G:A     294.60141
1739 8:4640879:G:C    1318.38422
1740 8:4641212:G:A     181.13155
1741 8:4641534:A:C     662.92593
1742 8:4641539:T:C     397.86197
1743 8:4641855:T:C     615.50262
1744 8:4641986:C:T     225.34135
1745 8:4642303:A:G     272.97187
1746 8:4644898:G:C     239.13978
1747 8:4645804:A:G     190.58499
1748 8:4646273:A:G     354.07200
1749 8:4646288:A:T     199.58496
1750 8:4646372:C:T     131.32282
1751 8:4648416:G:A     919.40420
1752 8:4650058:G:A     161.64069
1753 8:4653016:T:C     730.12603
1754 8:4654367:T:C     160.11309
1755 8:4655769:G:C     394.78835
1756 8:4656547:G:C     996.52797
1757 8:4658292:A:G     480.12017
1758 8:4658747:G:T     946.80219
1759 8:4659767:T:C     954.03085
1760 8:4661634:C:T     224.19586
1761 8:4661762:C:T     512.08435
1762 8:4663349:C:T     235.48413
1763 8:4664911:G:A    1414.95179
1764 8:4665215:G:A     487.08704
1765 8:4665651:A:G     370.83117
1766 8:4667979:A:C     157.18614
1767 8:4669755:A:C     682.34801
1768 8:4673179:T:C     288.42333
1769 8:4673454:G:T     586.64632
1770 8:4673785:C:G     391.21801
1771 8:4674381:C:T     650.48247
1772 8:4676434:G:A     199.95900
1773 8:4678381:G:A     600.42630
1774 8:4678817:G:A     302.23742
1775 8:4679104:C:T     972.93928
1776 8:4680197:A:C     304.00789
1777 8:4680338:A:G     443.02657
1778 8:4681069:A:T     460.17146
1779 8:4682684:T:C     880.48578
1780 8:4683557:T:G     362.61525
1781 8:4684087:G:A     574.18472
1782 8:4684224:G:A     355.36816
1783 8:4686727:C:T     131.32282
1784 8:4687081:T:C     215.22633
1785 8:4688247:A:G     238.00209
1786 8:4688296:C:A     636.72481
1787 8:4689127:G:A     430.04905
1788 8:4689710:C:T     468.16346
1789 8:4690482:G:A     477.11340
1790 8:4692550:T:G     144.40055
1791 8:4694184:G:A     223.30666
1792 8:4696273:T:G     567.12659
1793 8:4697139:A:G     996.52797
1794 8:4697226:A:G    1380.51864
1795 8:4701064:C:T     412.14196
1796 8:4701168:A:T     161.20373
1797 8:4703008:A:G     392.56747
1798 8:4705679:T:C     220.41186
1799 8:4705748:T:C     173.80235
1800 8:4706113:G:C     480.56472
1801 8:4706124:C:A     682.34801
1802 8:4706469:A:G     538.67683
1803 8:4707305:A:G     274.70049
1804 8:4708119:C:G     792.54690
1805 8:4709256:G:C     243.14901
1806 8:4710004:C:T     306.03119
1807 8:4710962:C:A     331.00880
1808 8:4711410:T:G     930.57907
1809 8:4715901:A:G     163.19765
1810 8:4716671:A:T     270.18324
1811 8:4717193:C:A    1283.30094
1812 8:4719581:G:A     883.94883
1813 8:4721348:A:G     500.40484
1814 8:4721483:A:G     206.88123
1815 8:4721519:G:A     875.75889
1816 8:4722014:T:A     477.63047
1817 8:4725824:C:A    1323.10237
1818 8:4726470:A:T     140.94919
1819 8:4727462:A:C     234.67511
1820 8:4728317:A:G     277.84090
1821 8:4728748:G:A     522.95525
1822 8:4731107:C:T     317.58496
1823 8:4733087:C:T     488.25238
1824 8:4737494:T:G      99.24339
1825 8:4741526:T:G      95.26551
1826 8:4742051:C:A     343.64949
1827 8:4744088:A:C     350.49054
1828 8:4745885:T:C     177.92668
1829 8:4746662:T:G     141.26014
1830 8:4746950:G:T    1292.84004
1831 8:4747692:A:G     234.58245
1832 8:4749645:A:G     278.95637
1833 8:4751960:A:G     645.00351
1834 8:4753120:G:T     425.33094
1835 8:4753203:T:C     145.60691
1836 8:4755088:T:C    1359.19363
1837 8:4755543:G:T     271.64578
1838 8:4755645:T:G     843.10541
1839 8:4755809:T:C    1342.39925
1840 8:4755990:G:A     740.00689
1841 8:4756127:A:G     214.59600
1842 8:4756211:A:G     598.57853
1843 8:4756213:C:T    1375.36661
1844 8:4756311:C:T     123.93898
1845 8:4756421:T:C     875.82271
1846 8:4756576:A:T    1338.90307
1847 8:4756609:G:A     895.89364
1848 8:4756978:G:C     752.94448
1849 8:4757536:T:A     517.06582
1850 8:4758198:A:C     742.14235
1851 8:4758624:T:G     255.67797
1852 8:4758961:G:C    1195.08892
1853 8:4760372:T:C     468.77407
1854 8:4760865:T:G     244.69627
1855 8:4761250:A:C    1147.13771
1856 8:4761302:T:C     429.17488
1857 8:4762478:T:C     141.45073
1858 8:4763080:A:G     327.32128
1859 8:4763141:G:A     190.23335
1860 8:4763321:C:G     304.12037
1861 8:4766647:G:T     243.18998
1862 8:4769635:A:G     101.92397
1863 8:4770347:T:A     651.11211
1864 8:4770734:T:C     356.62452
1865 8:4770904:T:G     150.85536
1866 8:4771270:G:T     163.08289
1867 8:4772632:G:C    1386.62501
1868 8:4773541:C:T     202.55253
1869 8:4774189:G:C     284.90633
1870 8:4775282:C:A     315.42164
1871 8:4776679:C:T     366.49447
1872 8:4777475:C:G     180.54730
1873 8:4777583:A:G     256.32804
1874 8:4778921:G:A     688.44518
1875 8:4781874:G:A    1421.57242
1876 8:4783779:G:T     293.88419
1877 8:4787378:T:A     237.56623
1878 8:4787526:A:G     217.72299
1879 8:4788460:C:T    1243.64761
1880 8:4790282:T:C     139.99650
1881 8:4791887:T:C     232.46316
1882 8:4792049:G:A     198.94251
1883 8:4792293:G:C     308.96295
1884 8:4795928:C:T    1029.09459
1885 8:4796044:C:A     172.53901
1886 8:4796190:A:G    1474.25794
1887 8:4797303:T:C     656.11604
1888 8:4798270:G:T     269.30493
1889 8:4802438:C:T     478.94612
1890 8:4805179:T:C     330.24314
1891 8:4805635:T:A     468.15678
1892 8:4807888:G:T     217.83481
1893 8:4808243:G:C     588.98350
1894 8:4809365:G:A     177.12020
1895 8:4809563:C:A     473.57596
1896 8:4810316:A:G    1338.63663
1897 8:4812802:G:T     212.25480
1898 8:4813459:A:G     769.30556
1899 8:4819971:G:A     920.79307
1900 8:4823833:G:A     580.23400
1901 8:4824370:T:C     157.27126
1902 8:4824577:T:C     520.40777
1903 8:4826383:G:C     292.08753
1904 8:4827205:G:A     955.33456
1905 8:4829355:C:T     949.90289
1906 8:4830568:G:A     244.15381
1907 8:4832376:A:G     536.53282
1908 8:4832782:C:T     106.34737
1909 8:4835778:G:C     131.20879
1910 8:4836202:G:A     394.91728
1911 8:4837986:C:T     465.76224
1912 8:4838232:G:A     503.51674
1913 8:4840514:C:G     212.04215
1914 8:4841455:C:T     273.70224
1915 8:4843118:C:G     196.01473
1916 8:4843275:G:T     558.78825
1917 8:4846329:A:G     335.11010
1918 8:4846594:T:C     963.35795
1919 8:4848241:G:A     132.95750
1920 8:4849150:T:G    1276.93435

{"project":"masters","channel":"laplacian","event":"Laplacian Construction is complete","description":"Genes 1-1","icon":"🔥","notify":true,"parser":"text"}