Laplacian constructed for chr16: RSL1D1 and NPIPB6!
Graph constructed for chr16: RSL1D1 and NPIPB6!
Laplacian constructed for chr16: NFATC2IP and LINC02126!
Graph constructed for chr16: NFATC2IP and LINC02126!
Laplacian constructed for chr16: FLYWCH1 and NOMO3!
Graph constructed for chr16: FLYWCH1 and NOMO3!
Laplacian constructed for chr16: IL32 and ZNF597!
Graph constructed for chr16: IL32 and ZNF597!
Laplacian constructed for chr16: KCTD19 and SNAI3-AS1!
Graph constructed for chr16: KCTD19 and SNAI3-AS1!
Laplacian constructed for chr16: CLEC19A and CASC16!
Graph constructed for chr16: CLEC19A and CASC16!
Laplacian constructed for chr16: CNEP1R1 and SLC6A2!
Graph constructed for chr16: CNEP1R1 and SLC6A2!
Laplacian constructed for chr16: CETP and LOC100289580!
Graph constructed for chr16: CETP and LOC100289580!
Laplacian constructed for chr16: PDZD9 and MLYCD!
Graph constructed for chr16: PDZD9 and MLYCD!
Laplacian constructed for chr16: FLYWCH1 and ZNF821!
Graph constructed for chr16: FLYWCH1 and ZNF821!
Laplacian constructed for chr16: LMF1 and LOC101927793!
Graph constructed for chr16: LMF1 and LOC101927793!
Laplacian constructed for chr16: PKMYT1 and PMFBP1!
Graph constructed for chr16: PKMYT1 and PMFBP1!
Laplacian constructed for chr16: KDM8 and APOBR!
Graph constructed for chr16: KDM8 and APOBR!
Laplacian constructed for chr16: CDIP1 and IL21R-AS1!
Graph constructed for chr16: CDIP1 and IL21R-AS1!
Laplacian constructed for chr16: PMM2 and NOD2!
Graph constructed for chr16: PMM2 and NOD2!
Laplacian constructed for chr16: TBC1D10B and DEF8!
Graph constructed for chr16: TBC1D10B and DEF8!
Laplacian constructed for chr16: ATXN2L and TK2!
Graph constructed for chr16: ATXN2L and TK2!
Laplacian constructed for chr16: FLYWCH1 and LCMT1-AS1!
Graph constructed for chr16: FLYWCH1 and LCMT1-AS1!
Laplacian constructed for chr16: GDE1 and CCDC102A!
Graph constructed for chr16: GDE1 and CCDC102A!
Laplacian constructed for chr16: PRSS21 and SMG1P7!
Graph constructed for chr16: PRSS21 and SMG1P7!
Laplacian constructed for chr16: LINC02177 and APOBR!
Graph constructed for chr16: LINC02177 and APOBR!
Laplacian constructed for chr16: LOC400499 and RPGRIP1L!
Graph constructed for chr16: LOC400499 and RPGRIP1L!
Laplacian constructed for chr16: METTL9 and CNEP1R1!
Graph constructed for chr16: METTL9 and CNEP1R1!
Laplacian constructed for chr16: TPSB2 and LINC02180!
Graph constructed for chr16: TPSB2 and LINC02180!
Laplacian constructed for chr16: APOBR and CYBA!
Graph constructed for chr16: APOBR and CYBA!
