Laplacian constructed for chr2: COMMD1 and VWC2L-IT1!
Graph constructed for chr2: COMMD1 and VWC2L-IT1!
Laplacian constructed for chr2: HIBCH and KANSL1L-AS1!
Graph constructed for chr2: HIBCH and KANSL1L-AS1!
Laplacian constructed for chr2: ADI1 and LINC01795!
Graph constructed for chr2: ADI1 and LINC01795!
Laplacian constructed for chr2: C2orf42 and DUSP19!
Graph constructed for chr2: C2orf42 and DUSP19!
Laplacian constructed for chr2: LOC100505774 and TGOLN2!
Graph constructed for chr2: LOC100505774 and TGOLN2!
Laplacian constructed for chr2: SILC1 and SERTAD2!
Graph constructed for chr2: SILC1 and SERTAD2!
Laplacian constructed for chr2: CDCA7 and SEPTIN2!
Graph constructed for chr2: CDCA7 and SEPTIN2!
Laplacian constructed for chr2: MARCO and RNF25!
Graph constructed for chr2: MARCO and RNF25!
Laplacian constructed for chr2: LINC01810 and SLC20A1!
Graph constructed for chr2: LINC01810 and SLC20A1!
Laplacian constructed for chr2: CLK1 and SUMO1!
Graph constructed for chr2: CLK1 and SUMO1!
Laplacian constructed for chr2: ANKRD20A8P and IDH1!
Graph constructed for chr2: ANKRD20A8P and IDH1!
Laplacian constructed for chr2: C2orf42 and INO80D!
Graph constructed for chr2: C2orf42 and INO80D!
Laplacian constructed for chr2: DUSP19 and INO80D!
Graph constructed for chr2: DUSP19 and INO80D!
Laplacian constructed for chr2: ATP5MC3 and STK25!
Graph constructed for chr2: ATP5MC3 and STK25!
Laplacian constructed for chr2: GFPT1 and DUSP11!
Graph constructed for chr2: GFPT1 and DUSP11!
Laplacian constructed for chr2: FSHR and IDH1-AS1!
Graph constructed for chr2: FSHR and IDH1-AS1!
Laplacian constructed for chr2: LOC101929532 and STK17B!
Graph constructed for chr2: LOC101929532 and STK17B!
Laplacian constructed for chr2: SLC20A1 and LINC01880!
Graph constructed for chr2: SLC20A1 and LINC01880!
Laplacian constructed for chr2: LINC02612 and RAPGEF4!
Graph constructed for chr2: LINC02612 and RAPGEF4!
Laplacian constructed for chr2: LINC01854 and UGT1A4!
Graph constructed for chr2: LINC01854 and UGT1A4!
Laplacian constructed for chr2: PSD4 and GAL3ST2!
Graph constructed for chr2: PSD4 and GAL3ST2!
Laplacian constructed for chr2: TTL and ACVR1!
Graph constructed for chr2: TTL and ACVR1!
Laplacian constructed for chr2: OXER1 and GKN1!
Graph constructed for chr2: OXER1 and GKN1!
Laplacian constructed for chr2: ATP6V1C2 and FAM168B!
Graph constructed for chr2: ATP6V1C2 and FAM168B!
Laplacian constructed for chr2: SEMA4C and KANSL1L-AS1!
Graph constructed for chr2: SEMA4C and KANSL1L-AS1!
Laplacian constructed for chr2: DPYSL5 and ATP5MC3!
Graph constructed for chr2: DPYSL5 and ATP5MC3!
Laplacian constructed for chr2: LINC01814 and SUPT7L!
Graph constructed for chr2: LINC01814 and SUPT7L!
Laplacian constructed for chr2: LINC00309 and LINC01143!
Graph constructed for chr2: LINC00309 and LINC01143!
Laplacian constructed for chr2: REG3A and ANKRD44-IT1!
Graph constructed for chr2: REG3A and ANKRD44-IT1!
Laplacian constructed for chr2: MIR4262 and POLR1B!
Graph constructed for chr2: MIR4262 and POLR1B!
Laplacian constructed for chr2: LINC01806 and ARMC9!
Graph constructed for chr2: LINC01806 and ARMC9!
Laplacian constructed for chr2: GACAT3 and RHBDD1!
Graph constructed for chr2: GACAT3 and RHBDD1!
Graph constructed for chr2: LOC442028!
Graph constructed for chr2: ETAA1!
Graph constructed for chr2: C2orf42!
Graph constructed for chr2: ACVR1!
Graph constructed for chr2: LINC01237!
Graph constructed for chr2: AFTPH!
Graph constructed for chr2: MARCO!
Graph constructed for chr2: SILC1!
Graph constructed for chr2: AMMECR1L!
Graph constructed for chr2: EDAR!
Graph constructed for chr2: KCNJ3!
Graph constructed for chr2: VWC2L-IT1!
Graph constructed for chr2: CDCA7!
Graph constructed for chr2: PIGF!
Graph constructed for chr2: COMMD1!
Graph constructed for chr2: CAPN10!
Graph constructed for chr2: NEURL3!
Graph constructed for chr2: TXNDC9!
Graph constructed for chr2: ALKAL2!
Graph constructed for chr2: MIR4430!
Graph constructed for chr2: LINC01126!
Graph constructed for chr2: PARD3B!
Graph constructed for chr2: LINC01819!
Graph constructed for chr2: LINC01854!
Graph constructed for chr2: GAREM2!
Graph constructed for chr2: ACTR3-AS1!
Graph constructed for chr2: DUSP11!
Graph constructed for chr2: ANAPC1P6!
Graph constructed for chr2: RAB6C-AS1!
Graph constructed for chr2: SPC25!
Graph constructed for chr2: WDPCP!
Graph constructed for chr2: CERS6-AS1!
Graph constructed for chr2: GACAT3!
Graph constructed for chr2: LOC100505774!
Graph constructed for chr2: LINC01810!
Graph constructed for chr2: CCDC88A!
Graph constructed for chr2: CCL20!
Graph constructed for chr2: RHOQ-AS1!
Graph constructed for chr2: CWC22!
Graph constructed for chr2: LOC100129434!
Graph constructed for chr2: CYBRD1!
Graph constructed for chr2: RNF25!
Graph constructed for chr2: SRBD1!
Graph constructed for chr2: RETSAT!
Graph constructed for chr2: KANSL1L-AS1!
Graph constructed for chr2: HIBCH!
Graph constructed for chr2: MSTN!
Graph constructed for chr2: TEX41!
Graph constructed for chr2: IDH1!
Graph constructed for chr2: RHBDD1!
Graph constructed for chr2: SEPTIN2!
Graph constructed for chr2: ERMN!
Graph constructed for chr2: LINC01795!
Graph constructed for chr2: ATP5MC3!
Graph constructed for chr2: LINC01931!
Graph constructed for chr2: SERTAD2!
Graph constructed for chr2: MTHFD2!
Graph constructed for chr2: WDR12!
Graph constructed for chr2: LOC101928386!
Graph constructed for chr2: LCT!
Graph constructed for chr2: PPP1R21!
Graph constructed for chr2: NBAS!
Graph constructed for chr2: COX7A2L!
Graph constructed for chr2: SP140!
Graph constructed for chr2: VAMP8!
Graph constructed for chr2: ADI1!
Graph constructed for chr2: PRPF40A!
Graph constructed for chr2: SEMA4C!
Graph constructed for chr2: LINC01143!
Graph constructed for chr2: SLC20A1!
Graph constructed for chr2: SPAG16-DT!
Graph constructed for chr2: UGT1A8!
Graph constructed for chr2: WIPF1!
Graph constructed for chr2: DBI!
Graph constructed for chr2: CCDC141!
Graph constructed for chr2: LINC00471!
Graph constructed for chr2: TGOLN2!
Graph constructed for chr2: GALNT3!
Graph constructed for chr2: DUSP19!
Graph constructed for chr2: ACTR1B!
Graph constructed for chr2: CLK1!
Graph constructed for chr2: TRAF3IP1!
Graph constructed for chr2: LINC01934!
Graph constructed for chr2: EML6!
Graph constructed for chr2: FANCL!
Graph constructed for chr2: PSD4!
Graph constructed for chr2: RANBP2!
Graph constructed for chr2: LOC105374820!
Graph constructed for chr2: ATP6V1B1!
Graph constructed for chr2: LOC100130691!
Graph constructed for chr2: ANKMY1!
Graph constructed for chr2: IL37!
Graph constructed for chr2: STK17B!
Graph constructed for chr2: SMPD4!
Graph constructed for chr2: DPP4!
Graph constructed for chr2: LIMS3-LOC440895!
Graph constructed for chr2: IDH1-AS1!
Graph constructed for chr2: LINC01121!
Graph constructed for chr2: TMEM178A!
Graph constructed for chr2: GFPT1!
Graph constructed for chr2: LYG1!
Graph constructed for chr2: DLX2!
Graph constructed for chr2: AAK1!
Graph constructed for chr2: LOC105373394!
Graph constructed for chr2: SNRNP200!
Graph constructed for chr2: ANKRD20A8P!
Graph constructed for chr2: SUMO1!
Graph constructed for chr2: AQP12B!
Graph constructed for chr2: NCAPH!
Graph constructed for chr2: GAL3ST2!
Graph constructed for chr2: LOC100996637!
Graph constructed for chr2: POLR1B!
Graph constructed for chr2: LINC02612!
Graph constructed for chr2: INO80D!
Graph constructed for chr2: NCKAP5!
Graph constructed for chr2: LOC729254!
Graph constructed for chr2: STK25!
Graph constructed for chr2: LINC02580!
Graph constructed for chr2: SUPT7L!
Graph constructed for chr2: C2orf27A!
Graph constructed for chr2: LOC284950!
Graph constructed for chr2: TTL!
Graph constructed for chr2: TTC27!
Graph constructed for chr2: KCNG3!
Graph constructed for chr2: LIMS1!
Graph constructed for chr2: C2orf83!
Graph constructed for chr2: DNAJC27-AS1!
Graph constructed for chr2: GALNT13!
Graph constructed for chr2: CD28!
Graph constructed for chr2: DAW1!
Graph constructed for chr2: GCFC2!
Graph constructed for chr2: VIL1!
Graph constructed for chr2: MIR4262!
Graph constructed for chr2: LINC01883!
Graph constructed for chr2: CNGA3!
Graph constructed for chr2: MAP3K2!
Graph constructed for chr2: FSHR!
Graph constructed for chr2: PSME4!
Graph constructed for chr2: ATP6V1C2!
Graph constructed for chr2: LOC101929532!
Graph constructed for chr2: LOC101927960!
Graph constructed for chr2: CDKL4!
Graph constructed for chr2: PDE11A-AS1!
Graph constructed for chr2: C2CD6!
Graph constructed for chr2: GEMIN6!
Graph constructed for chr2: HADHB!
Graph constructed for chr2: LINC01880!
Graph constructed for chr2: RAPGEF4!
Graph constructed for chr2: UGT1A4!
Graph constructed for chr2: MED15P9!
Graph constructed for chr2: COL4A3!
Graph constructed for chr2: LOC105373876!
Graph constructed for chr2: OXER1!
Graph constructed for chr2: GKN1!
Graph constructed for chr2: FAM168B!
Graph constructed for chr2: REG3A!
Graph constructed for chr2: CYTOR!
Graph constructed for chr2: KIAA2012-AS1!
Graph constructed for chr2: REG1B!
Graph constructed for chr2: MEMO1!
Graph constructed for chr2: GREB1!
Graph constructed for chr2: NCKAP5-AS1!
Graph constructed for chr2: ZEB2!
Graph constructed for chr2: DPYSL5!
Graph constructed for chr2: LINC01814!
Graph constructed for chr2: LINC00309!
Graph constructed for chr2: FHL2!
Graph constructed for chr2: RAB3GAP1!
Graph constructed for chr2: ADRA2B!
Graph constructed for chr2: LOC729968!
Graph constructed for chr2: SAG!
Graph constructed for chr2: AQP12A!
Graph constructed for chr2: LINC01921!
Graph constructed for chr2: BCL2L11!
Graph constructed for chr2: CARF!
Graph constructed for chr2: ANKRD44-IT1!
Graph constructed for chr2: EIF2AK2!
Graph constructed for chr2: ARMC9!
Graph constructed for chr2: IL1R2!
Graph constructed for chr2: AGAP1!
Graph constructed for chr2: LINC01832!
Graph constructed for chr2: LINC01806!
Graph constructed for chr2: GORASP2!
Graph constructed for chr2: TOGARAM2!
Graph constructed for chr2: GRB14!
Graph constructed for chr2: LOC100287387!
------------------ CHR2 DONE! ------------------
{"project":"masters","channel":"laplacian","event":"Laplacian Construction is complete","description":"CHR2 is done!","icon":"🔥","notify":true,"parser":"text"}