Laplacian constructed for chr16: OR1F1 and LINC02180!
Graph constructed for chr16: OR1F1 and LINC02180!
Laplacian constructed for chr16: ZNF174 and LOC101927131!
Graph constructed for chr16: ZNF174 and LOC101927131!
Laplacian constructed for chr16: PRSS21 and PKD1P3-NPIPA1!
Graph constructed for chr16: PRSS21 and PKD1P3-NPIPA1!
Laplacian constructed for chr16: LINC01568 and CDT1!
Graph constructed for chr16: LINC01568 and CDT1!
Laplacian constructed for chr16: GLIS2 and PDP2!
Graph constructed for chr16: GLIS2 and PDP2!
Laplacian constructed for chr16: COG4 and LOC283922!
Graph constructed for chr16: COG4 and LOC283922!
Laplacian constructed for chr16: FLYWCH1 and LINC02180!
Graph constructed for chr16: FLYWCH1 and LINC02180!
Laplacian constructed for chr16: PHKG2 and SNX20!
Graph constructed for chr16: PHKG2 and SNX20!
Laplacian constructed for chr16: NPRL3 and ZFP90!
Graph constructed for chr16: NPRL3 and ZFP90!
Laplacian constructed for chr16: ERI2 and CNEP1R1!
Graph constructed for chr16: ERI2 and CNEP1R1!
Laplacian constructed for chr16: BCL7C and TMED6!
Graph constructed for chr16: BCL7C and TMED6!
Laplacian constructed for chr16: CASKIN1 and MLST8!
Graph constructed for chr16: CASKIN1 and MLST8!
Laplacian constructed for chr16: VWA3A and GNAO1!
Graph constructed for chr16: VWA3A and GNAO1!
Laplacian constructed for chr16: LCMT1-AS1 and LINC02182!
Graph constructed for chr16: LCMT1-AS1 and LINC02182!
Laplacian constructed for chr16: LOC643802 and GOT2!
Graph constructed for chr16: LOC643802 and GOT2!
Laplacian constructed for chr16: BBS2 and DYNC1LI2!
Graph constructed for chr16: BBS2 and DYNC1LI2!
Laplacian constructed for chr16: GNAO1 and AFG3L1P!
Graph constructed for chr16: GNAO1 and AFG3L1P!
Laplacian constructed for chr16: PRSS22 and COG4!
Graph constructed for chr16: PRSS22 and COG4!
Laplacian constructed for chr16: SNRNP25 and GGA2!
Graph constructed for chr16: SNRNP25 and GGA2!
Laplacian constructed for chr16: GNG13 and SRL!
Graph constructed for chr16: GNG13 and SRL!
Laplacian constructed for chr16: LMF1 and TERF2IP!
Graph constructed for chr16: LMF1 and TERF2IP!
Laplacian constructed for chr16: PDIA2 and UBN1!
Graph constructed for chr16: PDIA2 and UBN1!
Laplacian constructed for chr16: LINC02194 and CD2BP2!
Graph constructed for chr16: LINC02194 and CD2BP2!
Laplacian constructed for chr16: CASKIN1 and LINC02185!
Graph constructed for chr16: CASKIN1 and LINC02185!
Laplacian constructed for chr16: APOBR and LINC02125!
Graph constructed for chr16: APOBR and LINC02125!
Laplacian constructed for chr16: LINC02124 and LOC100128079!
Graph constructed for chr16: LINC02124 and LOC100128079!
Graph constructed for chr16: FLYWCH1!
Graph constructed for chr16: POLR2C!
Graph constructed for chr16: CDT1!
Graph constructed for chr16: LINC02180!
Graph constructed for chr16: IL17C!
Graph constructed for chr16: KCTD19!
Graph constructed for chr16: PLLP!
Graph constructed for chr16: GDE1!
Graph constructed for chr16: SNRNP25!
Graph constructed for chr16: PHKG2!
Graph constructed for chr16: MEFV!
Graph constructed for chr16: CYBA!
Graph constructed for chr16: COG4!
Graph constructed for chr16: PIGQ!
Graph constructed for chr16: PABPN1L!
Graph constructed for chr16: LRRC29!
Graph constructed for chr16: ATMIN!
Graph constructed for chr16: METTL9!
Graph constructed for chr16: ELOB!
Graph constructed for chr16: TFAP4!
Graph constructed for chr16: GNAO1!
Graph constructed for chr16: PRSS22!
Graph constructed for chr16: DYNC1LI2!
Graph constructed for chr16: TMED6!
Graph constructed for chr16: C16orf46!
Graph constructed for chr16: NUP93!
Graph constructed for chr16: DBNDD1!
Graph constructed for chr16: ATP2C2!
Graph constructed for chr16: SSTR5-AS1!
Graph constructed for chr16: LMF1!
Graph constructed for chr16: ZNF500!
Graph constructed for chr16: NAA60!
Graph constructed for chr16: HCCAT5!
Graph constructed for chr16: SYNGR3!
Graph constructed for chr16: FLYWCH2!
Graph constructed for chr16: CNEP1R1!
Graph constructed for chr16: PRSS30P!
Graph constructed for chr16: RHOT2!
Graph constructed for chr16: CCDC78!
Graph constructed for chr16: PDIA2!
Graph constructed for chr16: MAFTRR!
Graph constructed for chr16: GINS2!
Graph constructed for chr16: ABCC6P1!
Graph constructed for chr16: TXNL4B!
Graph constructed for chr16: TPSG1!
Graph constructed for chr16: LINC01572!
Graph constructed for chr16: LINC02133!
Graph constructed for chr16: NME4!
Graph constructed for chr16: ATP2A1!
Graph constructed for chr16: MLST8!
Graph constructed for chr16: GAN!
Graph constructed for chr16: TEKT5!
Graph constructed for chr16: FAHD1!
Graph constructed for chr16: LOC101927131!
Graph constructed for chr16: RPL13!
Graph constructed for chr16: LINC01568!
Graph constructed for chr16: WFDC1!
Graph constructed for chr16: JPT2!
Graph constructed for chr16: OR1F1!
Graph constructed for chr16: KLHDC4!
Graph constructed for chr16: ZNF423!
Graph constructed for chr16: RBBP6!
Graph constructed for chr16: NOMO2!
Graph constructed for chr16: APOBR!
Graph constructed for chr16: IST1!
Graph constructed for chr16: LOC100128079!
Graph constructed for chr16: TMEM114!
Graph constructed for chr16: BBS2!
Graph constructed for chr16: KATNIP!
Graph constructed for chr16: PKD1P3-NPIPA1!
Graph constructed for chr16: ITGAM!
Graph constructed for chr16: PRSS21!
Graph constructed for chr16: KIFC3!
Graph constructed for chr16: THOC6!
Graph constructed for chr16: KNOP1!
Graph constructed for chr16: ANKS4B!
Graph constructed for chr16: LRRC36!
Graph constructed for chr16: BCL7C!
Graph constructed for chr16: FBXO31!
Graph constructed for chr16: RFWD3!
Graph constructed for chr16: ZNF174!
Graph constructed for chr16: LCMT1-AS1!
Graph constructed for chr16: TEDC2!
Graph constructed for chr16: ZNF597!
Graph constructed for chr16: SEC14L5!
Graph constructed for chr16: TANGO6!
Graph constructed for chr16: ACSM2A!
Graph constructed for chr16: LINC02185!
Graph constructed for chr16: SLC12A3!
Graph constructed for chr16: SGF29!
Graph constructed for chr16: CDH8!
Graph constructed for chr16: AP1G1!
Graph constructed for chr16: PHLPP2!
Graph constructed for chr16: NLRC3!
Graph constructed for chr16: SYCE1L!
Graph constructed for chr16: PKD1L2!
Graph constructed for chr16: LOC101927793!
Graph constructed for chr16: SDR42E2!
Graph constructed for chr16: ZKSCAN2!
Graph constructed for chr16: RPS2!
Graph constructed for chr16: MT1B!
Graph constructed for chr16: IQCK!
Graph constructed for chr16: DPEP2NB!
Graph constructed for chr16: FENDRR!
Graph constructed for chr16: ECI1!
Graph constructed for chr16: GLIS2!
Graph constructed for chr16: CFDP1!
Graph constructed for chr16: CTCF!
Graph constructed for chr16: CMTM3!
Graph constructed for chr16: BAIAP3!
Graph constructed for chr16: SMG1P5!
Graph constructed for chr16: C16orf87!
Graph constructed for chr16: SCNN1B!
Graph constructed for chr16: ARLNC1!
Graph constructed for chr16: GOT2!
Graph constructed for chr16: TAF1C!
Graph constructed for chr16: CYLD!
Graph constructed for chr16: PDP2!
Graph constructed for chr16: FHOD1!
Graph constructed for chr16: ACD!
Graph constructed for chr16: CLUAP1!
Graph constructed for chr16: NOD2!
Graph constructed for chr16: DEXI!
Graph constructed for chr16: GPR139!
Graph constructed for chr16: VPS4A!
Graph constructed for chr16: E4F1!
Graph constructed for chr16: ZNF319!
Graph constructed for chr16: LINC01229!
Graph constructed for chr16: VPS9D1-AS1!
Graph constructed for chr16: CES3!
Graph constructed for chr16: ZFP90!
Graph constructed for chr16: PRSS8!
Graph constructed for chr16: ZFP1!
Graph constructed for chr16: CASKIN1!
Graph constructed for chr16: CTRB2!
Graph constructed for chr16: LINC01571!
Graph constructed for chr16: MMP2-AS1!
Graph constructed for chr16: FLJ30679!
Graph constructed for chr16: DPEP2!
Graph constructed for chr16: MAPK3!
Graph constructed for chr16: ADGRG5!
Graph constructed for chr16: PKD1P4-NPIPA8!
Graph constructed for chr16: CRYM-AS1!
Graph constructed for chr16: ARMC5!
Graph constructed for chr16: IL21R-AS1!
Graph constructed for chr16: NPRL3!
Graph constructed for chr16: VWA3A!
Graph constructed for chr16: LONP2!
Graph constructed for chr16: LINC02125!
Graph constructed for chr16: LOC101928417!
Graph constructed for chr16: LOC105371335!
Graph constructed for chr16: MRPL28!
Graph constructed for chr16: TNRC6A!
Graph constructed for chr16: LINC02194!
Graph constructed for chr16: ZNF646!
Graph constructed for chr16: MIR762HG!
Graph constructed for chr16: LINC02124!
Graph constructed for chr16: LOC283922!
Graph constructed for chr16: LOC100506281!
Graph constructed for chr16: SMG1P3!
Graph constructed for chr16: CIBAR2!
Graph constructed for chr16: SMG1P7!
Graph constructed for chr16: GNG13!
Graph constructed for chr16: PLA2G10!
Graph constructed for chr16: LINC02182!
Graph constructed for chr16: LOC105371083!
Graph constructed for chr16: CDIPTOSP!
Graph constructed for chr16: USP7!
Graph constructed for chr16: LINC01569!
Graph constructed for chr16: ALG1!
Graph constructed for chr16: REXO5!
Graph constructed for chr16: MOSMO!
Graph constructed for chr16: SMG1P6!
Graph constructed for chr16: SNX20!
Graph constructed for chr16: ANKRD11!
Graph constructed for chr16: VAT1L!
Graph constructed for chr16: ZSCAN10!
Graph constructed for chr16: NECAB2!
Graph constructed for chr16: DPEP3!
Graph constructed for chr16: ERI2!
Graph constructed for chr16: CLEC3A!
Graph constructed for chr16: HBQ1!
Graph constructed for chr16: TAT-AS1!
Graph constructed for chr16: TERF2IP!
Graph constructed for chr16: CENPT!
Graph constructed for chr16: ZNF263!
Graph constructed for chr16: MT1A!
Graph constructed for chr16: LOC652276!
Graph constructed for chr16: LOC643802!
Graph constructed for chr16: CCL17!
Graph constructed for chr16: DDX19A!
Graph constructed for chr16: ZNF821!
Graph constructed for chr16: BRD7!
Graph constructed for chr16: IGFALS!
Graph constructed for chr16: GGA2!
Graph constructed for chr16: ERVK13-1!
Graph constructed for chr16: UBN1!
Graph constructed for chr16: NUDT7!
Graph constructed for chr16: MC1R!
Graph constructed for chr16: TGFB1I1!
Graph constructed for chr16: DNASE1!
Graph constructed for chr16: ADCY9!
Graph constructed for chr16: RBFOX1!
Graph constructed for chr16: SLC7A5!
Graph constructed for chr16: AFG3L1P!
Graph constructed for chr16: MAF!
Graph constructed for chr16: LINC02186!
Graph constructed for chr16: NPIPB4!
Graph constructed for chr16: KATNB1!
Graph constructed for chr16: DDX19B!
Graph constructed for chr16: SHCBP1!
Graph constructed for chr16: MIR8065!
Graph constructed for chr16: BFAR!
Graph constructed for chr16: OGFOD1!
Graph constructed for chr16: LINC00254!
Graph constructed for chr16: SRL!
Graph constructed for chr16: PDZD9!
Graph constructed for chr16: CLEC18C!
Graph constructed for chr16: NFATC2IP!
Graph constructed for chr16: ZNF764!
Graph constructed for chr16: SPATA2L!
Graph constructed for chr16: CORO7!
Graph constructed for chr16: EDC4!
Graph constructed for chr16: NQO1!
Graph constructed for chr16: BANP!
Graph constructed for chr16: TBC1D24!
Graph constructed for chr16: ZNF213-AS1!
Graph constructed for chr16: NPIPB5!
Graph constructed for chr16: MYLK3!
Graph constructed for chr16: CCL22!
Graph constructed for chr16: CD2BP2!
Graph constructed for chr16: JPH3!
Graph constructed for chr16: CFAP20!
Graph constructed for chr16: CES2!
Graph constructed for chr16: EEF2KMT!
Graph constructed for chr16: PRRT2!
Graph constructed for chr16: LOC400553!
Graph constructed for chr16: CACNA1H!
Graph constructed for chr16: LINC02861!
Graph constructed for chr16: LINC00920!
Graph constructed for chr16: HAGHL!
Graph constructed for chr16: RPGRIP1L!
Graph constructed for chr16: NPIPB6!
Graph constructed for chr16: TBC1D10B!
Graph constructed for chr16: PKD1L3!
Graph constructed for chr16: METTL22!
Graph constructed for chr16: AQP8!
Graph constructed for chr16: MVD!
Graph constructed for chr16: LINC02135!
Graph constructed for chr16: TRAP1!
------------------ CHR16 DONE! ------------------
{"project":"masters","channel":"laplacian","event":"Laplacian Construction is complete","description":"CHR16 is done!","icon":"🔥","notify":true,"parser":"text"}