Laplacian constructed for chr4: PI4K2B and LINC02506!
Graph constructed for chr4: PI4K2B and LINC02506!
Laplacian constructed for chr4: SLAIN2 and MGARP!
Graph constructed for chr4: SLAIN2 and MGARP!
Laplacian constructed for chr4: PHOX2B and SLAIN2!
Graph constructed for chr4: PHOX2B and SLAIN2!
Laplacian constructed for chr4: ARHGAP10 and LINC02233!
Graph constructed for chr4: ARHGAP10 and LINC02233!
Laplacian constructed for chr4: KIAA1109 and HAND2!
Graph constructed for chr4: KIAA1109 and HAND2!
Laplacian constructed for chr4: NWD2 and TMEM192!
Graph constructed for chr4: NWD2 and TMEM192!
Laplacian constructed for chr4: LINC02505 and COQ2!
Graph constructed for chr4: LINC02505 and COQ2!
Laplacian constructed for chr4: SLC2A9 and IL15!
Graph constructed for chr4: SLC2A9 and IL15!
Laplacian constructed for chr4: LINC02353 and MTHFD2L!
Graph constructed for chr4: LINC02353 and MTHFD2L!
Laplacian constructed for chr4: LOC93622 and HSD17B11!
Graph constructed for chr4: LOC93622 and HSD17B11!
Laplacian constructed for chr4: KIAA1109 and TLR2!
Graph constructed for chr4: KIAA1109 and TLR2!
Laplacian constructed for chr4: HTT and LOC729218!
Graph constructed for chr4: HTT and LOC729218!
Laplacian constructed for chr4: LINC01094 and NAA11!
Graph constructed for chr4: LINC01094 and NAA11!
Laplacian constructed for chr4: LOC729558 and TENM3-AS1!
Graph constructed for chr4: LOC729558 and TENM3-AS1!
Laplacian constructed for chr4: SORCS2 and LINC01365!
Graph constructed for chr4: SORCS2 and LINC01365!
Laplacian constructed for chr4: FAM53A and DDIT4L!
Graph constructed for chr4: FAM53A and DDIT4L!
Laplacian constructed for chr4: FGG and LINC01060!
Graph constructed for chr4: FGG and LINC01060!
Laplacian constructed for chr4: NAAA and SCLT1!
Graph constructed for chr4: NAAA and SCLT1!
Laplacian constructed for chr4: CSN1S2BP and LINC02483!
Graph constructed for chr4: CSN1S2BP and LINC02483!
Laplacian constructed for chr4: OCIAD1 and MCUB!
Graph constructed for chr4: OCIAD1 and MCUB!
