Laplacian constructed for chr18: TYMSOS and ZNF396!
Graph constructed for chr18: TYMSOS and ZNF396!
Laplacian constructed for chr18: LINC00526 and LINC01443!
Graph constructed for chr18: LINC00526 and LINC01443!
Laplacian constructed for chr18: CABYR and LINC01924!
Graph constructed for chr18: CABYR and LINC01924!
Laplacian constructed for chr18: ENOSF1 and DSCAS!
Graph constructed for chr18: ENOSF1 and DSCAS!
Laplacian constructed for chr18: LOC101927571 and HSBP1L1!
Graph constructed for chr18: LOC101927571 and HSBP1L1!
Laplacian constructed for chr18: TTC39C-AS1 and MBP!
Graph constructed for chr18: TTC39C-AS1 and MBP!
Laplacian constructed for chr18: LINC01904 and CXADRP3!
Graph constructed for chr18: LINC01904 and CXADRP3!
Laplacian constructed for chr18: ARHGAP28 and KC6!
Graph constructed for chr18: ARHGAP28 and KC6!
Laplacian constructed for chr18: NPC1 and SLC14A2-AS1!
Graph constructed for chr18: NPC1 and SLC14A2-AS1!
Laplacian constructed for chr18: CLUL1 and TXNDC2!
Graph constructed for chr18: CLUL1 and TXNDC2!
Laplacian constructed for chr18: SS18 and MAPK4!
Graph constructed for chr18: SS18 and MAPK4!
Laplacian constructed for chr18: SETBP1 and ADNP2!
Graph constructed for chr18: SETBP1 and ADNP2!
Laplacian constructed for chr18: LINC00470 and DIPK1C!
Graph constructed for chr18: LINC00470 and DIPK1C!
Laplacian constructed for chr18: LDLRAD4 and LINC02864!
Graph constructed for chr18: LDLRAD4 and LINC02864!
Laplacian constructed for chr18: POLI and LINC01927!
Graph constructed for chr18: POLI and LINC01927!
Laplacian constructed for chr18: METTL4 and LINC01882!
Graph constructed for chr18: METTL4 and LINC01882!
Laplacian constructed for chr18: LOC104968399 and LINC01443!
Graph constructed for chr18: LOC104968399 and LINC01443!
Laplacian constructed for chr18: SLC14A2 and SERPINB11!
Graph constructed for chr18: SLC14A2 and SERPINB11!
Laplacian constructed for chr18: SNHG22 and TCF4!
Graph constructed for chr18: SNHG22 and TCF4!
Laplacian constructed for chr18: PIK3C3 and LOC642484!
Graph constructed for chr18: PIK3C3 and LOC642484!
Laplacian constructed for chr18: PCAT18 and OACYLP!
Graph constructed for chr18: PCAT18 and OACYLP!
Laplacian constructed for chr18: LINC02864 and LINC01893!
Graph constructed for chr18: LINC02864 and LINC01893!
Laplacian constructed for chr18: GNAL and DSG3!
Graph constructed for chr18: GNAL and DSG3!
Laplacian constructed for chr18: LOC104968399 and SALL3!
Graph constructed for chr18: LOC104968399 and SALL3!
Laplacian constructed for chr18: HRH4 and ZNF516-DT!
Graph constructed for chr18: HRH4 and ZNF516-DT!
Laplacian constructed for chr18: CABLES1 and SERPINB2!
Graph constructed for chr18: CABLES1 and SERPINB2!
Laplacian constructed for chr18: CCDC68 and LINC02864!
Graph constructed for chr18: CCDC68 and LINC02864!
Laplacian constructed for chr18: PIK3C3 and LINC01478!
Graph constructed for chr18: PIK3C3 and LINC01478!
Laplacian constructed for chr18: POTEC and C18orf25!
Graph constructed for chr18: POTEC and C18orf25!
Laplacian constructed for chr18: NDC80 and DYNAP!
Graph constructed for chr18: NDC80 and DYNAP!
Laplacian constructed for chr18: SEH1L and LDLRAD4-AS1!
Graph constructed for chr18: SEH1L and LDLRAD4-AS1!
Laplacian constructed for chr18: MYL12A and LINC02864!
Graph constructed for chr18: MYL12A and LINC02864!
Laplacian constructed for chr18: CETN1 and EPB41L3!
Graph constructed for chr18: CETN1 and EPB41L3!
Laplacian constructed for chr18: TXNDC2 and LINC01477!
Graph constructed for chr18: TXNDC2 and LINC01477!
Laplacian constructed for chr18: ADCYAP1 and PIAS2!
Graph constructed for chr18: ADCYAP1 and PIAS2!
Laplacian constructed for chr18: MIR3976HG and TMEM200C!
Graph constructed for chr18: MIR3976HG and TMEM200C!
Laplacian constructed for chr18: DSC3 and MBD1!
Graph constructed for chr18: DSC3 and MBD1!
Laplacian constructed for chr18: SPIRE1 and ST8SIA3!
Graph constructed for chr18: SPIRE1 and ST8SIA3!
Laplacian constructed for chr18: LDLRAD4-AS1 and LOC339298!
Graph constructed for chr18: LDLRAD4-AS1 and LOC339298!
Laplacian constructed for chr18: ZNF519 and TTC39C-AS1!
Graph constructed for chr18: ZNF519 and TTC39C-AS1!
Laplacian constructed for chr18: ZNF519 and MBP!
Graph constructed for chr18: ZNF519 and MBP!
Laplacian constructed for chr18: LOC112577592 and ANKRD62!
Graph constructed for chr18: LOC112577592 and ANKRD62!
Laplacian constructed for chr18: DLGAP1 and RMC1!
Graph constructed for chr18: DLGAP1 and RMC1!
Laplacian constructed for chr18: AQP4-AS1 and LOC339298!
Graph constructed for chr18: AQP4-AS1 and LOC339298!
Laplacian constructed for chr18: CEP76 and TMEM241!
Graph constructed for chr18: CEP76 and TMEM241!
Laplacian constructed for chr18: CTAGE1 and LINC01477!
Graph constructed for chr18: CTAGE1 and LINC01477!
Laplacian constructed for chr18: OSBPL1A and LINC00683!
Graph constructed for chr18: OSBPL1A and LINC00683!
Laplacian constructed for chr18: INO80C and NEDD4L!
Graph constructed for chr18: INO80C and NEDD4L!
Laplacian constructed for chr18: CEP76 and POLI!
Graph constructed for chr18: CEP76 and POLI!
Laplacian constructed for chr18: ZNF532 and LINC00908!
Graph constructed for chr18: ZNF532 and LINC00908!
Laplacian constructed for chr18: CETN1 and PTPN2!
Graph constructed for chr18: CETN1 and PTPN2!
Laplacian constructed for chr18: RAB31 and GRP!
Graph constructed for chr18: RAB31 and GRP!
Laplacian constructed for chr18: TMEM200C and LINC01887!
Graph constructed for chr18: TMEM200C and LINC01887!
Laplacian constructed for chr18: CABLES1 and PSMA8!
Graph constructed for chr18: CABLES1 and PSMA8!
Laplacian constructed for chr18: RBBP8 and LINC01898!
Graph constructed for chr18: RBBP8 and LINC01898!
Laplacian constructed for chr18: CETN1 and LOC642484!
Graph constructed for chr18: CETN1 and LOC642484!
Laplacian constructed for chr18: COLEC12 and OACYLP!
Graph constructed for chr18: COLEC12 and OACYLP!
Laplacian constructed for chr18: DLGAP1-AS5 and ZCCHC2!
Graph constructed for chr18: DLGAP1-AS5 and ZCCHC2!
Laplacian constructed for chr18: INO80C and NETO1!
Graph constructed for chr18: INO80C and NETO1!
Laplacian constructed for chr18: ESCO1 and LINC01902!
Graph constructed for chr18: ESCO1 and LINC01902!
Laplacian constructed for chr18: ATP8B1 and TSHZ1!
Graph constructed for chr18: ATP8B1 and TSHZ1!
Laplacian constructed for chr18: METTL4 and CTIF!
Graph constructed for chr18: METTL4 and CTIF!
Laplacian constructed for chr18: KATNAL2 and CPLX4!
Graph constructed for chr18: KATNAL2 and CPLX4!
Laplacian constructed for chr18: SLC14A2 and DIPK1C!
Graph constructed for chr18: SLC14A2 and DIPK1C!
Laplacian constructed for chr18: SERPINB11 and DIPK1C!
Graph constructed for chr18: SERPINB11 and DIPK1C!
Laplacian constructed for chr18: ANKRD29 and NEDD4L!
Graph constructed for chr18: ANKRD29 and NEDD4L!
Laplacian constructed for chr18: RBBP8 and LINC01909!
Graph constructed for chr18: RBBP8 and LINC01909!
Laplacian constructed for chr18: CTIF and LINC01893!
Graph constructed for chr18: CTIF and LINC01893!
Laplacian constructed for chr18: TYMSOS and ALPK2!
Graph constructed for chr18: TYMSOS and ALPK2!
Laplacian constructed for chr18: TYMS and RPRD1A!
Graph constructed for chr18: TYMS and RPRD1A!
Laplacian constructed for chr18: IMPACT and PIK3C3!
Graph constructed for chr18: IMPACT and PIK3C3!
Laplacian constructed for chr18: RNF165 and RAB27B!
Graph constructed for chr18: RNF165 and RAB27B!
Graph constructed for chr18: RBBP8!
Graph constructed for chr18: TXNDC2!
Graph constructed for chr18: HSBP1L1!
Graph constructed for chr18: NEDD4L!
Graph constructed for chr18: TTR!
Graph constructed for chr18: LOC112577592!
Graph constructed for chr18: LINC02864!
Graph constructed for chr18: OACYLP!
Graph constructed for chr18: OSBPL1A!
Graph constructed for chr18: RAB31!
Graph constructed for chr18: LOC104968399!
Graph constructed for chr18: MYL12A!
Graph constructed for chr18: CCBE1!
Graph constructed for chr18: METTL4!
Graph constructed for chr18: LINC01477!
Graph constructed for chr18: AQP4-AS1!
Graph constructed for chr18: LINC01893!
Graph constructed for chr18: TYMSOS!
Graph constructed for chr18: LINC00908!
Graph constructed for chr18: TTC39C-AS1!
Graph constructed for chr18: DLGAP1-AS2!
Graph constructed for chr18: CTAGE1!
Graph constructed for chr18: EMILIN2!
Graph constructed for chr18: SS18!
Graph constructed for chr18: ZNF396!
Graph constructed for chr18: LINC01894!
Graph constructed for chr18: PIAS2!
Graph constructed for chr18: TPGS2!
Graph constructed for chr18: SERPINB2!
Graph constructed for chr18: POTEC!
Graph constructed for chr18: LINC01927!
Graph constructed for chr18: TYMS!
Graph constructed for chr18: LINC00526!
Graph constructed for chr18: ROCK1!
Graph constructed for chr18: ALPK2!
Graph constructed for chr18: ZNF236!
Graph constructed for chr18: NPC1!
Graph constructed for chr18: MIR924HG!
Graph constructed for chr18: GRP!
Graph constructed for chr18: PRELID3A!
Graph constructed for chr18: MBD1!
Graph constructed for chr18: ESCO1!
Graph constructed for chr18: CEP76!
Graph constructed for chr18: MALT1!
Graph constructed for chr18: LINC00305!
Graph constructed for chr18: SKOR2!
Graph constructed for chr18: KATNAL2!
Graph constructed for chr18: SEH1L!
Graph constructed for chr18: CABYR!
Graph constructed for chr18: LINC01254!
Graph constructed for chr18: CNDP1!
Graph constructed for chr18: CXADRP3!
Graph constructed for chr18: LDLRAD4!
Graph constructed for chr18: DIPK1C!
Graph constructed for chr18: MIR3976HG!
Graph constructed for chr18: LINC01601!
Graph constructed for chr18: SETBP1!
Graph constructed for chr18: CABLES1!
Graph constructed for chr18: LOC101927571!
Graph constructed for chr18: SPIRE1!
Graph constructed for chr18: DSCAS!
Graph constructed for chr18: SIGLEC15!
Graph constructed for chr18: CETN1!
Graph constructed for chr18: LOC100505797!
Graph constructed for chr18: CHMP1B!
Graph constructed for chr18: TAF4B!
Graph constructed for chr18: TTC39C!
Graph constructed for chr18: GALR1!
Graph constructed for chr18: CTDP1!
Graph constructed for chr18: TCF4!
Graph constructed for chr18: LDLRAD4-AS1!
Graph constructed for chr18: SERPINB11!
Graph constructed for chr18: DYM!
Graph constructed for chr18: LOC642484!
Graph constructed for chr18: C18orf54!
Graph constructed for chr18: DSC3!
Graph constructed for chr18: GAREM1!
Graph constructed for chr18: PIGN!
Graph constructed for chr18: MAPK4!
Graph constructed for chr18: SERPINB4!
Graph constructed for chr18: EPB41L3!
Graph constructed for chr18: LINC01924!
Graph constructed for chr18: SMCHD1!
Graph constructed for chr18: LMAN1!
Graph constructed for chr18: LOC339298!
Graph constructed for chr18: INO80C!
Graph constructed for chr18: DTNA!
Graph constructed for chr18: ST8SIA5!
Graph constructed for chr18: PIK3C3!
Graph constructed for chr18: LINC01887!
Graph constructed for chr18: C18orf63!
Graph constructed for chr18: NDC80!
Graph constructed for chr18: ZNF532!
Graph constructed for chr18: LINC01904!
Graph constructed for chr18: ANKRD29!
Graph constructed for chr18: SYT4!
Graph constructed for chr18: GNAL!
Graph constructed for chr18: HDHD2!
Graph constructed for chr18: NETO1!
Graph constructed for chr18: KCNG2!
Graph constructed for chr18: LINC01416!
Graph constructed for chr18: LINC00683!
Graph constructed for chr18: HRH4!
Graph constructed for chr18: MIR302F!
Graph constructed for chr18: SALL3!
Graph constructed for chr18: DCC!
Graph constructed for chr18: BCL2!
Graph constructed for chr18: NAPG!
Graph constructed for chr18: MC5R!
Graph constructed for chr18: DSEL!
Graph constructed for chr18: LINC01443!
Graph constructed for chr18: ANKRD62!
Graph constructed for chr18: C18orf25!
Graph constructed for chr18: IER3IP1!
Graph constructed for chr18: CNDP2!
Graph constructed for chr18: BOD1L2!
Graph constructed for chr18: TMEM241!
Graph constructed for chr18: VAPA!
Graph constructed for chr18: MPPE1!
Graph constructed for chr18: ANKRD20A5P!
Graph constructed for chr18: GAPLINC!
Graph constructed for chr18: SNRPD1!
Graph constructed for chr18: SMAD2!
Graph constructed for chr18: NDUFV2-AS1!
Graph constructed for chr18: RALBP1!
Graph constructed for chr18: FAM210A!
Graph constructed for chr18: CDH2!
Graph constructed for chr18: NARS1!
Graph constructed for chr18: LINC01915!
Graph constructed for chr18: LINC00907!
Graph constructed for chr18: RNF125!
Graph constructed for chr18: CCDC68!
Graph constructed for chr18: MBP!
Graph constructed for chr18: ATP5F1A!
Graph constructed for chr18: LINC00470!
Graph constructed for chr18: DLGAP1-AS4!
Graph constructed for chr18: POLI!
Graph constructed for chr18: SLC14A2!
Graph constructed for chr18: RNF165!
Graph constructed for chr18: DLGAP1!
Graph constructed for chr18: ENOSF1!
Graph constructed for chr18: ELP2!
Graph constructed for chr18: LINC01902!
Graph constructed for chr18: MYO5B!
Graph constructed for chr18: ZADH2!
Graph constructed for chr18: PSMG2!
Graph constructed for chr18: PCAT18!
Graph constructed for chr18: CLUL1!
Graph constructed for chr18: TRAPPC8!
Graph constructed for chr18: TCF4-AS1!
Graph constructed for chr18: ATP9B!
Graph constructed for chr18: KC6!
Graph constructed for chr18: VPS4B!
Graph constructed for chr18: TIMM21!
Graph constructed for chr18: GALNT1!
Graph constructed for chr18: LINC01926!
Graph constructed for chr18: SOCS6!
Graph constructed for chr18: LINC01910!
Graph constructed for chr18: LINC00909!
Graph constructed for chr18: ELAC1!
Graph constructed for chr18: LOC101927410!
Graph constructed for chr18: DSC1!
Graph constructed for chr18: ADNP2!
Graph constructed for chr18: COLEC12!
Graph constructed for chr18: LINC01898!
Graph constructed for chr18: TGIF1!
Graph constructed for chr18: ARHGAP28!
Graph constructed for chr18: LINC01928!
Graph constructed for chr18: LOC644669!
Graph constructed for chr18: SLC14A2-AS1!
Graph constructed for chr18: CEP192!
Graph constructed for chr18: MEX3C!
Graph constructed for chr18: ROCK1P1!
Graph constructed for chr18: RNMT!
Graph constructed for chr18: FECH!
Graph constructed for chr18: B4GALT6!
Graph constructed for chr18: FHOD3!
Graph constructed for chr18: TUBB6!
Graph constructed for chr18: C18orf61!
Graph constructed for chr18: SERPINB10!
Graph constructed for chr18: CYP4F35P!
Graph constructed for chr18: ZNF521!
Graph constructed for chr18: MIB1!
Graph constructed for chr18: HMSD!
Graph constructed for chr18: RMC1!
Graph constructed for chr18: SKA1!
Graph constructed for chr18: MYL12B!
Graph constructed for chr18: APCDD1!
Graph constructed for chr18: USP14!
Graph constructed for chr18: MTCL1!
Graph constructed for chr18: COSMOC!
Graph constructed for chr18: CTIF!
Graph constructed for chr18: LINC01630!
Graph constructed for chr18: ZCCHC2!
Graph constructed for chr18: DLGAP1-AS5!
Graph constructed for chr18: DSG1-AS1!
Graph constructed for chr18: LINC01478!
Graph constructed for chr18: ZNF516-DT!
Graph constructed for chr18: LAMA3!
Graph constructed for chr18: KCTD1!
Graph constructed for chr18: SLC39A6!
Graph constructed for chr18: KIAA1328!
Graph constructed for chr18: EPG5!
Graph constructed for chr18: ATP8B1!
Graph constructed for chr18: RBFADN!
Graph constructed for chr18: PSMA8!
Graph constructed for chr18: HAUS1!
Graph constructed for chr18: SERPINB8!
Graph constructed for chr18: DSG3!
Graph constructed for chr18: SNHG22!
Graph constructed for chr18: TWSG1!
Graph constructed for chr18: LINC01882!
Graph constructed for chr18: DOK6!
Graph constructed for chr18: LINC00667!
Graph constructed for chr18: MOCOS!
Graph constructed for chr18: PARD6G!
Graph constructed for chr18: LOC105372038!
Graph constructed for chr18: ZNF519!
Graph constructed for chr18: LOC284240!
Graph constructed for chr18: ACAA2!
Graph constructed for chr18: LINC01544!
Graph constructed for chr18: NFATC1!
Graph constructed for chr18: CCDC102B!
Graph constructed for chr18: GACAT2!
Graph constructed for chr18: CPLX4!
Graph constructed for chr18: CHORDC1P4!
Graph constructed for chr18: LINC01879!
Graph constructed for chr18: AKAIN1!
Graph constructed for chr18: RAB12!
Graph constructed for chr18: ZNF397!
Graph constructed for chr18: LIPG!
Graph constructed for chr18: LOC101927989!
Graph constructed for chr18: SLC66A2!
Graph constructed for chr18: NDUFV2!
Graph constructed for chr18: C18orf21!
Graph constructed for chr18: ST8SIA3!
Graph constructed for chr18: CDH19!
Graph constructed for chr18: FBXO15!
Graph constructed for chr18: DLGAP1-AS1!
Graph constructed for chr18: LINC01925!
Graph constructed for chr18: TMEM200C!
Graph constructed for chr18: RIOK3!
Graph constructed for chr18: SMIM21!
Graph constructed for chr18: STARD6!
Graph constructed for chr18: ZNF24!
Graph constructed for chr18: C18orf32!
Graph constructed for chr18: TSHZ1!
Graph constructed for chr18: DLGAP1-AS3!
Graph constructed for chr18: DYNAP!
Graph constructed for chr18: RAX!
Graph constructed for chr18: CHST9!
Graph constructed for chr18: L3MBTL4!
Graph constructed for chr18: ADCYAP1!
Graph constructed for chr18: ZBTB7C!
Graph constructed for chr18: RNF152!
Graph constructed for chr18: PHLPP1!
Graph constructed for chr18: IMPA2!
Graph constructed for chr18: DSG2-AS1!
Graph constructed for chr18: RPRD1A!
Graph constructed for chr18: WDR7!
Graph constructed for chr18: RTTN!
Graph constructed for chr18: LINC01909!
Graph constructed for chr18: CBX3P2!
Graph constructed for chr18: PTPN2!
Graph constructed for chr18: RIT2!
Graph constructed for chr18: GATA6!
Graph constructed for chr18: LINC01922!
Graph constructed for chr18: LOC101927188!
Graph constructed for chr18: LOC100505549!
Graph constructed for chr18: CDH20!
Graph constructed for chr18: CD226!
Graph constructed for chr18: RELCH!
Graph constructed for chr18: LRRC30!
Graph constructed for chr18: NOL4!
Graph constructed for chr18: SEC11C!
Graph constructed for chr18: PPP4R1-AS1!
Graph constructed for chr18: RAB27B!
Graph constructed for chr18: LINC01255!
Graph constructed for chr18: C18orf12!
Graph constructed for chr18: IMPACT!
Graph constructed for chr18: RNF138!
------------------ CHR18 DONE! ------------------
{"project":"masters","channel":"laplacian","event":"Laplacian Construction is complete","description":"CHR18 is done!","icon":"🔥","notify":true,"parser":"text"}