Laplacian constructed for chr1: S100A8 and PTGS2!
Graph constructed for chr1: S100A8 and PTGS2!
Laplacian constructed for chr1: TRIT1 and NEXN!
Graph constructed for chr1: TRIT1 and NEXN!
Laplacian constructed for chr1: PODN and SLC1A7!
Graph constructed for chr1: PODN and SLC1A7!
Laplacian constructed for chr1: ROR1-AS1 and BCAN!
Graph constructed for chr1: ROR1-AS1 and BCAN!
Laplacian constructed for chr1: HSPG2 and ECM1!
Graph constructed for chr1: HSPG2 and ECM1!
Laplacian constructed for chr1: PLEKHG5 and ASTN1!
Graph constructed for chr1: PLEKHG5 and ASTN1!
Laplacian constructed for chr1: LINC01461 and FCMR!
Graph constructed for chr1: LINC01461 and FCMR!
Laplacian constructed for chr1: HMGCS2 and SDE2!
Graph constructed for chr1: HMGCS2 and SDE2!
Laplacian constructed for chr1: RNU5E-1 and PDE4B!
Graph constructed for chr1: RNU5E-1 and PDE4B!
Laplacian constructed for chr1: HSPB7 and RHBDL2!
Graph constructed for chr1: HSPB7 and RHBDL2!
Laplacian constructed for chr1: TGFB2-OT1 and C1orf131!
Graph constructed for chr1: TGFB2-OT1 and C1orf131!
