Laplacian constructed for chr17: ZBTB4 and LPO!
Graph constructed for chr17: ZBTB4 and LPO!
Laplacian constructed for chr17: SGSM2 and CD68!
Graph constructed for chr17: SGSM2 and CD68!
Laplacian constructed for chr17: TAOK1 and LINC00511!
Graph constructed for chr17: TAOK1 and LINC00511!
Laplacian constructed for chr17: SHBG and LOC101928475!
Graph constructed for chr17: SHBG and LOC101928475!
Laplacian constructed for chr17: LOC102723517 and LINC02078!
Graph constructed for chr17: LOC102723517 and LINC02078!
Laplacian constructed for chr17: P2RX1 and FAM117A!
Graph constructed for chr17: P2RX1 and FAM117A!
Laplacian constructed for chr17: MYO19 and RUNDC3A!
Graph constructed for chr17: MYO19 and RUNDC3A!
Laplacian constructed for chr17: LOC100288866 and C17orf64!
Graph constructed for chr17: LOC100288866 and C17orf64!
Laplacian constructed for chr17: MYOCD-AS1 and COIL!
Graph constructed for chr17: MYOCD-AS1 and COIL!
Laplacian constructed for chr17: DHRS7B and PRKCA!
Graph constructed for chr17: DHRS7B and PRKCA!
Laplacian constructed for chr17: CD68 and PECAM1!
Graph constructed for chr17: CD68 and PECAM1!
Laplacian constructed for chr17: PDE6G and HGS!
Graph constructed for chr17: PDE6G and HGS!
Laplacian constructed for chr17: CEP95 and USH1G!
Graph constructed for chr17: CEP95 and USH1G!
Laplacian constructed for chr17: DERL2 and CDR2L!
Graph constructed for chr17: DERL2 and CDR2L!
Laplacian constructed for chr17: BIRC5 and MRPL12!
Graph constructed for chr17: BIRC5 and MRPL12!
Laplacian constructed for chr17: C17orf107 and LINC02210-CRHR1!
Graph constructed for chr17: C17orf107 and LINC02210-CRHR1!
Laplacian constructed for chr17: CCDC144NL-AS1 and LOC101927166!
Graph constructed for chr17: CCDC144NL-AS1 and LOC101927166!
Laplacian constructed for chr17: P3H4 and SMG8!
Graph constructed for chr17: P3H4 and SMG8!
Laplacian constructed for chr17: OR1D2 and TMUB2!
Graph constructed for chr17: OR1D2 and TMUB2!
Laplacian constructed for chr17: ITGA2B and FAAP100!
Graph constructed for chr17: ITGA2B and FAAP100!
Laplacian constructed for chr17: ITGA2B and DNAI2!
Graph constructed for chr17: ITGA2B and DNAI2!
Laplacian constructed for chr17: SHBG and PYCR1!
Graph constructed for chr17: SHBG and PYCR1!
Laplacian constructed for chr17: MLLT6 and ITGA2B!
Graph constructed for chr17: MLLT6 and ITGA2B!
Laplacian constructed for chr17: MLLT6 and FAAP100!
Graph constructed for chr17: MLLT6 and FAAP100!
Laplacian constructed for chr17: KRT15 and USH1G!
Graph constructed for chr17: KRT15 and USH1G!
Laplacian constructed for chr17: AXIN2 and TBC1D16!
Graph constructed for chr17: AXIN2 and TBC1D16!
Laplacian constructed for chr17: ZNF207 and TBC1D16!
Graph constructed for chr17: ZNF207 and TBC1D16!
Laplacian constructed for chr17: PIPOX and LINC01979!
Graph constructed for chr17: PIPOX and LINC01979!
Graph constructed for chr17: SUZ12!
Graph constructed for chr17: LOC102723517!
Graph constructed for chr17: TBC1D16!
Graph constructed for chr17: PHF12!
Graph constructed for chr17: COIL!
Graph constructed for chr17: DERL2!
Graph constructed for chr17: AXIN2!
Graph constructed for chr17: ITGA2B!
Graph constructed for chr17: GIT1!
Graph constructed for chr17: P3H4!
Graph constructed for chr17: CRHR1!
Graph constructed for chr17: PRAC1!
Graph constructed for chr17: LPO!
Graph constructed for chr17: USH1G!
Graph constructed for chr17: CCL5!
Graph constructed for chr17: CD300LD!
Graph constructed for chr17: MCRIP1!
Graph constructed for chr17: SHISA6!
Graph constructed for chr17: ZBTB4!
Graph constructed for chr17: TAOK1!
Graph constructed for chr17: OR3A3!
Graph constructed for chr17: CD68!
Graph constructed for chr17: DUS1L!
Graph constructed for chr17: OSBPL7!
Graph constructed for chr17: SLFN11!
Graph constructed for chr17: RNF227!
Graph constructed for chr17: SHBG!
Graph constructed for chr17: STAT5B!
Graph constructed for chr17: FAAP100!
Graph constructed for chr17: ACADVL!
Graph constructed for chr17: ASB16!
Graph constructed for chr17: LINC02071!
Graph constructed for chr17: MYADML2!
Graph constructed for chr17: ARRB2!
Graph constructed for chr17: SGSM2!
Graph constructed for chr17: RNF213!
Graph constructed for chr17: TMEM94!
Graph constructed for chr17: MMD!
Graph constructed for chr17: PEMT!
Graph constructed for chr17: ARL17A!
Graph constructed for chr17: JMJD6!
Graph constructed for chr17: DHX58!
Graph constructed for chr17: TBX2!
Graph constructed for chr17: LINC00511!
Graph constructed for chr17: RHBDF2!
Graph constructed for chr17: MMP28!
Graph constructed for chr17: ZNF594!
Graph constructed for chr17: PELP1!
Graph constructed for chr17: C17orf107!
Graph constructed for chr17: UNK!
Graph constructed for chr17: PRKCA!
Graph constructed for chr17: CA10!
Graph constructed for chr17: NLK!
Graph constructed for chr17: LOC100505782!
Graph constructed for chr17: SARM1!
Graph constructed for chr17: CACNB1!
Graph constructed for chr17: PNPO!
Graph constructed for chr17: CCDC42!
Graph constructed for chr17: TRIM65!
Graph constructed for chr17: CRLF3!
Graph constructed for chr17: LOC101928343!
Graph constructed for chr17: LOC101927166!
Graph constructed for chr17: NT5M!
Graph constructed for chr17: KRTAP16-1!
Graph constructed for chr17: THRA1|BTR!
Graph constructed for chr17: CYBC1!
Graph constructed for chr17: RILP!
Graph constructed for chr17: ZZEF1!
Graph constructed for chr17: P2RX1!
Graph constructed for chr17: CHRNB1!
Graph constructed for chr17: TBKBP1!
Graph constructed for chr17: MYO19!
Graph constructed for chr17: NSFP1!
Graph constructed for chr17: GH1!
Graph constructed for chr17: ACLY!
Graph constructed for chr17: FNDC8!
Graph constructed for chr17: ORMDL3!
Graph constructed for chr17: PIGL!
Graph constructed for chr17: KDM6B!
Graph constructed for chr17: HNF1B!
Graph constructed for chr17: ZNHIT3!
Graph constructed for chr17: MYO1D!
Graph constructed for chr17: TVP23B!
Graph constructed for chr17: LOC100996750!
Graph constructed for chr17: DHRS11!
Graph constructed for chr17: HOXB-AS3!
Graph constructed for chr17: UBTF!
Graph constructed for chr17: LOC101927855!
Graph constructed for chr17: DNAI2!
Graph constructed for chr17: TEX14!
Graph constructed for chr17: PICART1!
Graph constructed for chr17: PECAM1!
Graph constructed for chr17: NOL11!
Graph constructed for chr17: PRPSAP1!
Graph constructed for chr17: PYCR1!
Graph constructed for chr17: LOC100288866!
Graph constructed for chr17: EVPLL!
Graph constructed for chr17: LINC02073!
Graph constructed for chr17: BIRC5!
Graph constructed for chr17: JUP!
Graph constructed for chr17: RUNDC3A!
Graph constructed for chr17: LOC101928475!
Graph constructed for chr17: LINC01482!
Graph constructed for chr17: LINC02093!
Graph constructed for chr17: CEP95!
Graph constructed for chr17: PITPNA!
Graph constructed for chr17: LOC100287072!
Graph constructed for chr17: LINC02210-CRHR1!
Graph constructed for chr17: LINC01989!
Graph constructed for chr17: LINC02078!
Graph constructed for chr17: RAB11FIP4!
Graph constructed for chr17: ZNF232-AS1!
Graph constructed for chr17: FAM117A!
Graph constructed for chr17: CDR2L!
Graph constructed for chr17: KRT36!
Graph constructed for chr17: RUNDC1!
Graph constructed for chr17: SLC9A3R1!
Graph constructed for chr17: UBE2G1!
Graph constructed for chr17: ASGR1!
Graph constructed for chr17: MRPL12!
Graph constructed for chr17: ALDH3A2!
Graph constructed for chr17: TRAF4!
Graph constructed for chr17: SLC43A2!
Graph constructed for chr17: HS3ST3A1!
Graph constructed for chr17: SUMO2!
Graph constructed for chr17: KRT28!
Graph constructed for chr17: WBP2!
Graph constructed for chr17: MGAT5B!
Graph constructed for chr17: CARD14!
Graph constructed for chr17: PDK2!
Graph constructed for chr17: ALDH3A1!
Graph constructed for chr17: RNF126P1!
Graph constructed for chr17: NAT9!
Graph constructed for chr17: MIR22HG!
Graph constructed for chr17: MYOCD-AS1!
Graph constructed for chr17: LOC728392!
Graph constructed for chr17: GLTPD2!
Graph constructed for chr17: KRTAP9-9!
Graph constructed for chr17: STAC2!
Graph constructed for chr17: PIPOX!
Graph constructed for chr17: MED1!
Graph constructed for chr17: C17orf64!
Graph constructed for chr17: TNFAIP1!
Graph constructed for chr17: SNHG30!
Graph constructed for chr17: HGS!
Graph constructed for chr17: KRBA2!
Graph constructed for chr17: ENPP7!
Graph constructed for chr17: DHRS7B!
Graph constructed for chr17: TMUB2!
Graph constructed for chr17: OGFOD3!
Graph constructed for chr17: LOC284009!
Graph constructed for chr17: PSMD3!
Graph constructed for chr17: COL1A1!
Graph constructed for chr17: LOC284191!
Graph constructed for chr17: PSMC5!
Graph constructed for chr17: MEIS3P1!
Graph constructed for chr17: SLFN13!
Graph constructed for chr17: TSEN54!
Graph constructed for chr17: KIF18B!
Graph constructed for chr17: STRADA!
Graph constructed for chr17: ARL5C!
Graph constructed for chr17: PDE6G!
Graph constructed for chr17: PRKCA-AS1!
Graph constructed for chr17: SPAG5!
Graph constructed for chr17: MRPL10!
Graph constructed for chr17: ASB16-AS1!
Graph constructed for chr17: SNF8!
Graph constructed for chr17: USP32!
Graph constructed for chr17: SOX9-AS1!
Graph constructed for chr17: AATF!
Graph constructed for chr17: OR1E2!
Graph constructed for chr17: ANKRD40!
Graph constructed for chr17: KIAA0753!
Graph constructed for chr17: USP32P3!
Graph constructed for chr17: TMEM99!
Graph constructed for chr17: CCDC200!
Graph constructed for chr17: TMEM107!
Graph constructed for chr17: LINC01979!
Graph constructed for chr17: CCDC144NL-AS1!
Graph constructed for chr17: CDK5RAP3!
Graph constructed for chr17: SRP68!
Graph constructed for chr17: SREBF1!
Graph constructed for chr17: SH3GL1P1!
Graph constructed for chr17: MILR1!
Graph constructed for chr17: SMG8!
Graph constructed for chr17: ABCA5!
Graph constructed for chr17: CTC1!
Graph constructed for chr17: MYH10!
Graph constructed for chr17: FTSJ3!
Graph constructed for chr17: OR1D2!
Graph constructed for chr17: MYHAS!
Graph constructed for chr17: LINC02210!
Graph constructed for chr17: TM4SF5!
Graph constructed for chr17: UNC13D!
Graph constructed for chr17: KCNH4!
Graph constructed for chr17: RAB40B!
Graph constructed for chr17: CDC27!
Graph constructed for chr17: MLLT6!
Graph constructed for chr17: SMCR2!
Graph constructed for chr17: NBR2!
Graph constructed for chr17: SLC47A1!
Graph constructed for chr17: TOP3A!
Graph constructed for chr17: THRA!
Graph constructed for chr17: KRT15!
Graph constructed for chr17: C1QTNF1!
Graph constructed for chr17: ITGB3!
Graph constructed for chr17: ARHGAP27P2!
Graph constructed for chr17: MED24!
Graph constructed for chr17: ZNF207!
Graph constructed for chr17: MAPT!
Graph constructed for chr17: CCL15-CCL14!
Graph constructed for chr17: KRT20!
Graph constructed for chr17: DNAH9!
Graph constructed for chr17: SLC5A10!
------------------ CHR17 DONE! ------------------
{"project":"masters","channel":"laplacian","event":"Laplacian Construction is complete","description":"CHR17 is done!","icon":"🔥","notify":true,"parser":"text"}