Laplacian constructed for chr11: CSTF3-DT and LINC01537!
Graph constructed for chr11: CSTF3-DT and LINC01537!
Laplacian constructed for chr11: TMEM151A and KCNE3!
Graph constructed for chr11: TMEM151A and KCNE3!
Laplacian constructed for chr11: ART1 and VPS37C!
Graph constructed for chr11: ART1 and VPS37C!
Laplacian constructed for chr11: CAPN1 and NTM!
Graph constructed for chr11: CAPN1 and NTM!
Laplacian constructed for chr11: TPP1 and SBF2-AS1!
Graph constructed for chr11: TPP1 and SBF2-AS1!
Laplacian constructed for chr11: ARAP1 and LOC101929089!
Graph constructed for chr11: ARAP1 and LOC101929089!
Laplacian constructed for chr11: CARS1 and LINC01537!
Graph constructed for chr11: CARS1 and LINC01537!
Laplacian constructed for chr11: PC and LOC101929295!
Graph constructed for chr11: PC and LOC101929295!
Laplacian constructed for chr11: SAA1 and LOC101929208!
Graph constructed for chr11: SAA1 and LOC101929208!
Laplacian constructed for chr11: B4GALNT4 and RNF214!
Graph constructed for chr11: B4GALNT4 and RNF214!
Laplacian constructed for chr11: KRT8P41 and IPO7!
Graph constructed for chr11: KRT8P41 and IPO7!
Laplacian constructed for chr11: BBS1 and KCTD21!
Graph constructed for chr11: BBS1 and KCTD21!
Laplacian constructed for chr11: CELF1 and GAL!
Graph constructed for chr11: CELF1 and GAL!
Laplacian constructed for chr11: CHKA and LOC101928896!
Graph constructed for chr11: CHKA and LOC101928896!
Laplacian constructed for chr11: TRIM44 and TALAM1!
Graph constructed for chr11: TRIM44 and TALAM1!
Laplacian constructed for chr11: CWC15 and CXCR5!
Graph constructed for chr11: CWC15 and CXCR5!
Laplacian constructed for chr11: LOC101928424 and LOC102723838!
Graph constructed for chr11: LOC101928424 and LOC102723838!
Laplacian constructed for chr11: IPO7 and POLD3!
Graph constructed for chr11: IPO7 and POLD3!
Laplacian constructed for chr11: TRIM44 and FADS2!
Graph constructed for chr11: TRIM44 and FADS2!
Laplacian constructed for chr11: FADS2 and TALAM1!
Graph constructed for chr11: FADS2 and TALAM1!
Graph constructed for chr11: CXCR5!
Graph constructed for chr11: KRT8P41!
Graph constructed for chr11: LINC00167!
Graph constructed for chr11: LINC01537!
Graph constructed for chr11: GLYATL1!
Graph constructed for chr11: FAM111A-DT!
Graph constructed for chr11: C11orf45!
Graph constructed for chr11: CRYAB!
Graph constructed for chr11: FADD!
Graph constructed for chr11: IFITM5!
Graph constructed for chr11: MRGPRE!
Graph constructed for chr11: LINC02545!
Graph constructed for chr11: TSPAN18!
Graph constructed for chr11: FTH1!
Graph constructed for chr11: CAND1.11!
Graph constructed for chr11: PLAAT4!
Graph constructed for chr11: TMEM151A!
Graph constructed for chr11: GAL!
Graph constructed for chr11: TMEM109!
Graph constructed for chr11: LOC101929295!
Graph constructed for chr11: KCNE3!
Graph constructed for chr11: BBS1!
Graph constructed for chr11: OR4C46!
Graph constructed for chr11: VSIG2!
Graph constructed for chr11: XRRA1!
Graph constructed for chr11: ARAP1!
Graph constructed for chr11: LINC02551!
Graph constructed for chr11: ADAMTS15!
Graph constructed for chr11: CDON!
Graph constructed for chr11: PAMR1!
Graph constructed for chr11: ZBED5-AS1!
Graph constructed for chr11: OSBP!
Graph constructed for chr11: RAB30-DT!
Graph constructed for chr11: LOC646029!
Graph constructed for chr11: RNF214!
Graph constructed for chr11: MSANTD4!
Graph constructed for chr11: GLYATL2!
Graph constructed for chr11: SBF2-AS1!
Graph constructed for chr11: SSRP1!
Graph constructed for chr11: BACE1!
Graph constructed for chr11: LTBP3!
Graph constructed for chr11: TP53I11!
Graph constructed for chr11: DEAF1!
Graph constructed for chr11: GRAMD1B!
Graph constructed for chr11: EHBP1L1!
Graph constructed for chr11: UBE4A!
Graph constructed for chr11: CSTF3-DT!
Graph constructed for chr11: CREBZF!
Graph constructed for chr11: PGR-AS1!
Graph constructed for chr11: KRTAP5-3!
Graph constructed for chr11: CTSW!
Graph constructed for chr11: OR6T1!
Graph constructed for chr11: CEP57!
Graph constructed for chr11: NPAS4!
Graph constructed for chr11: OR8G1!
Graph constructed for chr11: OR5M9!
Graph constructed for chr11: KIRREL3-AS3!
Graph constructed for chr11: LOC102723838!
Graph constructed for chr11: LINC02753!
Graph constructed for chr11: LOC101928894!
Graph constructed for chr11: OR52E1!
Graph constructed for chr11: CEP126!
Graph constructed for chr11: ART1!
Graph constructed for chr11: SOX6!
Graph constructed for chr11: TSSC2!
Graph constructed for chr11: C11orf87!
Graph constructed for chr11: CDC42EP2!
Graph constructed for chr11: LINC02550!
Graph constructed for chr11: LIN7C!
Graph constructed for chr11: MACROD1!
Graph constructed for chr11: LOC101929208!
Graph constructed for chr11: TTC17!
Graph constructed for chr11: NAV2-AS5!
Graph constructed for chr11: CELF1!
Graph constructed for chr11: WT1!
Graph constructed for chr11: SSH3!
Graph constructed for chr11: TRIM48!
Graph constructed for chr11: LINC00958!
Graph constructed for chr11: SNX32!
Graph constructed for chr11: GRK2!
Graph constructed for chr11: HBB!
Graph constructed for chr11: CWC15!
Graph constructed for chr11: HYLS1!
Graph constructed for chr11: NAV2!
Graph constructed for chr11: PPP6R3!
Graph constructed for chr11: CALCB!
Graph constructed for chr11: VPS37C!
Graph constructed for chr11: OR51B5!
Graph constructed for chr11: SLC22A18!
Graph constructed for chr11: TRIM5!
Graph constructed for chr11: ZNF214!
Graph constructed for chr11: UBQLNL!
Graph constructed for chr11: SCUBE2!
Graph constructed for chr11: PHLDB1!
Graph constructed for chr11: ZBTB16!
Graph constructed for chr11: ARNTL!
Graph constructed for chr11: FOLH1!
Graph constructed for chr11: CAPN1!
Graph constructed for chr11: LOC440040!
Graph constructed for chr11: BIRC2!
Graph constructed for chr11: LDHA!
Graph constructed for chr11: LINC02749!
Graph constructed for chr11: RRAS2!
Graph constructed for chr11: POLD3!
Graph constructed for chr11: SIPA1!
Graph constructed for chr11: CHID1!
Graph constructed for chr11: SCGB2A1!
Graph constructed for chr11: SPTBN2!
Graph constructed for chr11: NTM!
Graph constructed for chr11: KCTD21!
Graph constructed for chr11: PTS!
Graph constructed for chr11: CCKBR!
Graph constructed for chr11: TPP1!
Graph constructed for chr11: LTO1!
Graph constructed for chr11: UNC93B1!
Graph constructed for chr11: TRIM49D1!
Graph constructed for chr11: DGKZ!
Graph constructed for chr11: C11orf49!
Graph constructed for chr11: MIR4487!
Graph constructed for chr11: PLAAT2!
Graph constructed for chr11: ATM!
Graph constructed for chr11: SCYL1!
Graph constructed for chr11: BIRC3!
Graph constructed for chr11: ACER3!
Graph constructed for chr11: LOC101929089!
Graph constructed for chr11: CHRNA10!
Graph constructed for chr11: KCNJ1!
Graph constructed for chr11: PARVA!
Graph constructed for chr11: MARK2!
Graph constructed for chr11: TMEM9B!
Graph constructed for chr11: CARS1!
Graph constructed for chr11: BTBD10!
Graph constructed for chr11: DTX4!
Graph constructed for chr11: RCE1!
Graph constructed for chr11: LOC403312!
Graph constructed for chr11: OR51F1!
Graph constructed for chr11: PC!
Graph constructed for chr11: CHST1!
Graph constructed for chr11: CD6!
Graph constructed for chr11: FOLH1B!
Graph constructed for chr11: TLCD5!
Graph constructed for chr11: MPEG1!
Graph constructed for chr11: NXPE1!
Graph constructed for chr11: ALKBH3!
Graph constructed for chr11: COA4!
Graph constructed for chr11: SESN3!
Graph constructed for chr11: IPO7!
Graph constructed for chr11: B4GALNT4!
Graph constructed for chr11: OR8B4!
Graph constructed for chr11: DDB1!
Graph constructed for chr11: DLAT!
Graph constructed for chr11: RASGRP2!
Graph constructed for chr11: TBC1D10C!
Graph constructed for chr11: HSPA8!
Graph constructed for chr11: SAA1!
Graph constructed for chr11: PGA5!
Graph constructed for chr11: CBL!
Graph constructed for chr11: LOC101928424!
Graph constructed for chr11: LINC01150!
Graph constructed for chr11: JAM3!
Graph constructed for chr11: TNKS1BP1!
Graph constructed for chr11: CTR9!
Graph constructed for chr11: AMPD3!
Graph constructed for chr11: USP2!
Graph constructed for chr11: MUC5AC!
Graph constructed for chr11: KCNC1!
Graph constructed for chr11: LOC101928896!
Graph constructed for chr11: PRMT3!
Graph constructed for chr11: DENND5A!
Graph constructed for chr11: KRTAP5-6!
Graph constructed for chr11: MRE11!
Graph constructed for chr11: LMO1!
Graph constructed for chr11: VPS51!
Graph constructed for chr11: TRIM44!
Graph constructed for chr11: LINC01493!
Graph constructed for chr11: MIR210HG!
Graph constructed for chr11: MMP10!
Graph constructed for chr11: CCDC89!
Graph constructed for chr11: IGF2-AS!
Graph constructed for chr11: CHKA!
Graph constructed for chr11: TALAM1!
Graph constructed for chr11: MUS81!
Graph constructed for chr11: MOGAT2!
Graph constructed for chr11: LOC107984399!
Graph constructed for chr11: OR51L1!
Graph constructed for chr11: TMPRSS5!
Graph constructed for chr11: FAR1!
Graph constructed for chr11: SERPINH1!
Graph constructed for chr11: PAFAH1B2!
Graph constructed for chr11: C11orf53!
Graph constructed for chr11: CKAP5!
Graph constructed for chr11: TMEM9B-AS1!
Graph constructed for chr11: FADS2!
------------------ CHR11 DONE! ------------------
{"project":"masters","channel":"laplacian","event":"Laplacian Construction is complete","description":"CHR11 is done!","icon":"🔥","notify":true,"parser":"text"}