Laplacian constructed for chr5: SLC12A2 and PCDHGA12!
Graph constructed for chr5: SLC12A2 and PCDHGA12!
Laplacian constructed for chr5: GDNF-AS1 and RNF44!
Graph constructed for chr5: GDNF-AS1 and RNF44!
Laplacian constructed for chr5: LOC105379030 and LINC02201!
Graph constructed for chr5: LOC105379030 and LINC02201!
Laplacian constructed for chr5: NR3C1 and RNF44!
Graph constructed for chr5: NR3C1 and RNF44!
Laplacian constructed for chr5: SCGB3A2 and SLC6A7!
Graph constructed for chr5: SCGB3A2 and SLC6A7!
Laplacian constructed for chr5: EGFLAM and LOC100288254!
Graph constructed for chr5: EGFLAM and LOC100288254!
Laplacian constructed for chr5: BRD9 and MYOT!
Graph constructed for chr5: BRD9 and MYOT!
Laplacian constructed for chr5: LINC02104 and GLRA1!
Graph constructed for chr5: LINC02104 and GLRA1!
Laplacian constructed for chr5: TENT4A and FAM169A!
Graph constructed for chr5: TENT4A and FAM169A!
Laplacian constructed for chr5: LOC101929645 and ZNF454!
Graph constructed for chr5: LOC101929645 and ZNF454!
Laplacian constructed for chr5: LINC02213 and GM2A!
Graph constructed for chr5: LINC02213 and GM2A!
Laplacian constructed for chr5: OSMR and TIFAB!
Graph constructed for chr5: OSMR and TIFAB!
Laplacian constructed for chr5: LOC100506688 and SPATA24!
Graph constructed for chr5: LOC100506688 and SPATA24!
Laplacian constructed for chr5: ACSL6 and CAMK2A!
Graph constructed for chr5: ACSL6 and CAMK2A!
Laplacian constructed for chr5: CETN3 and LINC02240!
Graph constructed for chr5: CETN3 and LINC02240!
Laplacian constructed for chr5: IL4 and LINC01942!
Graph constructed for chr5: IL4 and LINC01942!
Laplacian constructed for chr5: LINC01386 and CAMLG!
Graph constructed for chr5: LINC01386 and CAMLG!
Laplacian constructed for chr5: PCDHGA12 and PRELID2!
Graph constructed for chr5: PCDHGA12 and PRELID2!
Laplacian constructed for chr5: MIER3 and ELOVL7!
Graph constructed for chr5: MIER3 and ELOVL7!
Laplacian constructed for chr5: TENT4A and CKMT2!
Graph constructed for chr5: TENT4A and CKMT2!
Laplacian constructed for chr5: MIER3 and PCDHGA12!
Graph constructed for chr5: MIER3 and PCDHGA12!
