Laplacian constructed for chr4: LINC02261 and LOC101929577!
Graph constructed for chr4: LINC02261 and LOC101929577!
Laplacian constructed for chr4: C4orf54 and SMIM43!
Graph constructed for chr4: C4orf54 and SMIM43!
Laplacian constructed for chr4: MTHFD2L and PP12613!
Graph constructed for chr4: MTHFD2L and PP12613!
Laplacian constructed for chr4: LOC101928306 and SCARB2!
Graph constructed for chr4: LOC101928306 and SCARB2!
Laplacian constructed for chr4: FBXW7 and FGG!
Graph constructed for chr4: FBXW7 and FGG!
Laplacian constructed for chr4: MTHFD2L and LSM6!
Graph constructed for chr4: MTHFD2L and LSM6!
Laplacian constructed for chr4: LINC02261 and FGG!
Graph constructed for chr4: LINC02261 and FGG!
Laplacian constructed for chr4: SLAIN2 and ZFP42!
Graph constructed for chr4: SLAIN2 and ZFP42!
Laplacian constructed for chr4: DCHS2 and NEK1!
Graph constructed for chr4: DCHS2 and NEK1!
Laplacian constructed for chr4: LDB2 and LARP1B!
Graph constructed for chr4: LDB2 and LARP1B!
Laplacian constructed for chr4: TEC and CEP44!
Graph constructed for chr4: TEC and CEP44!
Laplacian constructed for chr4: LINC02263 and LOC101927516!
Graph constructed for chr4: LINC02263 and LOC101927516!
Laplacian constructed for chr4: USP17L19 and C4orf54!
Graph constructed for chr4: USP17L19 and C4orf54!
Laplacian constructed for chr4: BST1 and SPINK2!
Graph constructed for chr4: BST1 and SPINK2!
Laplacian constructed for chr4: RCHY1 and CDS1!
Graph constructed for chr4: RCHY1 and CDS1!
