Laplacian constructed for chr19: LOC101928844 and MYO1F!
Graph constructed for chr19: LOC101928844 and MYO1F!
Laplacian constructed for chr19: TYROBP and SULT2B1!
Graph constructed for chr19: TYROBP and SULT2B1!
Laplacian constructed for chr19: RYR1 and CD37!
Graph constructed for chr19: RYR1 and CD37!
Laplacian constructed for chr19: PPP5D1 and KLK12!
Graph constructed for chr19: PPP5D1 and KLK12!
Laplacian constructed for chr19: PRTN3 and ZNF415!
Graph constructed for chr19: PRTN3 and ZNF415!
Laplacian constructed for chr19: LINC01531 and ZNF628!
Graph constructed for chr19: LINC01531 and ZNF628!
Laplacian constructed for chr19: KASH5 and FLT3LG!
Graph constructed for chr19: KASH5 and FLT3LG!
Laplacian constructed for chr19: DYRK1B and SLC27A5!
Graph constructed for chr19: DYRK1B and SLC27A5!
Laplacian constructed for chr19: ZNF676 and EXOC3L2!
Graph constructed for chr19: ZNF676 and EXOC3L2!
Laplacian constructed for chr19: TGFBR3L and ZNF805!
Graph constructed for chr19: TGFBR3L and ZNF805!
Laplacian constructed for chr19: TGFBR3L and GMIP!
Graph constructed for chr19: TGFBR3L and GMIP!
Laplacian constructed for chr19: GMIP and ZNF805!
Graph constructed for chr19: GMIP and ZNF805!
Laplacian constructed for chr19: BTBD2 and PROSER3!
Graph constructed for chr19: BTBD2 and PROSER3!
Laplacian constructed for chr19: GADD45B and LOC93429!
Graph constructed for chr19: GADD45B and LOC93429!
Laplacian constructed for chr19: KLF2 and IGFL2!
Graph constructed for chr19: KLF2 and IGFL2!
Laplacian constructed for chr19: PLK5 and ZNF544!
Graph constructed for chr19: PLK5 and ZNF544!
Laplacian constructed for chr19: KLF2 and REX1BD!
Graph constructed for chr19: KLF2 and REX1BD!
Laplacian constructed for chr19: RETN and FPR3!
Graph constructed for chr19: RETN and FPR3!
Laplacian constructed for chr19: GSK3A and KCNN4!
Graph constructed for chr19: GSK3A and KCNN4!
Laplacian constructed for chr19: ATP8B3 and MAMSTR!
Graph constructed for chr19: ATP8B3 and MAMSTR!
Laplacian constructed for chr19: HAPLN4 and LGALS17A!
Graph constructed for chr19: HAPLN4 and LGALS17A!
Laplacian constructed for chr19: LOC101928844 and RABAC1!
Graph constructed for chr19: LOC101928844 and RABAC1!
Laplacian constructed for chr19: ZNF433-AS1 and TM6SF2!
Graph constructed for chr19: ZNF433-AS1 and TM6SF2!
Laplacian constructed for chr19: RUVBL2 and SBK3!
Graph constructed for chr19: RUVBL2 and SBK3!
Laplacian constructed for chr19: ZNF433-AS1 and FXYD7!
Graph constructed for chr19: ZNF433-AS1 and FXYD7!
Laplacian constructed for chr19: TM6SF2 and FXYD7!
Graph constructed for chr19: TM6SF2 and FXYD7!
Laplacian constructed for chr19: LILRB3 and EPN1!
Graph constructed for chr19: LILRB3 and EPN1!
Laplacian constructed for chr19: AKT2 and SCAF1!
Graph constructed for chr19: AKT2 and SCAF1!
Laplacian constructed for chr19: KLF2 and ZNF628!
Graph constructed for chr19: KLF2 and ZNF628!
Laplacian constructed for chr19: REX1BD and ZNF628!
Graph constructed for chr19: REX1BD and ZNF628!
Laplacian constructed for chr19: TUBB4A and RETN!
Graph constructed for chr19: TUBB4A and RETN!
Laplacian constructed for chr19: TUBB4A and FPR3!
Graph constructed for chr19: TUBB4A and FPR3!
Laplacian constructed for chr19: FFAR3 and MIR521-1!
Graph constructed for chr19: FFAR3 and MIR521-1!
Laplacian constructed for chr19: ZNF223 and BCAM!
Graph constructed for chr19: ZNF223 and BCAM!
Laplacian constructed for chr19: LYPD4 and KLK14!
Graph constructed for chr19: LYPD4 and KLK14!
Laplacian constructed for chr19: AXL and ZNF329!
Graph constructed for chr19: AXL and ZNF329!
Laplacian constructed for chr19: LRP3 and ZNF233!
Graph constructed for chr19: LRP3 and ZNF233!
Laplacian constructed for chr19: ZNF264 and ZNF416!
Graph constructed for chr19: ZNF264 and ZNF416!
Laplacian constructed for chr19: WDR87BP and KASH5!
Graph constructed for chr19: WDR87BP and KASH5!
Laplacian constructed for chr19: WDR87BP and FLT3LG!
Graph constructed for chr19: WDR87BP and FLT3LG!
Laplacian constructed for chr19: STRN4 and ETFB!
Graph constructed for chr19: STRN4 and ETFB!
Laplacian constructed for chr19: SYCE2 and ZNF227!
Graph constructed for chr19: SYCE2 and ZNF227!
Laplacian constructed for chr19: MYDGF and SLC7A10!
Graph constructed for chr19: MYDGF and SLC7A10!
Laplacian constructed for chr19: ZNF676 and KCNC3!
Graph constructed for chr19: ZNF676 and KCNC3!
Laplacian constructed for chr19: AZU1 and BTBD2!
Graph constructed for chr19: AZU1 and BTBD2!
Laplacian constructed for chr19: AZU1 and PROSER3!
Graph constructed for chr19: AZU1 and PROSER3!
Laplacian constructed for chr19: MEX3D and ZNF99!
Graph constructed for chr19: MEX3D and ZNF99!
Graph constructed for chr19: GATAD2A!
Graph constructed for chr19: ZNF223!
Graph constructed for chr19: BCAM!
Graph constructed for chr19: EPHX3!
Graph constructed for chr19: ASPDH!
Graph constructed for chr19: KLK12!
Graph constructed for chr19: CEACAM21!
Graph constructed for chr19: TGFBR3L!
Graph constructed for chr19: KLF2!
Graph constructed for chr19: TUBB4A!
Graph constructed for chr19: ZNF749!
Graph constructed for chr19: LILRA1!
Graph constructed for chr19: AP3D1!
Graph constructed for chr19: SLC7A10!
Graph constructed for chr19: ZNF14!
Graph constructed for chr19: C19orf12!
Graph constructed for chr19: EPN1!
Graph constructed for chr19: SLC25A41!
Graph constructed for chr19: CD37!
Graph constructed for chr19: ZNF283!
Graph constructed for chr19: ZNF233!
Graph constructed for chr19: GMFG!
Graph constructed for chr19: LILRA3!
Graph constructed for chr19: SCGB1B2P!
Graph constructed for chr19: ZNF99!
Graph constructed for chr19: ZNF676!
Graph constructed for chr19: LOC101928844!
Graph constructed for chr19: SBK3!
Graph constructed for chr19: ZNF415!
Graph constructed for chr19: LGALS17A!
Graph constructed for chr19: ZNF134!
Graph constructed for chr19: ZNF628!
Graph constructed for chr19: GSK3A!
Graph constructed for chr19: LOC101928517!
Graph constructed for chr19: EXOC3L2!
Graph constructed for chr19: PLK5!
Graph constructed for chr19: AZU1!
Graph constructed for chr19: RETN!
Graph constructed for chr19: SYCE2!
Graph constructed for chr19: TYROBP!
Graph constructed for chr19: ICAM3!
Graph constructed for chr19: APOE!
Graph constructed for chr19: NLRP2!
Graph constructed for chr19: GRIN2D!
Graph constructed for chr19: PROSER3!
Graph constructed for chr19: MRI1!
Graph constructed for chr19: SEMA6B!
Graph constructed for chr19: KASH5!
Graph constructed for chr19: MYO1F!
Graph constructed for chr19: ATP8B3!
Graph constructed for chr19: TSKS!
Graph constructed for chr19: JAK3!
Graph constructed for chr19: ZNF433-AS1!
Graph constructed for chr19: UBA52!
Graph constructed for chr19: LILRB3!
Graph constructed for chr19: MFSD12!
Graph constructed for chr19: ZNF805!
Graph constructed for chr19: CYP4F3!
Graph constructed for chr19: ZNF44!
Graph constructed for chr19: SULT2B1!
Graph constructed for chr19: LOC93429!
Graph constructed for chr19: C19orf71!
Graph constructed for chr19: RYR1!
Graph constructed for chr19: FFAR3!
Graph constructed for chr19: ZNF444!
Graph constructed for chr19: DOHH!
Graph constructed for chr19: CLEC17A!
Graph constructed for chr19: TMEM161A!
Graph constructed for chr19: KDELR1!
Graph constructed for chr19: SCN1B!
Graph constructed for chr19: PPP5D1!
Graph constructed for chr19: DACT3-AS1!
Graph constructed for chr19: ZNF833P!
Graph constructed for chr19: DMAC2!
Graph constructed for chr19: MPND!
Graph constructed for chr19: LINC01531!
Graph constructed for chr19: LOC105372273!
Graph constructed for chr19: PLA2G4C-AS1!
Graph constructed for chr19: THEG5!
Graph constructed for chr19: LOC101928063!
Graph constructed for chr19: TBCB!
Graph constructed for chr19: ZFP14!
Graph constructed for chr19: PRTN3!
Graph constructed for chr19: GADD45B!
Graph constructed for chr19: ANKLE1!
Graph constructed for chr19: MIR516B1!
Graph constructed for chr19: ZNF526!
Graph constructed for chr19: DYRK1B!
Graph constructed for chr19: HAUS8!
Graph constructed for chr19: INSR!
Graph constructed for chr19: PDE4C!
Graph constructed for chr19: PSG8!
Graph constructed for chr19: FLT3LG!
Graph constructed for chr19: ZNF714!
Graph constructed for chr19: PTH2!
Graph constructed for chr19: ZNF480!
Graph constructed for chr19: REX1BD!
Graph constructed for chr19: HSD17B14!
Graph constructed for chr19: SCAF1!
Graph constructed for chr19: ZNF780A!
Graph constructed for chr19: MARK4!
Graph constructed for chr19: SLC27A5!
Graph constructed for chr19: ZNF790!
Graph constructed for chr19: NXNL1!
Graph constructed for chr19: FPR3!
Graph constructed for chr19: LOC400682!
Graph constructed for chr19: LINC01532!
Graph constructed for chr19: KCNN4!
Graph constructed for chr19: ZNF426!
Graph constructed for chr19: ZNF701!
Graph constructed for chr19: MIR518C!
Graph constructed for chr19: APLP1!
Graph constructed for chr19: ETFB!
Graph constructed for chr19: GMIP!
Graph constructed for chr19: HDGFL2!
Graph constructed for chr19: LOC105372441!
Graph constructed for chr19: HNRNPUL1!
Graph constructed for chr19: PPP2R1A!
Graph constructed for chr19: ZNF559-ZNF177!
Graph constructed for chr19: CILP2!
Graph constructed for chr19: ZNF441!
Graph constructed for chr19: PSG11!
Graph constructed for chr19: AKT2!
Graph constructed for chr19: ZNF420!
Graph constructed for chr19: OR10H5!
Graph constructed for chr19: BTBD2!
Graph constructed for chr19: C19orf44!
Graph constructed for chr19: CCER2!
Graph constructed for chr19: FAM71E1!
Graph constructed for chr19: IGFL2!
Graph constructed for chr19: STXBP2!
Graph constructed for chr19: LOC105376917!
Graph constructed for chr19: ZNF544!
Graph constructed for chr19: ZNF493!
Graph constructed for chr19: RAB8A!
Graph constructed for chr19: BRSK1!
Graph constructed for chr19: NLRP11!
Graph constructed for chr19: PTBP1!
Graph constructed for chr19: GEMIN7-AS1!
Graph constructed for chr19: S1PR5!
Graph constructed for chr19: RPS11!
Graph constructed for chr19: COX6B2!
Graph constructed for chr19: ZNF57!
Graph constructed for chr19: WDR88!
Graph constructed for chr19: PRR12!
Graph constructed for chr19: AKAP8L!
Graph constructed for chr19: MUC16!
Graph constructed for chr19: HAPLN4!
Graph constructed for chr19: AXL!
Graph constructed for chr19: MAMSTR!
Graph constructed for chr19: CACTIN!
Graph constructed for chr19: TMEM147!
Graph constructed for chr19: RABAC1!
Graph constructed for chr19: PBX4!
Graph constructed for chr19: ZNF766!
Graph constructed for chr19: TM6SF2!
Graph constructed for chr19: ZNF430!
Graph constructed for chr19: KLK14!
Graph constructed for chr19: KCNC3!
Graph constructed for chr19: C3!
Graph constructed for chr19: FIZ1!
Graph constructed for chr19: ZNF419!
Graph constructed for chr19: RUVBL2!
Graph constructed for chr19: KMT5C!
Graph constructed for chr19: SSBP4!
Graph constructed for chr19: FXYD7!
Graph constructed for chr19: CCDC130!
Graph constructed for chr19: PRKCSH!
Graph constructed for chr19: ZNF416!
Graph constructed for chr19: MYO9B!
Graph constructed for chr19: RANBP3!
Graph constructed for chr19: YIF1B!
Graph constructed for chr19: LRFN1!
Graph constructed for chr19: IFNL1!
Graph constructed for chr19: ZNF765!
Graph constructed for chr19: MIR521-1!
Graph constructed for chr19: WDR83!
Graph constructed for chr19: CYP4F22!
Graph constructed for chr19: LYPD4!
Graph constructed for chr19: ZNF329!
Graph constructed for chr19: ZNF627!
Graph constructed for chr19: LRP3!
Graph constructed for chr19: ZNF264!
Graph constructed for chr19: WDR87BP!
Graph constructed for chr19: CEACAM22P!
Graph constructed for chr19: IGFL2-AS1!
Graph constructed for chr19: STRN4!
Graph constructed for chr19: REEP6!
Graph constructed for chr19: THOP1!
Graph constructed for chr19: ZNF227!
Graph constructed for chr19: SYNGR4!
Graph constructed for chr19: MYDGF!
Graph constructed for chr19: DNASE2!
Graph constructed for chr19: PIK3R2!
Graph constructed for chr19: DM1-AS!
Graph constructed for chr19: ELOF1!
Graph constructed for chr19: ZNF358!
Graph constructed for chr19: ZNF431!
Graph constructed for chr19: CEBPA-DT!
Graph constructed for chr19: CEACAM3!
Graph constructed for chr19: MEX3D!
------------------ CHR19 DONE! ------------------
{"project":"masters","channel":"laplacian","event":"Laplacian Construction is complete","description":"CHR19 is done!","icon":"🔥","notify":true,"parser":"text"}