Laplacian constructed for chr9: SUSD1 and MIR4478!
Graph constructed for chr9: SUSD1 and MIR4478!
Laplacian constructed for chr9: WHRN and TOR1A!
Graph constructed for chr9: WHRN and TOR1A!
Laplacian constructed for chr9: LOC401557 and LCN8!
Graph constructed for chr9: LOC401557 and LCN8!
Laplacian constructed for chr9: LINC01242 and PTAR1!
Graph constructed for chr9: LINC01242 and PTAR1!
Laplacian constructed for chr9: LINC01242 and CNTFR!
Graph constructed for chr9: LINC01242 and CNTFR!
Laplacian constructed for chr9: FRMPD1 and MIR4291!
Graph constructed for chr9: FRMPD1 and MIR4291!
Laplacian constructed for chr9: LOC100132077 and LRSAM1!
Graph constructed for chr9: LOC100132077 and LRSAM1!
Laplacian constructed for chr9: LINC00475 and SUGT1P4-STRA6LP-CCDC180!
Graph constructed for chr9: LINC00475 and SUGT1P4-STRA6LP-CCDC180!
Laplacian constructed for chr9: KIF24 and EBLN3P!
Graph constructed for chr9: KIF24 and EBLN3P!
Laplacian constructed for chr9: LINC01242 and PRSS3!
Graph constructed for chr9: LINC01242 and PRSS3!
Laplacian constructed for chr9: FAM122A and PPP1R26!
Graph constructed for chr9: FAM122A and PPP1R26!
Laplacian constructed for chr9: LOC101928523 and RGS3!
Graph constructed for chr9: LOC101928523 and RGS3!
Laplacian constructed for chr9: SLC25A51 and C9orf129!
Graph constructed for chr9: SLC25A51 and C9orf129!
Laplacian constructed for chr9: ZBTB26 and FAM166A!
Graph constructed for chr9: ZBTB26 and FAM166A!
Laplacian constructed for chr9: LOC100128361 and WDR5!
Graph constructed for chr9: LOC100128361 and WDR5!
Laplacian constructed for chr9: SURF6 and LOC651337!
Graph constructed for chr9: SURF6 and LOC651337!
Laplacian constructed for chr9: ROR2 and RGS3!
Graph constructed for chr9: ROR2 and RGS3!
Laplacian constructed for chr9: LINC01242 and LHX3!
Graph constructed for chr9: LINC01242 and LHX3!
Laplacian constructed for chr9: CBWD3 and LCN10!
Graph constructed for chr9: CBWD3 and LCN10!
Laplacian constructed for chr9: RFX3 and SURF6!
Graph constructed for chr9: RFX3 and SURF6!
Laplacian constructed for chr9: ARPC5L and GOLGA1!
Graph constructed for chr9: ARPC5L and GOLGA1!
Laplacian constructed for chr9: VLDLR-AS1 and STOM!
Graph constructed for chr9: VLDLR-AS1 and STOM!
Laplacian constructed for chr9: IGFBPL1 and SLC25A25!
Graph constructed for chr9: IGFBPL1 and SLC25A25!
Laplacian constructed for chr9: LURAP1L-AS1 and DNAJA1!
Graph constructed for chr9: LURAP1L-AS1 and DNAJA1!
Laplacian constructed for chr9: LOC101927954 and MUSK!
Graph constructed for chr9: LOC101927954 and MUSK!
Laplacian constructed for chr9: ZNF883 and RGS3!
Graph constructed for chr9: ZNF883 and RGS3!
Laplacian constructed for chr9: RGS3 and CARD9!
Graph constructed for chr9: RGS3 and CARD9!
Laplacian constructed for chr9: GCNT1 and LHX6!
Graph constructed for chr9: GCNT1 and LHX6!
Laplacian constructed for chr9: ERMP1 and AKNA!
Graph constructed for chr9: ERMP1 and AKNA!
Laplacian constructed for chr9: ACTL7B and C9orf116!
Graph constructed for chr9: ACTL7B and C9orf116!
Laplacian constructed for chr9: CRB2 and HSPA5!
Graph constructed for chr9: CRB2 and HSPA5!
Graph constructed for chr9: LINC01242!
Graph constructed for chr9: DMRT1!
Graph constructed for chr9: CLTA!
Graph constructed for chr9: LHX3!
Graph constructed for chr9: RGS3!
Graph constructed for chr9: MUSK!
Graph constructed for chr9: LOC100128361!
Graph constructed for chr9: FAM166A!
Graph constructed for chr9: ALAD!
Graph constructed for chr9: WHRN!
Graph constructed for chr9: SURF6!
Graph constructed for chr9: PHF2!
Graph constructed for chr9: ZFAND5!
Graph constructed for chr9: LINC00475!
Graph constructed for chr9: PRRT1B!
Graph constructed for chr9: LOC105376306!
Graph constructed for chr9: AKNA!
Graph constructed for chr9: PPP1R26!
Graph constructed for chr9: MIR4478!
Graph constructed for chr9: MIR4291!
Graph constructed for chr9: PTAR1!
Graph constructed for chr9: FAM122A!
Graph constructed for chr9: EBLN3P!
Graph constructed for chr9: CARD9!
Graph constructed for chr9: ZNF79!
Graph constructed for chr9: STOM!
Graph constructed for chr9: SLC25A25!
Graph constructed for chr9: LHX6!
Graph constructed for chr9: CRB2!
Graph constructed for chr9: HMCN2!
Graph constructed for chr9: SUSD1!
Graph constructed for chr9: LOC642943!
Graph constructed for chr9: TPRN!
Graph constructed for chr9: LOC401557!
Graph constructed for chr9: DNAJA1!
Graph constructed for chr9: NCBP1!
Graph constructed for chr9: FCN2!
Graph constructed for chr9: PBX3!
Graph constructed for chr9: ACTL7B!
Graph constructed for chr9: FRMPD1!
Graph constructed for chr9: DKFZP434A062!
Graph constructed for chr9: SLC31A2!
Graph constructed for chr9: ARPC5L!
Graph constructed for chr9: PTPA!
Graph constructed for chr9: FUBP3!
Graph constructed for chr9: DCAF12!
Graph constructed for chr9: KIF24!
Graph constructed for chr9: NACC2!
Graph constructed for chr9: SUGT1P4-STRA6LP-CCDC180!
Graph constructed for chr9: GRIN1!
Graph constructed for chr9: RMI1!
Graph constructed for chr9: LINC01239!
Graph constructed for chr9: PIGO!
Graph constructed for chr9: CNTFR!
Graph constructed for chr9: DOCK8-AS1!
Graph constructed for chr9: PRUNE2!
Graph constructed for chr9: LINC00587!
Graph constructed for chr9: LOC389765!
Graph constructed for chr9: LOC100132077!
Graph constructed for chr9: MOB3B!
Graph constructed for chr9: PSMB7!
Graph constructed for chr9: LINC01509!
Graph constructed for chr9: COL15A1!
Graph constructed for chr9: CYLC2!
Graph constructed for chr9: DAB2IP!
Graph constructed for chr9: TOR2A!
Graph constructed for chr9: IFNA21!
Graph constructed for chr9: APBA1!
Graph constructed for chr9: SPATA31A3!
Graph constructed for chr9: MLLT3!
Graph constructed for chr9: TOR1A!
Graph constructed for chr9: CELP!
Graph constructed for chr9: FAM221B!
Graph constructed for chr9: NUTM2F!
Graph constructed for chr9: NUDT2!
Graph constructed for chr9: SEC61B!
Graph constructed for chr9: C5!
Graph constructed for chr9: BSPRY!
Graph constructed for chr9: ZBTB5!
Graph constructed for chr9: NPDC1!
Graph constructed for chr9: ROR2!
Graph constructed for chr9: LCN8!
Graph constructed for chr9: LRSAM1!
Graph constructed for chr9: KCNV2!
Graph constructed for chr9: SNHG7!
Graph constructed for chr9: GOLGA1!
Graph constructed for chr9: VLDLR-AS1!
Graph constructed for chr9: QSOX2!
Graph constructed for chr9: TMEM250!
Graph constructed for chr9: LOC340512!
Graph constructed for chr9: MLANA!
Graph constructed for chr9: ANKRD18A!
Graph constructed for chr9: LINC01492!
Graph constructed for chr9: QRFP!
Graph constructed for chr9: AGPAT2!
Graph constructed for chr9: ENTPD2!
Graph constructed for chr9: TGFBR1!
Graph constructed for chr9: RABEPK!
Graph constructed for chr9: DNLZ!
Graph constructed for chr9: C9orf135-DT!
Graph constructed for chr9: SLC25A25-AS1!
Graph constructed for chr9: C9orf85!
Graph constructed for chr9: C9orf129!
Graph constructed for chr9: LOC101928786!
Graph constructed for chr9: PRSS3!
Graph constructed for chr9: FOXB2!
Graph constructed for chr9: LOC100129316!
Graph constructed for chr9: ZNF484!
Graph constructed for chr9: RORB!
Graph constructed for chr9: FKTN!
Graph constructed for chr9: MAMDC2!
Graph constructed for chr9: IFNW1!
Graph constructed for chr9: CCDC183!
Graph constructed for chr9: WDR5!
Graph constructed for chr9: INSL6!
Graph constructed for chr9: SHC3!
Graph constructed for chr9: LOC651337!
Graph constructed for chr9: GALT!
Graph constructed for chr9: DOLPP1!
Graph constructed for chr9: ZBTB26!
Graph constructed for chr9: LOC100133077!
Graph constructed for chr9: LCN10!
Graph constructed for chr9: SLC25A51!
Graph constructed for chr9: DNM1!
Graph constructed for chr9: CFAP77!
Graph constructed for chr9: DENND1A!
Graph constructed for chr9: POMT1!
Graph constructed for chr9: ACO1!
Graph constructed for chr9: UCK1!
Graph constructed for chr9: GCNT1!
Graph constructed for chr9: GBA2!
Graph constructed for chr9: ABCA2!
Graph constructed for chr9: TOPORS!
Graph constructed for chr9: ZBTB43!
Graph constructed for chr9: WDR38!
Graph constructed for chr9: OR5C1!
Graph constructed for chr9: OLFML2A!
Graph constructed for chr9: ASTN2!
Graph constructed for chr9: OR1N2!
Graph constructed for chr9: DENND4C!
Graph constructed for chr9: LOC101927069!
Graph constructed for chr9: LOC101928523!
Graph constructed for chr9: PPP3R2!
Graph constructed for chr9: PDCD1LG2!
Graph constructed for chr9: SLC24A2!
Graph constructed for chr9: PTENP1-AS!
Graph constructed for chr9: TBC1D13!
Graph constructed for chr9: PTPRD-AS1!
Graph constructed for chr9: OR13F1!
Graph constructed for chr9: BRD3!
Graph constructed for chr9: AJM1!
Graph constructed for chr9: CARD19!
Graph constructed for chr9: GAPVD1!
Graph constructed for chr9: CENPP!
Graph constructed for chr9: MFSD14C!
Graph constructed for chr9: LOC101928748!
Graph constructed for chr9: PRDM12!
Graph constructed for chr9: LRRC8A!
Graph constructed for chr9: CIZ1!
Graph constructed for chr9: SPINK4!
Graph constructed for chr9: FNBP1!
Graph constructed for chr9: SOHLH1!
Graph constructed for chr9: DMRTA1!
Graph constructed for chr9: TEX53!
Graph constructed for chr9: TUBBP5!
Graph constructed for chr9: BNC2!
Graph constructed for chr9: C9orf47!
Graph constructed for chr9: CDC26!
Graph constructed for chr9: RECK!
Graph constructed for chr9: LCN2!
Graph constructed for chr9: GARNL3!
Graph constructed for chr9: GLT6D1!
Graph constructed for chr9: ECPAS!
Graph constructed for chr9: ALDOB!
Graph constructed for chr9: NSMF!
Graph constructed for chr9: NIPSNAP3B!
Graph constructed for chr9: GTF3C5!
Graph constructed for chr9: ATP6V1G1!
Graph constructed for chr9: CAMSAP1!
Graph constructed for chr9: USP20!
Graph constructed for chr9: TDRD7!
Graph constructed for chr9: LOC101928797!
Graph constructed for chr9: SPAAR!
Graph constructed for chr9: GLIS3!
Graph constructed for chr9: AQP7P3!
Graph constructed for chr9: SLC35D2!
Graph constructed for chr9: ZNF483!
Graph constructed for chr9: ERMP1!
Graph constructed for chr9: DPP7!
Graph constructed for chr9: ANKS6!
Graph constructed for chr9: CBWD3!
Graph constructed for chr9: ZER1!
Graph constructed for chr9: RFX3!
Graph constructed for chr9: MFSD14B!
Graph constructed for chr9: RBM18!
Graph constructed for chr9: LOC101929748!
Graph constructed for chr9: LHX2!
Graph constructed for chr9: IGFBPL1!
Graph constructed for chr9: ADAMTSL2!
Graph constructed for chr9: LURAP1L-AS1!
Graph constructed for chr9: LOC101927954!
Graph constructed for chr9: MEGF9!
Graph constructed for chr9: COL5A1!
Graph constructed for chr9: PTPRD-AS2!
Graph constructed for chr9: MVB12B!
Graph constructed for chr9: LINC02872!
Graph constructed for chr9: KIF12!
Graph constructed for chr9: SPATA31A1!
Graph constructed for chr9: ORM2!
Graph constructed for chr9: TNC!
Graph constructed for chr9: OR1L1!
Graph constructed for chr9: B4GALT1-AS1!
Graph constructed for chr9: ZNF883!
Graph constructed for chr9: ST6GALNAC4!
Graph constructed for chr9: MAN1B1!
Graph constructed for chr9: LOC101448202!
Graph constructed for chr9: ACER2!
Graph constructed for chr9: PTGDS!
Graph constructed for chr9: DPH7!
Graph constructed for chr9: SHOC1!
Graph constructed for chr9: PRSS47!
Graph constructed for chr9: TLE4!
Graph constructed for chr9: LOC286359!
Graph constructed for chr9: ELP1!
Graph constructed for chr9: HDHD3!
Graph constructed for chr9: BICD2!
Graph constructed for chr9: CCDC171!
Graph constructed for chr9: SMC5-AS1!
Graph constructed for chr9: PRRC2B!
Graph constructed for chr9: EXOSC3!
Graph constructed for chr9: ANKRD19P!
Graph constructed for chr9: UHRF2!
Graph constructed for chr9: DOCK8!
Graph constructed for chr9: DDX58!
Graph constructed for chr9: FAM74A1!
Graph constructed for chr9: BARX1!
Graph constructed for chr9: RALGAPA1P1!
Graph constructed for chr9: TRUB2!
Graph constructed for chr9: FAM74A3!
Graph constructed for chr9: MAPKAP1!
Graph constructed for chr9: SAXO1!
Graph constructed for chr9: CAAP1!
Graph constructed for chr9: PLPP7!
Graph constructed for chr9: RNU6ATAC!
Graph constructed for chr9: DMRT3!
Graph constructed for chr9: NIBAN2!
Graph constructed for chr9: C9orf116!
Graph constructed for chr9: RLN2!
Graph constructed for chr9: EDF1!
Graph constructed for chr9: CRAT!
Graph constructed for chr9: PMPCA!
Graph constructed for chr9: LOC101927502!
Graph constructed for chr9: ACTL7A!
Graph constructed for chr9: OR1J1!
Graph constructed for chr9: APTX!
Graph constructed for chr9: HSPA5!
------------------ CHR9 DONE! ------------------
{"project":"masters","channel":"laplacian","event":"Laplacian Construction is complete","description":"CHR9 is done!","icon":"🔥","notify":true,"parser":"text"}