Laplacian constructed for chr6: NOL7 and BVES!
Graph constructed for chr6: NOL7 and BVES!
Laplacian constructed for chr6: KPNA5 and PACRG-AS2!
Graph constructed for chr6: KPNA5 and PACRG-AS2!
Laplacian constructed for chr6: TBC1D22B and OSTM1!
Graph constructed for chr6: TBC1D22B and OSTM1!
Laplacian constructed for chr6: H2BC15 and LY6G6C!
Graph constructed for chr6: H2BC15 and LY6G6C!
Laplacian constructed for chr6: TMEM170B and CRISP1!
Graph constructed for chr6: TMEM170B and CRISP1!
Laplacian constructed for chr6: MICA and DAAM2-AS1!
Graph constructed for chr6: MICA and DAAM2-AS1!
Laplacian constructed for chr6: DNAH8 and LINC00326!
Graph constructed for chr6: DNAH8 and LINC00326!
Laplacian constructed for chr6: OR10C1 and SDHAF4!
Graph constructed for chr6: OR10C1 and SDHAF4!
Laplacian constructed for chr6: ID4 and ARID1B!
Graph constructed for chr6: ID4 and ARID1B!
Laplacian constructed for chr6: MTRES1 and EPB41L2!
Graph constructed for chr6: MTRES1 and EPB41L2!
Laplacian constructed for chr6: MICA and MICAL1!
Graph constructed for chr6: MICA and MICAL1!
Laplacian constructed for chr6: GPX6 and LINC02534!
Graph constructed for chr6: GPX6 and LINC02534!
Laplacian constructed for chr6: CASC15 and LOC102724152!
Graph constructed for chr6: CASC15 and LOC102724152!
Laplacian constructed for chr6: AARS2 and RNGTT!
Graph constructed for chr6: AARS2 and RNGTT!
Laplacian constructed for chr6: LY6G6C and C6orf118!
Graph constructed for chr6: LY6G6C and C6orf118!
Laplacian constructed for chr6: NOL7 and OSTM1!
Graph constructed for chr6: NOL7 and OSTM1!
Laplacian constructed for chr6: ADGRF2 and SLC25A51P1!
Graph constructed for chr6: ADGRF2 and SLC25A51P1!
Laplacian constructed for chr6: ARMC2-AS1 and MYB!
Graph constructed for chr6: ARMC2-AS1 and MYB!
