Laplacian constructed for chr12: LINC02444 and SRRM4!
Graph constructed for chr12: LINC02444 and SRRM4!
Laplacian constructed for chr12: C1RL-AS1 and FIGNL2!
Graph constructed for chr12: C1RL-AS1 and FIGNL2!
Laplacian constructed for chr12: FGF6 and RIC8B!
Graph constructed for chr12: FGF6 and RIC8B!
Laplacian constructed for chr12: DUSP16 and KMT2D!
Graph constructed for chr12: DUSP16 and KMT2D!
Laplacian constructed for chr12: CACNA2D4 and SCN8A!
Graph constructed for chr12: CACNA2D4 and SCN8A!
Laplacian constructed for chr12: RAD52 and TSFM!
Graph constructed for chr12: RAD52 and TSFM!
Laplacian constructed for chr12: KCCAT198 and TRAFD1!
Graph constructed for chr12: KCCAT198 and TRAFD1!
Laplacian constructed for chr12: CRY1 and NOS1!
Graph constructed for chr12: CRY1 and NOS1!
Laplacian constructed for chr12: CLEC9A and NEUROD4!
Graph constructed for chr12: CLEC9A and NEUROD4!
Laplacian constructed for chr12: FAM66C and LINC02458!
Graph constructed for chr12: FAM66C and LINC02458!
Laplacian constructed for chr12: CACNA1C-AS1 and UBE3B!
Graph constructed for chr12: CACNA1C-AS1 and UBE3B!
Laplacian constructed for chr12: GTSF1 and ZNF664-RFLNA!
Graph constructed for chr12: GTSF1 and ZNF664-RFLNA!
Laplacian constructed for chr12: C1R and LINC02381!
Graph constructed for chr12: C1R and LINC02381!
Laplacian constructed for chr12: KRT6A and SDS!
Graph constructed for chr12: KRT6A and SDS!
Laplacian constructed for chr12: CLEC12A and PTPRR!
Graph constructed for chr12: CLEC12A and PTPRR!
Laplacian constructed for chr12: FOXM1 and PYM1!
Graph constructed for chr12: FOXM1 and PYM1!
Laplacian constructed for chr12: C12orf4 and ZNF664-RFLNA!
Graph constructed for chr12: C12orf4 and ZNF664-RFLNA!
Laplacian constructed for chr12: CACNA1C-AS2 and CACNB3!
Graph constructed for chr12: CACNA1C-AS2 and CACNB3!
Laplacian constructed for chr12: AMN1 and VPS29!
Graph constructed for chr12: AMN1 and VPS29!
Laplacian constructed for chr12: SLC15A5 and NOC4L!
Graph constructed for chr12: SLC15A5 and NOC4L!
Laplacian constructed for chr12: GPRC5D-AS1 and NUDT4P2!
Graph constructed for chr12: GPRC5D-AS1 and NUDT4P2!
Laplacian constructed for chr12: SCYL2 and DNAH10!
Graph constructed for chr12: SCYL2 and DNAH10!
Laplacian constructed for chr12: C1R and RMST!
Graph constructed for chr12: C1R and RMST!
Laplacian constructed for chr12: LOC100128253 and TAFA2!
Graph constructed for chr12: LOC100128253 and TAFA2!
Laplacian constructed for chr12: FLJ12825 and OAS2!
Graph constructed for chr12: FLJ12825 and OAS2!
Laplacian constructed for chr12: KRT6A and FZD10!
Graph constructed for chr12: KRT6A and FZD10!
Laplacian constructed for chr12: CDK2 and LOC100130238!
Graph constructed for chr12: CDK2 and LOC100130238!
Laplacian constructed for chr12: LINC02388 and NAP1L1!
Graph constructed for chr12: LINC02388 and NAP1L1!
Laplacian constructed for chr12: KRT6C and DGKA!
Graph constructed for chr12: KRT6C and DGKA!
Laplacian constructed for chr12: C2CD5 and CASC18!
Graph constructed for chr12: C2CD5 and CASC18!
Laplacian constructed for chr12: MAP3K12 and PLEKHG7!
Graph constructed for chr12: MAP3K12 and PLEKHG7!
Laplacian constructed for chr12: CLEC2D and GYS2!
Graph constructed for chr12: CLEC2D and GYS2!
Laplacian constructed for chr12: CLEC4E and MSI1!
Graph constructed for chr12: CLEC4E and MSI1!
Laplacian constructed for chr12: AMN1 and OR6C6!
Graph constructed for chr12: AMN1 and OR6C6!
Laplacian constructed for chr12: OR6C6 and VPS29!
Graph constructed for chr12: OR6C6 and VPS29!
Graph constructed for chr12: KMT2D!
Graph constructed for chr12: PHB2!
Graph constructed for chr12: SRRM4!
Graph constructed for chr12: PRR13!
Graph constructed for chr12: PXMP2!
Graph constructed for chr12: TAS2R7!
Graph constructed for chr12: PRANCR!
Graph constructed for chr12: C1R!
Graph constructed for chr12: CLEC12A!
Graph constructed for chr12: CACNA2D4!
Graph constructed for chr12: GDF3!
Graph constructed for chr12: DNAH10!
Graph constructed for chr12: CRY1!
Graph constructed for chr12: TRAFD1!
Graph constructed for chr12: ANKRD33!
Graph constructed for chr12: CLEC4E!
Graph constructed for chr12: TMEM19!
Graph constructed for chr12: DUSP16!
Graph constructed for chr12: NAP1L1!
Graph constructed for chr12: GTSF1!
Graph constructed for chr12: NFYB!
Graph constructed for chr12: SLCO1B1!
Graph constructed for chr12: FLJ12825!
Graph constructed for chr12: SLC17A8!
Graph constructed for chr12: CACNB3!
Graph constructed for chr12: KRT6A!
Graph constructed for chr12: HPD!
Graph constructed for chr12: TAC3!
Graph constructed for chr12: LRRK2!
Graph constructed for chr12: PPTC7!
Graph constructed for chr12: MAP3K12!
Graph constructed for chr12: KRT77!
Graph constructed for chr12: STAC3!
Graph constructed for chr12: LINC00940!
Graph constructed for chr12: PLEKHA5!
Graph constructed for chr12: RAPGEF3!
Graph constructed for chr12: CLEC9A!
Graph constructed for chr12: DYRK2!
Graph constructed for chr12: RIC8B!
Graph constructed for chr12: FZD10!
Graph constructed for chr12: MANSC4!
Graph constructed for chr12: SVOP!
Graph constructed for chr12: TIGAR!
Graph constructed for chr12: ANO2!
Graph constructed for chr12: KRT75!
Graph constructed for chr12: SDS!
Graph constructed for chr12: KLHL42!
Graph constructed for chr12: UNG!
Graph constructed for chr12: ANO6!
Graph constructed for chr12: NXPH4!
Graph constructed for chr12: CACNA1C!
Graph constructed for chr12: PMEL!
Graph constructed for chr12: LUM!
Graph constructed for chr12: CPSF6!
Graph constructed for chr12: ZBTB39!
Graph constructed for chr12: FIGNL2!
Graph constructed for chr12: ZNF84!
Graph constructed for chr12: LYZ!
Graph constructed for chr12: LINC02389!
Graph constructed for chr12: LINC02444!
Graph constructed for chr12: FGF6!
Graph constructed for chr12: KIF21A!
Graph constructed for chr12: PLCZ1!
Graph constructed for chr12: GPR19!
Graph constructed for chr12: PLXNC1!
Graph constructed for chr12: VPS29!
Graph constructed for chr12: CCND2-AS1!
Graph constructed for chr12: ZNF664-RFLNA!
Graph constructed for chr12: LINC02425!
Graph constructed for chr12: FZD10-AS1!
Graph constructed for chr12: LINC02398!
Graph constructed for chr12: WSCD2!
Graph constructed for chr12: PZP!
Graph constructed for chr12: LOC100287944!
Graph constructed for chr12: LOC101929162!
Graph constructed for chr12: FAM66C!
Graph constructed for chr12: IQSEC3!
Graph constructed for chr12: CALCOCO1!
Graph constructed for chr12: NCAPD2!
Graph constructed for chr12: RAB3IP!
Graph constructed for chr12: TMEM233!
Graph constructed for chr12: MAPKAPK5-AS1!
Graph constructed for chr12: CACNA1C-AS2!
Graph constructed for chr12: ACRBP!
Graph constructed for chr12: RAB5B!
Graph constructed for chr12: SLC38A2!
Graph constructed for chr12: LOC100130238!
Graph constructed for chr12: PTPRO!
Graph constructed for chr12: FAIM2!
Graph constructed for chr12: TMTC2!
Graph constructed for chr12: LINC02418!
Graph constructed for chr12: USP15!
Graph constructed for chr12: C1RL-AS1!
Graph constructed for chr12: CHD4!
Graph constructed for chr12: MED21!
Graph constructed for chr12: UBC!
Graph constructed for chr12: KRT74!
Graph constructed for chr12: ERC1!
Graph constructed for chr12: MSI1!
Graph constructed for chr12: LINC01619!
Graph constructed for chr12: RITA1!
Graph constructed for chr12: DHX37!
Graph constructed for chr12: TMTC3!
Graph constructed for chr12: UBE3B!
Graph constructed for chr12: MMAB!
Graph constructed for chr12: RXYLT1-AS1!
Graph constructed for chr12: FGF23!
Graph constructed for chr12: PYM1!
Graph constructed for chr12: LOC105369691!
Graph constructed for chr12: RAD51AP1!
Graph constructed for chr12: TSFM!
Graph constructed for chr12: CNOT2!
Graph constructed for chr12: SMCO2!
Graph constructed for chr12: MYL6B!
Graph constructed for chr12: LINC02396!
Graph constructed for chr12: CD27-AS1!
Graph constructed for chr12: HIGD1C!
Graph constructed for chr12: LOC374443!
Graph constructed for chr12: SLC15A5!
Graph constructed for chr12: CCNT1!
Graph constructed for chr12: KLRF1!
Graph constructed for chr12: OAS2!
Graph constructed for chr12: CTDSP2!
Graph constructed for chr12: SLC15A4!
Graph constructed for chr12: KLRF2!
Graph constructed for chr12: CLEC4A!
Graph constructed for chr12: VPS33A!
Graph constructed for chr12: RPAP3!
Graph constructed for chr12: NOS1!
Graph constructed for chr12: MGP!
Graph constructed for chr12: COL2A1!
Graph constructed for chr12: ITGA7!
Graph constructed for chr12: SCN8A!
Graph constructed for chr12: RAD52!
Graph constructed for chr12: KCCAT198!
Graph constructed for chr12: GPRC5D-AS1!
Graph constructed for chr12: STAT6!
Graph constructed for chr12: CSAD!
Graph constructed for chr12: NEUROD4!
Graph constructed for chr12: HOXC12!
Graph constructed for chr12: PPP1R1A!
Graph constructed for chr12: LINC02401!
Graph constructed for chr12: SP7!
Graph constructed for chr12: DPPA3!
Graph constructed for chr12: BCDIN3D-AS1!
Graph constructed for chr12: LINC02458!
Graph constructed for chr12: LOC105369921!
Graph constructed for chr12: MGST1!
Graph constructed for chr12: CLEC2D!
Graph constructed for chr12: TNFRSF1A!
Graph constructed for chr12: SLC5A8!
Graph constructed for chr12: CACNA1C-AS1!
Graph constructed for chr12: CBX5!
Graph constructed for chr12: CPM!
Graph constructed for chr12: A2M-AS1!
Graph constructed for chr12: LINC02381!
Graph constructed for chr12: LINC02417!
Graph constructed for chr12: ETV6!
Graph constructed for chr12: PCED1B-AS1!
Graph constructed for chr12: FBRSL1!
Graph constructed for chr12: AVIL!
Graph constructed for chr12: XPOT!
Graph constructed for chr12: PTHLH!
Graph constructed for chr12: PXN-AS1!
Graph constructed for chr12: LINC02388!
Graph constructed for chr12: AMN1!
Graph constructed for chr12: TAFA2!
Graph constructed for chr12: SCYL2!
Graph constructed for chr12: KRT6C!
Graph constructed for chr12: ATXN2!
Graph constructed for chr12: CCND2!
Graph constructed for chr12: TMBIM4!
Graph constructed for chr12: NOP2!
Graph constructed for chr12: LHX5!
Graph constructed for chr12: ART4!
Graph constructed for chr12: RNU4-1!
Graph constructed for chr12: PTPRR!
Graph constructed for chr12: KRT80!
Graph constructed for chr12: KRT71!
Graph constructed for chr12: METTL1!
Graph constructed for chr12: FOXM1!
Graph constructed for chr12: MYBPC1!
Graph constructed for chr12: TMEM132D-AS2!
Graph constructed for chr12: OR8S1!
Graph constructed for chr12: C12orf4!
Graph constructed for chr12: ABCC9!
Graph constructed for chr12: BICD1!
Graph constructed for chr12: CAND1!
Graph constructed for chr12: RBM19!
Graph constructed for chr12: ATG101!
Graph constructed for chr12: TMEM263!
Graph constructed for chr12: ANKLE2!
Graph constructed for chr12: COX6A1!
Graph constructed for chr12: C12orf77!
Graph constructed for chr12: CCDC91!
Graph constructed for chr12: NAB2!
Graph constructed for chr12: C12orf56!
Graph constructed for chr12: PCBP2!
Graph constructed for chr12: NUDT4P2!
Graph constructed for chr12: TRPV4!
Graph constructed for chr12: KCTD10!
Graph constructed for chr12: SUDS3!
Graph constructed for chr12: TMEM132D-AS1!
Graph constructed for chr12: NOC4L!
Graph constructed for chr12: TRHDE!
Graph constructed for chr12: TMEM132C!
Graph constructed for chr12: ZFC3H1!
Graph constructed for chr12: KLRB1!
Graph constructed for chr12: DHH!
Graph constructed for chr12: PTPN11!
Graph constructed for chr12: LINC02231!
Graph constructed for chr12: ZNF26!
Graph constructed for chr12: MPHOSPH9!
Graph constructed for chr12: LOC100128253!
Graph constructed for chr12: SPRYD3!
Graph constructed for chr12: BIN2!
Graph constructed for chr12: LINC02399!
Graph constructed for chr12: LMBR1L!
Graph constructed for chr12: SLC6A15!
Graph constructed for chr12: ASCL4!
Graph constructed for chr12: ADGRD1!
Graph constructed for chr12: NCKAP1L!
Graph constructed for chr12: LINC02369!
Graph constructed for chr12: GYS2!
Graph constructed for chr12: TXNRD1!
Graph constructed for chr12: P2RX7!
Graph constructed for chr12: C2CD5!
Graph constructed for chr12: RMST!
Graph constructed for chr12: ARNTL2!
Graph constructed for chr12: CLEC6A!
Graph constructed for chr12: CDK2!
Graph constructed for chr12: LINC01234!
Graph constructed for chr12: DGKA!
Graph constructed for chr12: CASC18!
Graph constructed for chr12: CDK17!
Graph constructed for chr12: C12orf71!
Graph constructed for chr12: GLIPR1L2!
Graph constructed for chr12: ADIPOR2!
Graph constructed for chr12: PLEKHG7!
Graph constructed for chr12: RASSF9!
Graph constructed for chr12: HECTD4!
Graph constructed for chr12: OR6C6!
Graph constructed for chr12: VPS37B!
Graph constructed for chr12: FAM234B!
Graph constructed for chr12: GOLGA2P5!
Graph constructed for chr12: CMKLR1!
Graph constructed for chr12: ULK1!
Graph constructed for chr12: TWF1!
Graph constructed for chr12: ZNF641!
------------------ CHR12 DONE! ------------------
{"project":"masters","channel":"laplacian","event":"Laplacian Construction is complete","description":"CHR12 is done!","icon":"🔥","notify":true,"parser":"text"}