Laplacian constructed for chr20: ZNF334 and GCNT7!
Graph constructed for chr20: ZNF334 and GCNT7!
Laplacian constructed for chr20: NDRG3 and SLC9A8!
Graph constructed for chr20: NDRG3 and SLC9A8!
Laplacian constructed for chr20: MROH8 and LINC00266-1!
Graph constructed for chr20: MROH8 and LINC00266-1!
Laplacian constructed for chr20: XRN2 and E2F1!
Graph constructed for chr20: XRN2 and E2F1!
Laplacian constructed for chr20: POLR3F and GGTLC1!
Graph constructed for chr20: POLR3F and GGTLC1!
Laplacian constructed for chr20: DEFB129 and TTPAL!
Graph constructed for chr20: DEFB129 and TTPAL!
Laplacian constructed for chr20: DEFB129 and RTEL1!
Graph constructed for chr20: DEFB129 and RTEL1!
Laplacian constructed for chr20: STK4 and MIR4325!
Graph constructed for chr20: STK4 and MIR4325!
Laplacian constructed for chr20: SRXN1 and LINC01524!
Graph constructed for chr20: SRXN1 and LINC01524!
Laplacian constructed for chr20: DEFB129 and ADAM33!
Graph constructed for chr20: DEFB129 and ADAM33!
Laplacian constructed for chr20: PKIG and CDH4!
Graph constructed for chr20: PKIG and CDH4!
Laplacian constructed for chr20: FER1L4 and TTI1!
Graph constructed for chr20: FER1L4 and TTI1!
Laplacian constructed for chr20: ESF1 and RTEL1-TNFRSF6B!
Graph constructed for chr20: ESF1 and RTEL1-TNFRSF6B!
Laplacian constructed for chr20: NAPB and BPIFB6!
Graph constructed for chr20: NAPB and BPIFB6!
Laplacian constructed for chr20: ASXL1 and APCDD1L-DT!
Graph constructed for chr20: ASXL1 and APCDD1L-DT!
Laplacian constructed for chr20: CDC25B and ATP5F1E!
Graph constructed for chr20: CDC25B and ATP5F1E!
Laplacian constructed for chr20: SPATA25 and CTSZ!
Graph constructed for chr20: SPATA25 and CTSZ!
Laplacian constructed for chr20: XRN2 and PHF20!
Graph constructed for chr20: XRN2 and PHF20!
Laplacian constructed for chr20: LOC105372582 and MIR4325!
Graph constructed for chr20: LOC105372582 and MIR4325!
Laplacian constructed for chr20: ESF1 and HRH3!
Graph constructed for chr20: ESF1 and HRH3!
Laplacian constructed for chr20: DEFB129 and DEFB116!
Graph constructed for chr20: DEFB129 and DEFB116!
Laplacian constructed for chr20: BCL2L1 and CDH4!
Graph constructed for chr20: BCL2L1 and CDH4!
Laplacian constructed for chr20: DEFB129 and CST1!
Graph constructed for chr20: DEFB129 and CST1!
Laplacian constructed for chr20: LINC01428 and HRH3!
Graph constructed for chr20: LINC01428 and HRH3!
Laplacian constructed for chr20: MIR663AHG and DEFB116!
Graph constructed for chr20: MIR663AHG and DEFB116!
Laplacian constructed for chr20: LOC101926889 and ADNP-AS1!
Graph constructed for chr20: LOC101926889 and ADNP-AS1!
Laplacian constructed for chr20: MAP1LC3A and KCNK15-AS1!
Graph constructed for chr20: MAP1LC3A and KCNK15-AS1!
Laplacian constructed for chr20: DEFB129 and VSTM2L!
Graph constructed for chr20: DEFB129 and VSTM2L!
Laplacian constructed for chr20: CST4 and HM13!
Graph constructed for chr20: CST4 and HM13!
Laplacian constructed for chr20: TBC1D20 and EDN3!
Graph constructed for chr20: TBC1D20 and EDN3!
Laplacian constructed for chr20: LOC284788 and ARFGAP1!
Graph constructed for chr20: LOC284788 and ARFGAP1!
Laplacian constructed for chr20: DZANK1 and LINC00029!
Graph constructed for chr20: DZANK1 and LINC00029!
Laplacian constructed for chr20: RBCK1 and CST4!
Graph constructed for chr20: RBCK1 and CST4!
Laplacian constructed for chr20: NCOA5 and ZGPAT!
Graph constructed for chr20: NCOA5 and ZGPAT!
Laplacian constructed for chr20: LINC01433 and CDS2!
Graph constructed for chr20: LINC01433 and CDS2!
Laplacian constructed for chr20: LOC613266 and ZNF512B!
Graph constructed for chr20: LOC613266 and ZNF512B!
Laplacian constructed for chr20: LOC284788 and MANBAL!
Graph constructed for chr20: LOC284788 and MANBAL!
Laplacian constructed for chr20: SLC52A3 and PIGU!
Graph constructed for chr20: SLC52A3 and PIGU!
Laplacian constructed for chr20: NAPB and PTGIS!
Graph constructed for chr20: NAPB and PTGIS!
