Laplacian constructed for chr8: LINC01605 and CYC1!
Graph constructed for chr8: LINC01605 and CYC1!
Laplacian constructed for chr8: TTPA and OPLAH!
Graph constructed for chr8: TTPA and OPLAH!
Laplacian constructed for chr8: LINC02209 and CASC21!
Graph constructed for chr8: LINC02209 and CASC21!
Laplacian constructed for chr8: LINC02605 and OPLAH!
Graph constructed for chr8: LINC02605 and OPLAH!
Laplacian constructed for chr8: C8orf89 and ODF1!
Graph constructed for chr8: C8orf89 and ODF1!
Laplacian constructed for chr8: LINC01301 and LOC100132813!
Graph constructed for chr8: LINC01301 and LOC100132813!
Laplacian constructed for chr8: GINS4 and DKK4!
Graph constructed for chr8: GINS4 and DKK4!
Laplacian constructed for chr8: LOC100507156 and MAL2-AS1!
Graph constructed for chr8: LOC100507156 and MAL2-AS1!
Laplacian constructed for chr8: STAR and LINC02055!
Graph constructed for chr8: STAR and LINC02055!
Laplacian constructed for chr8: TDH and COL14A1!
Graph constructed for chr8: TDH and COL14A1!
Laplacian constructed for chr8: XKR5 and RSPO2!
Graph constructed for chr8: XKR5 and RSPO2!
Laplacian constructed for chr8: LOC101929128 and LOC101929269!
Graph constructed for chr8: LOC101929128 and LOC101929269!
Laplacian constructed for chr8: EIF3H and LRRC14!
Graph constructed for chr8: EIF3H and LRRC14!
Laplacian constructed for chr8: LOC101928095 and LINC02878!
Graph constructed for chr8: LOC101928095 and LINC02878!
Laplacian constructed for chr8: C8orf74 and BMP1!
Graph constructed for chr8: C8orf74 and BMP1!
Laplacian constructed for chr8: LINC01151 and KHDRBS3!
Graph constructed for chr8: LINC01151 and KHDRBS3!
Laplacian constructed for chr8: ZBTB10 and FBXO32!
Graph constructed for chr8: ZBTB10 and FBXO32!
Laplacian constructed for chr8: FGFR1 and RGS22!
Graph constructed for chr8: FGFR1 and RGS22!
Laplacian constructed for chr8: VXN and PRNCR1!
Graph constructed for chr8: VXN and PRNCR1!
Laplacian constructed for chr8: BIN3 and FABP9!
Graph constructed for chr8: BIN3 and FABP9!
Laplacian constructed for chr8: NRG1 and CNGB3!
Graph constructed for chr8: NRG1 and CNGB3!
Laplacian constructed for chr8: RPS20 and CNBD1!
Graph constructed for chr8: RPS20 and CNBD1!
Laplacian constructed for chr8: BMP1 and SNX31!
Graph constructed for chr8: BMP1 and SNX31!
Laplacian constructed for chr8: SLC35G5 and COL14A1!
Graph constructed for chr8: SLC35G5 and COL14A1!
Laplacian constructed for chr8: CDCA2 and ZNF706!
Graph constructed for chr8: CDCA2 and ZNF706!
Laplacian constructed for chr8: LOC102723313 and CNBD1!
Graph constructed for chr8: LOC102723313 and CNBD1!
Laplacian constructed for chr8: LOC101927752 and GRHL2!
Graph constructed for chr8: LOC101927752 and GRHL2!
Laplacian constructed for chr8: LOC101929294 and RECQL4!
Graph constructed for chr8: LOC101929294 and RECQL4!
Laplacian constructed for chr8: DSCC1 and CYRIB!
Graph constructed for chr8: DSCC1 and CYRIB!
Laplacian constructed for chr8: LOC389641 and LINC01605!
Graph constructed for chr8: LOC389641 and LINC01605!
Laplacian constructed for chr8: LOC101927752 and DOK2!
Graph constructed for chr8: LOC101927752 and DOK2!
Laplacian constructed for chr8: PRDM14 and ADGRB1!
Graph constructed for chr8: PRDM14 and ADGRB1!
Laplacian constructed for chr8: FGF20 and LINC02153!
Graph constructed for chr8: FGF20 and LINC02153!
Laplacian constructed for chr8: TNFRSF11B and KCNK9!
Graph constructed for chr8: TNFRSF11B and KCNK9!
Laplacian constructed for chr8: DEFB1 and MFSD3!
Graph constructed for chr8: DEFB1 and MFSD3!
Laplacian constructed for chr8: LOC101928058 and CLVS1!
Graph constructed for chr8: LOC101928058 and CLVS1!
Laplacian constructed for chr8: TRAM1 and TERF1!
Graph constructed for chr8: TRAM1 and TERF1!
Laplacian constructed for chr8: ZBTB10 and SHARPIN!
Graph constructed for chr8: ZBTB10 and SHARPIN!
Laplacian constructed for chr8: SNX16 and NDUFB9!
Graph constructed for chr8: SNX16 and NDUFB9!
Laplacian constructed for chr8: NRG1-IT1 and CPQ!
Graph constructed for chr8: NRG1-IT1 and CPQ!
Laplacian constructed for chr8: LOC101926908 and RGS22!
Graph constructed for chr8: LOC101926908 and RGS22!
Laplacian constructed for chr8: HR and LINC01605!
Graph constructed for chr8: HR and LINC01605!
Laplacian constructed for chr8: BLK and ATP6V1C1!
Graph constructed for chr8: BLK and ATP6V1C1!
Laplacian constructed for chr8: SLC30A8 and TMEM65!
Graph constructed for chr8: SLC30A8 and TMEM65!
