Laplacian constructed for chr20: C20orf96 and TOP1!
Graph constructed for chr20: C20orf96 and TOP1!
Laplacian constructed for chr20: NAA20 and TP53INP2!
Graph constructed for chr20: NAA20 and TP53INP2!
Laplacian constructed for chr20: SCRT2 and RASSF2!
Graph constructed for chr20: SCRT2 and RASSF2!
Laplacian constructed for chr20: BANF2 and NKILA!
Graph constructed for chr20: BANF2 and NKILA!
Laplacian constructed for chr20: STK4 and CSE1L!
Graph constructed for chr20: STK4 and CSE1L!
Laplacian constructed for chr20: TGIF2-RAB5IF and ZFAS1!
Graph constructed for chr20: TGIF2-RAB5IF and ZFAS1!
Laplacian constructed for chr20: PAK5 and SLC2A10!
Graph constructed for chr20: PAK5 and SLC2A10!
Laplacian constructed for chr20: MACROD2-AS1 and LOC100128988!
Graph constructed for chr20: MACROD2-AS1 and LOC100128988!
Laplacian constructed for chr20: CST9L and SRSF6!
Graph constructed for chr20: CST9L and SRSF6!
Laplacian constructed for chr20: LAMP5-AS1 and LNCNEF!
Graph constructed for chr20: LAMP5-AS1 and LNCNEF!
Laplacian constructed for chr20: CHD6 and SLC2A10!
Graph constructed for chr20: CHD6 and SLC2A10!
Laplacian constructed for chr20: KIF3B and ZMYND8!
Graph constructed for chr20: KIF3B and ZMYND8!
Laplacian constructed for chr20: SPATA25 and PSMA7!
Graph constructed for chr20: SPATA25 and PSMA7!
Laplacian constructed for chr20: SIRPA and DEFB116!
Graph constructed for chr20: SIRPA and DEFB116!
Laplacian constructed for chr20: UBOX5-AS1 and SLC12A5!
Graph constructed for chr20: UBOX5-AS1 and SLC12A5!
Laplacian constructed for chr20: DEFB129 and LOC284788!
Graph constructed for chr20: DEFB129 and LOC284788!
Laplacian constructed for chr20: XRN2 and RIPOR3!
Graph constructed for chr20: XRN2 and RIPOR3!
Laplacian constructed for chr20: CST7 and ZMYND8!
Graph constructed for chr20: CST7 and ZMYND8!
Laplacian constructed for chr20: CRNKL1 and DEFB115!
Graph constructed for chr20: CRNKL1 and DEFB115!
Laplacian constructed for chr20: MGME1 and CEP250!
Graph constructed for chr20: MGME1 and CEP250!
Laplacian constructed for chr20: SNX5 and PTGIS!
Graph constructed for chr20: SNX5 and PTGIS!
Laplacian constructed for chr20: EIF2S2 and MHENCR!
Graph constructed for chr20: EIF2S2 and MHENCR!
Laplacian constructed for chr20: UBOX5-AS1 and PRNP!
Graph constructed for chr20: UBOX5-AS1 and PRNP!
Laplacian constructed for chr20: LOC284788 and CST4!
Graph constructed for chr20: LOC284788 and CST4!
Laplacian constructed for chr20: ANGPT4 and LINC00656!
Graph constructed for chr20: ANGPT4 and LINC00656!
Laplacian constructed for chr20: LINC01522 and PRPF6!
Graph constructed for chr20: LINC01522 and PRPF6!
Laplacian constructed for chr20: SLC52A3 and WFDC5!
Graph constructed for chr20: SLC52A3 and WFDC5!
Laplacian constructed for chr20: ADA and FLJ16779!
Graph constructed for chr20: ADA and FLJ16779!
Laplacian constructed for chr20: SOX12 and TCEA2!
Graph constructed for chr20: SOX12 and TCEA2!
Laplacian constructed for chr20: CDS2 and MIR663AHG!
Graph constructed for chr20: CDS2 and MIR663AHG!
Laplacian constructed for chr20: SLC2A10 and ZFP64!
Graph constructed for chr20: SLC2A10 and ZFP64!
Laplacian constructed for chr20: LINC00851 and KCNG1!
Graph constructed for chr20: LINC00851 and KCNG1!
Graph constructed for chr20: DEFB115!
Graph constructed for chr20: STK4!
Graph constructed for chr20: HRH3!
Graph constructed for chr20: LINC01427!
Graph constructed for chr20: ZMYND8!
Graph constructed for chr20: C20orf96!
Graph constructed for chr20: CST4!
Graph constructed for chr20: LOC284788!
Graph constructed for chr20: C20orf204!
Graph constructed for chr20: SNX5!
Graph constructed for chr20: RASSF2!
Graph constructed for chr20: APCDD1L-DT!
Graph constructed for chr20: DEFB129!
Graph constructed for chr20: TGM3!
Graph constructed for chr20: COL20A1!
Graph constructed for chr20: PTGIS!
Graph constructed for chr20: ACSS1!
Graph constructed for chr20: MCM8!
Graph constructed for chr20: SLC2A10!
Graph constructed for chr20: TP53INP2!
Graph constructed for chr20: CRNKL1!
Graph constructed for chr20: BCAS1!
Graph constructed for chr20: ZSWIM3!
Graph constructed for chr20: LINC02871!
Graph constructed for chr20: LINC01727!
Graph constructed for chr20: SPATA25!
Graph constructed for chr20: SGK2!
Graph constructed for chr20: PCED1A!
Graph constructed for chr20: SNX21!
Graph constructed for chr20: CST9L!
Graph constructed for chr20: SLC52A3!
Graph constructed for chr20: TGIF2-RAB5IF!
Graph constructed for chr20: UBOX5-AS1!
Graph constructed for chr20: WFDC10B!
Graph constructed for chr20: LAMA5!
Graph constructed for chr20: SPATA2!
Graph constructed for chr20: LINC01597!
Graph constructed for chr20: PPP1R16B!
Graph constructed for chr20: NFATC2!
Graph constructed for chr20: LOC101926935!
Graph constructed for chr20: PPP4R1L!
Graph constructed for chr20: DUSP15!
Graph constructed for chr20: ANKRD60!
Graph constructed for chr20: NDRG3!
Graph constructed for chr20: CEP250!
Graph constructed for chr20: PRNT!
Graph constructed for chr20: WFDC12!
Graph constructed for chr20: SPTLC3!
Graph constructed for chr20: MIR1-1HG-AS1!
Graph constructed for chr20: SNPH!
Graph constructed for chr20: LINC01433!
Graph constructed for chr20: DEFB127!
Graph constructed for chr20: SLC23A2!
Graph constructed for chr20: VSTM2L!
Graph constructed for chr20: LINC01749!
Graph constructed for chr20: RTEL1-TNFRSF6B!
Graph constructed for chr20: ZFP64!
Graph constructed for chr20: KCNK15-AS1!
Graph constructed for chr20: NRSN2-AS1!
Graph constructed for chr20: FAM83C!
Graph constructed for chr20: SLC12A5-AS1!
Graph constructed for chr20: NOL4L-DT!
Graph constructed for chr20: REM1!
Graph constructed for chr20: WFDC13!
Graph constructed for chr20: PTK6!
Graph constructed for chr20: SCRT2!
Graph constructed for chr20: GDF5!
Graph constructed for chr20: LINC01734!
Graph constructed for chr20: GMEB2!
Graph constructed for chr20: LINC01428!
Graph constructed for chr20: EPPIN-WFDC6!
Graph constructed for chr20: LOC100130587!
Graph constructed for chr20: UQCC1!
Graph constructed for chr20: SEMG1!
Graph constructed for chr20: PEDS1-UBE2V1!
Graph constructed for chr20: ADA!
Graph constructed for chr20: SNTA1!
Graph constructed for chr20: EIF2S2!
Graph constructed for chr20: LINC01271!
Graph constructed for chr20: RIPOR3-AS1!
Graph constructed for chr20: RBBP9!
Graph constructed for chr20: DEFB116!
Graph constructed for chr20: LINC01429!
Graph constructed for chr20: XRN2!
Graph constructed for chr20: ABHD12!
Graph constructed for chr20: LINC01522!
Graph constructed for chr20: STK35!
Graph constructed for chr20: CYP24A1!
Graph constructed for chr20: C20orf27!
Graph constructed for chr20: DTD1-AS1!
Graph constructed for chr20: FRG1BP!
Graph constructed for chr20: NKILA!
Graph constructed for chr20: TM9SF4!
Graph constructed for chr20: ZBTB46!
Graph constructed for chr20: CST13P!
Graph constructed for chr20: SNHG11!
Graph constructed for chr20: TOP1!
Graph constructed for chr20: LINC00654!
Graph constructed for chr20: LOC105372582!
Graph constructed for chr20: LSM14B!
Graph constructed for chr20: SNRPB!
Graph constructed for chr20: NAPB!
Graph constructed for chr20: MIR4325!
Graph constructed for chr20: CTCFL!
Graph constructed for chr20: TMEM230!
Graph constructed for chr20: MHENCR!
Graph constructed for chr20: KIF3B!
Graph constructed for chr20: LINC00266-1!
Graph constructed for chr20: FITM2!
Graph constructed for chr20: TBC1D20!
Graph constructed for chr20: MIR646HG!
Graph constructed for chr20: SCP2D1-AS1!
Graph constructed for chr20: PTPRT!
Graph constructed for chr20: STK4-AS1!
Graph constructed for chr20: KCNG1!
Graph constructed for chr20: SLC17A9!
Graph constructed for chr20: LINC01270!
Graph constructed for chr20: STX16-NPEPL1!
Graph constructed for chr20: SPINT3!
Graph constructed for chr20: PREX1!
Graph constructed for chr20: HAR1B!
Graph constructed for chr20: PRPF6!
Graph constructed for chr20: SIRPA!
Graph constructed for chr20: NAA20!
Graph constructed for chr20: PCMTD2!
Graph constructed for chr20: OCSTAMP!
Graph constructed for chr20: BMP7-AS1!
Graph constructed for chr20: SLC4A11!
Graph constructed for chr20: MAPRE1!
Graph constructed for chr20: ZGPAT!
Graph constructed for chr20: GHRH!
Graph constructed for chr20: NCOA6!
Graph constructed for chr20: DEFB123!
Graph constructed for chr20: SDCBP2-AS1!
Graph constructed for chr20: CSNK2A1!
Graph constructed for chr20: EFCAB8!
Graph constructed for chr20: TPD52L2!
Graph constructed for chr20: TMC2!
Graph constructed for chr20: MGME1!
Graph constructed for chr20: SIRPD!
Graph constructed for chr20: PLCB1!
Graph constructed for chr20: CTSA!
Graph constructed for chr20: LINC01722!
Graph constructed for chr20: FAM182A!
Graph constructed for chr20: ZNF343!
Graph constructed for chr20: SUN5!
Graph constructed for chr20: SLC9A8!
Graph constructed for chr20: SLCO4A1-AS1!
Graph constructed for chr20: LINC00851!
Graph constructed for chr20: LOC105372631!
Graph constructed for chr20: RIPOR3!
Graph constructed for chr20: LOC729296!
Graph constructed for chr20: OSER1!
Graph constructed for chr20: SLC24A3!
Graph constructed for chr20: LOC613266!
Graph constructed for chr20: CST7!
Graph constructed for chr20: ZNF217!
Graph constructed for chr20: SIRPB2!
Graph constructed for chr20: FAM209B!
Graph constructed for chr20: LINC01430!
Graph constructed for chr20: PAK5!
Graph constructed for chr20: LINC00656!
Graph constructed for chr20: CTSZ!
Graph constructed for chr20: LOC100128988!
Graph constructed for chr20: MMP24-AS1-EDEM2!
Graph constructed for chr20: LINC01716!
Graph constructed for chr20: ATP9A!
Graph constructed for chr20: CDS2!
Graph constructed for chr20: HAO1!
Graph constructed for chr20: FAM182B!
Graph constructed for chr20: SRSF6!
Graph constructed for chr20: ZFAS1!
Graph constructed for chr20: RAD21L1!
Graph constructed for chr20: E2F1!
Graph constructed for chr20: TFAP2C!
Graph constructed for chr20: BANF2!
Graph constructed for chr20: FAM210B!
Graph constructed for chr20: RBM38-AS1!
Graph constructed for chr20: RTEL1!
Graph constructed for chr20: POFUT1!
Graph constructed for chr20: ATP5F1E!
Graph constructed for chr20: CNBD2!
Graph constructed for chr20: CSE1L!
Graph constructed for chr20: LAMP5-AS1!
Graph constructed for chr20: PLAGL2!
Graph constructed for chr20: IFT52!
Graph constructed for chr20: SLC12A5!
Graph constructed for chr20: CDH26!
Graph constructed for chr20: ASIP!
Graph constructed for chr20: SOGA1!
Graph constructed for chr20: EYA2!
Graph constructed for chr20: PLCB4!
Graph constructed for chr20: EEF1A2!
Graph constructed for chr20: SOX12!
Graph constructed for chr20: DEFB124!
Graph constructed for chr20: LOC388780!
Graph constructed for chr20: SAMHD1!
Graph constructed for chr20: DLGAP4-AS1!
Graph constructed for chr20: MACROD2-AS1!
Graph constructed for chr20: LINC01747!
Graph constructed for chr20: KIZ!
Graph constructed for chr20: NOL4L!
Graph constructed for chr20: TCEA2!
Graph constructed for chr20: STAU1!
Graph constructed for chr20: MKKS!
Graph constructed for chr20: LNCNEF!
Graph constructed for chr20: AAR2!
Graph constructed for chr20: CHD6!
Graph constructed for chr20: ACOT8!
Graph constructed for chr20: SNAP25!
Graph constructed for chr20: SERINC3!
Graph constructed for chr20: NTSR1!
Graph constructed for chr20: RIN2!
Graph constructed for chr20: BCAS4!
Graph constructed for chr20: PSMA7!
Graph constructed for chr20: LZTS3!
Graph constructed for chr20: LOC100128310!
Graph constructed for chr20: CST5!
Graph constructed for chr20: ADNP!
Graph constructed for chr20: HELZ2!
Graph constructed for chr20: APMAP!
Graph constructed for chr20: TTLL9!
Graph constructed for chr20: DOK5!
Graph constructed for chr20: KCNK15!
Graph constructed for chr20: EDN3!
Graph constructed for chr20: ELMO2!
Graph constructed for chr20: LINC00029!
Graph constructed for chr20: ZBTB46-AS1!
Graph constructed for chr20: MATN4!
Graph constructed for chr20: MROH8!
Graph constructed for chr20: SLC32A1!
Graph constructed for chr20: PLCG1!
Graph constructed for chr20: PRNP!
Graph constructed for chr20: DSTN!
Graph constructed for chr20: PAX1!
Graph constructed for chr20: ANGPT4!
Graph constructed for chr20: TPX2!
Graph constructed for chr20: HSPA12B!
Graph constructed for chr20: SYS1-DBNDD2!
Graph constructed for chr20: CDH22!
Graph constructed for chr20: SLMO2-ATP5E!
Graph constructed for chr20: STMN3!
Graph constructed for chr20: TGM6!
Graph constructed for chr20: TP53RK!
Graph constructed for chr20: PHACTR3!
Graph constructed for chr20: LPIN3!
Graph constructed for chr20: WFDC5!
Graph constructed for chr20: JAG1!
Graph constructed for chr20: OSER1-DT!
Graph constructed for chr20: TNNC2!
Graph constructed for chr20: TTPAL!
Graph constructed for chr20: SIGLEC1!
Graph constructed for chr20: PSMF1!
Graph constructed for chr20: BPIFA1!
Graph constructed for chr20: LINC00489!
Graph constructed for chr20: CEBPB-AS1!
Graph constructed for chr20: LINC01730!
Graph constructed for chr20: PLCG1-AS1!
Graph constructed for chr20: WFDC10A!
Graph constructed for chr20: CTNNBL1!
Graph constructed for chr20: CHRNA4!
Graph constructed for chr20: PANK2!
Graph constructed for chr20: C20orf141!
Graph constructed for chr20: ERGIC3!
Graph constructed for chr20: RSPO4!
Graph constructed for chr20: MAVS!
Graph constructed for chr20: LINC01706!
Graph constructed for chr20: BPIFB2!
Graph constructed for chr20: RAB22A!
Graph constructed for chr20: MACROD2!
Graph constructed for chr20: MIR663AHG!
Graph constructed for chr20: LOC339593!
Graph constructed for chr20: ENTPD6!
Graph constructed for chr20: BPIFB4!
Graph constructed for chr20: LINC01260!
Graph constructed for chr20: FLJ16779!
Graph constructed for chr20: LINC01713!
Graph constructed for chr20: HAR1A!
Graph constructed for chr20: CSTL1!
Graph constructed for chr20: CENPB!
Graph constructed for chr20: COL9A3!
Graph constructed for chr20: RALY-AS1!
Graph constructed for chr20: WFDC11!
Graph constructed for chr20: ZBP1!
Graph constructed for chr20: APCDD1L!
Graph constructed for chr20: SMOX!
Graph constructed for chr20: SSTR4!
Graph constructed for chr20: NCOR1P1!
Graph constructed for chr20: YTHDF1!
Graph constructed for chr20: SIRPB1!
Graph constructed for chr20: DNMT3B!
Graph constructed for chr20: SDC4!
Graph constructed for chr20: CSE1L-AS1!
Graph constructed for chr20: VAPB!
------------------ CHR20 DONE! ------------------
{"project":"masters","channel":"laplacian","event":"Laplacian Construction is complete","description":"CHR20 is done!","icon":"🔥","notify":true,"parser":"text"}