Laplacian constructed for chr18: TYMSOS and ZNF396!
Graph constructed for chr18: TYMSOS and ZNF396!
Laplacian constructed for chr18: LINC00526 and LINC01443!
Graph constructed for chr18: LINC00526 and LINC01443!
Laplacian constructed for chr18: CABYR and LINC01924!
Graph constructed for chr18: CABYR and LINC01924!
Laplacian constructed for chr18: ENOSF1 and DSCAS!
Graph constructed for chr18: ENOSF1 and DSCAS!
Laplacian constructed for chr18: LOC101927571 and HSBP1L1!
Graph constructed for chr18: LOC101927571 and HSBP1L1!
Laplacian constructed for chr18: TTC39C-AS1 and MBP!
Graph constructed for chr18: TTC39C-AS1 and MBP!
Laplacian constructed for chr18: LINC01904 and CXADRP3!
Graph constructed for chr18: LINC01904 and CXADRP3!
Laplacian constructed for chr18: ARHGAP28 and KC6!
Graph constructed for chr18: ARHGAP28 and KC6!
Laplacian constructed for chr18: NPC1 and SLC14A2-AS1!
Graph constructed for chr18: NPC1 and SLC14A2-AS1!
Laplacian constructed for chr18: CLUL1 and TXNDC2!
Graph constructed for chr18: CLUL1 and TXNDC2!
Laplacian constructed for chr18: SS18 and MAPK4!
Graph constructed for chr18: SS18 and MAPK4!
Laplacian constructed for chr18: SETBP1 and ADNP2!
Graph constructed for chr18: SETBP1 and ADNP2!
Laplacian constructed for chr18: LINC00470 and DIPK1C!
Graph constructed for chr18: LINC00470 and DIPK1C!
Laplacian constructed for chr18: LDLRAD4 and LINC02864!
Graph constructed for chr18: LDLRAD4 and LINC02864!
Laplacian constructed for chr18: POLI and LINC01927!
Graph constructed for chr18: POLI and LINC01927!
Laplacian constructed for chr18: METTL4 and LINC01882!
Graph constructed for chr18: METTL4 and LINC01882!
Laplacian constructed for chr18: LOC104968399 and LINC01443!
Graph constructed for chr18: LOC104968399 and LINC01443!
Laplacian constructed for chr18: SLC14A2 and SERPINB11!
Graph constructed for chr18: SLC14A2 and SERPINB11!
