Laplacian constructed for chr4: PI4K2B and LINC02506!
Graph constructed for chr4: PI4K2B and LINC02506!
Laplacian constructed for chr4: SLAIN2 and MGARP!
Graph constructed for chr4: SLAIN2 and MGARP!
Laplacian constructed for chr4: PHOX2B and SLAIN2!
Graph constructed for chr4: PHOX2B and SLAIN2!
Laplacian constructed for chr4: ARHGAP10 and LINC02233!
Graph constructed for chr4: ARHGAP10 and LINC02233!
Laplacian constructed for chr4: KIAA1109 and HAND2!
Graph constructed for chr4: KIAA1109 and HAND2!
Laplacian constructed for chr4: NWD2 and TMEM192!
Graph constructed for chr4: NWD2 and TMEM192!
Laplacian constructed for chr4: LINC02505 and COQ2!
Graph constructed for chr4: LINC02505 and COQ2!
Laplacian constructed for chr4: SLC2A9 and IL15!
Graph constructed for chr4: SLC2A9 and IL15!
Laplacian constructed for chr4: LINC02353 and MTHFD2L!
Graph constructed for chr4: LINC02353 and MTHFD2L!
Laplacian constructed for chr4: LOC93622 and HSD17B11!
Graph constructed for chr4: LOC93622 and HSD17B11!
Laplacian constructed for chr4: KIAA1109 and TLR2!
Graph constructed for chr4: KIAA1109 and TLR2!
Laplacian constructed for chr4: HTT and LOC729218!
Graph constructed for chr4: HTT and LOC729218!
Laplacian constructed for chr4: LINC01094 and NAA11!
Graph constructed for chr4: LINC01094 and NAA11!
Laplacian constructed for chr4: LOC729558 and TENM3-AS1!
Graph constructed for chr4: LOC729558 and TENM3-AS1!
Laplacian constructed for chr4: SORCS2 and LINC01365!
Graph constructed for chr4: SORCS2 and LINC01365!
Laplacian constructed for chr4: FAM53A and DDIT4L!
Graph constructed for chr4: FAM53A and DDIT4L!
Laplacian constructed for chr4: FGG and LINC01060!
Graph constructed for chr4: FGG and LINC01060!
Laplacian constructed for chr4: NAAA and SCLT1!
Graph constructed for chr4: NAAA and SCLT1!
Laplacian constructed for chr4: CSN1S2BP and LINC02483!
Graph constructed for chr4: CSN1S2BP and LINC02483!
Laplacian constructed for chr4: OCIAD1 and MCUB!
Graph constructed for chr4: OCIAD1 and MCUB!
Laplacian constructed for chr4: PAPSS1 and ANKRD50!
Graph constructed for chr4: PAPSS1 and ANKRD50!
Laplacian constructed for chr4: EXOSC9 and F11!
Graph constructed for chr4: EXOSC9 and F11!
Laplacian constructed for chr4: LINC02429 and MRPL1!
Graph constructed for chr4: LINC02429 and MRPL1!
Laplacian constructed for chr4: SCLT1 and NAA15!
Graph constructed for chr4: SCLT1 and NAA15!
Laplacian constructed for chr4: GUF1 and LOC101928551!
Graph constructed for chr4: GUF1 and LOC101928551!
Laplacian constructed for chr4: CAMK2D and RNF150!
Graph constructed for chr4: CAMK2D and RNF150!
Graph constructed for chr4: MTHFD2L!
Graph constructed for chr4: SCLT1!
Graph constructed for chr4: SLAIN2!
Graph constructed for chr4: FGG!
Graph constructed for chr4: LINC02275!
Graph constructed for chr4: FRG1-DT!
Graph constructed for chr4: NWD2!
Graph constructed for chr4: UCP1!
Graph constructed for chr4: SPINK2!
Graph constructed for chr4: KIAA1109!
Graph constructed for chr4: LOC105374428!
Graph constructed for chr4: CCDC149!
Graph constructed for chr4: UGT2B7!
Graph constructed for chr4: PLAC8!
Graph constructed for chr4: NAA11!
Graph constructed for chr4: CEP44!
Graph constructed for chr4: LINC02273!
Graph constructed for chr4: SORBS2!
Graph constructed for chr4: ENPEP!
Graph constructed for chr4: LINC02513!
Graph constructed for chr4: PPAT!
Graph constructed for chr4: UNC5C!
Graph constructed for chr4: PI4K2B!
Graph constructed for chr4: HSD17B11!
Graph constructed for chr4: CIBAR1P2!
Graph constructed for chr4: ANXA3!
Graph constructed for chr4: PAPSS1!
Graph constructed for chr4: LINC01085!
Graph constructed for chr4: CDKN2AIP!
Graph constructed for chr4: HMGB2!
Graph constructed for chr4: SLC25A31!
Graph constructed for chr4: FAM53A!
Graph constructed for chr4: TNRC18P1!
Graph constructed for chr4: LINC02506!
Graph constructed for chr4: NDST4!
Graph constructed for chr4: SEC24B!
Graph constructed for chr4: NIPAL1!
Graph constructed for chr4: INTS12!
Graph constructed for chr4: IGFBP7-AS1!
Graph constructed for chr4: SCRG1!
Graph constructed for chr4: GLRB!
Graph constructed for chr4: GASK1B!
Graph constructed for chr4: TBC1D9!
Graph constructed for chr4: ART3!
Graph constructed for chr4: SLC2A9!
Graph constructed for chr4: MOB1B!
Graph constructed for chr4: PHOX2B!
Graph constructed for chr4: ARHGAP24!
Graph constructed for chr4: NDUFC1!
Graph constructed for chr4: LOC441052!
Graph constructed for chr4: FGFRL1!
Graph constructed for chr4: LARP1B!
Graph constructed for chr4: LINC01094!
Graph constructed for chr4: GUSBP5!
Graph constructed for chr4: LOC101929210!
Graph constructed for chr4: MXD4!
Graph constructed for chr4: ANAPC4!
Graph constructed for chr4: NR3C2!
Graph constructed for chr4: ABLIM2!
Graph constructed for chr4: SEC24B-AS1!
Graph constructed for chr4: NOCT!
Graph constructed for chr4: RWDD4!
Graph constructed for chr4: LGI2!
Graph constructed for chr4: TLR2!
Graph constructed for chr4: GPRIN3!
Graph constructed for chr4: IL15!
Graph constructed for chr4: C4orf51!
Graph constructed for chr4: PPARGC1A!
Graph constructed for chr4: HTT!
Graph constructed for chr4: ARHGAP10!
Graph constructed for chr4: MAML3!
Graph constructed for chr4: LINC00682!
Graph constructed for chr4: LRAT!
Graph constructed for chr4: EPHA5!
Graph constructed for chr4: GALNTL6!
Graph constructed for chr4: BMP2K!
Graph constructed for chr4: PRKG2-AS1!
Graph constructed for chr4: TMEM144!
Graph constructed for chr4: FBXW7!
Graph constructed for chr4: FGA!
Graph constructed for chr4: PDLIM3!
Graph constructed for chr4: PCDH7!
Graph constructed for chr4: CHIC2!
Graph constructed for chr4: AFM!
Graph constructed for chr4: ZFP42!
Graph constructed for chr4: LINC02484!
Graph constructed for chr4: IL21!
Graph constructed for chr4: USO1!
Graph constructed for chr4: CFAP299!
Graph constructed for chr4: LINC02508!
Graph constructed for chr4: SMIM14!
Graph constructed for chr4: GRK4!
Graph constructed for chr4: ENAM!
Graph constructed for chr4: HELT!
Graph constructed for chr4: MGARP!
Graph constructed for chr4: C4orf33!
Graph constructed for chr4: LOC101927359!
Graph constructed for chr4: TRAPPC11!
Graph constructed for chr4: LINC02516!
Graph constructed for chr4: TRIM61!
Graph constructed for chr4: LINC02505!
Graph constructed for chr4: GNPDA2!
Graph constructed for chr4: FAM241A!
Graph constructed for chr4: SULT1E1!
Graph constructed for chr4: MIR2054!
Graph constructed for chr4: F11!
Graph constructed for chr4: PDE6B!
Graph constructed for chr4: SLC9B1!
Graph constructed for chr4: APBB2!
Graph constructed for chr4: DDIT4L!
Graph constructed for chr4: LOC729870!
Graph constructed for chr4: SCD5!
Graph constructed for chr4: LINC01091!
Graph constructed for chr4: LOC101928978!
Graph constructed for chr4: ADGRA3!
Graph constructed for chr4: LINC02232!
Graph constructed for chr4: PLRG1!
Graph constructed for chr4: SCOC-AS1!
Graph constructed for chr4: SRD5A3!
Graph constructed for chr4: DNAJB14!
Graph constructed for chr4: LINC02353!
Graph constructed for chr4: UGT2A3!
Graph constructed for chr4: HPSE!
Graph constructed for chr4: RNF4!
Graph constructed for chr4: LINC02233!
Graph constructed for chr4: LNX1-AS2!
Graph constructed for chr4: LINC01378!
Graph constructed for chr4: LOC101928551!
Graph constructed for chr4: NUDT6!
Graph constructed for chr4: LINC02262!
Graph constructed for chr4: CCNI!
Graph constructed for chr4: SRP72!
Graph constructed for chr4: GBA3!
Graph constructed for chr4: STAP1!
Graph constructed for chr4: SORCS2!
Graph constructed for chr4: MCUB!
Graph constructed for chr4: CPLX1!
Graph constructed for chr4: LOC101928052!
Graph constructed for chr4: PALLD!
Graph constructed for chr4: ANKRD50!
Graph constructed for chr4: HAND2!
Graph constructed for chr4: SPATA5!
Graph constructed for chr4: LINC01396!
Graph constructed for chr4: TENM3-AS1!
Graph constructed for chr4: CNGA1!
Graph constructed for chr4: C4orf17!
Graph constructed for chr4: CCDC110!
Graph constructed for chr4: KCTD8!
Graph constructed for chr4: AASDH!
Graph constructed for chr4: ODAPH!
Graph constructed for chr4: FLJ20021!
Graph constructed for chr4: TMEM192!
Graph constructed for chr4: LINC01096!
Graph constructed for chr4: RELL1!
Graph constructed for chr4: KLF3!
Graph constructed for chr4: LOC729558!
Graph constructed for chr4: HHIP-AS1!
Graph constructed for chr4: NAAA!
Graph constructed for chr4: NKX6-1!
Graph constructed for chr4: COQ2!
Graph constructed for chr4: LINC00504!
Graph constructed for chr4: PARM1!
Graph constructed for chr4: NUP54!
Graph constructed for chr4: LINC02429!
Graph constructed for chr4: LINC02492!
Graph constructed for chr4: LOC105377458!
Graph constructed for chr4: TMEM129!
Graph constructed for chr4: EPGN!
Graph constructed for chr4: TMEM154!
Graph constructed for chr4: MFAP3L!
Graph constructed for chr4: NAP1L5!
Graph constructed for chr4: C4orf54!
Graph constructed for chr4: OCIAD1!
Graph constructed for chr4: LOC93622!
Graph constructed for chr4: NMU!
Graph constructed for chr4: DGKQ!
Graph constructed for chr4: SMIM20!
Graph constructed for chr4: GUF1!
Graph constructed for chr4: LINC00989!
Graph constructed for chr4: CAMK2D!
Graph constructed for chr4: TMEM131L!
Graph constructed for chr4: EXOSC9!
Graph constructed for chr4: TNIP2!
Graph constructed for chr4: LINC02269!
Graph constructed for chr4: NFKB1!
Graph constructed for chr4: PANCR!
Graph constructed for chr4: CRMP1!
Graph constructed for chr4: SPP1!
Graph constructed for chr4: LINC02479!
Graph constructed for chr4: POU4F2!
Graph constructed for chr4: NSD2!
Graph constructed for chr4: KIAA0232!
Graph constructed for chr4: PLK4!
Graph constructed for chr4: LOC729218!
Graph constructed for chr4: CENPU!
Graph constructed for chr4: CDS1!
Graph constructed for chr4: SAP30!
Graph constructed for chr4: HSPA4L!
Graph constructed for chr4: LNCPRESS2!
Graph constructed for chr4: LINC01612!
Graph constructed for chr4: LOC105377590!
Graph constructed for chr4: KCNIP4-IT1!
Graph constructed for chr4: LINC00616!
Graph constructed for chr4: LINC01365!
Graph constructed for chr4: PCAT4!
Graph constructed for chr4: ADH7!
Graph constructed for chr4: LINC01060!
Graph constructed for chr4: TMEM175!
Graph constructed for chr4: LRIT3!
Graph constructed for chr4: LOC100129917!
Graph constructed for chr4: GC!
Graph constructed for chr4: CD38!
Graph constructed for chr4: TMEM128!
Graph constructed for chr4: TNIP3!
Graph constructed for chr4: SCOC!
Graph constructed for chr4: IRF2!
Graph constructed for chr4: DANCR!
Graph constructed for chr4: UBA6!
Graph constructed for chr4: CSN1S2BP!
Graph constructed for chr4: ASIC5!
Graph constructed for chr4: EIF4E!
Graph constructed for chr4: MAD2L1!
Graph constructed for chr4: LINC02483!
Graph constructed for chr4: LINC02268!
Graph constructed for chr4: PPEF2!
Graph constructed for chr4: PPID!
Graph constructed for chr4: MSMO1!
Graph constructed for chr4: TRIM2!
Graph constructed for chr4: LINC00613!
Graph constructed for chr4: SLIT2!
Graph constructed for chr4: CENPE!
Graph constructed for chr4: LINC02283!
Graph constructed for chr4: ENOPH1!
Graph constructed for chr4: SEC31A!
Graph constructed for chr4: G3BP2!
Graph constructed for chr4: LINC02501!
Graph constructed for chr4: MRPL1!
Graph constructed for chr4: NAF1!
Graph constructed for chr4: LOC107986192!
Graph constructed for chr4: NAA15!
Graph constructed for chr4: LSM6!
Graph constructed for chr4: HOPX!
Graph constructed for chr4: PKD2!
Graph constructed for chr4: ARSJ!
Graph constructed for chr4: CISD2!
Graph constructed for chr4: PPA2!
Graph constructed for chr4: RNF150!
Graph constructed for chr4: WWC2-AS1!
Graph constructed for chr4: RAB33B!
------------------ CHR4 DONE! ------------------
{"project":"masters","channel":"laplacian","event":"Laplacian Construction is complete","description":"CHR4 is done!","icon":"🔥","notify":true,"parser":"text"}