Laplacian constructed for chr21: MIS18A and ADARB1!
Graph constructed for chr21: MIS18A and ADARB1!
Laplacian constructed for chr21: SAMSN1 and KRTAP22-1!
Graph constructed for chr21: SAMSN1 and KRTAP22-1!
Laplacian constructed for chr21: LINC02246 and CLDN14!
Graph constructed for chr21: LINC02246 and CLDN14!
Laplacian constructed for chr21: ADAMTS5 and PKNOX1!
Graph constructed for chr21: ADAMTS5 and PKNOX1!
Laplacian constructed for chr21: LINC00515 and LOC101928796!
Graph constructed for chr21: LINC00515 and LOC101928796!
Laplacian constructed for chr21: LIPI and LINC00114!
Graph constructed for chr21: LIPI and LINC00114!
Laplacian constructed for chr21: MAP3K7CL and GET1-SH3BGR!
Graph constructed for chr21: MAP3K7CL and GET1-SH3BGR!
Laplacian constructed for chr21: LINC00163 and LOC101928796!
Graph constructed for chr21: LINC00163 and LOC101928796!
Laplacian constructed for chr21: KRTAP20-1 and LINC00163!
Graph constructed for chr21: KRTAP20-1 and LINC00163!
Laplacian constructed for chr21: LINC00113 and LOC100506403!
Graph constructed for chr21: LINC00113 and LOC100506403!
Laplacian constructed for chr21: ADAMTS1 and SPATC1L!
Graph constructed for chr21: ADAMTS1 and SPATC1L!
Laplacian constructed for chr21: MAP3K7CL and BRWD1!
Graph constructed for chr21: MAP3K7CL and BRWD1!
Laplacian constructed for chr21: MCM3AP-AS1 and PCNT!
Graph constructed for chr21: MCM3AP-AS1 and PCNT!
Laplacian constructed for chr21: MRAP and DNMT3L!
Graph constructed for chr21: MRAP and DNMT3L!
Laplacian constructed for chr21: LRRC3-DT and TSPEAR-AS1!
Graph constructed for chr21: LRRC3-DT and TSPEAR-AS1!
Laplacian constructed for chr21: KRTAP20-3 and PLAC4!
Graph constructed for chr21: KRTAP20-3 and PLAC4!
Laplacian constructed for chr21: KRTAP11-1 and RUNX1!
Graph constructed for chr21: KRTAP11-1 and RUNX1!
Laplacian constructed for chr21: RIPPLY3 and BRWD1!
Graph constructed for chr21: RIPPLY3 and BRWD1!
Laplacian constructed for chr21: LINC01549 and LOC101928107!
Graph constructed for chr21: LINC01549 and LOC101928107!
Laplacian constructed for chr21: KCNE1 and FTCD!
Graph constructed for chr21: KCNE1 and FTCD!
Laplacian constructed for chr21: SAMSN1 and PDXK!
Graph constructed for chr21: SAMSN1 and PDXK!
Laplacian constructed for chr21: ITSN1 and ERVH48-1!
Graph constructed for chr21: ITSN1 and ERVH48-1!
Laplacian constructed for chr21: CYYR1-AS1 and PLAC4!
Graph constructed for chr21: CYYR1-AS1 and PLAC4!
Laplacian constructed for chr21: DONSON and MX2!
Graph constructed for chr21: DONSON and MX2!
Laplacian constructed for chr21: KRTAP19-7 and TRAPPC10!
Graph constructed for chr21: KRTAP19-7 and TRAPPC10!
Laplacian constructed for chr21: LINC01549 and LINC00159!
Graph constructed for chr21: LINC01549 and LINC00159!
Laplacian constructed for chr21: TRPM2 and PCNT!
Graph constructed for chr21: TRPM2 and PCNT!
Laplacian constructed for chr21: LINC00307 and ZBTB21!
Graph constructed for chr21: LINC00307 and ZBTB21!
Laplacian constructed for chr21: CHODL-AS1 and CLDN8!
Graph constructed for chr21: CHODL-AS1 and CLDN8!
Laplacian constructed for chr21: LINC00113 and LINC01436!
Graph constructed for chr21: LINC00113 and LINC01436!
Laplacian constructed for chr21: TMPRSS15 and CLDN14!
Graph constructed for chr21: TMPRSS15 and CLDN14!
Laplacian constructed for chr21: CYYR1-AS1 and HUNK!
Graph constructed for chr21: CYYR1-AS1 and HUNK!
Laplacian constructed for chr21: GABPA and TFF1!
Graph constructed for chr21: GABPA and TFF1!
Laplacian constructed for chr21: HMGN1 and LINC00323!
Graph constructed for chr21: HMGN1 and LINC00323!
Laplacian constructed for chr21: KRTAP10-3 and LINC00163!
Graph constructed for chr21: KRTAP10-3 and LINC00163!
Laplacian constructed for chr21: CYYR1-AS1 and SUMO3!
Graph constructed for chr21: CYYR1-AS1 and SUMO3!
Laplacian constructed for chr21: LINC01697 and KRTAP20-1!
Graph constructed for chr21: LINC01697 and KRTAP20-1!
Laplacian constructed for chr21: LINC01549 and KRTAP19-7!
Graph constructed for chr21: LINC01549 and KRTAP19-7!
Laplacian constructed for chr21: SAMSN1 and LINC00479!
Graph constructed for chr21: SAMSN1 and LINC00479!
Laplacian constructed for chr21: LINC01689 and TFF3!
Graph constructed for chr21: LINC01689 and TFF3!
Laplacian constructed for chr21: PDXK and COL6A1!
Graph constructed for chr21: PDXK and COL6A1!
Laplacian constructed for chr21: LOC100506403 and LINC01671!
Graph constructed for chr21: LOC100506403 and LINC01671!
Laplacian constructed for chr21: CBR3-AS1 and CLDN14!
Graph constructed for chr21: CBR3-AS1 and CLDN14!
Laplacian constructed for chr21: C21orf62-AS1 and CHAF1B!
Graph constructed for chr21: C21orf62-AS1 and CHAF1B!
Laplacian constructed for chr21: GRIK1-AS2 and ERVH48-1!
Graph constructed for chr21: GRIK1-AS2 and ERVH48-1!
Laplacian constructed for chr21: KRTAP27-1 and SCAF4!
Graph constructed for chr21: KRTAP27-1 and SCAF4!
Laplacian constructed for chr21: N6AMT1 and LOC101928796!
Graph constructed for chr21: N6AMT1 and LOC101928796!
Laplacian constructed for chr21: AGPAT3 and KRTAP10-3!
Graph constructed for chr21: AGPAT3 and KRTAP10-3!
Laplacian constructed for chr21: LINC01424 and COL18A1!
Graph constructed for chr21: LINC01424 and COL18A1!
Laplacian constructed for chr21: CXADR and TMPRSS2!
Graph constructed for chr21: CXADR and TMPRSS2!
Laplacian constructed for chr21: LOC100506403 and UBASH3A!
Graph constructed for chr21: LOC100506403 and UBASH3A!
Laplacian constructed for chr21: PFKL and ITGB2-AS1!
Graph constructed for chr21: PFKL and ITGB2-AS1!
Laplacian constructed for chr21: CYYR1 and B3GALT5!
Graph constructed for chr21: CYYR1 and B3GALT5!
Laplacian constructed for chr21: GRIK1 and KRTAP10-10!
Graph constructed for chr21: GRIK1 and KRTAP10-10!
Laplacian constructed for chr21: SAMSN1 and COL6A1!
Graph constructed for chr21: SAMSN1 and COL6A1!
Laplacian constructed for chr21: BTG3-AS1 and RSPH1!
Graph constructed for chr21: BTG3-AS1 and RSPH1!
Laplacian constructed for chr21: UBASH3A and LINC00163!
Graph constructed for chr21: UBASH3A and LINC00163!
Laplacian constructed for chr21: MIR99AHG and LINC00205!
Graph constructed for chr21: MIR99AHG and LINC00205!
Laplacian constructed for chr21: KRTAP20-3 and LINC00310!
Graph constructed for chr21: KRTAP20-3 and LINC00310!
Laplacian constructed for chr21: LINC02246 and CFAP410!
Graph constructed for chr21: LINC02246 and CFAP410!
Laplacian constructed for chr21: MX1 and ITGB2-AS1!
Graph constructed for chr21: MX1 and ITGB2-AS1!
Laplacian constructed for chr21: KRTAP20-1 and DONSON!
Graph constructed for chr21: KRTAP20-1 and DONSON!
Laplacian constructed for chr21: CBR3-AS1 and ERVH48-1!
Graph constructed for chr21: CBR3-AS1 and ERVH48-1!
Laplacian constructed for chr21: C21orf91 and FTCD!
Graph constructed for chr21: C21orf91 and FTCD!
Laplacian constructed for chr21: LINC00317 and DYRK1A!
Graph constructed for chr21: LINC00317 and DYRK1A!
Laplacian constructed for chr21: ADAMTS1 and COL18A1!
Graph constructed for chr21: ADAMTS1 and COL18A1!
Laplacian constructed for chr21: MRPL39 and LOC101928796!
Graph constructed for chr21: MRPL39 and LOC101928796!
Laplacian constructed for chr21: MAP3K7CL and WDR4!
Graph constructed for chr21: MAP3K7CL and WDR4!
Laplacian constructed for chr21: SAMSN1 and EVA1C!
Graph constructed for chr21: SAMSN1 and EVA1C!
Laplacian constructed for chr21: D21S2088E and COL6A2!
Graph constructed for chr21: D21S2088E and COL6A2!
Laplacian constructed for chr21: D21S2088E and GRIK1-AS1!
Graph constructed for chr21: D21S2088E and GRIK1-AS1!
Laplacian constructed for chr21: TMEM50B and TRPM2-AS!
Graph constructed for chr21: TMEM50B and TRPM2-AS!
Laplacian constructed for chr21: LINC00317 and LINC01424!
Graph constructed for chr21: LINC00317 and LINC01424!
Laplacian constructed for chr21: LINC01425 and COL6A1!
Graph constructed for chr21: LINC01425 and COL6A1!
Laplacian constructed for chr21: ZNF295-AS1 and COL6A2!
Graph constructed for chr21: ZNF295-AS1 and COL6A2!
Laplacian constructed for chr21: ETS2 and PRMT2!
Graph constructed for chr21: ETS2 and PRMT2!
Laplacian constructed for chr21: GABPA and ITGB2-AS1!
Graph constructed for chr21: GABPA and ITGB2-AS1!
Laplacian constructed for chr21: SYNJ1 and LINC01671!
Graph constructed for chr21: SYNJ1 and LINC01671!
Laplacian constructed for chr21: LCA5L and KRTAP10-3!
Graph constructed for chr21: LCA5L and KRTAP10-3!
Laplacian constructed for chr21: KRTAP13-2 and LOC100506403!
Graph constructed for chr21: KRTAP13-2 and LOC100506403!
Laplacian constructed for chr21: KCNE2 and BRWD1!
Graph constructed for chr21: KCNE2 and BRWD1!
Laplacian constructed for chr21: LOC101930094 and SLC37A1!
Graph constructed for chr21: LOC101930094 and SLC37A1!
Laplacian constructed for chr21: GET1-SH3BGR and LINC00163!
Graph constructed for chr21: GET1-SH3BGR and LINC00163!
Laplacian constructed for chr21: NCAM2 and LINC00205!
Graph constructed for chr21: NCAM2 and LINC00205!
Laplacian constructed for chr21: LINC00205 and COL6A1!
Graph constructed for chr21: LINC00205 and COL6A1!
Laplacian constructed for chr21: CYP4F29P and LINC01687!
Graph constructed for chr21: CYP4F29P and LINC01687!
Laplacian constructed for chr21: D21S2088E and CSTB!
Graph constructed for chr21: D21S2088E and CSTB!
Laplacian constructed for chr21: BACE2 and TRPM2!
Graph constructed for chr21: BACE2 and TRPM2!
Laplacian constructed for chr21: GRIK1-AS2 and RCAN1!
Graph constructed for chr21: GRIK1-AS2 and RCAN1!
Laplacian constructed for chr21: KCNE1 and WDR4!
Graph constructed for chr21: KCNE1 and WDR4!
Laplacian constructed for chr21: SAMSN1 and AGPAT3!
Graph constructed for chr21: SAMSN1 and AGPAT3!
Laplacian constructed for chr21: POTED and TRPM2-AS!
Graph constructed for chr21: POTED and TRPM2-AS!
Laplacian constructed for chr21: CSTB and LOC101928796!
Graph constructed for chr21: CSTB and LOC101928796!
Laplacian constructed for chr21: HUNK and LINC00310!
Graph constructed for chr21: HUNK and LINC00310!
Laplacian constructed for chr21: LOC110091777 and LINC01436!
Graph constructed for chr21: LOC110091777 and LINC01436!
Laplacian constructed for chr21: LINC01697 and AATBC!
Graph constructed for chr21: LINC01697 and AATBC!
Laplacian constructed for chr21: APP and DNAJC28!
Graph constructed for chr21: APP and DNAJC28!
Laplacian constructed for chr21: GRIK1-AS1 and LINC01671!
Graph constructed for chr21: GRIK1-AS1 and LINC01671!
Laplacian constructed for chr21: USP25 and LOC101928796!
Graph constructed for chr21: USP25 and LOC101928796!
Laplacian constructed for chr21: SCAF4 and C21orf58!
Graph constructed for chr21: SCAF4 and C21orf58!
Laplacian constructed for chr21: HUNK and CBR3-AS1!
Graph constructed for chr21: HUNK and CBR3-AS1!
Laplacian constructed for chr21: MIR99AHG and ERG!
Graph constructed for chr21: MIR99AHG and ERG!
Laplacian constructed for chr21: BACH1 and BRWD1!
Graph constructed for chr21: BACH1 and BRWD1!
Laplacian constructed for chr21: LINC01436 and SLC37A1!
Graph constructed for chr21: LINC01436 and SLC37A1!
Laplacian constructed for chr21: POTED and FTCD!
Graph constructed for chr21: POTED and FTCD!
Laplacian constructed for chr21: LINC01674 and LINC00945!
Graph constructed for chr21: LINC01674 and LINC00945!
Laplacian constructed for chr21: EVA1C and TSPEAR-AS1!
Graph constructed for chr21: EVA1C and TSPEAR-AS1!
Laplacian constructed for chr21: DYRK1A and MCM3AP!
Graph constructed for chr21: DYRK1A and MCM3AP!
Laplacian constructed for chr21: CYP4F29P and BACH1-IT3!
Graph constructed for chr21: CYP4F29P and BACH1-IT3!
Laplacian constructed for chr21: CYP4F29P and CLDN8!
Graph constructed for chr21: CYP4F29P and CLDN8!
Laplacian constructed for chr21: LINC00114 and PDE9A!
Graph constructed for chr21: LINC00114 and PDE9A!
Laplacian constructed for chr21: KRTAP19-7 and PFKL!
Graph constructed for chr21: KRTAP19-7 and PFKL!
Laplacian constructed for chr21: ITSN1 and TSPEAR-AS2!
Graph constructed for chr21: ITSN1 and TSPEAR-AS2!
Laplacian constructed for chr21: MAP3K7CL and LOC101928796!
Graph constructed for chr21: MAP3K7CL and LOC101928796!
Laplacian constructed for chr21: LINC00945 and MCM3AP!
Graph constructed for chr21: LINC00945 and MCM3AP!
Laplacian constructed for chr21: GRIK1-AS2 and KRTAP19-7!
Graph constructed for chr21: GRIK1-AS2 and KRTAP19-7!
Laplacian constructed for chr21: SAMSN1 and GET1-SH3BGR!
Graph constructed for chr21: SAMSN1 and GET1-SH3BGR!
Laplacian constructed for chr21: LINC00310 and GET1-SH3BGR!
Graph constructed for chr21: LINC00310 and GET1-SH3BGR!
Laplacian constructed for chr21: LINC00515 and SLC37A1!
Graph constructed for chr21: LINC00515 and SLC37A1!
Laplacian constructed for chr21: LINC00314 and LINC01697!
Graph constructed for chr21: LINC00314 and LINC01697!
Laplacian constructed for chr21: EVA1C and TMEM50B!
Graph constructed for chr21: EVA1C and TMEM50B!
Laplacian constructed for chr21: LINC01697 and CBR3-AS1!
Graph constructed for chr21: LINC01697 and CBR3-AS1!
Laplacian constructed for chr21: LINC01683 and DYRK1A!
Graph constructed for chr21: LINC01683 and DYRK1A!
Laplacian constructed for chr21: C21orf62 and ERG!
Graph constructed for chr21: C21orf62 and ERG!
Laplacian constructed for chr21: PKNOX1 and LINC00163!
Graph constructed for chr21: PKNOX1 and LINC00163!
Laplacian constructed for chr21: SAMSN1 and C21orf91-OT1!
Graph constructed for chr21: SAMSN1 and C21orf91-OT1!
Laplacian constructed for chr21: BACH1-IT2 and EVA1C!
Graph constructed for chr21: BACH1-IT2 and EVA1C!
Laplacian constructed for chr21: JAM2 and SON!
Graph constructed for chr21: JAM2 and SON!
Laplacian constructed for chr21: LINC01692 and DSCR8!
Graph constructed for chr21: LINC01692 and DSCR8!
Laplacian constructed for chr21: RWDD2B and BRWD1!
Graph constructed for chr21: RWDD2B and BRWD1!
Laplacian constructed for chr21: DSCR8 and TFF3!
Graph constructed for chr21: DSCR8 and TFF3!
Laplacian constructed for chr21: LOC110091776 and TRPM2!
Graph constructed for chr21: LOC110091776 and TRPM2!
Laplacian constructed for chr21: MORC3 and LINC00163!
Graph constructed for chr21: MORC3 and LINC00163!
Laplacian constructed for chr21: GRIK1 and KRTAP19-7!
Graph constructed for chr21: GRIK1 and KRTAP19-7!
Laplacian constructed for chr21: D21S2088E and KCNJ15!
Graph constructed for chr21: D21S2088E and KCNJ15!
Laplacian constructed for chr21: SAMSN1 and ERG!
Graph constructed for chr21: SAMSN1 and ERG!
Laplacian constructed for chr21: D21S2088E and B3GALT5!
Graph constructed for chr21: D21S2088E and B3GALT5!
Laplacian constructed for chr21: LINC01692 and TFF1!
Graph constructed for chr21: LINC01692 and TFF1!
Laplacian constructed for chr21: MIS18A and TFF1!
Graph constructed for chr21: MIS18A and TFF1!
Laplacian constructed for chr21: ITSN1 and LINC02575!
Graph constructed for chr21: ITSN1 and LINC02575!
Laplacian constructed for chr21: BRWD1 and ADARB1!
Graph constructed for chr21: BRWD1 and ADARB1!
Laplacian constructed for chr21: LINC00945 and FTCD!
Graph constructed for chr21: LINC00945 and FTCD!
Laplacian constructed for chr21: LINC00314 and LINC01423!
Graph constructed for chr21: LINC00314 and LINC01423!
Laplacian constructed for chr21: D21S2088E and LINC00323!
Graph constructed for chr21: D21S2088E and LINC00323!
Laplacian constructed for chr21: ITSN1 and TRPM2-AS!
Graph constructed for chr21: ITSN1 and TRPM2-AS!
Laplacian constructed for chr21: COL18A1-AS1 and COL6A1!
Graph constructed for chr21: COL18A1-AS1 and COL6A1!
Laplacian constructed for chr21: DSCAM and KRTAP10-3!
Graph constructed for chr21: DSCAM and KRTAP10-3!
Laplacian constructed for chr21: MIR548XHG and UBE2G2!
Graph constructed for chr21: MIR548XHG and UBE2G2!
Laplacian constructed for chr21: PSMG1 and UBE2G2!
Graph constructed for chr21: PSMG1 and UBE2G2!
Laplacian constructed for chr21: LINC00649 and LINC00163!
Graph constructed for chr21: LINC00649 and LINC00163!
Laplacian constructed for chr21: SCAF4 and POFUT2!
Graph constructed for chr21: SCAF4 and POFUT2!
Laplacian constructed for chr21: C21orf91-OT1 and LOC101928269!
Graph constructed for chr21: C21orf91-OT1 and LOC101928269!
Laplacian constructed for chr21: ANKRD30BP2 and LCA5L!
Graph constructed for chr21: ANKRD30BP2 and LCA5L!
Laplacian constructed for chr21: MRPS6 and PLAC4!
Graph constructed for chr21: MRPS6 and PLAC4!
Laplacian constructed for chr21: SAMSN1 and RRP1B!
Graph constructed for chr21: SAMSN1 and RRP1B!
Laplacian constructed for chr21: TMPRSS15 and RRP1B!
Graph constructed for chr21: TMPRSS15 and RRP1B!
Laplacian constructed for chr21: BTG3-AS1 and RRP1!
Graph constructed for chr21: BTG3-AS1 and RRP1!
Laplacian constructed for chr21: TFF3 and TRPM2!
Graph constructed for chr21: TFF3 and TRPM2!
Laplacian constructed for chr21: TRPM2 and LOC101928796!
Graph constructed for chr21: TRPM2 and LOC101928796!
Laplacian constructed for chr21: IFNAR1 and FTCD!
Graph constructed for chr21: IFNAR1 and FTCD!
Laplacian constructed for chr21: GRIK1-AS1 and RIPPLY3!
Graph constructed for chr21: GRIK1-AS1 and RIPPLY3!
Laplacian constructed for chr21: CHAF1B and B3GALT5!
Graph constructed for chr21: CHAF1B and B3GALT5!
Laplacian constructed for chr21: LINC00945 and CFAP410!
Graph constructed for chr21: LINC00945 and CFAP410!
Laplacian constructed for chr21: C21orf91-OT1 and PTTG1IP!
Graph constructed for chr21: C21orf91-OT1 and PTTG1IP!
