Laplacian constructed for chr19: C19orf12 and FXYD5!
Graph constructed for chr19: C19orf12 and FXYD5!
Laplacian constructed for chr19: CCDC9 and ZSCAN5B!
Graph constructed for chr19: CCDC9 and ZSCAN5B!
Laplacian constructed for chr19: PTBP1 and DHDH!
Graph constructed for chr19: PTBP1 and DHDH!
Laplacian constructed for chr19: C5AR1 and MYBPC2!
Graph constructed for chr19: C5AR1 and MYBPC2!
Laplacian constructed for chr19: ZNF527 and ZNF548!
Graph constructed for chr19: ZNF527 and ZNF548!
Laplacian constructed for chr19: ZNF558 and BCAM!
Graph constructed for chr19: ZNF558 and BCAM!
Laplacian constructed for chr19: CDKN2D and FFAR2!
Graph constructed for chr19: CDKN2D and FFAR2!
Laplacian constructed for chr19: FBXO27 and SNAR-D!
Graph constructed for chr19: FBXO27 and SNAR-D!
Laplacian constructed for chr19: GNA15 and ZSWIM4!
Graph constructed for chr19: GNA15 and ZSWIM4!
Laplacian constructed for chr19: WTIP and MIR1283-1!
Graph constructed for chr19: WTIP and MIR1283-1!
Laplacian constructed for chr19: MYO1F and NKPD1!
Graph constructed for chr19: MYO1F and NKPD1!
Laplacian constructed for chr19: LINC01480 and PRMT1!
Graph constructed for chr19: LINC01480 and PRMT1!
Laplacian constructed for chr19: ARID3A and KHSRP!
Graph constructed for chr19: ARID3A and KHSRP!
Laplacian constructed for chr19: ABHD17A and IER2!
Graph constructed for chr19: ABHD17A and IER2!
Laplacian constructed for chr19: GARRE1 and RTN2!
Graph constructed for chr19: GARRE1 and RTN2!
Laplacian constructed for chr19: ARID3A and RPS11!
Graph constructed for chr19: ARID3A and RPS11!
Laplacian constructed for chr19: CNN1 and AKAP8L!
Graph constructed for chr19: CNN1 and AKAP8L!
Laplacian constructed for chr19: DNAJB1 and TYROBP!
Graph constructed for chr19: DNAJB1 and TYROBP!
Laplacian constructed for chr19: ARRDC5 and RAB11B-AS1!
Graph constructed for chr19: ARRDC5 and RAB11B-AS1!
Laplacian constructed for chr19: GSK3A and ZNF552!
Graph constructed for chr19: GSK3A and ZNF552!
Laplacian constructed for chr19: FFAR2 and ZNF227!
Graph constructed for chr19: FFAR2 and ZNF227!
