Laplacian constructed for chr5: LINC02213 and LINC01023!
Graph constructed for chr5: LINC02213 and LINC01023!
Laplacian constructed for chr5: LINC01948 and LINC01170!
Graph constructed for chr5: LINC01948 and LINC01170!
Laplacian constructed for chr5: LOC105374620 and SAR1B!
Graph constructed for chr5: LOC105374620 and SAR1B!
Laplacian constructed for chr5: LINC02213 and SEMA6A-AS1!
Graph constructed for chr5: LINC02213 and SEMA6A-AS1!
Laplacian constructed for chr5: LINC01023 and SEMA6A-AS1!
Graph constructed for chr5: LINC01023 and SEMA6A-AS1!
Laplacian constructed for chr5: C5orf51 and LINC02148!
Graph constructed for chr5: C5orf51 and LINC02148!
Laplacian constructed for chr5: DCTN4 and SIMC1!
Graph constructed for chr5: DCTN4 and SIMC1!
Laplacian constructed for chr5: TMCO6 and ADRB2!
Graph constructed for chr5: TMCO6 and ADRB2!
Laplacian constructed for chr5: EGFLAM-AS2 and LINC02059!
Graph constructed for chr5: EGFLAM-AS2 and LINC02059!
Laplacian constructed for chr5: HAVCR1 and PANK3!
Graph constructed for chr5: HAVCR1 and PANK3!
Laplacian constructed for chr5: MARCHF3 and PDE6A!
Graph constructed for chr5: MARCHF3 and PDE6A!
Laplacian constructed for chr5: NR3C1 and RPL26L1!
Graph constructed for chr5: NR3C1 and RPL26L1!
Laplacian constructed for chr5: LOC101929645 and LINC01944!
Graph constructed for chr5: LOC101929645 and LINC01944!
Laplacian constructed for chr5: LINC01455 and TRIM52-AS1!
Graph constructed for chr5: LINC01455 and TRIM52-AS1!
Laplacian constructed for chr5: MYOZ3 and GABRP!
Graph constructed for chr5: MYOZ3 and GABRP!
Laplacian constructed for chr5: LINC02104 and NR2F1!
Graph constructed for chr5: LINC02104 and NR2F1!
Laplacian constructed for chr5: ADGRV1 and RACK1!
Graph constructed for chr5: ADGRV1 and RACK1!
Laplacian constructed for chr5: IL4 and MFAP3!
Graph constructed for chr5: IL4 and MFAP3!
Laplacian constructed for chr5: RGMB and RNF44!
Graph constructed for chr5: RGMB and RNF44!
Laplacian constructed for chr5: LOC105374620 and RNF145!
Graph constructed for chr5: LOC105374620 and RNF145!
Laplacian constructed for chr5: SAR1B and RNF145!
Graph constructed for chr5: SAR1B and RNF145!
Laplacian constructed for chr5: LINC01187 and PDLIM7!
Graph constructed for chr5: LINC01187 and PDLIM7!
Laplacian constructed for chr5: ELOVL7 and NEURL1B!
Graph constructed for chr5: ELOVL7 and NEURL1B!
Laplacian constructed for chr5: IL4 and TMCO6!
Graph constructed for chr5: IL4 and TMCO6!
Laplacian constructed for chr5: TMCO6 and MFAP3!
Graph constructed for chr5: TMCO6 and MFAP3!
Laplacian constructed for chr5: LINC02104 and KLHL3!
Graph constructed for chr5: LINC02104 and KLHL3!
Laplacian constructed for chr5: OCLN and PCDHAC1!
Graph constructed for chr5: OCLN and PCDHAC1!
Laplacian constructed for chr5: EGFLAM-AS4 and F2RL1!
Graph constructed for chr5: EGFLAM-AS4 and F2RL1!
Laplacian constructed for chr5: RAB3C and SMIM15-AS1!
Graph constructed for chr5: RAB3C and SMIM15-AS1!
Laplacian constructed for chr5: EGFLAM-AS4 and EIF4E1B!
Graph constructed for chr5: EGFLAM-AS4 and EIF4E1B!
Laplacian constructed for chr5: F2RL1 and EIF4E1B!
Graph constructed for chr5: F2RL1 and EIF4E1B!
Laplacian constructed for chr5: SLC27A6 and PPP2R2B!
Graph constructed for chr5: SLC27A6 and PPP2R2B!
Laplacian constructed for chr5: SEC24A and CSF1R!
Graph constructed for chr5: SEC24A and CSF1R!
Laplacian constructed for chr5: ECSCR and ZFP2!
Graph constructed for chr5: ECSCR and ZFP2!
Graph constructed for chr5: PCDHGA12!
Graph constructed for chr5: LOC101929645!
Graph constructed for chr5: EGFLAM-AS2!
Graph constructed for chr5: DCTN4!
Graph constructed for chr5: PPP2R2B!
Graph constructed for chr5: CAMK2A!
Graph constructed for chr5: LINC01948!
Graph constructed for chr5: RNF44!
Graph constructed for chr5: HAND1!
Graph constructed for chr5: LINC02104!
Graph constructed for chr5: TMCO6!
Graph constructed for chr5: SQSTM1!
Graph constructed for chr5: ZFP2!
Graph constructed for chr5: CKMT2!
Graph constructed for chr5: IL4!
Graph constructed for chr5: GIN1!
Graph constructed for chr5: RNF180!
Graph constructed for chr5: CARD6!
Graph constructed for chr5: SIMC1!
Graph constructed for chr5: PRELID1!
Graph constructed for chr5: CDC23!
Graph constructed for chr5: LINC02213!
Graph constructed for chr5: EGFLAM!
Graph constructed for chr5: NIM1K!
Graph constructed for chr5: IRGM!
Graph constructed for chr5: HNRNPH1!
Graph constructed for chr5: HRH2!
Graph constructed for chr5: PRR7-AS1!
Graph constructed for chr5: C5orf22!
Graph constructed for chr5: MARCHF3!
Graph constructed for chr5: ACTBL2!
Graph constructed for chr5: JMY!
Graph constructed for chr5: ELOVL7!
Graph constructed for chr5: ZDHHC11!
Graph constructed for chr5: ESM1!
Graph constructed for chr5: CWC27!
Graph constructed for chr5: VCAN!
Graph constructed for chr5: FBN2!
Graph constructed for chr5: SAR1B!
Graph constructed for chr5: LINC01194!
Graph constructed for chr5: KLHL3!
Graph constructed for chr5: PCDHB9!
Graph constructed for chr5: SLC6A3!
Graph constructed for chr5: EGFLAM-AS4!
Graph constructed for chr5: UBE2B!
Graph constructed for chr5: LINC01023!
Graph constructed for chr5: ARHGAP26-AS1!
Graph constructed for chr5: UNC5A!
Graph constructed for chr5: LINC01170!
Graph constructed for chr5: VDAC1!
Graph constructed for chr5: GRK6!
Graph constructed for chr5: PCBD2!
Graph constructed for chr5: IL6ST!
Graph constructed for chr5: LRRC14B!
Graph constructed for chr5: LOC101927078!
Graph constructed for chr5: PRELID2!
Graph constructed for chr5: LOC101928505!
Graph constructed for chr5: LINC01485!
Graph constructed for chr5: GLRX!
Graph constructed for chr5: LINC02059!
Graph constructed for chr5: SEMA6A-AS1!
Graph constructed for chr5: THG1L!
Graph constructed for chr5: C5orf51!
Graph constructed for chr5: CPLANE1!
Graph constructed for chr5: SMIM32!
Graph constructed for chr5: LINC01331!
Graph constructed for chr5: NEURL1B!
Graph constructed for chr5: SEMA5A!
Graph constructed for chr5: GPR151!
Graph constructed for chr5: LINC02148!
Graph constructed for chr5: G3BP1!
Graph constructed for chr5: PCDHA5!
Graph constructed for chr5: FAM169A!
Graph constructed for chr5: MYO10!
Graph constructed for chr5: PCDHGB2!
Graph constructed for chr5: TMEM232!
Graph constructed for chr5: EMB!
Graph constructed for chr5: ANKHD1-EIF4EBP3!
Graph constructed for chr5: SFXN1!
Graph constructed for chr5: LOC105374620!
Graph constructed for chr5: SEMA6A-AS2!
Graph constructed for chr5: CCT5!
Graph constructed for chr5: BOD1!
Graph constructed for chr5: MAPK9!
Graph constructed for chr5: LINC01470!
Graph constructed for chr5: LOC102503427!
Graph constructed for chr5: PSD2!
Graph constructed for chr5: PCDHB3!
Graph constructed for chr5: DAB2!
Graph constructed for chr5: LINC01455!
Graph constructed for chr5: LINC02202!
Graph constructed for chr5: LOC285638!
Graph constructed for chr5: LINC02208!
Graph constructed for chr5: PANK3!
Graph constructed for chr5: STK10!
Graph constructed for chr5: SPZ1!
Graph constructed for chr5: RPL26L1!
Graph constructed for chr5: PLCXD3!
Graph constructed for chr5: PDE6A!
Graph constructed for chr5: TBC1D9B!
Graph constructed for chr5: LINC02145!
Graph constructed for chr5: NPR3!
Graph constructed for chr5: CREBRF!
Graph constructed for chr5: ADRB2!
Graph constructed for chr5: MRPS36!
Graph constructed for chr5: SH3TC2!
Graph constructed for chr5: DDX46!
Graph constructed for chr5: MEF2C-AS1!
Graph constructed for chr5: PFDN1!
Graph constructed for chr5: LINC02109!
Graph constructed for chr5: GTF2H2B!
Graph constructed for chr5: GABRP!
Graph constructed for chr5: CTC-338M12.4!
Graph constructed for chr5: PRLR!
Graph constructed for chr5: HAVCR1!
Graph constructed for chr5: MCIDAS!
Graph constructed for chr5: LMNB1-DT!
Graph constructed for chr5: NR3C1!
Graph constructed for chr5: MACIR!
Graph constructed for chr5: ACSL6!
Graph constructed for chr5: ADGRV1!
Graph constructed for chr5: RGMB!
Graph constructed for chr5: NBPF22P!
Graph constructed for chr5: TCERG1!
Graph constructed for chr5: OCLN!
Graph constructed for chr5: GEMIN5!
Graph constructed for chr5: ANKRD34B!
Graph constructed for chr5: REEP2!
Graph constructed for chr5: LINC01944!
Graph constructed for chr5: UGT3A1!
Graph constructed for chr5: RAB3C!
Graph constructed for chr5: SRD5A1!
Graph constructed for chr5: MYOZ3!
Graph constructed for chr5: F2RL2!
Graph constructed for chr5: CCDC112!
Graph constructed for chr5: CEP120!
Graph constructed for chr5: LINC01187!
Graph constructed for chr5: LINC02113!
Graph constructed for chr5: TRIM52-AS1!
Graph constructed for chr5: SLC30A5!
Graph constructed for chr5: SMIM15-AS1!
Graph constructed for chr5: SV2C!
Graph constructed for chr5: LOC100128059!
Graph constructed for chr5: RPS14!
Graph constructed for chr5: NR2F1!
Graph constructed for chr5: PCDHA1!
Graph constructed for chr5: RACK1!
Graph constructed for chr5: CNOT8!
Graph constructed for chr5: LINC02218!
Graph constructed for chr5: APBB3!
Graph constructed for chr5: HARS2!
Graph constructed for chr5: GM2A!
Graph constructed for chr5: RFESD!
Graph constructed for chr5: LINCADL!
Graph constructed for chr5: LOC105379143!
Graph constructed for chr5: FSTL4!
Graph constructed for chr5: PLK2!
Graph constructed for chr5: CEP72!
Graph constructed for chr5: LOC102467226!
Graph constructed for chr5: UBTD2!
Graph constructed for chr5: CRSP8P!
Graph constructed for chr5: SLC27A6!
Graph constructed for chr5: MFAP3!
Graph constructed for chr5: TMEM161B-AS1!
Graph constructed for chr5: CTD-3080P12.3!
Graph constructed for chr5: SYNPO!
Graph constructed for chr5: CCNB1!
Graph constructed for chr5: NIPBL!
Graph constructed for chr5: MINAR2!
Graph constructed for chr5: SLC9A3!
Graph constructed for chr5: KIF2A!
Graph constructed for chr5: LTC4S!
Graph constructed for chr5: PELO!
Graph constructed for chr5: OTULINL!
Graph constructed for chr5: RNF145!
Graph constructed for chr5: ECSCR!
Graph constructed for chr5: TNPO1!
Graph constructed for chr5: PDLIM7!
Graph constructed for chr5: ARHGAP26!
Graph constructed for chr5: LOC100506688!
Graph constructed for chr5: LINC02242!
Graph constructed for chr5: LOC100506858!
Graph constructed for chr5: MIR4638!
Graph constructed for chr5: LUCAT1!
Graph constructed for chr5: CSF1R!
Graph constructed for chr5: PCDHAC1!
Graph constructed for chr5: HMGXB3!
Graph constructed for chr5: LINC01951!
Graph constructed for chr5: PCDH1!
Graph constructed for chr5: ATP10B!
Graph constructed for chr5: CDC25C!
Graph constructed for chr5: MIR6131!
Graph constructed for chr5: SLC36A1!
Graph constructed for chr5: GZMK!
Graph constructed for chr5: F2RL1!
Graph constructed for chr5: TSPAN17!
Graph constructed for chr5: ADRA1B!
Graph constructed for chr5: PCDHB10!
Graph constructed for chr5: EIF4E1B!
Graph constructed for chr5: TIFAB!
Graph constructed for chr5: SH3RF2!
Graph constructed for chr5: SEC24A!
Graph constructed for chr5: LOC101928858!
Graph constructed for chr5: MIR3977!
Graph constructed for chr5: PCDHB17P!
Graph constructed for chr5: HTR1A!
------------------ CHR5 DONE! ------------------
{"project":"masters","channel":"laplacian","event":"Laplacian Construction is complete","description":"CHR5 is done!","icon":"🔥","notify":true,"parser":"text"}