Laplacian constructed for chr8: ARHGEF10 and FUT10!
Graph constructed for chr8: ARHGEF10 and FUT10!
Laplacian constructed for chr8: RNF170 and TOX!
Graph constructed for chr8: RNF170 and TOX!
Laplacian constructed for chr8: RAD54B and JRK!
Graph constructed for chr8: RAD54B and JRK!
Laplacian constructed for chr8: KCNV1 and ZNF34!
Graph constructed for chr8: KCNV1 and ZNF34!
Laplacian constructed for chr8: POLB and GDF6!
Graph constructed for chr8: POLB and GDF6!
Laplacian constructed for chr8: KLHL38 and FAM91A1!
Graph constructed for chr8: KLHL38 and FAM91A1!
Laplacian constructed for chr8: BAG4 and ADHFE1!
Graph constructed for chr8: BAG4 and ADHFE1!
Laplacian constructed for chr8: PPP1R42 and MIR4472-1!
Graph constructed for chr8: PPP1R42 and MIR4472-1!
Laplacian constructed for chr8: BIN3 and CNBD1!
Graph constructed for chr8: BIN3 and CNBD1!
Laplacian constructed for chr8: LOC100128993 and RNF170!
Graph constructed for chr8: LOC100128993 and RNF170!
Laplacian constructed for chr8: SLC7A2 and LOC100128993!
Graph constructed for chr8: SLC7A2 and LOC100128993!
Laplacian constructed for chr8: DLGAP2 and TAF2!
Graph constructed for chr8: DLGAP2 and TAF2!
Laplacian constructed for chr8: CCNE2 and GPIHBP1!
Graph constructed for chr8: CCNE2 and GPIHBP1!
Laplacian constructed for chr8: TCF24 and C8orf89!
Graph constructed for chr8: TCF24 and C8orf89!
Graph constructed for chr8: KCNV1!
Graph constructed for chr8: LINC01605!
Graph constructed for chr8: LRRC14!
Graph constructed for chr8: PRDM14!
Graph constructed for chr8: CNBD1!
Graph constructed for chr8: NRG1!
Graph constructed for chr8: TRIM35!
Graph constructed for chr8: COL14A1!
Graph constructed for chr8: TOX!
Graph constructed for chr8: LOC105379331!
Graph constructed for chr8: XPO7!
Graph constructed for chr8: MIR596!
Graph constructed for chr8: SAMD12!
Graph constructed for chr8: GDAP1!
Graph constructed for chr8: ARHGEF10!
Graph constructed for chr8: CPA6!
Graph constructed for chr8: ZNF7!
Graph constructed for chr8: PDE7A!
Graph constructed for chr8: DEFA4!
Graph constructed for chr8: GINS4!
Graph constructed for chr8: LOC100132813!
Graph constructed for chr8: TNFRSF11B!
Graph constructed for chr8: RDH10!
Graph constructed for chr8: FUT10!
Graph constructed for chr8: SGCZ!
Graph constructed for chr8: CHRAC1!
Graph constructed for chr8: KLHL38!
Graph constructed for chr8: LY96!
Graph constructed for chr8: MIR4472-1!
Graph constructed for chr8: RRS1-AS1!
Graph constructed for chr8: JRK!
Graph constructed for chr8: NKX2-6!
Graph constructed for chr8: MAFA-AS1!
Graph constructed for chr8: AGO2!
Graph constructed for chr8: LOC101928902!
Graph constructed for chr8: LINC00051!
Graph constructed for chr8: SHARPIN!
Graph constructed for chr8: SAMD12-AS1!
Graph constructed for chr8: VPS13B!
Graph constructed for chr8: LZTS1-AS1!
Graph constructed for chr8: BNIP3L!
Graph constructed for chr8: UBE2W!
Graph constructed for chr8: TAF2!
Graph constructed for chr8: CNGB3!
Graph constructed for chr8: SPAG1!
Graph constructed for chr8: GOLGA7!
Graph constructed for chr8: EIF3E!
Graph constructed for chr8: LINC02055!
Graph constructed for chr8: MYOM2!
Graph constructed for chr8: CASC8!
Graph constructed for chr8: PAG1!
Graph constructed for chr8: MIR1302-7!
Graph constructed for chr8: HAS2!
Graph constructed for chr8: ZNF596!
Graph constructed for chr8: ODF1!
Graph constructed for chr8: UBR5!
Graph constructed for chr8: LINC01298!
Graph constructed for chr8: GOT1L1!
Graph constructed for chr8: BAG4!
Graph constructed for chr8: ADHFE1!
Graph constructed for chr8: UBR5-AS1!
Graph constructed for chr8: ZC2HC1A!
Graph constructed for chr8: SORBS3!
Graph constructed for chr8: HMBOX1!
Graph constructed for chr8: C8orf89!
Graph constructed for chr8: PKIA-AS1!
Graph constructed for chr8: TCF24!
Graph constructed for chr8: PREX2!
Graph constructed for chr8: ZNF704!
Graph constructed for chr8: LOC101927066!
Graph constructed for chr8: TDH!
Graph constructed for chr8: PEBP4!
Graph constructed for chr8: C8orf44!
Graph constructed for chr8: TATDN1!
Graph constructed for chr8: RNF170!
Graph constructed for chr8: CIBAR1!
Graph constructed for chr8: DECR1!
Graph constructed for chr8: ARFGEF1!
Graph constructed for chr8: LOC101927657!
Graph constructed for chr8: KHDRBS3!
Graph constructed for chr8: NKAIN3!
Graph constructed for chr8: LRRCC1!
Graph constructed for chr8: CCNE2!
Graph constructed for chr8: MAL2!
Graph constructed for chr8: TTPA!
Graph constructed for chr8: FLJ46284!
Graph constructed for chr8: POLB!
Graph constructed for chr8: PHF20L1!
Graph constructed for chr8: LOC101927141!
Graph constructed for chr8: MFSD3!
Graph constructed for chr8: PRSS55!
Graph constructed for chr8: MAL2-AS1!
Graph constructed for chr8: MSRA!
Graph constructed for chr8: ZNF34!
Graph constructed for chr8: LOC101927798!
Graph constructed for chr8: NSD3!
Graph constructed for chr8: KBTBD11!
Graph constructed for chr8: LOC100128993!
Graph constructed for chr8: DUSP26!
Graph constructed for chr8: C8orf37!
Graph constructed for chr8: FGF20!
Graph constructed for chr8: SOX17!
Graph constructed for chr8: POMK!
Graph constructed for chr8: ZFPM2!
Graph constructed for chr8: RAD21!
Graph constructed for chr8: RPL30!
Graph constructed for chr8: SLC35G5!
Graph constructed for chr8: LINC01602!
Graph constructed for chr8: LOC286177!
Graph constructed for chr8: DERL1!
Graph constructed for chr8: THEM6!
Graph constructed for chr8: ZFAT!
Graph constructed for chr8: LINC01111!
Graph constructed for chr8: FGFR1!
Graph constructed for chr8: PNMA2!
Graph constructed for chr8: DENND3!
Graph constructed for chr8: HR!
Graph constructed for chr8: TNFRSF10A!
Graph constructed for chr8: PLAG1!
Graph constructed for chr8: MBOAT4!
Graph constructed for chr8: ATP6V1H!
Graph constructed for chr8: RAD54B!
Graph constructed for chr8: BAALC!
Graph constructed for chr8: BRF2!
Graph constructed for chr8: DCTN6!
Graph constructed for chr8: TEX15!
Graph constructed for chr8: LOC105377777!
Graph constructed for chr8: TDRP!
Graph constructed for chr8: MTDH!
Graph constructed for chr8: CASC11!
Graph constructed for chr8: LETM2!
Graph constructed for chr8: PI15!
Graph constructed for chr8: MRPL15!
Graph constructed for chr8: GSDMC!
Graph constructed for chr8: RECQL4!
Graph constructed for chr8: RAB11FIP1!
Graph constructed for chr8: VXN!
Graph constructed for chr8: DEFB135!
Graph constructed for chr8: LOC100130027!
Graph constructed for chr8: ZNF703!
Graph constructed for chr8: LACTB2-AS1!
Graph constructed for chr8: LOC101929269!
Graph constructed for chr8: OC90!
Graph constructed for chr8: PPP1R3B!
Graph constructed for chr8: DOCK5!
Graph constructed for chr8: SNX16!
Graph constructed for chr8: CCN3!
Graph constructed for chr8: SDR16C6P!
Graph constructed for chr8: INTS8!
Graph constructed for chr8: LINC01030!
Graph constructed for chr8: PCAT1!
Graph constructed for chr8: LOC102723322!
Graph constructed for chr8: DCAF13!
Graph constructed for chr8: LOC105375690!
Graph constructed for chr8: PKIA!
Graph constructed for chr8: MINCR!
Graph constructed for chr8: ATP6V1C1!
Graph constructed for chr8: FABP5!
Graph constructed for chr8: ADRA1A!
Graph constructed for chr8: ZNF252P!
Graph constructed for chr8: PINX1!
Graph constructed for chr8: POLR2K!
Graph constructed for chr8: LOC101928058!
Graph constructed for chr8: TRMT12!
Graph constructed for chr8: PEG13!
Graph constructed for chr8: GDF6!
Graph constructed for chr8: RHPN1!
Graph constructed for chr8: EPHX2!
Graph constructed for chr8: STAR!
Graph constructed for chr8: LOC102724874!
Graph constructed for chr8: ENTPD4!
Graph constructed for chr8: LOC105377785!
Graph constructed for chr8: KLF10!
Graph constructed for chr8: PARP10!
Graph constructed for chr8: BHLHE22!
Graph constructed for chr8: FAM167A!
Graph constructed for chr8: CYC1!
Graph constructed for chr8: LOC100287015!
Graph constructed for chr8: LOXL2!
Graph constructed for chr8: MCMDC2!
Graph constructed for chr8: LOC102724710!
Graph constructed for chr8: LOC105375787!
Graph constructed for chr8: LINC00968!
Graph constructed for chr8: LOC101927845!
Graph constructed for chr8: LINC00293!
Graph constructed for chr8: LINC01299!
Graph constructed for chr8: UTP23!
Graph constructed for chr8: MED30!
Graph constructed for chr8: SCARA3!
Graph constructed for chr8: LOC101929294!
Graph constructed for chr8: MCPH1!
Graph constructed for chr8: FAM91A1!
Graph constructed for chr8: SQLE!
Graph constructed for chr8: FGL1!
Graph constructed for chr8: RBPMS-AS1!
Graph constructed for chr8: LOC102723729!
Graph constructed for chr8: PRKDC!
Graph constructed for chr8: MIR2052HG!
Graph constructed for chr8: CYRIB!
Graph constructed for chr8: DEFB1!
Graph constructed for chr8: PCAT2!
Graph constructed for chr8: NAT1!
Graph constructed for chr8: FAM110B!
Graph constructed for chr8: OPLAH!
Graph constructed for chr8: PDGFRL!
Graph constructed for chr8: EXTL3!
Graph constructed for chr8: CRH!
Graph constructed for chr8: LINC00964!
Graph constructed for chr8: INTS9!
Graph constructed for chr8: MAILR!
Graph constructed for chr8: LOC101927815!
Graph constructed for chr8: TGS1!
Graph constructed for chr8: PPP1R42!
Graph constructed for chr8: C8orf86!
Graph constructed for chr8: HOOK3!
Graph constructed for chr8: TPD52!
Graph constructed for chr8: FER1L6!
Graph constructed for chr8: INTS10!
Graph constructed for chr8: OPRK1!
Graph constructed for chr8: LINC00976!
Graph constructed for chr8: KCNK9!
Graph constructed for chr8: LZTS1!
Graph constructed for chr8: GFUS!
Graph constructed for chr8: MICU3!
Graph constructed for chr8: ASAP1!
Graph constructed for chr8: BIN3!
Graph constructed for chr8: LINC01288!
Graph constructed for chr8: EMC2!
Graph constructed for chr8: ZMAT4!
Graph constructed for chr8: JPH1!
Graph constructed for chr8: CSMD3!
Graph constructed for chr8: TMEM71!
Graph constructed for chr8: SLC7A2!
Graph constructed for chr8: ZNF251!
Graph constructed for chr8: ADAM18!
Graph constructed for chr8: FER1L6-AS1!
Graph constructed for chr8: ADCK5!
Graph constructed for chr8: YTHDF3!
Graph constructed for chr8: IDO1!
Graph constructed for chr8: PCMTD1!
Graph constructed for chr8: DCSTAMP!
Graph constructed for chr8: MROH6!
Graph constructed for chr8: LONRF1!
Graph constructed for chr8: LOC102467222!
Graph constructed for chr8: PRNCR1!
Graph constructed for chr8: ZNF623!
Graph constructed for chr8: NRG1-IT1!
Graph constructed for chr8: DLGAP2!
Graph constructed for chr8: C8orf49!
Graph constructed for chr8: KCTD9!
Graph constructed for chr8: GPIHBP1!
Graph constructed for chr8: GLI4!
Graph constructed for chr8: LOC101928160!
Graph constructed for chr8: FBXO16!
Graph constructed for chr8: FAM87A!
Graph constructed for chr8: AARD!
Graph constructed for chr8: NSMAF!
Graph constructed for chr8: LINC01419!
Graph constructed for chr8: LOC102723313!
Graph constructed for chr8: LINC02153!
Graph constructed for chr8: SLC39A14!
Graph constructed for chr8: RB1CC1!
Graph constructed for chr8: STMN2!
Graph constructed for chr8: NAT2!
Graph constructed for chr8: TBC1D31!
Graph constructed for chr8: ANGPT2!
Graph constructed for chr8: MYBL1!
Graph constructed for chr8: C8orf88!
Graph constructed for chr8: COL22A1!
Graph constructed for chr8: STC1!
Graph constructed for chr8: SNTB1!
Graph constructed for chr8: MROH5!
Graph constructed for chr8: LOC101929622!
Graph constructed for chr8: PLEKHA2!
Graph constructed for chr8: ZNF572!
------------------ CHR8 DONE! ------------------
{"project":"masters","channel":"laplacian","event":"Laplacian Construction is complete","description":"CHR8 is done!","icon":"🔥","notify":true,"parser":"text"}