Laplacian constructed for chr9: SAXO1 and USP20!
Graph constructed for chr9: SAXO1 and USP20!
Laplacian constructed for chr9: ACTL7B and FBXW5!
Graph constructed for chr9: ACTL7B and FBXW5!
Laplacian constructed for chr9: DMRT2 and OSTF1!
Graph constructed for chr9: DMRT2 and OSTF1!
Laplacian constructed for chr9: CLTA and C9orf116!
Graph constructed for chr9: CLTA and C9orf116!
Laplacian constructed for chr9: LINC01242 and ASTN2!
Graph constructed for chr9: LINC01242 and ASTN2!
Laplacian constructed for chr9: PLIN2 and CCDC183!
Graph constructed for chr9: PLIN2 and CCDC183!
Laplacian constructed for chr9: CNTFR-AS1 and CLTA!
Graph constructed for chr9: CNTFR-AS1 and CLTA!
Laplacian constructed for chr9: SLC31A2 and LOC651337!
Graph constructed for chr9: SLC31A2 and LOC651337!
Laplacian constructed for chr9: FAM122A and SURF6!
Graph constructed for chr9: FAM122A and SURF6!
Laplacian constructed for chr9: KCNV2 and LOC100130548!
Graph constructed for chr9: KCNV2 and LOC100130548!
Laplacian constructed for chr9: SPATA6L and DKFZP434A062!
Graph constructed for chr9: SPATA6L and DKFZP434A062!
Laplacian constructed for chr9: PTAR1 and LOC100129316!
Graph constructed for chr9: PTAR1 and LOC100129316!
Laplacian constructed for chr9: ZFAND5 and SHC3!
Graph constructed for chr9: ZFAND5 and SHC3!
Laplacian constructed for chr9: CD274 and CRB2!
Graph constructed for chr9: CD274 and CRB2!
Laplacian constructed for chr9: HSD17B3 and C9orf116!
Graph constructed for chr9: HSD17B3 and C9orf116!
Laplacian constructed for chr9: B4GALT1 and FAM122A!
Graph constructed for chr9: B4GALT1 and FAM122A!
Laplacian constructed for chr9: TRPM6 and ORM2!
Graph constructed for chr9: TRPM6 and ORM2!
Laplacian constructed for chr9: CLTA and SPTLC1!
Graph constructed for chr9: CLTA and SPTLC1!
Laplacian constructed for chr9: ANKRD18A and ECPAS!
Graph constructed for chr9: ANKRD18A and ECPAS!
Laplacian constructed for chr9: CYLC2 and DPP7!
Graph constructed for chr9: CYLC2 and DPP7!
Laplacian constructed for chr9: LINC00484 and FGD3!
Graph constructed for chr9: LINC00484 and FGD3!
