Laplacian constructed for chr21: LINC01671 and DIP2A!
Graph constructed for chr21: LINC01671 and DIP2A!
Laplacian constructed for chr21: C21orf62 and KCNE1!
Graph constructed for chr21: C21orf62 and KCNE1!
Laplacian constructed for chr21: SOD1 and PRMT2!
Graph constructed for chr21: SOD1 and PRMT2!
Laplacian constructed for chr21: C21orf91-OT1 and TSPEAR!
Graph constructed for chr21: C21orf91-OT1 and TSPEAR!
Laplacian constructed for chr21: BRWD1 and BACE2!
Graph constructed for chr21: BRWD1 and BACE2!
Laplacian constructed for chr21: UBASH3A and MCM3AP!
Graph constructed for chr21: UBASH3A and MCM3AP!
Laplacian constructed for chr21: SAMSN1 and LINC00160!
Graph constructed for chr21: SAMSN1 and LINC00160!
Laplacian constructed for chr21: KRTAP19-7 and CBR3-AS1!
Graph constructed for chr21: KRTAP19-7 and CBR3-AS1!
Laplacian constructed for chr21: LINC01674 and ITGB2-AS1!
Graph constructed for chr21: LINC01674 and ITGB2-AS1!
Laplacian constructed for chr21: CLDN14 and HMGN1!
Graph constructed for chr21: CLDN14 and HMGN1!
Laplacian constructed for chr21: CYYR1-AS1 and TRPM2!
Graph constructed for chr21: CYYR1-AS1 and TRPM2!
Laplacian constructed for chr21: GRIK1-AS1 and LINC01547!
Graph constructed for chr21: GRIK1-AS1 and LINC01547!
Laplacian constructed for chr21: LINC01549 and LINC00479!
Graph constructed for chr21: LINC01549 and LINC00479!
Laplacian constructed for chr21: KRTAP19-5 and MORC3!
Graph constructed for chr21: KRTAP19-5 and MORC3!
Laplacian constructed for chr21: RIPK4 and UMODL1!
Graph constructed for chr21: RIPK4 and UMODL1!
Laplacian constructed for chr21: LINC00114 and TRPM2!
Graph constructed for chr21: LINC00114 and TRPM2!
Laplacian constructed for chr21: CLDN17 and KRTAP10-8!
Graph constructed for chr21: CLDN17 and KRTAP10-8!
Laplacian constructed for chr21: D21S2088E and COL6A2!
Graph constructed for chr21: D21S2088E and COL6A2!
Laplacian constructed for chr21: LINC01549 and ATP5PF!
Graph constructed for chr21: LINC01549 and ATP5PF!
Laplacian constructed for chr21: LINC01549 and LOC101930094!
Graph constructed for chr21: LINC01549 and LOC101930094!
Laplacian constructed for chr21: LINC01549 and LINC01697!
Graph constructed for chr21: LINC01549 and LINC01697!
Laplacian constructed for chr21: SETD4 and PCBP3!
Graph constructed for chr21: SETD4 and PCBP3!
