Laplacian constructed for chr15: BUB1B and RAD51!
Graph constructed for chr15: BUB1B and RAD51!
Laplacian constructed for chr15: TMEM62 and USP50!
Graph constructed for chr15: TMEM62 and USP50!
Laplacian constructed for chr15: PLA2G4E and EPB42!
Graph constructed for chr15: PLA2G4E and EPB42!
Laplacian constructed for chr15: DPH6-DT and PEAK1!
Graph constructed for chr15: DPH6-DT and PEAK1!
Laplacian constructed for chr15: TUBGCP4 and LINC01579!
Graph constructed for chr15: TUBGCP4 and LINC01579!
Laplacian constructed for chr15: ADAMTS7P1 and RLBP1!
Graph constructed for chr15: ADAMTS7P1 and RLBP1!
Laplacian constructed for chr15: LOC283710 and LINC00924!
Graph constructed for chr15: LOC283710 and LINC00924!
Laplacian constructed for chr15: TMEM62 and MIR4712!
Graph constructed for chr15: TMEM62 and MIR4712!
Laplacian constructed for chr15: MIR4712 and LOC101928725!
Graph constructed for chr15: MIR4712 and LOC101928725!
Laplacian constructed for chr15: LOC283710 and GOLM2!
Graph constructed for chr15: LOC283710 and GOLM2!
Laplacian constructed for chr15: LINC02352 and USP8!
Graph constructed for chr15: LINC02352 and USP8!
Laplacian constructed for chr15: SERF2 and EFL1!
Graph constructed for chr15: SERF2 and EFL1!
Laplacian constructed for chr15: VPS39 and LOC101927310!
Graph constructed for chr15: VPS39 and LOC101927310!
Laplacian constructed for chr15: PIAS1 and PEAK1!
Graph constructed for chr15: PIAS1 and PEAK1!
Laplacian constructed for chr15: ATP8B4 and IGDCC4!
Graph constructed for chr15: ATP8B4 and IGDCC4!
Laplacian constructed for chr15: LINC00929 and C15orf40!
Graph constructed for chr15: LINC00929 and C15orf40!
Laplacian constructed for chr15: FAH and HSP90B2P!
Graph constructed for chr15: FAH and HSP90B2P!
Laplacian constructed for chr15: PCLAF and IGF1R!
Graph constructed for chr15: PCLAF and IGF1R!
Laplacian constructed for chr15: SLC28A1 and ASB7!
Graph constructed for chr15: SLC28A1 and ASB7!
Laplacian constructed for chr15: OCA2 and RNF111!
Graph constructed for chr15: OCA2 and RNF111!
Laplacian constructed for chr15: RMDN3 and MFGE8!
Graph constructed for chr15: RMDN3 and MFGE8!
Laplacian constructed for chr15: RPS27L and DET1!
Graph constructed for chr15: RPS27L and DET1!
Laplacian constructed for chr15: GCNT3 and MFGE8!
Graph constructed for chr15: GCNT3 and MFGE8!
Laplacian constructed for chr15: EFL1 and LOC101927310!
Graph constructed for chr15: EFL1 and LOC101927310!
Laplacian constructed for chr15: LINGO1-AS1 and BTBD1!
Graph constructed for chr15: LINGO1-AS1 and BTBD1!
Laplacian constructed for chr15: USP8 and RORA!
Graph constructed for chr15: USP8 and RORA!
Laplacian constructed for chr15: DISP2 and SYNM!
Graph constructed for chr15: DISP2 and SYNM!
