Laplacian constructed for chr7: RSBN1L and KCP!
Graph constructed for chr7: RSBN1L and KCP!
Laplacian constructed for chr7: ABCB4 and CNPY1!
Graph constructed for chr7: ABCB4 and CNPY1!
Laplacian constructed for chr7: RADIL and RP9!
Graph constructed for chr7: RADIL and RP9!
Laplacian constructed for chr7: GRM3 and PTPRZ1!
Graph constructed for chr7: GRM3 and PTPRZ1!
Laplacian constructed for chr7: LINC01392 and NOM1!
Graph constructed for chr7: LINC01392 and NOM1!
Laplacian constructed for chr7: COA1 and ZNF775!
Graph constructed for chr7: COA1 and ZNF775!
Laplacian constructed for chr7: C7orf69 and MYH16!
Graph constructed for chr7: C7orf69 and MYH16!
Laplacian constructed for chr7: RAC1 and PRSS58!
Graph constructed for chr7: RAC1 and PRSS58!
Laplacian constructed for chr7: AZGP1P1 and MUC12-AS1!
Graph constructed for chr7: AZGP1P1 and MUC12-AS1!
Laplacian constructed for chr7: TMEM184A and PON3!
Graph constructed for chr7: TMEM184A and PON3!
Laplacian constructed for chr7: CUX1 and SSBP1!
Graph constructed for chr7: CUX1 and SSBP1!
Laplacian constructed for chr7: MPP6 and OR2F2!
Graph constructed for chr7: MPP6 and OR2F2!
Laplacian constructed for chr7: LMTK2 and OR6V1!
Graph constructed for chr7: LMTK2 and OR6V1!
Laplacian constructed for chr7: TMEM106B and CHN2-AS1!
Graph constructed for chr7: TMEM106B and CHN2-AS1!
Laplacian constructed for chr7: GLI3 and POT1!
Graph constructed for chr7: GLI3 and POT1!
Laplacian constructed for chr7: CCZ1B and AOAH!
Graph constructed for chr7: CCZ1B and AOAH!
Laplacian constructed for chr7: TMEM196 and DYNC1I1!
Graph constructed for chr7: TMEM196 and DYNC1I1!
Laplacian constructed for chr7: C7orf65 and GSAP!
Graph constructed for chr7: C7orf65 and GSAP!
Laplacian constructed for chr7: HECW1 and GRM3!
Graph constructed for chr7: HECW1 and GRM3!
Laplacian constructed for chr7: HECW1 and PTPRZ1!
Graph constructed for chr7: HECW1 and PTPRZ1!
Laplacian constructed for chr7: ABCB4 and KDM7A!
Graph constructed for chr7: ABCB4 and KDM7A!
Laplacian constructed for chr7: KLHL7 and COBL!
Graph constructed for chr7: KLHL7 and COBL!
Laplacian constructed for chr7: LHFPL3 and NDUFA5!
Graph constructed for chr7: LHFPL3 and NDUFA5!
Laplacian constructed for chr7: TMEM196 and OR2A25!
Graph constructed for chr7: TMEM196 and OR2A25!
Laplacian constructed for chr7: FAM126A and OCM2!
Graph constructed for chr7: FAM126A and OCM2!
Laplacian constructed for chr7: STX1A and HIPK2!
Graph constructed for chr7: STX1A and HIPK2!
Laplacian constructed for chr7: DAGLB and HTR5A-AS1!
Graph constructed for chr7: DAGLB and HTR5A-AS1!
Laplacian constructed for chr7: EIF3B and REPIN1!
Graph constructed for chr7: EIF3B and REPIN1!
Laplacian constructed for chr7: WIPF3 and CYP51A1!
Graph constructed for chr7: WIPF3 and CYP51A1!
Laplacian constructed for chr7: BCL7B and LINC01392!
Graph constructed for chr7: BCL7B and LINC01392!
Graph constructed for chr7: TMEM196!
Graph constructed for chr7: LOC105369146!
Graph constructed for chr7: MPP6!
Graph constructed for chr7: DPY19L2P2!
Graph constructed for chr7: SEMA3C!
Graph constructed for chr7: ALKBH4!
Graph constructed for chr7: BUD31!
Graph constructed for chr7: RADIL!
Graph constructed for chr7: ABCB4!
Graph constructed for chr7: ELMO1-AS1!
Graph constructed for chr7: ZNF273!
Graph constructed for chr7: COA1!
Graph constructed for chr7: AOC1!
Graph constructed for chr7: GRM3!
Graph constructed for chr7: STX1A!
Graph constructed for chr7: LINC01392!
Graph constructed for chr7: LHFPL3!
Graph constructed for chr7: CCZ1B!
Graph constructed for chr7: YKT6!
Graph constructed for chr7: PRSS58!
Graph constructed for chr7: CAV2!
Graph constructed for chr7: CYP3A7-CYP3A51P!
Graph constructed for chr7: OCM2!
Graph constructed for chr7: ATP6V0E2!
Graph constructed for chr7: MINDY4!
Graph constructed for chr7: ARPC1B!
Graph constructed for chr7: LHFPL3-AS2!
Graph constructed for chr7: RP9!
Graph constructed for chr7: PARP12!
Graph constructed for chr7: ZNRF2P1!
Graph constructed for chr7: WASL!
Graph constructed for chr7: TYW1B!
Graph constructed for chr7: SDHAF3!
Graph constructed for chr7: COBL!
Graph constructed for chr7: CD36!
Graph constructed for chr7: RSBN1L!
Graph constructed for chr7: HTR5A-AS1!
Graph constructed for chr7: GLI3!
Graph constructed for chr7: PON3!
Graph constructed for chr7: GTF2IP7!
Graph constructed for chr7: TNRC18!
Graph constructed for chr7: CRCP!
Graph constructed for chr7: ZNF679!
Graph constructed for chr7: GCK!
Graph constructed for chr7: LOC101929322!
Graph constructed for chr7: AOAH!
Graph constructed for chr7: LOC101928861!
Graph constructed for chr7: LINC01448!
Graph constructed for chr7: LINC02888!
Graph constructed for chr7: ACHE!
Graph constructed for chr7: TRIM50!
Graph constructed for chr7: KLHDC10!
Graph constructed for chr7: GALNT17!
Graph constructed for chr7: DPY19L1P2!
Graph constructed for chr7: TMEM106B!
Graph constructed for chr7: SPDYE5!
Graph constructed for chr7: MYH16!
Graph constructed for chr7: KCP!
Graph constructed for chr7: STRIP2!
Graph constructed for chr7: LOC101927446!
Graph constructed for chr7: POLR2J!
Graph constructed for chr7: GSDME!
Graph constructed for chr7: CHN2-AS1!
Graph constructed for chr7: AZGP1!
Graph constructed for chr7: C7orf69!
Graph constructed for chr7: CNPY1!
Graph constructed for chr7: CNTNAP2!
Graph constructed for chr7: HYAL6P!
Graph constructed for chr7: SMO!
Graph constructed for chr7: FOXL3!
Graph constructed for chr7: LOC100506725!
Graph constructed for chr7: CALD1!
Graph constructed for chr7: PPP1R3A!
Graph constructed for chr7: RAC1!
Graph constructed for chr7: TFEC!
Graph constructed for chr7: PMPCB!
Graph constructed for chr7: LINC01176!
Graph constructed for chr7: PAXIP1-AS2!
Graph constructed for chr7: OR2A25!
Graph constructed for chr7: SEMA3A!
Graph constructed for chr7: AVL9!
Graph constructed for chr7: NOM1!
Graph constructed for chr7: NCAPG2!
Graph constructed for chr7: ABCB5!
Graph constructed for chr7: MUC12-AS1!
Graph constructed for chr7: PTPRZ1!
Graph constructed for chr7: NPTX2!
Graph constructed for chr7: MGAM2!
Graph constructed for chr7: AP1S1!
Graph constructed for chr7: BRAT1!
Graph constructed for chr7: FAM180A!
Graph constructed for chr7: PHTF2!
Graph constructed for chr7: ELFN1-AS1!
Graph constructed for chr7: DDC-AS1!
Graph constructed for chr7: ZNF862!
Graph constructed for chr7: KDM7A!
Graph constructed for chr7: FKBP14!
Graph constructed for chr7: RHBDD2!
Graph constructed for chr7: ST7-AS1!
Graph constructed for chr7: MNX1!
Graph constructed for chr7: ZNF767P!
Graph constructed for chr7: CHCHD2!
Graph constructed for chr7: ZNF775!
Graph constructed for chr7: NRCAM!
Graph constructed for chr7: OR6V1!
Graph constructed for chr7: LINC00174!
Graph constructed for chr7: TRIP6!
Graph constructed for chr7: DPY19L1P1!
Graph constructed for chr7: GALNTL5!
Graph constructed for chr7: MTERF1!
Graph constructed for chr7: FAM126A!
Graph constructed for chr7: CYP51A1!
Graph constructed for chr7: TMEM184A!
Graph constructed for chr7: LINC01287!
Graph constructed for chr7: TYW1!
Graph constructed for chr7: LINC00525!
Graph constructed for chr7: USP42!
Graph constructed for chr7: CUX1!
Graph constructed for chr7: PDIA4!
Graph constructed for chr7: IKZF1!
Graph constructed for chr7: TRY2P!
Graph constructed for chr7: EPHB4!
Graph constructed for chr7: LOC646588!
Graph constructed for chr7: AZGP1P1!
Graph constructed for chr7: CZ1P-ASNS!
Graph constructed for chr7: SSBP1!
Graph constructed for chr7: CBX3!
Graph constructed for chr7: AASS!
Graph constructed for chr7: OR2F2!
Graph constructed for chr7: EPHA1-AS1!
Graph constructed for chr7: GSAP!
Graph constructed for chr7: NDUFB2!
Graph constructed for chr7: LMTK2!
Graph constructed for chr7: HOXA11-AS!
Graph constructed for chr7: DPY19L2P3!
Graph constructed for chr7: DNAJB9!
Graph constructed for chr7: LOC101927769!
Graph constructed for chr7: BCL7B!
Graph constructed for chr7: NME8!
Graph constructed for chr7: CADPS2!
Graph constructed for chr7: MCM7!
Graph constructed for chr7: PMS2P4!
Graph constructed for chr7: POT1!
Graph constructed for chr7: RALA!
Graph constructed for chr7: TFR2!
Graph constructed for chr7: XRCC2!
Graph constructed for chr7: ARL4A!
Graph constructed for chr7: INHBA!
Graph constructed for chr7: RAMP3!
Graph constructed for chr7: TRIM4!
Graph constructed for chr7: ZNF467!
Graph constructed for chr7: LOC728743!
Graph constructed for chr7: WIPF3!
Graph constructed for chr7: ZSCAN21!
Graph constructed for chr7: MNX1-AS1!
Graph constructed for chr7: NPSR1-AS1!
Graph constructed for chr7: CAV1!
Graph constructed for chr7: NDUFA5!
Graph constructed for chr7: MESTIT1!
Graph constructed for chr7: LOC116435278!
Graph constructed for chr7: CCDC126!
Graph constructed for chr7: DYNC1I1!
Graph constructed for chr7: EPDR1!
Graph constructed for chr7: ZNF316!
Graph constructed for chr7: C7orf65!
Graph constructed for chr7: NDUFA4!
Graph constructed for chr7: LOC442497!
Graph constructed for chr7: HECW1!
Graph constructed for chr7: FAM237B!
Graph constructed for chr7: RUNDC3B!
Graph constructed for chr7: HIBADH!
Graph constructed for chr7: PON2!
Graph constructed for chr7: PTN!
Graph constructed for chr7: METTL27!
Graph constructed for chr7: KLHL7!
Graph constructed for chr7: TAS2R16!
Graph constructed for chr7: MYO1G!
Graph constructed for chr7: TBX20!
Graph constructed for chr7: CHST12!
Graph constructed for chr7: TRG-AS1!
Graph constructed for chr7: IRF5!
Graph constructed for chr7: CDK14!
Graph constructed for chr7: SLC26A4-AS1!
Graph constructed for chr7: AGR2!
Graph constructed for chr7: UMAD1!
Graph constructed for chr7: HERPUD2!
Graph constructed for chr7: ZNF479!
Graph constructed for chr7: EIF3B!
Graph constructed for chr7: TNPO3!
Graph constructed for chr7: ZC3HAV1L!
Graph constructed for chr7: COL26A1!
Graph constructed for chr7: EFCAB10!
Graph constructed for chr7: GPR85!
Graph constructed for chr7: BBS9!
Graph constructed for chr7: ATXN7L1!
Graph constructed for chr7: THSD7A!
Graph constructed for chr7: HIPK2!
Graph constructed for chr7: SNX8!
Graph constructed for chr7: DGKI!
Graph constructed for chr7: ETV1!
Graph constructed for chr7: RARRES2!
Graph constructed for chr7: GNB2!
Graph constructed for chr7: DAGLB!
Graph constructed for chr7: RBAK!
Graph constructed for chr7: REPIN1!
Graph constructed for chr7: LOC389602!
Graph constructed for chr7: TAS2R40!
Graph constructed for chr7: GTF2IP1!
Graph constructed for chr7: GS1-124K5.4!
Graph constructed for chr7: DLD!
Graph constructed for chr7: PRRT4!
Graph constructed for chr7: URGCP-MRPS24!
Graph constructed for chr7: MAGI2-AS2!
Graph constructed for chr7: DKFZP586I1420!
------------------ CHR7 DONE! ------------------
{"project":"masters","channel":"laplacian","event":"Laplacian Construction is complete","description":"CHR7 is done!","icon":"🔥","notify":true,"parser":"text"}