Laplacian constructed for chr7: CAV2 and TRPV5!
Graph constructed for chr7: CAV2 and TRPV5!
Laplacian constructed for chr7: GSDME and DDC!
Graph constructed for chr7: GSDME and DDC!
Laplacian constructed for chr7: LINC02888 and GCK!
Graph constructed for chr7: LINC02888 and GCK!
Laplacian constructed for chr7: LHFPL3 and MESTIT1!
Graph constructed for chr7: LHFPL3 and MESTIT1!
Laplacian constructed for chr7: MINDY4 and VWC2!
Graph constructed for chr7: MINDY4 and VWC2!
Laplacian constructed for chr7: ABCB4 and ASZ1!
Graph constructed for chr7: ABCB4 and ASZ1!
Laplacian constructed for chr7: GJC3 and PCOLCE-AS1!
Graph constructed for chr7: GJC3 and PCOLCE-AS1!
Laplacian constructed for chr7: AQP1 and DDC-AS1!
Graph constructed for chr7: AQP1 and DDC-AS1!
Laplacian constructed for chr7: PNPLA8 and PTN!
Graph constructed for chr7: PNPLA8 and PTN!
Laplacian constructed for chr7: IGF2BP3 and CROT!
Graph constructed for chr7: IGF2BP3 and CROT!
Laplacian constructed for chr7: TMEM196 and ST7!
Graph constructed for chr7: TMEM196 and ST7!
Laplacian constructed for chr7: POM121C and TFR2!
Graph constructed for chr7: POM121C and TFR2!
Laplacian constructed for chr7: HOXA-AS2 and CLEC5A!
Graph constructed for chr7: HOXA-AS2 and CLEC5A!
Laplacian constructed for chr7: AVL9 and POM121C!
Graph constructed for chr7: AVL9 and POM121C!
Laplacian constructed for chr7: NPC1L1 and BMT2!
Graph constructed for chr7: NPC1L1 and BMT2!
Laplacian constructed for chr7: ASL and ARPC1B!
Graph constructed for chr7: ASL and ARPC1B!
Laplacian constructed for chr7: TFR2 and CFTR!
Graph constructed for chr7: TFR2 and CFTR!
Laplacian constructed for chr7: DDC-AS1 and ARPC1B!
Graph constructed for chr7: DDC-AS1 and ARPC1B!
Laplacian constructed for chr7: CUX1 and TAS2R3!
Graph constructed for chr7: CUX1 and TAS2R3!
Laplacian constructed for chr7: MGC4859 and ELMO1-AS1!
Graph constructed for chr7: MGC4859 and ELMO1-AS1!
Laplacian constructed for chr7: POR and TAS2R40!
Graph constructed for chr7: POR and TAS2R40!
Laplacian constructed for chr7: SNX10 and KDM7A!
Graph constructed for chr7: SNX10 and KDM7A!
