Laplacian constructed for chr13: ANKRD20A9P and LINC00442!
Graph constructed for chr13: ANKRD20A9P and LINC00442!
Laplacian constructed for chr13: PCDH9-AS2 and GPR180!
Graph constructed for chr13: PCDH9-AS2 and GPR180!
Laplacian constructed for chr13: LINC00621 and LINC00457!
Graph constructed for chr13: LINC00621 and LINC00457!
Laplacian constructed for chr13: ATP8A2 and RBM26!
Graph constructed for chr13: ATP8A2 and RBM26!
Laplacian constructed for chr13: INTS6 and LINC00348!
Graph constructed for chr13: INTS6 and LINC00348!
Laplacian constructed for chr13: LCP1 and SCEL!
Graph constructed for chr13: LCP1 and SCEL!
Laplacian constructed for chr13: LINC02338 and PCDH9-AS4!
Graph constructed for chr13: LINC02338 and PCDH9-AS4!
Laplacian constructed for chr13: HTR2A and LOC101928730!
Graph constructed for chr13: HTR2A and LOC101928730!
Laplacian constructed for chr13: LOC105370203 and ITGBL1!
Graph constructed for chr13: LOC105370203 and ITGBL1!
Laplacian constructed for chr13: VWA8-AS1 and KLHL1!
Graph constructed for chr13: VWA8-AS1 and KLHL1!
Laplacian constructed for chr13: SACS-AS1 and LINC00433!
Graph constructed for chr13: SACS-AS1 and LINC00433!
Laplacian constructed for chr13: FGF9 and CDK8!
Graph constructed for chr13: FGF9 and CDK8!
Laplacian constructed for chr13: METTL21C and TUBGCP3!
Graph constructed for chr13: METTL21C and TUBGCP3!
Laplacian constructed for chr13: TPTE2P1 and UFM1!
Graph constructed for chr13: TPTE2P1 and UFM1!
Laplacian constructed for chr13: CPB2 and LIG4!
Graph constructed for chr13: CPB2 and LIG4!
Laplacian constructed for chr13: GPC6-AS1 and FAM155A-IT1!
Graph constructed for chr13: GPC6-AS1 and FAM155A-IT1!
Laplacian constructed for chr13: KL and LINC01043!
Graph constructed for chr13: KL and LINC01043!
Laplacian constructed for chr13: ENOX1 and UBAC2-AS1!
Graph constructed for chr13: ENOX1 and UBAC2-AS1!
Laplacian constructed for chr13: CSNK1A1L and DIAPH3-AS1!
Graph constructed for chr13: CSNK1A1L and DIAPH3-AS1!
Laplacian constructed for chr13: ITM2B and LINC00561!
Graph constructed for chr13: ITM2B and LINC00561!
Laplacian constructed for chr13: MTIF3 and LACC1!
Graph constructed for chr13: MTIF3 and LACC1!
Laplacian constructed for chr13: LINC00373 and GPR180!
Graph constructed for chr13: LINC00373 and GPR180!
Laplacian constructed for chr13: LINC01198 and PCDH9-AS3!
Graph constructed for chr13: LINC01198 and PCDH9-AS3!
Laplacian constructed for chr13: ANKRD26P3 and LINC00392!
Graph constructed for chr13: ANKRD26P3 and LINC00392!
Laplacian constructed for chr13: C1QTNF9 and LOC101928841!
Graph constructed for chr13: C1QTNF9 and LOC101928841!
Laplacian constructed for chr13: SKA3 and POSTN!
Graph constructed for chr13: SKA3 and POSTN!
Laplacian constructed for chr13: LINC00426 and ALOX5AP!
Graph constructed for chr13: LINC00426 and ALOX5AP!
Laplacian constructed for chr13: SPRYD7 and LOC101928841!
Graph constructed for chr13: SPRYD7 and LOC101928841!
Laplacian constructed for chr13: RNF17 and LMO7-AS1!
Graph constructed for chr13: RNF17 and LMO7-AS1!
Laplacian constructed for chr13: LMO7-AS1 and LINC00564!
Graph constructed for chr13: LMO7-AS1 and LINC00564!
Laplacian constructed for chr13: TDRD3 and LINC00430!
Graph constructed for chr13: TDRD3 and LINC00430!
Laplacian constructed for chr13: RNASEH2B and GPC5-AS2!
Graph constructed for chr13: RNASEH2B and GPC5-AS2!
Laplacian constructed for chr13: LINC00424 and LINC00381!
Graph constructed for chr13: LINC00424 and LINC00381!
Laplacian constructed for chr13: LHFPL6 and MYCBP2!
Graph constructed for chr13: LHFPL6 and MYCBP2!
Laplacian constructed for chr13: MICU2 and STK24!
Graph constructed for chr13: MICU2 and STK24!
Laplacian constructed for chr13: CPB2 and F10!
Graph constructed for chr13: CPB2 and F10!
Laplacian constructed for chr13: GUCY1B2 and LOC101928841!
Graph constructed for chr13: GUCY1B2 and LOC101928841!
Laplacian constructed for chr13: PIBF1 and CLYBL-AS1!
Graph constructed for chr13: PIBF1 and CLYBL-AS1!
Laplacian constructed for chr13: LINC00382 and LINC00564!
Graph constructed for chr13: LINC00382 and LINC00564!
Laplacian constructed for chr13: SLC7A1 and LINC02337!
Graph constructed for chr13: SLC7A1 and LINC02337!
Laplacian constructed for chr13: UFM1 and EDNRB-AS1!
Graph constructed for chr13: UFM1 and EDNRB-AS1!
Laplacian constructed for chr13: SERTM1 and OLFM4!
Graph constructed for chr13: SERTM1 and OLFM4!
Laplacian constructed for chr13: LINC00297 and KLHL1!
Graph constructed for chr13: LINC00297 and KLHL1!
Laplacian constructed for chr13: POSTN and RUBCNL!
Graph constructed for chr13: POSTN and RUBCNL!
Laplacian constructed for chr13: CCDC168 and LIG4!
Graph constructed for chr13: CCDC168 and LIG4!
Laplacian constructed for chr13: LINC00544 and LINC01065!
Graph constructed for chr13: LINC00544 and LINC01065!
