Laplacian constructed for chr10: UCMA and ANKRD22!
Graph constructed for chr10: UCMA and ANKRD22!
Laplacian constructed for chr10: HERC4 and KCNMA1-AS3!
Graph constructed for chr10: HERC4 and KCNMA1-AS3!
Laplacian constructed for chr10: LINC00708 and ZNF22-AS1!
Graph constructed for chr10: LINC00708 and ZNF22-AS1!
Laplacian constructed for chr10: ADARB2-AS1 and SVIL-AS1!
Graph constructed for chr10: ADARB2-AS1 and SVIL-AS1!
Laplacian constructed for chr10: RBM17 and OIT3!
Graph constructed for chr10: RBM17 and OIT3!
Laplacian constructed for chr10: TMEM254 and CYP26C1!
Graph constructed for chr10: TMEM254 and CYP26C1!
Laplacian constructed for chr10: WDR37 and TUBGCP2!
Graph constructed for chr10: WDR37 and TUBGCP2!
Laplacian constructed for chr10: LOXL4 and PLPP4!
Graph constructed for chr10: LOXL4 and PLPP4!
Laplacian constructed for chr10: IFIT1B and RAB11FIP2!
Graph constructed for chr10: IFIT1B and RAB11FIP2!
Laplacian constructed for chr10: SH3PXD2A-AS1 and MTG1!
Graph constructed for chr10: SH3PXD2A-AS1 and MTG1!
Laplacian constructed for chr10: CYP26C1 and MGMT!
Graph constructed for chr10: CYP26C1 and MGMT!
Laplacian constructed for chr10: NET1 and CREM!
Graph constructed for chr10: NET1 and CREM!
Laplacian constructed for chr10: REEP3 and RAB11FIP2!
Graph constructed for chr10: REEP3 and RAB11FIP2!
Laplacian constructed for chr10: SUV39H2 and ITPRIP!
Graph constructed for chr10: SUV39H2 and ITPRIP!
Laplacian constructed for chr10: RBM17 and ADRA2A!
Graph constructed for chr10: RBM17 and ADRA2A!
Laplacian constructed for chr10: MLLT10 and LOC283028!
Graph constructed for chr10: MLLT10 and LOC283028!
Laplacian constructed for chr10: NPFFR1 and WDR11!
Graph constructed for chr10: NPFFR1 and WDR11!
Laplacian constructed for chr10: FAM171A1 and C10orf99!
Graph constructed for chr10: FAM171A1 and C10orf99!
Laplacian constructed for chr10: BMS1P2-AGAP9 and TRIM8!
Graph constructed for chr10: BMS1P2-AGAP9 and TRIM8!
Laplacian constructed for chr10: FRMD4A and TMEM254!
Graph constructed for chr10: FRMD4A and TMEM254!
Laplacian constructed for chr10: FRMD4A and CYP26C1!
Graph constructed for chr10: FRMD4A and CYP26C1!
Laplacian constructed for chr10: SFMBT2 and PI4K2A!
Graph constructed for chr10: SFMBT2 and PI4K2A!
Laplacian constructed for chr10: ZEB1-AS1 and C10orf90!
Graph constructed for chr10: ZEB1-AS1 and C10orf90!
Laplacian constructed for chr10: MYOZ1 and SHLD2!
Graph constructed for chr10: MYOZ1 and SHLD2!
Laplacian constructed for chr10: LOC105378311 and DPCD!
Graph constructed for chr10: LOC105378311 and DPCD!
Laplacian constructed for chr10: STAM and ABCC2!
Graph constructed for chr10: STAM and ABCC2!
Laplacian constructed for chr10: IDI2 and UCMA!
Graph constructed for chr10: IDI2 and UCMA!
Laplacian constructed for chr10: PFKP and CCNY!
Graph constructed for chr10: PFKP and CCNY!
