Laplacian constructed for chr2: LINC01250 and RSAD2!
Graph constructed for chr2: LINC01250 and RSAD2!
Laplacian constructed for chr2: LINC01964 and B3GNT7!
Graph constructed for chr2: LINC01964 and B3GNT7!
Laplacian constructed for chr2: LINC02580 and EFHD1!
Graph constructed for chr2: LINC02580 and EFHD1!
Laplacian constructed for chr2: LOC105374389 and LINC01913!
Graph constructed for chr2: LOC105374389 and LINC01913!
Laplacian constructed for chr2: LINC01964 and TARDBPP3!
Graph constructed for chr2: LINC01964 and TARDBPP3!
Laplacian constructed for chr2: LOC442028 and LINC01940!
Graph constructed for chr2: LOC442028 and LINC01940!
Laplacian constructed for chr2: LINC02613 and ANKRD20A8P!
Graph constructed for chr2: LINC02613 and ANKRD20A8P!
Laplacian constructed for chr2: GACAT3 and STK25!
Graph constructed for chr2: GACAT3 and STK25!
Laplacian constructed for chr2: BMP10 and GGCX!
Graph constructed for chr2: BMP10 and GGCX!
Laplacian constructed for chr2: ETAA1 and PANTR1!
Graph constructed for chr2: ETAA1 and PANTR1!
Laplacian constructed for chr2: PNPT1 and DAW1!
Graph constructed for chr2: PNPT1 and DAW1!
Laplacian constructed for chr2: LOC105374820 and TMEM182!
Graph constructed for chr2: LOC105374820 and TMEM182!
Laplacian constructed for chr2: INPP5D and TARDBPP3!
Graph constructed for chr2: INPP5D and TARDBPP3!
