Laplacian constructed for chr22: CCDC188 and DDTL!
Graph constructed for chr22: CCDC188 and DDTL!
Laplacian constructed for chr22: POM121L10P and ASPHD2!
Graph constructed for chr22: POM121L10P and ASPHD2!
Laplacian constructed for chr22: HPS4 and PATZ1!
Graph constructed for chr22: HPS4 and PATZ1!
Laplacian constructed for chr22: EWSR1 and ODF3B!
Graph constructed for chr22: EWSR1 and ODF3B!
Laplacian constructed for chr22: UPB1 and CCDC117!
Graph constructed for chr22: UPB1 and CCDC117!
Laplacian constructed for chr22: CRYBB2P1 and WNT7B!
Graph constructed for chr22: CRYBB2P1 and WNT7B!
Laplacian constructed for chr22: TPTEP1 and MPST!
Graph constructed for chr22: TPTEP1 and MPST!
Laplacian constructed for chr22: DDTL and WNT7B!
Graph constructed for chr22: DDTL and WNT7B!
Laplacian constructed for chr22: CCT8L2 and C22orf39!
Graph constructed for chr22: CCT8L2 and C22orf39!
Laplacian constructed for chr22: CDC45 and TRMT2A!
Graph constructed for chr22: CDC45 and TRMT2A!
Laplacian constructed for chr22: ZNF280B and LINC02556!
Graph constructed for chr22: ZNF280B and LINC02556!
Laplacian constructed for chr22: ZNRF3-AS1 and EFCAB6-AS1!
Graph constructed for chr22: ZNRF3-AS1 and EFCAB6-AS1!
Laplacian constructed for chr22: RBFOX2 and SMC1B!
Graph constructed for chr22: RBFOX2 and SMC1B!
Laplacian constructed for chr22: ANKRD54 and PLXNB2!
Graph constructed for chr22: ANKRD54 and PLXNB2!
Laplacian constructed for chr22: VPREB3 and LINC01640!
Graph constructed for chr22: VPREB3 and LINC01640!
Laplacian constructed for chr22: ZMAT5 and KLHDC7B!
Graph constructed for chr22: ZMAT5 and KLHDC7B!
Laplacian constructed for chr22: LOC100507599 and MCAT!
Graph constructed for chr22: LOC100507599 and MCAT!
Laplacian constructed for chr22: TRMT2A and DDTL!
Graph constructed for chr22: TRMT2A and DDTL!
Laplacian constructed for chr22: THAP7-AS1 and PNPLA5!
Graph constructed for chr22: THAP7-AS1 and PNPLA5!
Laplacian constructed for chr22: DMC1 and ATXN10!
Graph constructed for chr22: DMC1 and ATXN10!
Laplacian constructed for chr22: HORMAD2-AS1 and KLHDC7B!
Graph constructed for chr22: HORMAD2-AS1 and KLHDC7B!
Laplacian constructed for chr22: CLTCL1 and MIATNB!
Graph constructed for chr22: CLTCL1 and MIATNB!
Laplacian constructed for chr22: IGLL5 and CCDC117!
Graph constructed for chr22: IGLL5 and CCDC117!
Laplacian constructed for chr22: GTSE1 and IL17REL!
Graph constructed for chr22: GTSE1 and IL17REL!
