Laplacian constructed for chr17: TLCD2 and GABARAP!
Graph constructed for chr17: TLCD2 and GABARAP!
Laplacian constructed for chr17: AURKB and KCNJ12!
Graph constructed for chr17: AURKB and KCNJ12!
Laplacian constructed for chr17: CACNB1 and MMD!
Graph constructed for chr17: CACNB1 and MMD!
Laplacian constructed for chr17: DERL2 and LUC7L3!
Graph constructed for chr17: DERL2 and LUC7L3!
Laplacian constructed for chr17: PRPSAP2 and LINC01973!
Graph constructed for chr17: PRPSAP2 and LINC01973!
Laplacian constructed for chr17: GIT1 and PRR29-AS1!
Graph constructed for chr17: GIT1 and PRR29-AS1!
Laplacian constructed for chr17: KCNJ12 and HNF1B!
Graph constructed for chr17: KCNJ12 and HNF1B!
Laplacian constructed for chr17: TRARG1 and PRKCA!
Graph constructed for chr17: TRARG1 and PRKCA!
Laplacian constructed for chr17: MYO15A and DYNLL2!
Graph constructed for chr17: MYO15A and DYNLL2!
Laplacian constructed for chr17: P3H4 and CCDC40!
Graph constructed for chr17: P3H4 and CCDC40!
Laplacian constructed for chr17: DERL2 and ACOX1!
Graph constructed for chr17: DERL2 and ACOX1!
Laplacian constructed for chr17: SNF8 and LUC7L3!
Graph constructed for chr17: SNF8 and LUC7L3!
Laplacian constructed for chr17: HIC1 and KRT35!
Graph constructed for chr17: HIC1 and KRT35!
Laplacian constructed for chr17: SRSF1 and FASN!
Graph constructed for chr17: SRSF1 and FASN!
Laplacian constructed for chr17: ALDH3A1 and PRKCA!
Graph constructed for chr17: ALDH3A1 and PRKCA!
Laplacian constructed for chr17: ZSWIM7 and LOC100507351!
Graph constructed for chr17: ZSWIM7 and LOC100507351!
Laplacian constructed for chr17: LPO and FTSJ3!
Graph constructed for chr17: LPO and FTSJ3!
Laplacian constructed for chr17: MRPL38 and CBX8!
Graph constructed for chr17: MRPL38 and CBX8!
Laplacian constructed for chr17: VTN and MEIOC!
Graph constructed for chr17: VTN and MEIOC!
Laplacian constructed for chr17: STAT5A and CASKIN2!
Graph constructed for chr17: STAT5A and CASKIN2!
Laplacian constructed for chr17: SH3GL1P1 and STXBP4!
Graph constructed for chr17: SH3GL1P1 and STXBP4!
Laplacian constructed for chr17: SUMO2 and UNC13D!
Graph constructed for chr17: SUMO2 and UNC13D!
Laplacian constructed for chr17: PIRT and SUZ12!
Graph constructed for chr17: PIRT and SUZ12!
Laplacian constructed for chr17: RDM1 and SGCA!
Graph constructed for chr17: RDM1 and SGCA!
Laplacian constructed for chr17: MAPT-AS1 and LPO!
Graph constructed for chr17: MAPT-AS1 and LPO!
Laplacian constructed for chr17: TANC2 and PRKCA!
Graph constructed for chr17: TANC2 and PRKCA!
Laplacian constructed for chr17: SUZ12P1 and FOXK2!
Graph constructed for chr17: SUZ12P1 and FOXK2!
Laplacian constructed for chr17: SHISA6 and TMEM92-AS1!
Graph constructed for chr17: SHISA6 and TMEM92-AS1!
Laplacian constructed for chr17: PIPOX and DUS1L!
Graph constructed for chr17: PIPOX and DUS1L!
Laplacian constructed for chr17: SLC25A39 and OSBPL7!
Graph constructed for chr17: SLC25A39 and OSBPL7!
