Laplacian constructed for chr10: PLCE1-AS2 and SLC18A2!
Graph constructed for chr10: PLCE1-AS2 and SLC18A2!
Laplacian constructed for chr10: RBM17 and ATP5F1C!
Graph constructed for chr10: RBM17 and ATP5F1C!
Laplacian constructed for chr10: SAR1A and LINC02655!
Graph constructed for chr10: SAR1A and LINC02655!
Laplacian constructed for chr10: LINC02650 and PLCE1!
Graph constructed for chr10: LINC02650 and PLCE1!
Laplacian constructed for chr10: PLCE1 and PDZD8!
Graph constructed for chr10: PLCE1 and PDZD8!
Laplacian constructed for chr10: LINC00708 and CDK1!
Graph constructed for chr10: LINC00708 and CDK1!
Laplacian constructed for chr10: LINC00710 and FRA10AC1!
Graph constructed for chr10: LINC00710 and FRA10AC1!
Laplacian constructed for chr10: LOC283045 and NEURL1-AS1!
Graph constructed for chr10: LOC283045 and NEURL1-AS1!
Laplacian constructed for chr10: CEP55 and LOC101927692!
Graph constructed for chr10: CEP55 and LOC101927692!
Laplacian constructed for chr10: TUBB8 and LINC00710!
Graph constructed for chr10: TUBB8 and LINC00710!
Laplacian constructed for chr10: KCNMA1 and LOC112577516!
Graph constructed for chr10: KCNMA1 and LOC112577516!
Laplacian constructed for chr10: LINC00856 and LBX1-AS1!
Graph constructed for chr10: LINC00856 and LBX1-AS1!
Laplacian constructed for chr10: CRTAC1 and ABCC2!
Graph constructed for chr10: CRTAC1 and ABCC2!
Laplacian constructed for chr10: ASAH2 and PLEKHS1!
Graph constructed for chr10: ASAH2 and PLEKHS1!
Laplacian constructed for chr10: TMEM254 and LOC728158!
Graph constructed for chr10: TMEM254 and LOC728158!
Laplacian constructed for chr10: NRBF2 and PLCE1-AS2!
Graph constructed for chr10: NRBF2 and PLCE1-AS2!
Laplacian constructed for chr10: MLLT10 and ZNF32-AS3!
Graph constructed for chr10: MLLT10 and ZNF32-AS3!
Laplacian constructed for chr10: SFTA1P and SPOCK2!
Graph constructed for chr10: SFTA1P and SPOCK2!
Laplacian constructed for chr10: LINC00708 and LOC728158!
Graph constructed for chr10: LINC00708 and LOC728158!
Laplacian constructed for chr10: LINC02655 and PSTK!
Graph constructed for chr10: LINC02655 and PSTK!
Laplacian constructed for chr10: PBLD and FGFBP3!
Graph constructed for chr10: PBLD and FGFBP3!
Laplacian constructed for chr10: SVIL2P and PLCE1-AS2!
Graph constructed for chr10: SVIL2P and PLCE1-AS2!
Laplacian constructed for chr10: IDI2 and ZFAND4!
Graph constructed for chr10: IDI2 and ZFAND4!
Laplacian constructed for chr10: UCMA and ACSM6!
Graph constructed for chr10: UCMA and ACSM6!
Laplacian constructed for chr10: NODAL and R3HCC1L!
Graph constructed for chr10: NODAL and R3HCC1L!
Laplacian constructed for chr10: CHAT and PWWP2B!
Graph constructed for chr10: CHAT and PWWP2B!
Laplacian constructed for chr10: CDH23 and TRIM8!
Graph constructed for chr10: CDH23 and TRIM8!
Laplacian constructed for chr10: SNORD3J and DOCK1!
Graph constructed for chr10: SNORD3J and DOCK1!
Laplacian constructed for chr10: XPNPEP1 and PNLIPRP2!
Graph constructed for chr10: XPNPEP1 and PNLIPRP2!
Laplacian constructed for chr10: PROSER2-AS1 and MIR202HG!
Graph constructed for chr10: PROSER2-AS1 and MIR202HG!
Graph constructed for chr10: TUBAL3!
Graph constructed for chr10: TMEM254!
Graph constructed for chr10: UCMA!
Graph constructed for chr10: R3HCC1L!
Graph constructed for chr10: PLCE1-AS2!
Graph constructed for chr10: FRA10AC1!
Graph constructed for chr10: ATP5F1C!
Graph constructed for chr10: LINC00708!
Graph constructed for chr10: SLC16A12!
Graph constructed for chr10: TIAL1!
Graph constructed for chr10: SNORD3J!
Graph constructed for chr10: SEMA4G!
Graph constructed for chr10: DUSP13!
Graph constructed for chr10: LINC02650!
Graph constructed for chr10: ASAH2!
Graph constructed for chr10: NDST2!
Graph constructed for chr10: LOC105378311!
Graph constructed for chr10: ALDH18A1!
Graph constructed for chr10: ABCC2!
Graph constructed for chr10: NRP1!
Graph constructed for chr10: NRBF2!
Graph constructed for chr10: CEP55!
Graph constructed for chr10: CDK1!
Graph constructed for chr10: OTUD1!
Graph constructed for chr10: LOC728158!
Graph constructed for chr10: ZEB1-AS1!
Graph constructed for chr10: LOC642361!
Graph constructed for chr10: TEX36-AS1!
Graph constructed for chr10: INSYN2A!
Graph constructed for chr10: TRIM8!
Graph constructed for chr10: NRG3-AS1!
Graph constructed for chr10: LINC00701!
Graph constructed for chr10: LINC02653!
Graph constructed for chr10: LRRC18!
Graph constructed for chr10: LOC101927692!
Graph constructed for chr10: LOC283045!
Graph constructed for chr10: CELF2-AS2!
Graph constructed for chr10: IDI2!
Graph constructed for chr10: LINC02676!
Graph constructed for chr10: FANK1!
Graph constructed for chr10: CALY!
Graph constructed for chr10: SNCG!
Graph constructed for chr10: EMX2OS!
Graph constructed for chr10: TWNK!
Graph constructed for chr10: FGFBP3!
Graph constructed for chr10: USP54!
Graph constructed for chr10: GLRX3!
Graph constructed for chr10: LOC105378269!
Graph constructed for chr10: LINC00703!
Graph constructed for chr10: MLLT10!
Graph constructed for chr10: SPOCK2!
Graph constructed for chr10: PDCD4-AS1!
Graph constructed for chr10: ZSWIM8!
Graph constructed for chr10: SHLD2P1!
Graph constructed for chr10: MAPK8!
Graph constructed for chr10: NPS!
Graph constructed for chr10: WAC-AS1!
Graph constructed for chr10: UBE2D1!
Graph constructed for chr10: CPN1!
Graph constructed for chr10: TUBB8!
Graph constructed for chr10: EGR2!
Graph constructed for chr10: LINC01519!
Graph constructed for chr10: SLC18A2!
Graph constructed for chr10: LINC00705!
Graph constructed for chr10: BORCS7-ASMT!
Graph constructed for chr10: ABRAXAS2!
Graph constructed for chr10: GUCY2GP!
Graph constructed for chr10: PROSER2-AS1!
Graph constructed for chr10: MIR146B!
Graph constructed for chr10: SVIL2P!
Graph constructed for chr10: A1CF!
Graph constructed for chr10: LINC02655!
Graph constructed for chr10: VIM!
Graph constructed for chr10: PIPSL!
Graph constructed for chr10: LYZL1!
Graph constructed for chr10: SORBS1!
Graph constructed for chr10: PCDH15!
Graph constructed for chr10: ZNF438!
Graph constructed for chr10: CDC123!
Graph constructed for chr10: ADAM8!
Graph constructed for chr10: ENO4!
Graph constructed for chr10: CAMK2G!
Graph constructed for chr10: CCDC172!
Graph constructed for chr10: LINC00601!
Graph constructed for chr10: GATA3!
Graph constructed for chr10: PPRC1!
Graph constructed for chr10: SAR1A!
Graph constructed for chr10: TLL2!
Graph constructed for chr10: LBX1-AS1!
Graph constructed for chr10: ZNF32-AS3!
Graph constructed for chr10: DOCK1!
Graph constructed for chr10: ANXA11!
Graph constructed for chr10: HHEX!
Graph constructed for chr10: MIR202HG!
Graph constructed for chr10: KCNMA1!
Graph constructed for chr10: LOC112268068!
Graph constructed for chr10: LCOR!
Graph constructed for chr10: LOC112577516!
Graph constructed for chr10: TFAM!
Graph constructed for chr10: MIR1265!
Graph constructed for chr10: PITRM1!
Graph constructed for chr10: POLL!
Graph constructed for chr10: LINC01514!
Graph constructed for chr10: COL13A1!
Graph constructed for chr10: KIAA1217!
Graph constructed for chr10: PBLD!
Graph constructed for chr10: GAD2!
Graph constructed for chr10: DMBT1!
Graph constructed for chr10: ACADSB!
Graph constructed for chr10: RBM17!
Graph constructed for chr10: DNAJC9-AS1!
Graph constructed for chr10: ACBD7-DCLRE1CP1!
Graph constructed for chr10: CYP26C1!
Graph constructed for chr10: AGAP10P!
Graph constructed for chr10: FGFR2!
Graph constructed for chr10: RASGEF1A!
Graph constructed for chr10: CELF2-AS1!
Graph constructed for chr10: GSTO1!
Graph constructed for chr10: TAF3!
Graph constructed for chr10: PDCD11!
Graph constructed for chr10: PLEKHS1!
Graph constructed for chr10: PPA1!
Graph constructed for chr10: LINC00856!
Graph constructed for chr10: ZMIZ1!
Graph constructed for chr10: OR13A1!
Graph constructed for chr10: LINC02643!
Graph constructed for chr10: PLCE1!
Graph constructed for chr10: FLJ37201!
Graph constructed for chr10: PANK1!
Graph constructed for chr10: LOC101928994!
Graph constructed for chr10: PDZD8!
Graph constructed for chr10: SHLD2!
Graph constructed for chr10: LINC00710!
Graph constructed for chr10: RBP3!
Graph constructed for chr10: LOXL4!
Graph constructed for chr10: NUTM2D!
Graph constructed for chr10: LINC02623!
Graph constructed for chr10: FFAR4!
Graph constructed for chr10: NEURL1-AS1!
Graph constructed for chr10: GDI2!
Graph constructed for chr10: DYDC2!
Graph constructed for chr10: MAT1A!
Graph constructed for chr10: FAM13C!
Graph constructed for chr10: KCNMA1-AS3!
Graph constructed for chr10: HSPA14!
Graph constructed for chr10: ACTR1A!
Graph constructed for chr10: SFTA1P!
Graph constructed for chr10: DNA2!
Graph constructed for chr10: ARMH3!
Graph constructed for chr10: AKR1C3!
Graph constructed for chr10: GPR158-AS1!
Graph constructed for chr10: MYO3A!
Graph constructed for chr10: MIR378C!
Graph constructed for chr10: FXYD4!
Graph constructed for chr10: ERCC6!
Graph constructed for chr10: ACTA2-AS1!
Graph constructed for chr10: CRTAC1!
Graph constructed for chr10: PYROXD2!
Graph constructed for chr10: CAMK1D!
Graph constructed for chr10: XPNPEP1!
Graph constructed for chr10: CCAR1!
Graph constructed for chr10: MARCHF8!
Graph constructed for chr10: LRRTM3!
Graph constructed for chr10: LRRC27!
Graph constructed for chr10: MBL2!
Graph constructed for chr10: DCLRE1A!
Graph constructed for chr10: DEPP1!
Graph constructed for chr10: SMNDC1!
Graph constructed for chr10: ECHDC3!
Graph constructed for chr10: FAM21EP!
Graph constructed for chr10: JAKMIP3!
Graph constructed for chr10: PPP3CB-AS1!
Graph constructed for chr10: AP3M1!
Graph constructed for chr10: AGAP11!
Graph constructed for chr10: KCNMA1-AS1!
Graph constructed for chr10: CHAT!
Graph constructed for chr10: PRTFDC1!
Graph constructed for chr10: SVIL!
Graph constructed for chr10: PPP3CB!
Graph constructed for chr10: MEIG1!
Graph constructed for chr10: C10orf67!
Graph constructed for chr10: GLUD1!
Graph constructed for chr10: LINC01164!
Graph constructed for chr10: LINC00858!
Graph constructed for chr10: CREM!
Graph constructed for chr10: MORN4!
Graph constructed for chr10: EIF3A!
Graph constructed for chr10: ZMYND11!
Graph constructed for chr10: LINC02881!
Graph constructed for chr10: GOLGA7B!
Graph constructed for chr10: PSTK!
Graph constructed for chr10: IFIT5!
Graph constructed for chr10: CC2D2B!
Graph constructed for chr10: LINC01561!
Graph constructed for chr10: AS-PTPRE!
Graph constructed for chr10: C10orf143!
Graph constructed for chr10: SLC25A28!
Graph constructed for chr10: MRLN!
Graph constructed for chr10: CFL1P1!
Graph constructed for chr10: ANKRD16!
Graph constructed for chr10: CCNYL4!
Graph constructed for chr10: PWWP2B!
Graph constructed for chr10: PGAM1!
Graph constructed for chr10: FAM53B-AS1!
Graph constructed for chr10: FBXW4!
Graph constructed for chr10: ZFAND4!
Graph constructed for chr10: ACSM6!
Graph constructed for chr10: AKR1C1!
Graph constructed for chr10: TASOR2!
Graph constructed for chr10: LINC00841!
Graph constructed for chr10: NODAL!
Graph constructed for chr10: LOC283028!
Graph constructed for chr10: IL2RA!
Graph constructed for chr10: LINC00702!
Graph constructed for chr10: ZNF239!
Graph constructed for chr10: CH25H!
Graph constructed for chr10: ADAM12!
Graph constructed for chr10: LOC107984282!
Graph constructed for chr10: LOC100499489!
Graph constructed for chr10: AGAP12P!
Graph constructed for chr10: PTPN20!
Graph constructed for chr10: PITRM1-AS1!
Graph constructed for chr10: ZMIZ1-AS1!
Graph constructed for chr10: ENTPD1!
Graph constructed for chr10: LOC101929165!
Graph constructed for chr10: NHLRC2!
Graph constructed for chr10: RTKN2!
Graph constructed for chr10: CDH23!
Graph constructed for chr10: FAM53B!
Graph constructed for chr10: BNIP3!
Graph constructed for chr10: ARMC4P1!
Graph constructed for chr10: RNLS!
Graph constructed for chr10: BTRC!
Graph constructed for chr10: C10orf53!
Graph constructed for chr10: PNLIPRP2!
Graph constructed for chr10: INPP5A!
Graph constructed for chr10: HECTD2-AS1!
Graph constructed for chr10: MGMT!
Graph constructed for chr10: NANOS1!
Graph constructed for chr10: FAM24A!
Graph constructed for chr10: CYP2E1!
------------------ CHR10 DONE! ------------------
{"project":"masters","channel":"laplacian","event":"Laplacian Construction is complete","description":"CHR10 is done!","icon":"🔥","notify":true,"parser":"text"}