Laplacian constructed for chr18: CCBE1 and CDH7!
Graph constructed for chr18: CCBE1 and CDH7!
Laplacian constructed for chr18: WDR7 and LINC01029!
Graph constructed for chr18: WDR7 and LINC01029!
Laplacian constructed for chr18: TAF4B and LMAN1!
Graph constructed for chr18: TAF4B and LMAN1!
Laplacian constructed for chr18: SERPINB11 and CNDP1!
Graph constructed for chr18: SERPINB11 and CNDP1!
Laplacian constructed for chr18: ROCK1P1 and NEDD4L!
Graph constructed for chr18: ROCK1P1 and NEDD4L!
Laplacian constructed for chr18: TYMS and LOC100505549!
Graph constructed for chr18: TYMS and LOC100505549!
Laplacian constructed for chr18: ACAA2 and CNDP2!
Graph constructed for chr18: ACAA2 and CNDP2!
Laplacian constructed for chr18: LOC101927188 and ALPK2!
Graph constructed for chr18: LOC101927188 and ALPK2!
Laplacian constructed for chr18: RAB31 and LMAN1!
Graph constructed for chr18: RAB31 and LMAN1!
Laplacian constructed for chr18: DLGAP1 and PMAIP1!
Graph constructed for chr18: DLGAP1 and PMAIP1!
Laplacian constructed for chr18: EPG5 and DIPK1C!
Graph constructed for chr18: EPG5 and DIPK1C!
Laplacian constructed for chr18: TXNDC2 and ZNF236!
Graph constructed for chr18: TXNDC2 and ZNF236!
Laplacian constructed for chr18: PIAS2 and ZNF236!
Graph constructed for chr18: PIAS2 and ZNF236!
Laplacian constructed for chr18: NAPG and SOCS6!
Graph constructed for chr18: NAPG and SOCS6!
Laplacian constructed for chr18: MAPRE2 and MAPK4!
Graph constructed for chr18: MAPRE2 and MAPK4!
Laplacian constructed for chr18: EMILIN2 and ZNF236!
Graph constructed for chr18: EMILIN2 and ZNF236!
Laplacian constructed for chr18: MIR3976HG and CTIF!
Graph constructed for chr18: MIR3976HG and CTIF!
Laplacian constructed for chr18: FECH and CCBE1!
Graph constructed for chr18: FECH and CCBE1!
Laplacian constructed for chr18: ADCYAP1 and LOC284241!
Graph constructed for chr18: ADCYAP1 and LOC284241!
Laplacian constructed for chr18: TYMSOS and DSCAS!
Graph constructed for chr18: TYMSOS and DSCAS!
Laplacian constructed for chr18: TXNDC2 and TAF4B!
Graph constructed for chr18: TXNDC2 and TAF4B!
Laplacian constructed for chr18: ADCYAP1 and LINC01477!
Graph constructed for chr18: ADCYAP1 and LINC01477!
Laplacian constructed for chr18: LINC01894 and KIAA1328!
Graph constructed for chr18: LINC01894 and KIAA1328!
Laplacian constructed for chr18: LINC01443 and RAX!
Graph constructed for chr18: LINC01443 and RAX!
Laplacian constructed for chr18: L3MBTL4 and PSMG2!
Graph constructed for chr18: L3MBTL4 and PSMG2!
Laplacian constructed for chr18: ZBTB14 and CEP192!
Graph constructed for chr18: ZBTB14 and CEP192!
Laplacian constructed for chr18: ZNF519 and SERPINB5!
Graph constructed for chr18: ZNF519 and SERPINB5!
Laplacian constructed for chr18: LOC101927571 and DOK6!
Graph constructed for chr18: LOC101927571 and DOK6!
Laplacian constructed for chr18: LINC01929 and LINC01893!
Graph constructed for chr18: LINC01929 and LINC01893!
Laplacian constructed for chr18: PPP4R1 and ZNF236-DT!
Graph constructed for chr18: PPP4R1 and ZNF236-DT!
Laplacian constructed for chr18: VAPA and LINC01029!
Graph constructed for chr18: VAPA and LINC01029!
Laplacian constructed for chr18: CETN1 and LINC01477!
Graph constructed for chr18: CETN1 and LINC01477!
Laplacian constructed for chr18: IMPACT and PIK3C3!
Graph constructed for chr18: IMPACT and PIK3C3!
Laplacian constructed for chr18: LOC105371998 and CELF4!
Graph constructed for chr18: LOC105371998 and CELF4!
Laplacian constructed for chr18: NOL4 and SNHG22!
Graph constructed for chr18: NOL4 and SNHG22!
Laplacian constructed for chr18: RAB31 and MIR4527HG!
Graph constructed for chr18: RAB31 and MIR4527HG!
Laplacian constructed for chr18: LINC01915 and ZNF236!
Graph constructed for chr18: LINC01915 and ZNF236!
Laplacian constructed for chr18: GNAL and MBD1!
Graph constructed for chr18: GNAL and MBD1!
Laplacian constructed for chr18: LINC01882 and CTIF!
Graph constructed for chr18: LINC01882 and CTIF!
Laplacian constructed for chr18: ZNF519 and IER3IP1!
Graph constructed for chr18: ZNF519 and IER3IP1!
Laplacian constructed for chr18: TYMS and TAF4B!
Graph constructed for chr18: TYMS and TAF4B!
Laplacian constructed for chr18: USP14 and TTC39C!
Graph constructed for chr18: USP14 and TTC39C!
Laplacian constructed for chr18: TYMSOS and TTC39C-AS1!
Graph constructed for chr18: TYMSOS and TTC39C-AS1!
Laplacian constructed for chr18: MC2R and DTNA!
Graph constructed for chr18: MC2R and DTNA!
Laplacian constructed for chr18: ELAC1 and RTTN!
Graph constructed for chr18: ELAC1 and RTTN!
Laplacian constructed for chr18: MYL12A and DSCAS!
Graph constructed for chr18: MYL12A and DSCAS!
Laplacian constructed for chr18: EMILIN2 and LINC02864!
Graph constructed for chr18: EMILIN2 and LINC02864!
Laplacian constructed for chr18: SPIRE1 and ANKRD20A5P!
Graph constructed for chr18: SPIRE1 and ANKRD20A5P!
Laplacian constructed for chr18: DLGAP1 and TMEM241!
Graph constructed for chr18: DLGAP1 and TMEM241!
Laplacian constructed for chr18: MIR4527HG and MRO!
Graph constructed for chr18: MIR4527HG and MRO!
Laplacian constructed for chr18: OSBPL1A and CDH20!
Graph constructed for chr18: OSBPL1A and CDH20!
Laplacian constructed for chr18: SS18 and LINC01893!
Graph constructed for chr18: SS18 and LINC01893!
Laplacian constructed for chr18: CLUL1 and GATA6!
Graph constructed for chr18: CLUL1 and GATA6!
Laplacian constructed for chr18: RAB31 and EPG5!
Graph constructed for chr18: RAB31 and EPG5!
Laplacian constructed for chr18: EMILIN2 and LINC01893!
Graph constructed for chr18: EMILIN2 and LINC01893!
Laplacian constructed for chr18: ZNF396 and SKOR2!
Graph constructed for chr18: ZNF396 and SKOR2!
Laplacian constructed for chr18: METTL4 and TGIF1!
Graph constructed for chr18: METTL4 and TGIF1!
Laplacian constructed for chr18: CTAGE1 and SKA1!
Graph constructed for chr18: CTAGE1 and SKA1!
Laplacian constructed for chr18: MYL12A and MC5R!
Graph constructed for chr18: MYL12A and MC5R!
Laplacian constructed for chr18: ANKRD29 and C18orf12!
Graph constructed for chr18: ANKRD29 and C18orf12!
Laplacian constructed for chr18: MYL12A and ELAC1!
Graph constructed for chr18: MYL12A and ELAC1!
Laplacian constructed for chr18: LINC01544 and LOC100505797!
Graph constructed for chr18: LINC01544 and LOC100505797!
Laplacian constructed for chr18: PSMA8 and LINC01477!
Graph constructed for chr18: PSMA8 and LINC01477!
Laplacian constructed for chr18: RAB12 and LINC01919!
Graph constructed for chr18: RAB12 and LINC01919!
Laplacian constructed for chr18: TUBB8B and NEDD4L!
Graph constructed for chr18: TUBB8B and NEDD4L!
Laplacian constructed for chr18: B4GALT6 and OACYLP!
Graph constructed for chr18: B4GALT6 and OACYLP!
Laplacian constructed for chr18: POTEC and CBLN2!
Graph constructed for chr18: POTEC and CBLN2!
Laplacian constructed for chr18: STARD6 and LINC01922!
Graph constructed for chr18: STARD6 and LINC01922!
Laplacian constructed for chr18: PTPRM and SLC66A2!
Graph constructed for chr18: PTPRM and SLC66A2!
Laplacian constructed for chr18: ACAA2 and HSBP1L1!
Graph constructed for chr18: ACAA2 and HSBP1L1!
Laplacian constructed for chr18: PPP4R1 and GRP!
Graph constructed for chr18: PPP4R1 and GRP!
Laplacian constructed for chr18: GNAL and ZNF236-DT!
Graph constructed for chr18: GNAL and ZNF236-DT!
Laplacian constructed for chr18: TYMS and MYL12B!
Graph constructed for chr18: TYMS and MYL12B!
Laplacian constructed for chr18: LOC642484 and CDH20!
Graph constructed for chr18: LOC642484 and CDH20!
Laplacian constructed for chr18: DSEL and LINC00683!
Graph constructed for chr18: DSEL and LINC00683!
Laplacian constructed for chr18: ASXL3 and NEDD4L!
Graph constructed for chr18: ASXL3 and NEDD4L!
Laplacian constructed for chr18: KATNAL2 and OACYLP!
Graph constructed for chr18: KATNAL2 and OACYLP!
Laplacian constructed for chr18: SEC11C and ZNF236!
Graph constructed for chr18: SEC11C and ZNF236!
Laplacian constructed for chr18: SERPINB4 and LINC02864!
Graph constructed for chr18: SERPINB4 and LINC02864!
Laplacian constructed for chr18: ANKRD20A5P and C18orf21!
Graph constructed for chr18: ANKRD20A5P and C18orf21!
Laplacian constructed for chr18: LINC01477 and SERPINB10!
Graph constructed for chr18: LINC01477 and SERPINB10!
Laplacian constructed for chr18: LINC01902 and CTDP1!
Graph constructed for chr18: LINC01902 and CTDP1!
Laplacian constructed for chr18: TMEM200C and RNF152!
Graph constructed for chr18: TMEM200C and RNF152!
Laplacian constructed for chr18: CEP192 and TRAPPC8!
Graph constructed for chr18: CEP192 and TRAPPC8!
Laplacian constructed for chr18: DLGAP1-AS5 and STARD6!
Graph constructed for chr18: DLGAP1-AS5 and STARD6!
Laplacian constructed for chr18: C18orf25 and LINC00305!
Graph constructed for chr18: C18orf25 and LINC00305!
Laplacian constructed for chr18: TMEM200C and PRELID3A!
Graph constructed for chr18: TMEM200C and PRELID3A!
Laplacian constructed for chr18: LAMA1 and RBBP8!
Graph constructed for chr18: LAMA1 and RBBP8!
Laplacian constructed for chr18: SPIRE1 and LOC105372028!
Graph constructed for chr18: SPIRE1 and LOC105372028!
Laplacian constructed for chr18: LDLRAD4 and DYNAP!
Graph constructed for chr18: LDLRAD4 and DYNAP!
Laplacian constructed for chr18: GAPLINC and CDH20!
Graph constructed for chr18: GAPLINC and CDH20!
Laplacian constructed for chr18: RNF138 and PIGN!
Graph constructed for chr18: RNF138 and PIGN!
Laplacian constructed for chr18: RAB31 and CD226!
Graph constructed for chr18: RAB31 and CD226!
Laplacian constructed for chr18: SPIRE1 and TAF4B!
Graph constructed for chr18: SPIRE1 and TAF4B!
Laplacian constructed for chr18: METTL4 and SERPINB4!
Graph constructed for chr18: METTL4 and SERPINB4!
Laplacian constructed for chr18: LINC01601 and SERPINB7!
Graph constructed for chr18: LINC01601 and SERPINB7!
Laplacian constructed for chr18: LINC01543 and RTTN!
Graph constructed for chr18: LINC01543 and RTTN!
Laplacian constructed for chr18: MIB1 and LINC01029!
Graph constructed for chr18: MIB1 and LINC01029!
Laplacian constructed for chr18: CETN1 and LOC642484!
Graph constructed for chr18: CETN1 and LOC642484!
Laplacian constructed for chr18: RBBP8 and INO80C!
Graph constructed for chr18: RBBP8 and INO80C!
Laplacian constructed for chr18: RBBP8 and SEC11C!
Graph constructed for chr18: RBBP8 and SEC11C!
Laplacian constructed for chr18: NEDD4L and HSBP1L1!
Graph constructed for chr18: NEDD4L and HSBP1L1!
