Laplacian constructed for chr15: GOLGA8K and MYEF2!
Graph constructed for chr15: GOLGA8K and MYEF2!
Laplacian constructed for chr15: KLF13 and PEAK1!
Graph constructed for chr15: KLF13 and PEAK1!
Laplacian constructed for chr15: SEMA6D and LINC00926!
Graph constructed for chr15: SEMA6D and LINC00926!
Laplacian constructed for chr15: GOLM2 and LOC100128108!
Graph constructed for chr15: GOLM2 and LOC100128108!
Laplacian constructed for chr15: USP3-AS1 and MINAR1!
Graph constructed for chr15: USP3-AS1 and MINAR1!
Laplacian constructed for chr15: CCNDBP1 and ATP8B4!
Graph constructed for chr15: CCNDBP1 and ATP8B4!
Laplacian constructed for chr15: PSTPIP1 and NTRK3!
Graph constructed for chr15: PSTPIP1 and NTRK3!
Laplacian constructed for chr15: SLC12A6 and HEXA-AS1!
Graph constructed for chr15: SLC12A6 and HEXA-AS1!
Laplacian constructed for chr15: TYRO3 and ISG20!
Graph constructed for chr15: TYRO3 and ISG20!
Laplacian constructed for chr15: INTS14 and LINC01197!
Graph constructed for chr15: INTS14 and LINC01197!
Laplacian constructed for chr15: MAPK6 and NEDD4!
Graph constructed for chr15: MAPK6 and NEDD4!
Laplacian constructed for chr15: MTMR10 and IGDCC4!
Graph constructed for chr15: MTMR10 and IGDCC4!
Laplacian constructed for chr15: ARHGAP11B and LINC02352!
Graph constructed for chr15: ARHGAP11B and LINC02352!
Laplacian constructed for chr15: CHRFAM7A and DENND4A!
Graph constructed for chr15: CHRFAM7A and DENND4A!
Laplacian constructed for chr15: SLC12A6 and GABPB1-AS1!
Graph constructed for chr15: SLC12A6 and GABPB1-AS1!
Laplacian constructed for chr15: APH1B and CFAP161!
Graph constructed for chr15: APH1B and CFAP161!
Laplacian constructed for chr15: EIF3J-DT and LINC02348!
Graph constructed for chr15: EIF3J-DT and LINC02348!
Laplacian constructed for chr15: PLA2G4F and LINC00052!
Graph constructed for chr15: PLA2G4F and LINC00052!
Laplacian constructed for chr15: PWRN1 and SCAND2P!
Graph constructed for chr15: PWRN1 and SCAND2P!
Laplacian constructed for chr15: CELF6 and ISG20!
Graph constructed for chr15: CELF6 and ISG20!
Laplacian constructed for chr15: HIGD2B and CRABP1!
Graph constructed for chr15: HIGD2B and CRABP1!
Laplacian constructed for chr15: LINC01852 and USP3-AS1!
Graph constructed for chr15: LINC01852 and USP3-AS1!
Laplacian constructed for chr15: MYEF2 and RPS27L!
Graph constructed for chr15: MYEF2 and RPS27L!
Laplacian constructed for chr15: PPP1R14D and GABPB1-AS1!
Graph constructed for chr15: PPP1R14D and GABPB1-AS1!
Laplacian constructed for chr15: MAPK6-DT and INSYN1!
Graph constructed for chr15: MAPK6-DT and INSYN1!
Laplacian constructed for chr15: TMCO5A and LINGO1!
Graph constructed for chr15: TMCO5A and LINGO1!
Laplacian constructed for chr15: LINC02490 and SNX1!
Graph constructed for chr15: LINC02490 and SNX1!
Laplacian constructed for chr15: ARHGAP11B and PLA2G4E!
Graph constructed for chr15: ARHGAP11B and PLA2G4E!
Laplacian constructed for chr15: ATP8B4 and LOC440300!
Graph constructed for chr15: ATP8B4 and LOC440300!
Laplacian constructed for chr15: UBR1 and TMEM202-AS1!
Graph constructed for chr15: UBR1 and TMEM202-AS1!
Laplacian constructed for chr15: CFAP161 and AP3B2!
Graph constructed for chr15: CFAP161 and AP3B2!
Graph constructed for chr15: ATP8B4!
Graph constructed for chr15: TMEM62!
Graph constructed for chr15: GABPB1-AS1!
Graph constructed for chr15: ISG20!
Graph constructed for chr15: AQR!
Graph constructed for chr15: SLC28A1!
Graph constructed for chr15: CCNDBP1!
Graph constructed for chr15: MIR4712!
Graph constructed for chr15: PEAK1!
Graph constructed for chr15: MYEF2!
Graph constructed for chr15: CIB2!
Graph constructed for chr15: SAXO2!
Graph constructed for chr15: LINC02256!
Graph constructed for chr15: BTBD1!
Graph constructed for chr15: GOLGA8K!
Graph constructed for chr15: LINC02352!
Graph constructed for chr15: TMEM87A!
Graph constructed for chr15: CLN6!
Graph constructed for chr15: IGF1R!
Graph constructed for chr15: BNIP2!
Graph constructed for chr15: COMMD4!
Graph constructed for chr15: IQGAP1!
Graph constructed for chr15: PPP1R14D!
Graph constructed for chr15: TYRO3!
Graph constructed for chr15: TCF12!
Graph constructed for chr15: GOLM2!
Graph constructed for chr15: SMAD6!
Graph constructed for chr15: CFAP161!
Graph constructed for chr15: KLF13!
Graph constructed for chr15: RMDN3!
Graph constructed for chr15: CTXN2!
Graph constructed for chr15: GOLGA6D!
Graph constructed for chr15: LINC02259!
Graph constructed for chr15: SCAND2P!
Graph constructed for chr15: MORF4L1!
Graph constructed for chr15: FMN1!
Graph constructed for chr15: MINAR1!
Graph constructed for chr15: PSTPIP1!
Graph constructed for chr15: SLC27A2!
Graph constructed for chr15: IGDCC3!
Graph constructed for chr15: LINC00926!
Graph constructed for chr15: PRTG!
Graph constructed for chr15: C15orf32!
Graph constructed for chr15: RPAP1!
Graph constructed for chr15: ANKDD1A!
Graph constructed for chr15: HMG20A!
Graph constructed for chr15: PIF1!
Graph constructed for chr15: RASL12!
Graph constructed for chr15: CYP11A1!
Graph constructed for chr15: SLC12A6!
Graph constructed for chr15: CERNA1!
Graph constructed for chr15: RASGRF1!
Graph constructed for chr15: NOP10!
Graph constructed for chr15: TMEM266!
Graph constructed for chr15: DET1!
Graph constructed for chr15: ALDH1A2!
Graph constructed for chr15: CEMIP!
Graph constructed for chr15: LINC02204!
Graph constructed for chr15: ANPEP!
Graph constructed for chr15: INTS14!
Graph constructed for chr15: NEDD4!
Graph constructed for chr15: IRAIN!
Graph constructed for chr15: MGC15885!
Graph constructed for chr15: PWAR6!
Graph constructed for chr15: TM2D3!
Graph constructed for chr15: THAP10!
Graph constructed for chr15: LOC105370792!
Graph constructed for chr15: TMCO5A!
Graph constructed for chr15: UBR1!
Graph constructed for chr15: CPEB1-AS1!
Graph constructed for chr15: ABHD2!
Graph constructed for chr15: LINC01586!
Graph constructed for chr15: RAD51!
Graph constructed for chr15: RLBP1!
Graph constructed for chr15: DPH6!
Graph constructed for chr15: SQOR!
Graph constructed for chr15: AP4E1!
Graph constructed for chr15: LOC102723493!
Graph constructed for chr15: IGDCC4!
Graph constructed for chr15: LOC100507472!
Graph constructed for chr15: NR2F2!
Graph constructed for chr15: SNX1!
Graph constructed for chr15: PDCD6IPP2!
Graph constructed for chr15: EHD4-AS1!
Graph constructed for chr15: BUB1B!
Graph constructed for chr15: SNAPC5!
Graph constructed for chr15: TM6SF1!
Graph constructed for chr15: CHSY1!
Graph constructed for chr15: SEC11A!
Graph constructed for chr15: USP50!
Graph constructed for chr15: NDUFAF4P1!
Graph constructed for chr15: ARHGAP11B!
Graph constructed for chr15: VPS39!
Graph constructed for chr15: FAH!
Graph constructed for chr15: DPH6-DT!
Graph constructed for chr15: TARS3!
Graph constructed for chr15: IREB2!
Graph constructed for chr15: CHRFAM7A!
Graph constructed for chr15: SEMA6D!
Graph constructed for chr15: NTRK3!
Graph constructed for chr15: DNAJA4!
Graph constructed for chr15: ZNF774!
Graph constructed for chr15: MFGE8!
Graph constructed for chr15: CHASERR!
Graph constructed for chr15: LINC01197!
Graph constructed for chr15: BCL2L10!
Graph constructed for chr15: LOC100128108!
Graph constructed for chr15: GOLGA8M!
Graph constructed for chr15: USP3-AS1!
Graph constructed for chr15: EFL1!
Graph constructed for chr15: ANP32A-IT1!
Graph constructed for chr15: KBTBD13!
Graph constructed for chr15: ASB7!
Graph constructed for chr15: CRABP1!
Graph constructed for chr15: MIR6085!
Graph constructed for chr15: HMGN2P46!
Graph constructed for chr15: FOXB1!
Graph constructed for chr15: INSYN1!
Graph constructed for chr15: PCAT29!
Graph constructed for chr15: MESP2!
Graph constructed for chr15: RPS27L!
Graph constructed for chr15: HIGD2B!
Graph constructed for chr15: ALPK3!
Graph constructed for chr15: WHAMM!
Graph constructed for chr15: BLOC1S6!
Graph constructed for chr15: MAPK6-DT!
Graph constructed for chr15: SLC30A4!
Graph constructed for chr15: GABPB1!
Graph constructed for chr15: ST20-AS1!
Graph constructed for chr15: ADAMTSL3!
Graph constructed for chr15: RPP25!
Graph constructed for chr15: FSD2!
Graph constructed for chr15: NPTN-IT1!
Graph constructed for chr15: AKAP13!
Graph constructed for chr15: STARD9!
Graph constructed for chr15: KNSTRN!
Graph constructed for chr15: SORD!
Graph constructed for chr15: NPAP1!
Graph constructed for chr15: ASB9P1!
Graph constructed for chr15: SORD2P!
Graph constructed for chr15: MAPK6!
Graph constructed for chr15: AGBL1-AS1!
Graph constructed for chr15: PWRN1!
Graph constructed for chr15: WHAMMP2!
Graph constructed for chr15: EMC7!
Graph constructed for chr15: LOC105370802!
Graph constructed for chr15: LOC101929439!
Graph constructed for chr15: HEXA-AS1!
Graph constructed for chr15: LINGO1-AS1!
Graph constructed for chr15: ATP10A!
Graph constructed for chr15: LINC00052!
Graph constructed for chr15: AQP9!
Graph constructed for chr15: TRPM7!
Graph constructed for chr15: CPEB1!
Graph constructed for chr15: RBPMS2!
Graph constructed for chr15: SMAD3!
Graph constructed for chr15: SPATA41!
Graph constructed for chr15: GOLGA8B!
Graph constructed for chr15: ACSBG1!
Graph constructed for chr15: PATL2!
Graph constructed for chr15: HERC2!
Graph constructed for chr15: KNL1!
Graph constructed for chr15: NPTN!
Graph constructed for chr15: PLEKHO2!
Graph constructed for chr15: RORA!
Graph constructed for chr15: RPLP1!
Graph constructed for chr15: SNUPN!
Graph constructed for chr15: LINC02694!
Graph constructed for chr15: LINGO1-AS2!
Graph constructed for chr15: LINC00927!
Graph constructed for chr15: MTMR10!
Graph constructed for chr15: ZNF106!
Graph constructed for chr15: LOC101929457!
Graph constructed for chr15: GJD2!
Graph constructed for chr15: DISP2!
Graph constructed for chr15: MGA!
Graph constructed for chr15: MEIS2!
Graph constructed for chr15: PCSK6!
Graph constructed for chr15: APBA2!
Graph constructed for chr15: C15orf40!
Graph constructed for chr15: DENND4A!
Graph constructed for chr15: LINC01852!
Graph constructed for chr15: CKMT1A!
Graph constructed for chr15: WHAMMP1!
Graph constructed for chr15: LOXL1!
Graph constructed for chr15: LINC02490!
Graph constructed for chr15: LINC01581!
Graph constructed for chr15: FBN1!
Graph constructed for chr15: LOC101928414!
Graph constructed for chr15: BUB1B-PAK6!
Graph constructed for chr15: ZNF710!
Graph constructed for chr15: APH1B!
Graph constructed for chr15: PARP6!
Graph constructed for chr15: CTDSPL2!
Graph constructed for chr15: NR2E3!
Graph constructed for chr15: LINC02252!
Graph constructed for chr15: HDGFL3!
Graph constructed for chr15: LOC101927751!
Graph constructed for chr15: ZNF280D!
Graph constructed for chr15: TIPIN!
Graph constructed for chr15: CYP19A1!
Graph constructed for chr15: PCLAF!
Graph constructed for chr15: EIF3J-DT!
Graph constructed for chr15: SPG21!
Graph constructed for chr15: LINC02348!
Graph constructed for chr15: PIGBOS1!
Graph constructed for chr15: LOC91450!
Graph constructed for chr15: PLA2G4F!
Graph constructed for chr15: SPINT1-AS1!
Graph constructed for chr15: SEMA7A!
Graph constructed for chr15: ALDH1A3!
Graph constructed for chr15: MIR9-3HG!
Graph constructed for chr15: PDIA3!
Graph constructed for chr15: ARID3B!
Graph constructed for chr15: AVEN!
Graph constructed for chr15: TTBK2!
Graph constructed for chr15: USP3!
Graph constructed for chr15: IL16!
Graph constructed for chr15: CELF6!
Graph constructed for chr15: LOC283665!
Graph constructed for chr15: LOC101928725!
Graph constructed for chr15: GOLGA6L22!
Graph constructed for chr15: RASGRP1!
Graph constructed for chr15: NRG4!
Graph constructed for chr15: SIN3A!
Graph constructed for chr15: RNF111!
Graph constructed for chr15: GCOM1!
Graph constructed for chr15: GABRG3!
Graph constructed for chr15: CCNB2!
Graph constructed for chr15: PAQR5!
Graph constructed for chr15: SNX33!
Graph constructed for chr15: SPATA8-AS1!
Graph constructed for chr15: SPATA8!
Graph constructed for chr15: TTLL13P!
Graph constructed for chr15: UBE3A!
Graph constructed for chr15: INO80!
Graph constructed for chr15: PTPN9!
Graph constructed for chr15: ETFA!
Graph constructed for chr15: TMCO5B!
Graph constructed for chr15: LOC105370980!
Graph constructed for chr15: SPINT1!
Graph constructed for chr15: LINC02207!
Graph constructed for chr15: ANP32AP1!
Graph constructed for chr15: LIPC!
Graph constructed for chr15: MYO1E!
Graph constructed for chr15: TSPAN3!
Graph constructed for chr15: BLM!
Graph constructed for chr15: THBS1!
Graph constructed for chr15: SENP8!
Graph constructed for chr15: LCMT2!
Graph constructed for chr15: LMAN1L!
Graph constructed for chr15: LINGO1!
Graph constructed for chr15: GOLGA8S!
Graph constructed for chr15: PLA2G4E!
Graph constructed for chr15: CDAN1!
Graph constructed for chr15: WDR76!
Graph constructed for chr15: EFL1P1!
Graph constructed for chr15: LOC440300!
Graph constructed for chr15: PLIN1!
Graph constructed for chr15: PRC1!
Graph constructed for chr15: CAPN3!
Graph constructed for chr15: BAHD1!
Graph constructed for chr15: UACA!
Graph constructed for chr15: LOXL1-AS1!
Graph constructed for chr15: ANP32A!
Graph constructed for chr15: CTSH!
Graph constructed for chr15: LOC100288637!
Graph constructed for chr15: TMEM202-AS1!
Graph constructed for chr15: AEN!
Graph constructed for chr15: CERS3!
Graph constructed for chr15: OIP5-AS1!
Graph constructed for chr15: TMEM202!
Graph constructed for chr15: AP3B2!
Graph constructed for chr15: GOLGA6C!
------------------ CHR15 DONE! ------------------
{"project":"masters","channel":"laplacian","event":"Laplacian Construction is complete","description":"CHR15 is done!","icon":"🔥","notify":true,"parser":"text"}