Laplacian constructed for chr6: PIM1 and FBXO30-DT!
Graph constructed for chr6: PIM1 and FBXO30-DT!
Laplacian constructed for chr6: LINC02570 and PGC!
Graph constructed for chr6: LINC02570 and PGC!
Laplacian constructed for chr6: LOC101927136 and RNF146!
Graph constructed for chr6: LOC101927136 and RNF146!
Laplacian constructed for chr6: H4C5 and CEP57L1!
Graph constructed for chr6: H4C5 and CEP57L1!
Laplacian constructed for chr6: TMEM14C and PACRG-AS2!
Graph constructed for chr6: TMEM14C and PACRG-AS2!
Laplacian constructed for chr6: H1-6 and NFKBIL1!
Graph constructed for chr6: H1-6 and NFKBIL1!
Laplacian constructed for chr6: TREML3P and GRM1!
Graph constructed for chr6: TREML3P and GRM1!
Laplacian constructed for chr6: HCG11 and AFDN!
Graph constructed for chr6: HCG11 and AFDN!
Laplacian constructed for chr6: ADGRF2 and SAMD3!
Graph constructed for chr6: ADGRF2 and SAMD3!
Laplacian constructed for chr6: COX7A2 and OSTCP1!
Graph constructed for chr6: COX7A2 and OSTCP1!
Laplacian constructed for chr6: SYCP2L and AGPAT4!
Graph constructed for chr6: SYCP2L and AGPAT4!
Laplacian constructed for chr6: FOXCUT and SIRT5!
Graph constructed for chr6: FOXCUT and SIRT5!
Laplacian constructed for chr6: TRIM10 and LOC285847!
Graph constructed for chr6: TRIM10 and LOC285847!
Laplacian constructed for chr6: ARMC2-AS1 and TAAR6!
Graph constructed for chr6: ARMC2-AS1 and TAAR6!
Laplacian constructed for chr6: OR10C1 and ACAT2!
Graph constructed for chr6: OR10C1 and ACAT2!
Laplacian constructed for chr6: ZNF311 and LOC101929460!
Graph constructed for chr6: ZNF311 and LOC101929460!
Laplacian constructed for chr6: OR12D3 and LOC105378068!
Graph constructed for chr6: OR12D3 and LOC105378068!
Laplacian constructed for chr6: RPP40 and HDDC2!
Graph constructed for chr6: RPP40 and HDDC2!
Laplacian constructed for chr6: PIP5K1P1 and ZNF318!
Graph constructed for chr6: PIP5K1P1 and ZNF318!
Laplacian constructed for chr6: OR12D3 and FOXP4!
Graph constructed for chr6: OR12D3 and FOXP4!
Laplacian constructed for chr6: FOXP4 and LOC105378068!
Graph constructed for chr6: FOXP4 and LOC105378068!
Laplacian constructed for chr6: HCG9 and LOC101929057!
Graph constructed for chr6: HCG9 and LOC101929057!
Laplacian constructed for chr6: KLHL31 and ARMC2-AS1!
Graph constructed for chr6: KLHL31 and ARMC2-AS1!
Laplacian constructed for chr6: LOC101927136 and SYNCRIP!
Graph constructed for chr6: LOC101927136 and SYNCRIP!
Laplacian constructed for chr6: TSPO2 and ARMC2-AS1!
Graph constructed for chr6: TSPO2 and ARMC2-AS1!
Laplacian constructed for chr6: SYNCRIP and RNF146!
Graph constructed for chr6: SYNCRIP and RNF146!
Laplacian constructed for chr6: RNGTT and MAS1!
Graph constructed for chr6: RNGTT and MAS1!
Laplacian constructed for chr6: LOC101928540 and SOGA3!
Graph constructed for chr6: LOC101928540 and SOGA3!
Laplacian constructed for chr6: TRIM10 and HLA-E!
Graph constructed for chr6: TRIM10 and HLA-E!
Laplacian constructed for chr6: PRR3 and C6orf118!
Graph constructed for chr6: PRR3 and C6orf118!
Laplacian constructed for chr6: HCG22 and VNN3!
Graph constructed for chr6: HCG22 and VNN3!
Laplacian constructed for chr6: CUTA and OPN5!
Graph constructed for chr6: CUTA and OPN5!
Laplacian constructed for chr6: PRR3 and ESR1!
Graph constructed for chr6: PRR3 and ESR1!
Laplacian constructed for chr6: HCG15 and LOC101929057!
Graph constructed for chr6: HCG15 and LOC101929057!
Laplacian constructed for chr6: VIP and FNDC1!
Graph constructed for chr6: VIP and FNDC1!
Laplacian constructed for chr6: OR12D3 and TFAP2D!
Graph constructed for chr6: OR12D3 and TFAP2D!
Laplacian constructed for chr6: LOC101928540 and CALHM6!
Graph constructed for chr6: LOC101928540 and CALHM6!
Laplacian constructed for chr6: OSTM1 and LINC02529!
Graph constructed for chr6: OSTM1 and LINC02529!
Laplacian constructed for chr6: RRAGD and TPD52L1!
Graph constructed for chr6: RRAGD and TPD52L1!
Laplacian constructed for chr6: LINC02535 and KATNA1!
Graph constructed for chr6: LINC02535 and KATNA1!
Laplacian constructed for chr6: PKHD1 and LOC101927136!
Graph constructed for chr6: PKHD1 and LOC101927136!
Graph constructed for chr6: ARMC2-AS1!
Graph constructed for chr6: ADGRF2!
Graph constructed for chr6: SIRT5!
Graph constructed for chr6: BRD7P3!
Graph constructed for chr6: OR12D3!
Graph constructed for chr6: SAMD3!
Graph constructed for chr6: GCLC!
Graph constructed for chr6: HCG24!
Graph constructed for chr6: PPP1R10!
Graph constructed for chr6: LOC105378068!
Graph constructed for chr6: MCCD1!
Graph constructed for chr6: PIM1!
Graph constructed for chr6: LINC00581!
Graph constructed for chr6: LOC101928540!
Graph constructed for chr6: LINC01277!
Graph constructed for chr6: PTK7!
Graph constructed for chr6: RPS12!
Graph constructed for chr6: RRAGD!
Graph constructed for chr6: LOC101929705!
Graph constructed for chr6: CUTA!
Graph constructed for chr6: LOC101928661!
Graph constructed for chr6: AGER!
Graph constructed for chr6: AGPAT4!
Graph constructed for chr6: FNDC1!
Graph constructed for chr6: LOC101927136!
Graph constructed for chr6: ULBP3!
Graph constructed for chr6: HDDC2!
Graph constructed for chr6: CAPN11!
Graph constructed for chr6: C6orf118!
Graph constructed for chr6: TRIM10!
Graph constructed for chr6: FBXO30-DT!
Graph constructed for chr6: BVES-AS1!
Graph constructed for chr6: RAET1K!
Graph constructed for chr6: CENPQ!
Graph constructed for chr6: IBTK!
Graph constructed for chr6: GRM1!
Graph constructed for chr6: PSMB9!
Graph constructed for chr6: EPHA7!
Graph constructed for chr6: H1-6!
Graph constructed for chr6: GUCA1A!
Graph constructed for chr6: RFPL4B!
Graph constructed for chr6: OSTM1!
Graph constructed for chr6: RPP40!
Graph constructed for chr6: PKHD1!
Graph constructed for chr6: FAM162B!
Graph constructed for chr6: RAET1G!
Graph constructed for chr6: KHDC1!
Graph constructed for chr6: HLA-E!
Graph constructed for chr6: PGC!
Graph constructed for chr6: TAAR5!
Graph constructed for chr6: CASC15!
Graph constructed for chr6: PACRG-AS3!
Graph constructed for chr6: KIF25-AS1!
Graph constructed for chr6: TAP2!
Graph constructed for chr6: ZKSCAN8!
Graph constructed for chr6: SYCP2L!
Graph constructed for chr6: ITPR3!
Graph constructed for chr6: RNF146!
Graph constructed for chr6: LOC100289495!
Graph constructed for chr6: POLR1H!
Graph constructed for chr6: LOC101929057!
Graph constructed for chr6: MLIP!
Graph constructed for chr6: PRR3!
Graph constructed for chr6: VNN3!
Graph constructed for chr6: TCTE3!
Graph constructed for chr6: TRIM15!
Graph constructed for chr6: LINC02570!
Graph constructed for chr6: HLA-A!
Graph constructed for chr6: FOXP4!
Graph constructed for chr6: ZNF318!
Graph constructed for chr6: FKBP5!
Graph constructed for chr6: ARFGEF3!
Graph constructed for chr6: MEP1A!
Graph constructed for chr6: TMEM170B!
Graph constructed for chr6: OSTM1-AS1!
Graph constructed for chr6: PEX6!
Graph constructed for chr6: H4C11!
Graph constructed for chr6: HCG9!
Graph constructed for chr6: H4C5!
Graph constructed for chr6: HDAC2-AS2!
Graph constructed for chr6: PACRG-AS2!
Graph constructed for chr6: HLA-DRB5!
Graph constructed for chr6: KLHL31!
Graph constructed for chr6: LOC101928491!
Graph constructed for chr6: LOC101928304!
Graph constructed for chr6: FAM120B!
Graph constructed for chr6: HSPA1L!
Graph constructed for chr6: HEY2!
Graph constructed for chr6: COX7A2!
Graph constructed for chr6: GNL1!
Graph constructed for chr6: KATNA1!
Graph constructed for chr6: HLA-DOB!
Graph constructed for chr6: TNFAIP3!
Graph constructed for chr6: RWDD2A!
Graph constructed for chr6: LOC100507477!
Graph constructed for chr6: CEP57L1!
Graph constructed for chr6: OR10C1!
Graph constructed for chr6: LOC101928663!
Graph constructed for chr6: FBXO5!
Graph constructed for chr6: ZNF451!
Graph constructed for chr6: TMEM14C!
Graph constructed for chr6: LOC730101!
Graph constructed for chr6: TBC1D22B!
Graph constructed for chr6: TSPO2!
Graph constructed for chr6: MTFR2!
Graph constructed for chr6: SYNCRIP!
Graph constructed for chr6: GJA10!
Graph constructed for chr6: QRSL1!
Graph constructed for chr6: NFKBIL1!
Graph constructed for chr6: PDE10A!
Graph constructed for chr6: LOC105378146!
Graph constructed for chr6: RING1!
Graph constructed for chr6: LSM2!
Graph constructed for chr6: LOC108783645!
Graph constructed for chr6: AFDN!
Graph constructed for chr6: CCHCR1!
Graph constructed for chr6: PRICKLE4!
Graph constructed for chr6: TREML3P!
Graph constructed for chr6: OR5V1!
Graph constructed for chr6: ZFP57!
Graph constructed for chr6: OPN5!
Graph constructed for chr6: LINC00326!
Graph constructed for chr6: HCG11!
Graph constructed for chr6: RIMS1!
Graph constructed for chr6: BTN2A2!
Graph constructed for chr6: COL11A2!
Graph constructed for chr6: LOC101929297!
Graph constructed for chr6: UBR2!
Graph constructed for chr6: SCUBE3!
Graph constructed for chr6: SDHAF4!
Graph constructed for chr6: LOC101928516!
Graph constructed for chr6: OSTCP1!
Graph constructed for chr6: PRDM1!
Graph constructed for chr6: NCOA7-AS1!
Graph constructed for chr6: RPS6KA2-IT1!
Graph constructed for chr6: LOC285847!
Graph constructed for chr6: ZNF311!
Graph constructed for chr6: VNN2!
Graph constructed for chr6: FOXCUT!
Graph constructed for chr6: ESR1!
Graph constructed for chr6: TAAR6!
Graph constructed for chr6: HCG22!
Graph constructed for chr6: HCG15!
Graph constructed for chr6: ZFAND3!
Graph constructed for chr6: LINC02526!
Graph constructed for chr6: LOC105374952!
Graph constructed for chr6: CMAHP!
Graph constructed for chr6: FOXF2!
Graph constructed for chr6: GSTM2P1!
Graph constructed for chr6: ZNF165!
Graph constructed for chr6: RNASET2!
Graph constructed for chr6: TBX18!
Graph constructed for chr6: SERINC1!
Graph constructed for chr6: HEBP2!
Graph constructed for chr6: TXLNB!
Graph constructed for chr6: FRMD1!
Graph constructed for chr6: ACAT2!
Graph constructed for chr6: VNN1!
Graph constructed for chr6: ZNF184!
Graph constructed for chr6: SEC63!
Graph constructed for chr6: LOC101929460!
Graph constructed for chr6: ATP6V1G2-DDX39B!
Graph constructed for chr6: STX11!
Graph constructed for chr6: RSPH4A!
Graph constructed for chr6: SMAP1!
Graph constructed for chr6: SNORD28B!
Graph constructed for chr6: LINC02542!
Graph constructed for chr6: DEFB110!
Graph constructed for chr6: KHDRBS2!
Graph constructed for chr6: MANEA-DT!
Graph constructed for chr6: MEI4!
Graph constructed for chr6: RNGTT!
Graph constructed for chr6: LINC01558!
Graph constructed for chr6: LHFPL5!
Graph constructed for chr6: IL17F!
Graph constructed for chr6: PIP5K1P1!
Graph constructed for chr6: SLC35F1!
Graph constructed for chr6: CALHM5!
Graph constructed for chr6: CRIP3!
Graph constructed for chr6: TULP4!
Graph constructed for chr6: SLC22A23!
Graph constructed for chr6: FUCA2!
Graph constructed for chr6: HTR1B!
Graph constructed for chr6: CALHM6!
Graph constructed for chr6: PACRG-AS1!
Graph constructed for chr6: CD83!
Graph constructed for chr6: MAS1!
Graph constructed for chr6: SOGA3!
Graph constructed for chr6: DDAH2!
Graph constructed for chr6: PPT2-EGFL8!
Graph constructed for chr6: L3MBTL3!
Graph constructed for chr6: VIP!
Graph constructed for chr6: METTL24!
Graph constructed for chr6: BTN2A3P!
Graph constructed for chr6: OLIG3!
Graph constructed for chr6: RNF217-AS1!
Graph constructed for chr6: IL20RA!
Graph constructed for chr6: TFAP2D!
Graph constructed for chr6: HMGCLL1!
Graph constructed for chr6: LEMD2!
Graph constructed for chr6: MYO6!
Graph constructed for chr6: MUC21!
Graph constructed for chr6: SLC35B2!
Graph constructed for chr6: CCR6!
Graph constructed for chr6: LOC285819!
Graph constructed for chr6: HSPA1B!
Graph constructed for chr6: LINC02529!
Graph constructed for chr6: RAB32!
Graph constructed for chr6: LOC102724646!
Graph constructed for chr6: TPD52L1!
Graph constructed for chr6: PPP1R14C!
Graph constructed for chr6: LINC02539!
Graph constructed for chr6: LINC02535!
Graph constructed for chr6: TRAF3IP2-AS1!
Graph constructed for chr6: NCR2!
Graph constructed for chr6: SGK1!
Graph constructed for chr6: SOD2!
Graph constructed for chr6: TREM2!
------------------ CHR6 DONE! ------------------
{"project":"masters","channel":"laplacian","event":"Laplacian Construction is complete","description":"CHR6 is done!","icon":"🔥","notify":true,"parser":"text"}