Laplacian constructed for chr22: CCDC188 and DDTL!
Graph constructed for chr22: CCDC188 and DDTL!
Laplacian constructed for chr22: POM121L10P and ASPHD2!
Graph constructed for chr22: POM121L10P and ASPHD2!
Laplacian constructed for chr22: HPS4 and PATZ1!
Graph constructed for chr22: HPS4 and PATZ1!
Laplacian constructed for chr22: EWSR1 and ODF3B!
Graph constructed for chr22: EWSR1 and ODF3B!
Laplacian constructed for chr22: UPB1 and CCDC117!
Graph constructed for chr22: UPB1 and CCDC117!
Laplacian constructed for chr22: CRYBB2P1 and WNT7B!
Graph constructed for chr22: CRYBB2P1 and WNT7B!
Laplacian constructed for chr22: TPTEP1 and MPST!
Graph constructed for chr22: TPTEP1 and MPST!
Laplacian constructed for chr22: DDTL and WNT7B!
Graph constructed for chr22: DDTL and WNT7B!
Laplacian constructed for chr22: CCT8L2 and C22orf39!
Graph constructed for chr22: CCT8L2 and C22orf39!
Laplacian constructed for chr22: CDC45 and TRMT2A!
Graph constructed for chr22: CDC45 and TRMT2A!
Laplacian constructed for chr22: ZNF280B and LINC02556!
Graph constructed for chr22: ZNF280B and LINC02556!
Laplacian constructed for chr22: ZNRF3-AS1 and EFCAB6-AS1!
Graph constructed for chr22: ZNRF3-AS1 and EFCAB6-AS1!
Laplacian constructed for chr22: RBFOX2 and SMC1B!
Graph constructed for chr22: RBFOX2 and SMC1B!
Laplacian constructed for chr22: ANKRD54 and PLXNB2!
Graph constructed for chr22: ANKRD54 and PLXNB2!
Laplacian constructed for chr22: VPREB3 and LINC01640!
Graph constructed for chr22: VPREB3 and LINC01640!
Laplacian constructed for chr22: ZMAT5 and KLHDC7B!
Graph constructed for chr22: ZMAT5 and KLHDC7B!
Laplacian constructed for chr22: LOC100507599 and MCAT!
Graph constructed for chr22: LOC100507599 and MCAT!
Laplacian constructed for chr22: TRMT2A and DDTL!
Graph constructed for chr22: TRMT2A and DDTL!
Laplacian constructed for chr22: THAP7-AS1 and PNPLA5!
Graph constructed for chr22: THAP7-AS1 and PNPLA5!
Laplacian constructed for chr22: DMC1 and ATXN10!
Graph constructed for chr22: DMC1 and ATXN10!
Laplacian constructed for chr22: HORMAD2-AS1 and KLHDC7B!
Graph constructed for chr22: HORMAD2-AS1 and KLHDC7B!
Laplacian constructed for chr22: CLTCL1 and MIATNB!
Graph constructed for chr22: CLTCL1 and MIATNB!
Laplacian constructed for chr22: IGLL5 and CCDC117!
Graph constructed for chr22: IGLL5 and CCDC117!
Laplacian constructed for chr22: GTSE1 and IL17REL!
Graph constructed for chr22: GTSE1 and IL17REL!
Laplacian constructed for chr22: THAP7-AS1 and RGL4!
Graph constructed for chr22: THAP7-AS1 and RGL4!
Laplacian constructed for chr22: TMEM121B and SNRPD3!
Graph constructed for chr22: TMEM121B and SNRPD3!
Laplacian constructed for chr22: EIF3D and MIEF1!
Graph constructed for chr22: EIF3D and MIEF1!
Graph constructed for chr22: THAP7-AS1!
Graph constructed for chr22: MIATNB!
Graph constructed for chr22: ASPHD2!
Graph constructed for chr22: PIWIL3!
Graph constructed for chr22: ATXN10!
Graph constructed for chr22: PNPLA5!
Graph constructed for chr22: TRMT2A!
Graph constructed for chr22: MCM5!
Graph constructed for chr22: C22orf39!
Graph constructed for chr22: SEZ6L!
Graph constructed for chr22: CLTCL1!
Graph constructed for chr22: DDTL!
Graph constructed for chr22: POM121L10P!
Graph constructed for chr22: EIF3D!
Graph constructed for chr22: CYTH4!
Graph constructed for chr22: CHCHD10!
Graph constructed for chr22: PI4KAP2!
Graph constructed for chr22: MRPL40!
Graph constructed for chr22: HPS4!
Graph constructed for chr22: PVALB!
Graph constructed for chr22: RBFOX2!
Graph constructed for chr22: BPIFC!
Graph constructed for chr22: TFIP11!
Graph constructed for chr22: LARGE1!
Graph constructed for chr22: LINC01634!
Graph constructed for chr22: WBP2NL!
Graph constructed for chr22: DMC1!
Graph constructed for chr22: PATZ1!
Graph constructed for chr22: CCDC117!
Graph constructed for chr22: CBX7!
Graph constructed for chr22: LINC02556!
Graph constructed for chr22: XPNPEP3!
Graph constructed for chr22: RPL3!
Graph constructed for chr22: IGLL3P!
Graph constructed for chr22: SFI1!
Graph constructed for chr22: CCDC188!
Graph constructed for chr22: ADSL!
Graph constructed for chr22: PRR34-AS1!
Graph constructed for chr22: MIEF1!
Graph constructed for chr22: LRP5L!
Graph constructed for chr22: IL17RA!
Graph constructed for chr22: FAM118A!
Graph constructed for chr22: ACO2!
Graph constructed for chr22: PLXNB2!
Graph constructed for chr22: DDX17!
Graph constructed for chr22: C22orf24!
Graph constructed for chr22: NIPSNAP1!
Graph constructed for chr22: A4GALT!
Graph constructed for chr22: IGLL5!
Graph constructed for chr22: SDF2L1!
Graph constructed for chr22: FAM230I!
Graph constructed for chr22: RIBC2!
Graph constructed for chr22: PPARA!
Graph constructed for chr22: TNFRSF13C!
Graph constructed for chr22: TMEM121B!
Graph constructed for chr22: OSM!
Graph constructed for chr22: BCL2L13!
Graph constructed for chr22: LINC00229!
Graph constructed for chr22: MOV10L1!
Graph constructed for chr22: WNT7B!
Graph constructed for chr22: YPEL1!
Graph constructed for chr22: MGAT3!
Graph constructed for chr22: KLHDC7B!
Graph constructed for chr22: UBE2L3!
Graph constructed for chr22: SEC14L3!
Graph constructed for chr22: NUP50-DT!
Graph constructed for chr22: L3MBTL2-AS1!
Graph constructed for chr22: SERHL2!
Graph constructed for chr22: LOC100507599!
Graph constructed for chr22: LINC01664!
Graph constructed for chr22: JOSD1!
Graph constructed for chr22: MMP11!
Graph constructed for chr22: SMARCB1!
Graph constructed for chr22: PANX2!
Graph constructed for chr22: NF2!
Graph constructed for chr22: LARGE-AS1!
Graph constructed for chr22: MGAT3-AS1!
Graph constructed for chr22: RASD2!
Graph constructed for chr22: PPIL2!
Graph constructed for chr22: DEPDC5!
Graph constructed for chr22: ZC3H7B!
Graph constructed for chr22: MIR4535!
Graph constructed for chr22: H1-0!
Graph constructed for chr22: MIRLET7BHG!
Graph constructed for chr22: MYO18B!
Graph constructed for chr22: ZNF70!
Graph constructed for chr22: APOL1!
Graph constructed for chr22: TPTEP2!
Graph constructed for chr22: MICALL1!
Graph constructed for chr22: HORMAD2-AS1!
Graph constructed for chr22: LINC01644!
Graph constructed for chr22: RBX1!
Graph constructed for chr22: IFT27!
Graph constructed for chr22: TMEM184B!
Graph constructed for chr22: SNORD140!
Graph constructed for chr22: SULT4A1!
Graph constructed for chr22: DGCR5!
Graph constructed for chr22: LINC01638!
Graph constructed for chr22: GGT1!
Graph constructed for chr22: SMC1B!
Graph constructed for chr22: GRAP2!
Graph constructed for chr22: ZMAT5!
Graph constructed for chr22: TUBGCP6!
Graph constructed for chr22: PICK1!
Graph constructed for chr22: LINC01399!
Graph constructed for chr22: FBLN1!
Graph constructed for chr22: RTN4R!
Graph constructed for chr22: LINC01640!
Graph constructed for chr22: PACSIN2!
Graph constructed for chr22: KCNJ4!
Graph constructed for chr22: SEPTIN5!
Graph constructed for chr22: SDC4P!
Graph constructed for chr22: SUN2!
Graph constructed for chr22: CRYBB2!
Graph constructed for chr22: NFAM1!
Graph constructed for chr22: TANGO2!
Graph constructed for chr22: NCF4!
Graph constructed for chr22: USP18!
Graph constructed for chr22: MLC1!
Graph constructed for chr22: TPTEP1!
Graph constructed for chr22: SLC5A4-AS1!
Graph constructed for chr22: CECR7!
Graph constructed for chr22: ATF4!
Graph constructed for chr22: BIK!
Graph constructed for chr22: LOC101929829!
Graph constructed for chr22: GGT2!
Graph constructed for chr22: IL17REL!
Graph constructed for chr22: LZTR1!
Graph constructed for chr22: GGTLC2!
Graph constructed for chr22: EWSR1!
Graph constructed for chr22: SYNGR1!
Graph constructed for chr22: IGLL1!
Graph constructed for chr22: VPREB3!
Graph constructed for chr22: NAGA!
Graph constructed for chr22: LMF2!
Graph constructed for chr22: LOC284933!
Graph constructed for chr22: MPST!
Graph constructed for chr22: TEX33!
Graph constructed for chr22: LOC107987394!
Graph constructed for chr22: NDUFA6-DT!
Graph constructed for chr22: SBF1!
Graph constructed for chr22: SYCE3!
Graph constructed for chr22: UPB1!
Graph constructed for chr22: CDC45!
Graph constructed for chr22: NPTXR!
Graph constructed for chr22: MRTFA-AS1!
Graph constructed for chr22: GTSE1!
Graph constructed for chr22: CRELD2!
Graph constructed for chr22: UPK3A!
Graph constructed for chr22: ELFN2!
Graph constructed for chr22: FAM227A!
Graph constructed for chr22: SLC2A11!
Graph constructed for chr22: ZNRF3!
Graph constructed for chr22: RANBP1!
Graph constructed for chr22: LOC284865!
Graph constructed for chr22: TPST2!
Graph constructed for chr22: LOC284898!
Graph constructed for chr22: ANKRD54!
Graph constructed for chr22: POLR3H!
Graph constructed for chr22: TTLL1-AS1!
Graph constructed for chr22: SLC16A8!
Graph constructed for chr22: CCT8L2!
Graph constructed for chr22: ADORA2A-AS1!
Graph constructed for chr22: C22orf31!
Graph constructed for chr22: ODF3B!
Graph constructed for chr22: DGCR2!
Graph constructed for chr22: ZNF280A!
Graph constructed for chr22: RSPH14!
Graph constructed for chr22: TIMP3!
Graph constructed for chr22: ARFGAP3!
Graph constructed for chr22: CRYBA4!
Graph constructed for chr22: BID!
Graph constructed for chr22: MN1!
Graph constructed for chr22: HMGXB4!
Graph constructed for chr22: EFCAB6-AS1!
Graph constructed for chr22: RNF215!
Graph constructed for chr22: CDPF1!
Graph constructed for chr22: ZNRF3-AS1!
Graph constructed for chr22: SMTN!
Graph constructed for chr22: LOC105372990!
Graph constructed for chr22: PRAME!
Graph constructed for chr22: ESS2!
Graph constructed for chr22: CACNA1I!
Graph constructed for chr22: LOC100506271!
Graph constructed for chr22: NOL12!
Graph constructed for chr22: PIM3!
Graph constructed for chr22: SERPIND1!
Graph constructed for chr22: RANGAP1!
Graph constructed for chr22: C22orf34!
Graph constructed for chr22: KIAA1671-AS1!
Graph constructed for chr22: PI4KA!
Graph constructed for chr22: LL22NC03-63E9.3!
Graph constructed for chr22: LOC107985544!
Graph constructed for chr22: LOC105373064!
Graph constructed for chr22: TTC28!
Graph constructed for chr22: PIK3IP1-DT!
Graph constructed for chr22: L3MBTL2!
Graph constructed for chr22: CRYBB2P1!
Graph constructed for chr22: LINC00634!
Graph constructed for chr22: POLDIP3!
Graph constructed for chr22: C22orf23!
Graph constructed for chr22: RTL10!
Graph constructed for chr22: LIF-AS1!
Graph constructed for chr22: TAB1!
Graph constructed for chr22: BRD1!
Graph constructed for chr22: LINC01311!
Graph constructed for chr22: CYP2D7!
Graph constructed for chr22: TTLL12!
Graph constructed for chr22: LOC105373100!
Graph constructed for chr22: MICAL3!
Graph constructed for chr22: PCAT14!
Graph constructed for chr22: PDXP-DT!
Graph constructed for chr22: CSDC2!
Graph constructed for chr22: GRK3!
Graph constructed for chr22: LINC01656!
Graph constructed for chr22: KIAA0930!
Graph constructed for chr22: DERL3!
Graph constructed for chr22: RAB36!
Graph constructed for chr22: MEI1!
Graph constructed for chr22: LINC00528!
Graph constructed for chr22: EP300!
Graph constructed for chr22: LOC107985532!
Graph constructed for chr22: PMM1!
Graph constructed for chr22: DESI1!
Graph constructed for chr22: SNRPD3!
Graph constructed for chr22: HIRA!
Graph constructed for chr22: TOM1!
Graph constructed for chr22: PDXP!
Graph constructed for chr22: CBY1!
Graph constructed for chr22: ZNF280B!
Graph constructed for chr22: MPPED1!
Graph constructed for chr22: ADA2!
Graph constructed for chr22: PEX26!
Graph constructed for chr22: GCAT!
Graph constructed for chr22: FAM83F!
Graph constructed for chr22: MIAT!
Graph constructed for chr22: PLA2G3!
Graph constructed for chr22: CABIN1!
Graph constructed for chr22: LOC110091768!
Graph constructed for chr22: KDELR3!
Graph constructed for chr22: MCAT!
Graph constructed for chr22: ATP6V1E1!
Graph constructed for chr22: XBP1!
Graph constructed for chr22: LINC01521!
Graph constructed for chr22: SHISAL1!
Graph constructed for chr22: RFPL3!
Graph constructed for chr22: MCHR1!
Graph constructed for chr22: RAC2!
Graph constructed for chr22: RGL4!
Graph constructed for chr22: SGSM3!
Graph constructed for chr22: TXNRD2!
Graph constructed for chr22: MIR548J!
Graph constructed for chr22: HSCB!
Graph constructed for chr22: APOL6!
Graph constructed for chr22: SF3A1!
Graph constructed for chr22: INPP5J!
Graph constructed for chr22: HIC2!
Graph constructed for chr22: CDC42EP1!
Graph constructed for chr22: LINC01310!
Graph constructed for chr22: GSC2!
Graph constructed for chr22: PRAMENP!
Graph constructed for chr22: BMS1P20!
Graph constructed for chr22: ALG12!
Graph constructed for chr22: SEC14L6!
Graph constructed for chr22: APOL5!
Graph constructed for chr22: SHISA8!
Graph constructed for chr22: MORC2!
Graph constructed for chr22: IL2RB!
Graph constructed for chr22: CHKB-CPT1B!
------------------ CHR22 DONE! ------------------
{"project":"masters","channel":"laplacian","event":"Laplacian Construction is complete","description":"CHR22 is done!","icon":"🔥","notify":true,"parser":"text"}