Laplacian constructed for chr14: IFI27L1 and DLK1!
Graph constructed for chr14: IFI27L1 and DLK1!
Laplacian constructed for chr14: SLC25A29 and LINC00605!
Graph constructed for chr14: SLC25A29 and LINC00605!
Laplacian constructed for chr14: POLE2 and C14orf178!
Graph constructed for chr14: POLE2 and C14orf178!
Laplacian constructed for chr14: SUPT16H and NPAS3!
Graph constructed for chr14: SUPT16H and NPAS3!
Laplacian constructed for chr14: JPH4 and LOC101927045!
Graph constructed for chr14: JPH4 and LOC101927045!
Laplacian constructed for chr14: LINC01629 and SAMD15!
Graph constructed for chr14: LINC01629 and SAMD15!
Laplacian constructed for chr14: SRP54-AS1 and EML1!
Graph constructed for chr14: SRP54-AS1 and EML1!
Laplacian constructed for chr14: NEMF and PRIMA1!
Graph constructed for chr14: NEMF and PRIMA1!
Laplacian constructed for chr14: OTX2 and XRCC3!
Graph constructed for chr14: OTX2 and XRCC3!
Laplacian constructed for chr14: REC8 and SMOC1!
Graph constructed for chr14: REC8 and SMOC1!
Laplacian constructed for chr14: MIR4307HG and FKBP3!
Graph constructed for chr14: MIR4307HG and FKBP3!
Laplacian constructed for chr14: ARG2 and PRIMA1!
Graph constructed for chr14: ARG2 and PRIMA1!
Laplacian constructed for chr14: PSMB11 and DHRS4L2!
Graph constructed for chr14: PSMB11 and DHRS4L2!
Laplacian constructed for chr14: DTD2 and HIF1A-AS1!
Graph constructed for chr14: DTD2 and HIF1A-AS1!
Laplacian constructed for chr14: PSMB11 and NPAS3!
Graph constructed for chr14: PSMB11 and NPAS3!
Laplacian constructed for chr14: SSTR1 and FBXO34!
Graph constructed for chr14: SSTR1 and FBXO34!
Laplacian constructed for chr14: ADAM20 and LINC00221!
Graph constructed for chr14: ADAM20 and LINC00221!
Laplacian constructed for chr14: PYGL and RAB15!
Graph constructed for chr14: PYGL and RAB15!
Laplacian constructed for chr14: C14orf93 and BAZ1A!
Graph constructed for chr14: C14orf93 and BAZ1A!
Laplacian constructed for chr14: OR4K17 and GMPR2!
Graph constructed for chr14: OR4K17 and GMPR2!
Laplacian constructed for chr14: DHRS4 and LINC01220!
Graph constructed for chr14: DHRS4 and LINC01220!
Laplacian constructed for chr14: ADAM20 and MIR495!
Graph constructed for chr14: ADAM20 and MIR495!
Laplacian constructed for chr14: MIS18BP1 and DLK1!
Graph constructed for chr14: MIS18BP1 and DLK1!
Laplacian constructed for chr14: SLC39A9 and MIR495!
Graph constructed for chr14: SLC39A9 and MIR495!
Laplacian constructed for chr14: CMTM5 and RTN1!
Graph constructed for chr14: CMTM5 and RTN1!
Laplacian constructed for chr14: C14orf39 and CPSF2!
Graph constructed for chr14: C14orf39 and CPSF2!
Laplacian constructed for chr14: RNASE10 and SLC7A7!
Graph constructed for chr14: RNASE10 and SLC7A7!
Laplacian constructed for chr14: AP4S1 and CALM1!
Graph constructed for chr14: AP4S1 and CALM1!
Laplacian constructed for chr14: RNASE10 and SEL1L!
Graph constructed for chr14: RNASE10 and SEL1L!
Laplacian constructed for chr14: POLE2 and NRXN3!
Graph constructed for chr14: POLE2 and NRXN3!
Laplacian constructed for chr14: MYH6 and RCOR1!
Graph constructed for chr14: MYH6 and RCOR1!
Laplacian constructed for chr14: MBIP and CCDC88C!
Graph constructed for chr14: MBIP and CCDC88C!
Laplacian constructed for chr14: DHRS1 and MTHFD1!
Graph constructed for chr14: DHRS1 and MTHFD1!
Laplacian constructed for chr14: NEMF and CCDC196!
Graph constructed for chr14: NEMF and CCDC196!
Laplacian constructed for chr14: LINC00871 and C14orf178!
Graph constructed for chr14: LINC00871 and C14orf178!
Laplacian constructed for chr14: PSMB11 and JKAMP!
Graph constructed for chr14: PSMB11 and JKAMP!
Laplacian constructed for chr14: SSTR1 and CATSPERB!
Graph constructed for chr14: SSTR1 and CATSPERB!
Laplacian constructed for chr14: EML1 and AMN!
Graph constructed for chr14: EML1 and AMN!
