Laplacian constructed for chr12: SLC17A8 and MAPKAPK5!
Graph constructed for chr12: SLC17A8 and MAPKAPK5!
Laplacian constructed for chr12: PCBP2 and RMST!
Graph constructed for chr12: PCBP2 and RMST!
Laplacian constructed for chr12: KRT74 and GOLGA2P5!
Graph constructed for chr12: KRT74 and GOLGA2P5!
Laplacian constructed for chr12: FAM186A and PITPNM2!
Graph constructed for chr12: FAM186A and PITPNM2!
Laplacian constructed for chr12: NDUFA9 and STYK1!
Graph constructed for chr12: NDUFA9 and STYK1!
Laplacian constructed for chr12: SLC48A1 and LOC100507065!
Graph constructed for chr12: SLC48A1 and LOC100507065!
Laplacian constructed for chr12: A2ML1 and MON2!
Graph constructed for chr12: A2ML1 and MON2!
Laplacian constructed for chr12: SENP1 and UBE3B!
Graph constructed for chr12: SENP1 and UBE3B!
Laplacian constructed for chr12: RAP1B and PPP1CC!
Graph constructed for chr12: RAP1B and PPP1CC!
Laplacian constructed for chr12: COL2A1 and C1QL4!
Graph constructed for chr12: COL2A1 and C1QL4!
Laplacian constructed for chr12: KMT2D and NAA25!
Graph constructed for chr12: KMT2D and NAA25!
Laplacian constructed for chr12: PTHLH and TUBA1B!
Graph constructed for chr12: PTHLH and TUBA1B!
Laplacian constructed for chr12: TMEM52B and CHST11!
Graph constructed for chr12: TMEM52B and CHST11!
Laplacian constructed for chr12: LINC02443 and ZNF384!
Graph constructed for chr12: LINC02443 and ZNF384!
Laplacian constructed for chr12: LINC02398 and LINC02458!
Graph constructed for chr12: LINC02398 and LINC02458!
Laplacian constructed for chr12: LINC02471 and KRT8!
Graph constructed for chr12: LINC02471 and KRT8!
Laplacian constructed for chr12: LINC02458 and LINC00485!
Graph constructed for chr12: LINC02458 and LINC00485!
Laplacian constructed for chr12: ETV6 and OAS2!
Graph constructed for chr12: ETV6 and OAS2!
Laplacian constructed for chr12: AAAS and WSCD2!
Graph constructed for chr12: AAAS and WSCD2!
Laplacian constructed for chr12: FGD4 and ANO6!
Graph constructed for chr12: FGD4 and ANO6!
Laplacian constructed for chr12: KRT5 and KNTC1!
Graph constructed for chr12: KRT5 and KNTC1!
Laplacian constructed for chr12: C12orf71 and KMT2D!
Graph constructed for chr12: C12orf71 and KMT2D!
Laplacian constructed for chr12: LINC01479 and LINC02458!
Graph constructed for chr12: LINC01479 and LINC02458!
Laplacian constructed for chr12: AEBP2 and WSCD2!
Graph constructed for chr12: AEBP2 and WSCD2!
Laplacian constructed for chr12: BAZ2A and TMEM120B!
Graph constructed for chr12: BAZ2A and TMEM120B!
