Laplacian constructed for chr3: BSN and ACAD9!
Graph constructed for chr3: BSN and ACAD9!
Laplacian constructed for chr3: PHF7 and DCP1A!
Graph constructed for chr3: PHF7 and DCP1A!
Laplacian constructed for chr3: GTF2E1 and EHHADH!
Graph constructed for chr3: GTF2E1 and EHHADH!
Laplacian constructed for chr3: ZBTB20-AS1 and TRIM59-IFT80!
Graph constructed for chr3: ZBTB20-AS1 and TRIM59-IFT80!
Laplacian constructed for chr3: PROS1 and ANKRD18DP!
Graph constructed for chr3: PROS1 and ANKRD18DP!
Laplacian constructed for chr3: ZNF385D-AS2 and LINC02036!
Graph constructed for chr3: ZNF385D-AS2 and LINC02036!
Laplacian constructed for chr3: SEMA3F-AS1 and NXPE3!
Graph constructed for chr3: SEMA3F-AS1 and NXPE3!
Laplacian constructed for chr3: RAD18 and TRAT1!
Graph constructed for chr3: RAD18 and TRAT1!
Laplacian constructed for chr3: ALCAM and EIF2B5!
Graph constructed for chr3: ALCAM and EIF2B5!
Laplacian constructed for chr3: SUCLG2 and LINC00880!
Graph constructed for chr3: SUCLG2 and LINC00880!
Laplacian constructed for chr3: TMEM41A and LINC02041!
Graph constructed for chr3: TMEM41A and LINC02041!
Laplacian constructed for chr3: CTNNB1 and UBXN7!
Graph constructed for chr3: CTNNB1 and UBXN7!
Laplacian constructed for chr3: GOLGA4 and PLA1A!
Graph constructed for chr3: GOLGA4 and PLA1A!
Laplacian constructed for chr3: ZNF619 and CCDC39!
Graph constructed for chr3: ZNF619 and CCDC39!
Laplacian constructed for chr3: COPG1 and LOC101928739!
Graph constructed for chr3: COPG1 and LOC101928739!
Laplacian constructed for chr3: TM4SF1-AS1 and NCBP2!
Graph constructed for chr3: TM4SF1-AS1 and NCBP2!
Laplacian constructed for chr3: ZNF654 and ACAD9!
Graph constructed for chr3: ZNF654 and ACAD9!
Laplacian constructed for chr3: SLC41A3 and LMLN!
Graph constructed for chr3: SLC41A3 and LMLN!
Laplacian constructed for chr3: COL8A1 and NFKBIZ!
Graph constructed for chr3: COL8A1 and NFKBIZ!
Laplacian constructed for chr3: TRANK1 and GTPBP8!
Graph constructed for chr3: TRANK1 and GTPBP8!
