Laplacian constructed for chr2: COMMD1 and VWC2L-IT1!
Graph constructed for chr2: COMMD1 and VWC2L-IT1!
Laplacian constructed for chr2: HIBCH and KANSL1L-AS1!
Graph constructed for chr2: HIBCH and KANSL1L-AS1!
Laplacian constructed for chr2: ADI1 and LINC01795!
Graph constructed for chr2: ADI1 and LINC01795!
Laplacian constructed for chr2: C2orf42 and DUSP19!
Graph constructed for chr2: C2orf42 and DUSP19!
Laplacian constructed for chr2: LOC100505774 and TGOLN2!
Graph constructed for chr2: LOC100505774 and TGOLN2!
Laplacian constructed for chr2: SILC1 and SERTAD2!
Graph constructed for chr2: SILC1 and SERTAD2!
Laplacian constructed for chr2: CDCA7 and SEPTIN2!
Graph constructed for chr2: CDCA7 and SEPTIN2!
Laplacian constructed for chr2: MARCO and RNF25!
Graph constructed for chr2: MARCO and RNF25!
Laplacian constructed for chr2: LINC01810 and SLC20A1!
Graph constructed for chr2: LINC01810 and SLC20A1!
Laplacian constructed for chr2: CLK1 and SUMO1!
Graph constructed for chr2: CLK1 and SUMO1!
Laplacian constructed for chr2: ANKRD20A8P and IDH1!
Graph constructed for chr2: ANKRD20A8P and IDH1!
Laplacian constructed for chr2: C2orf42 and INO80D!
Graph constructed for chr2: C2orf42 and INO80D!
Laplacian constructed for chr2: DUSP19 and INO80D!
Graph constructed for chr2: DUSP19 and INO80D!
Laplacian constructed for chr2: ATP5MC3 and STK25!
Graph constructed for chr2: ATP5MC3 and STK25!
Laplacian constructed for chr2: GFPT1 and DUSP11!
Graph constructed for chr2: GFPT1 and DUSP11!
Laplacian constructed for chr2: FSHR and IDH1-AS1!
Graph constructed for chr2: FSHR and IDH1-AS1!
Laplacian constructed for chr2: LOC101929532 and STK17B!
Graph constructed for chr2: LOC101929532 and STK17B!
Laplacian constructed for chr2: SLC20A1 and LINC01880!
Graph constructed for chr2: SLC20A1 and LINC01880!
Laplacian constructed for chr2: LINC02612 and RAPGEF4!
Graph constructed for chr2: LINC02612 and RAPGEF4!
Laplacian constructed for chr2: LINC01854 and UGT1A4!
Graph constructed for chr2: LINC01854 and UGT1A4!
Laplacian constructed for chr2: PSD4 and GAL3ST2!
Graph constructed for chr2: PSD4 and GAL3ST2!
Laplacian constructed for chr2: TTL and ACVR1!
Graph constructed for chr2: TTL and ACVR1!
Laplacian constructed for chr2: OXER1 and GKN1!
Graph constructed for chr2: OXER1 and GKN1!
Laplacian constructed for chr2: ATP6V1C2 and FAM168B!
Graph constructed for chr2: ATP6V1C2 and FAM168B!
Laplacian constructed for chr2: SEMA4C and KANSL1L-AS1!
Graph constructed for chr2: SEMA4C and KANSL1L-AS1!
