Laplacian constructed for chr11: SART1 and DSCAML1!
Graph constructed for chr11: SART1 and DSCAML1!
Laplacian constructed for chr11: CCDC73 and PPP2R1B!
Graph constructed for chr11: CCDC73 and PPP2R1B!
Laplacian constructed for chr11: FAM99A and MAP4K2!
Graph constructed for chr11: FAM99A and MAP4K2!
Laplacian constructed for chr11: RHOG and CARD16!
Graph constructed for chr11: RHOG and CARD16!
Laplacian constructed for chr11: LINC02746 and PHLDB1!
Graph constructed for chr11: LINC02746 and PHLDB1!
Laplacian constructed for chr11: TMEM41B and OTUB1!
Graph constructed for chr11: TMEM41B and OTUB1!
Laplacian constructed for chr11: USP35 and PATE1!
Graph constructed for chr11: USP35 and PATE1!
Laplacian constructed for chr11: TCP11L1 and LRRN4CL!
Graph constructed for chr11: TCP11L1 and LRRN4CL!
Laplacian constructed for chr11: OR5M9 and TNKS1BP1!
Graph constructed for chr11: OR5M9 and TNKS1BP1!
Laplacian constructed for chr11: FIBIN and RAB30-DT!
Graph constructed for chr11: FIBIN and RAB30-DT!
Laplacian constructed for chr11: RPL27A and TBX10!
Graph constructed for chr11: RPL27A and TBX10!
Laplacian constructed for chr11: TRAF6 and LINC01537!
Graph constructed for chr11: TRAF6 and LINC01537!
Laplacian constructed for chr11: RPLP0P2 and LINC02873!
Graph constructed for chr11: RPLP0P2 and LINC02873!
Laplacian constructed for chr11: LINC02548 and C11orf1!
Graph constructed for chr11: LINC02548 and C11orf1!
Laplacian constructed for chr11: MIR670HG and LOC102723838!
Graph constructed for chr11: MIR670HG and LOC102723838!
Laplacian constructed for chr11: KRT8P41 and GLYATL2!
Graph constructed for chr11: KRT8P41 and GLYATL2!
Laplacian constructed for chr11: PLEKHA7 and MSANTD4!
Graph constructed for chr11: PLEKHA7 and MSANTD4!
Laplacian constructed for chr11: NDUFC2-KCTD14 and FZD4-DT!
Graph constructed for chr11: NDUFC2-KCTD14 and FZD4-DT!
Laplacian constructed for chr11: B3GNT6 and JAML!
Graph constructed for chr11: B3GNT6 and JAML!
Laplacian constructed for chr11: MSANTD4 and LOC100507548!
Graph constructed for chr11: MSANTD4 and LOC100507548!
