Laplacian constructed for chr22: TRMT2A and SDF2L1!
Graph constructed for chr22: TRMT2A and SDF2L1!
Laplacian constructed for chr22: PI4KAP2 and PIWIL3!
Graph constructed for chr22: PI4KAP2 and PIWIL3!
Laplacian constructed for chr22: RFPL3S and FAM83F!
Graph constructed for chr22: RFPL3S and FAM83F!
Laplacian constructed for chr22: ASPHD2 and YWHAH!
Graph constructed for chr22: ASPHD2 and YWHAH!
Laplacian constructed for chr22: POM121L10P and TBC1D22A!
Graph constructed for chr22: POM121L10P and TBC1D22A!
Laplacian constructed for chr22: LINC00528 and LOC107985532!
Graph constructed for chr22: LINC00528 and LOC107985532!
Laplacian constructed for chr22: TRMT2A and POM121L10P!
Graph constructed for chr22: TRMT2A and POM121L10P!
Laplacian constructed for chr22: TPTEP1 and UBE2L3!
Graph constructed for chr22: TPTEP1 and UBE2L3!
Laplacian constructed for chr22: LINC00528 and LOC105373100!
Graph constructed for chr22: LINC00528 and LOC105373100!
Laplacian constructed for chr22: THAP7-AS1 and XRCC6!
Graph constructed for chr22: THAP7-AS1 and XRCC6!
Laplacian constructed for chr22: ZNF280A and HPS4!
Graph constructed for chr22: ZNF280A and HPS4!
Laplacian constructed for chr22: C22orf39 and IGLL3P!
Graph constructed for chr22: C22orf39 and IGLL3P!
Laplacian constructed for chr22: PI4KAP2 and TBC1D22A!
Graph constructed for chr22: PI4KAP2 and TBC1D22A!
Laplacian constructed for chr22: CLTCL1 and CES5AP1!
Graph constructed for chr22: CLTCL1 and CES5AP1!
Laplacian constructed for chr22: POM121L10P and LOC100507599!
Graph constructed for chr22: POM121L10P and LOC100507599!
Laplacian constructed for chr22: TMPRSS6 and TOB2!
Graph constructed for chr22: TMPRSS6 and TOB2!
Laplacian constructed for chr22: VPREB3 and LIF!
Graph constructed for chr22: VPREB3 and LIF!
Laplacian constructed for chr22: TRMT2A and CRYBB2P1!
Graph constructed for chr22: TRMT2A and CRYBB2P1!
Laplacian constructed for chr22: PIWIL3 and LOC107985544!
Graph constructed for chr22: PIWIL3 and LOC107985544!
Laplacian constructed for chr22: ASPHD2 and IL2RB!
Graph constructed for chr22: ASPHD2 and IL2RB!
Laplacian constructed for chr22: LINC02556 and MICALL1!
Graph constructed for chr22: LINC02556 and MICALL1!
Laplacian constructed for chr22: BMS1P20 and PNPLA5!
Graph constructed for chr22: BMS1P20 and PNPLA5!
Laplacian constructed for chr22: SGSM3 and PNPLA5!
Graph constructed for chr22: SGSM3 and PNPLA5!
Laplacian constructed for chr22: THAP7-AS1 and RGL4!
Graph constructed for chr22: THAP7-AS1 and RGL4!
Laplacian constructed for chr22: TOP3B and LARGE1!
Graph constructed for chr22: TOP3B and LARGE1!
Laplacian constructed for chr22: SDF2L1 and LARGE1!
Graph constructed for chr22: SDF2L1 and LARGE1!
Laplacian constructed for chr22: MIAT and PRR34-AS1!
Graph constructed for chr22: MIAT and PRR34-AS1!
Laplacian constructed for chr22: LARGE1 and SBF1!
Graph constructed for chr22: LARGE1 and SBF1!
Laplacian constructed for chr22: MIATNB and SEC14L4!
Graph constructed for chr22: MIATNB and SEC14L4!
Laplacian constructed for chr22: NEFH and SLC16A8!
Graph constructed for chr22: NEFH and SLC16A8!
Laplacian constructed for chr22: HMOX1 and SMC1B!
Graph constructed for chr22: HMOX1 and SMC1B!
Laplacian constructed for chr22: CDC42EP1 and MICALL1!
Graph constructed for chr22: CDC42EP1 and MICALL1!
Laplacian constructed for chr22: THAP7-AS1 and LINC01521!
Graph constructed for chr22: THAP7-AS1 and LINC01521!
Laplacian constructed for chr22: PIWIL3 and EFCAB6!
Graph constructed for chr22: PIWIL3 and EFCAB6!
Laplacian constructed for chr22: BCRP3 and SEC14L3!
Graph constructed for chr22: BCRP3 and SEC14L3!
Laplacian constructed for chr22: CLTCL1 and SCUBE1-AS1!
Graph constructed for chr22: CLTCL1 and SCUBE1-AS1!
Laplacian constructed for chr22: HPS4 and GAL3ST1!
Graph constructed for chr22: HPS4 and GAL3ST1!
Laplacian constructed for chr22: TOM1 and ELFN2!
Graph constructed for chr22: TOM1 and ELFN2!
Laplacian constructed for chr22: MIR650 and DDTL!
Graph constructed for chr22: MIR650 and DDTL!
Laplacian constructed for chr22: RFPL3S and PLA2G6!
Graph constructed for chr22: RFPL3S and PLA2G6!
Laplacian constructed for chr22: INPP5J and ATXN10!
Graph constructed for chr22: INPP5J and ATXN10!
Laplacian constructed for chr22: ASPHD2 and POLDIP3!
Graph constructed for chr22: ASPHD2 and POLDIP3!
Laplacian constructed for chr22: LOC100507599 and WBP2NL!
Graph constructed for chr22: LOC100507599 and WBP2NL!
Laplacian constructed for chr22: MIATNB and LOC105372990!
Graph constructed for chr22: MIATNB and LOC105372990!
Laplacian constructed for chr22: PLA2G6 and ADM2!
Graph constructed for chr22: PLA2G6 and ADM2!
Laplacian constructed for chr22: MIATNB and LL22NC01-81G9.3!
Graph constructed for chr22: MIATNB and LL22NC01-81G9.3!
Laplacian constructed for chr22: SPECC1L-ADORA2A and CYP2D6!
Graph constructed for chr22: SPECC1L-ADORA2A and CYP2D6!
