Laplacian constructed for chr21: LINC01671 and DIP2A!
Graph constructed for chr21: LINC01671 and DIP2A!
Laplacian constructed for chr21: C21orf62 and KCNE1!
Graph constructed for chr21: C21orf62 and KCNE1!
Laplacian constructed for chr21: SOD1 and PRMT2!
Graph constructed for chr21: SOD1 and PRMT2!
Laplacian constructed for chr21: C21orf91-OT1 and TSPEAR!
Graph constructed for chr21: C21orf91-OT1 and TSPEAR!
Laplacian constructed for chr21: BRWD1 and BACE2!
Graph constructed for chr21: BRWD1 and BACE2!
Laplacian constructed for chr21: UBASH3A and MCM3AP!
Graph constructed for chr21: UBASH3A and MCM3AP!
Laplacian constructed for chr21: SAMSN1 and LINC00160!
Graph constructed for chr21: SAMSN1 and LINC00160!
Laplacian constructed for chr21: KRTAP19-7 and CBR3-AS1!
Graph constructed for chr21: KRTAP19-7 and CBR3-AS1!
Laplacian constructed for chr21: LINC01674 and ITGB2-AS1!
Graph constructed for chr21: LINC01674 and ITGB2-AS1!
Laplacian constructed for chr21: CLDN14 and HMGN1!
Graph constructed for chr21: CLDN14 and HMGN1!
Laplacian constructed for chr21: CYYR1-AS1 and TRPM2!
Graph constructed for chr21: CYYR1-AS1 and TRPM2!
Laplacian constructed for chr21: GRIK1-AS1 and LINC01547!
Graph constructed for chr21: GRIK1-AS1 and LINC01547!
Laplacian constructed for chr21: LINC01549 and LINC00479!
Graph constructed for chr21: LINC01549 and LINC00479!
Laplacian constructed for chr21: KRTAP19-5 and MORC3!
Graph constructed for chr21: KRTAP19-5 and MORC3!
Laplacian constructed for chr21: RIPK4 and UMODL1!
Graph constructed for chr21: RIPK4 and UMODL1!
Laplacian constructed for chr21: LINC00114 and TRPM2!
Graph constructed for chr21: LINC00114 and TRPM2!
Laplacian constructed for chr21: CLDN17 and KRTAP10-8!
Graph constructed for chr21: CLDN17 and KRTAP10-8!
Laplacian constructed for chr21: D21S2088E and COL6A2!
Graph constructed for chr21: D21S2088E and COL6A2!
Laplacian constructed for chr21: LINC01549 and ATP5PF!
Graph constructed for chr21: LINC01549 and ATP5PF!
Laplacian constructed for chr21: LINC01549 and LOC101930094!
Graph constructed for chr21: LINC01549 and LOC101930094!
Laplacian constructed for chr21: LINC01549 and LINC01697!
Graph constructed for chr21: LINC01549 and LINC01697!
Laplacian constructed for chr21: SETD4 and PCBP3!
Graph constructed for chr21: SETD4 and PCBP3!
Laplacian constructed for chr21: LINC01674 and LINC00945!
Graph constructed for chr21: LINC01674 and LINC00945!
Laplacian constructed for chr21: LINC01549 and LINC00323!
Graph constructed for chr21: LINC01549 and LINC00323!
Laplacian constructed for chr21: LINC01549 and KRTAP8-1!
Graph constructed for chr21: LINC01549 and KRTAP8-1!
Laplacian constructed for chr21: URB1 and PAXBP1-AS1!
Graph constructed for chr21: URB1 and PAXBP1-AS1!
Laplacian constructed for chr21: SIM2 and TRPM2!
Graph constructed for chr21: SIM2 and TRPM2!
Laplacian constructed for chr21: BRWD1 and UBASH3A!
Graph constructed for chr21: BRWD1 and UBASH3A!
Laplacian constructed for chr21: KRTAP27-1 and SYNJ1!
Graph constructed for chr21: KRTAP27-1 and SYNJ1!
Laplacian constructed for chr21: UMODL1 and COL6A2!
Graph constructed for chr21: UMODL1 and COL6A2!
Laplacian constructed for chr21: CRYZL1 and LINC01423!
Graph constructed for chr21: CRYZL1 and LINC01423!
Laplacian constructed for chr21: GET1-SH3BGR and LINC00163!
Graph constructed for chr21: GET1-SH3BGR and LINC00163!
Laplacian constructed for chr21: BACE2 and TRPM2!
Graph constructed for chr21: BACE2 and TRPM2!
Laplacian constructed for chr21: SAMSN1 and LINC00945!
Graph constructed for chr21: SAMSN1 and LINC00945!
Laplacian constructed for chr21: TRPM2 and LOC101928796!
Graph constructed for chr21: TRPM2 and LOC101928796!
Laplacian constructed for chr21: CRYZL1 and PRDM15!
Graph constructed for chr21: CRYZL1 and PRDM15!
Laplacian constructed for chr21: TRPM2 and KRTAP10-1!
Graph constructed for chr21: TRPM2 and KRTAP10-1!
Laplacian constructed for chr21: LINC01697 and PCSEAT!
Graph constructed for chr21: LINC01697 and PCSEAT!
Laplacian constructed for chr21: UBE2G2 and LOC101928796!
Graph constructed for chr21: UBE2G2 and LOC101928796!
Laplacian constructed for chr21: TRPM2 and COL6A2!
Graph constructed for chr21: TRPM2 and COL6A2!
Laplacian constructed for chr21: SAMSN1 and LINC01436!
Graph constructed for chr21: SAMSN1 and LINC01436!
Laplacian constructed for chr21: CXADR and BRWD1-AS1!
Graph constructed for chr21: CXADR and BRWD1-AS1!
Laplacian constructed for chr21: LINC01549 and ZNF295-AS1!
Graph constructed for chr21: LINC01549 and ZNF295-AS1!
Laplacian constructed for chr21: SIM2 and PKNOX1!
Graph constructed for chr21: SIM2 and PKNOX1!
Laplacian constructed for chr21: SAMSN1 and DSCR9!
Graph constructed for chr21: SAMSN1 and DSCR9!
Laplacian constructed for chr21: KRTAP27-1 and WDR4!
Graph constructed for chr21: KRTAP27-1 and WDR4!
Laplacian constructed for chr21: LOC110091777 and AATBC!
Graph constructed for chr21: LOC110091777 and AATBC!
Laplacian constructed for chr21: LIPI and CBR3-AS1!
Graph constructed for chr21: LIPI and CBR3-AS1!
Laplacian constructed for chr21: GET1-SH3BGR and TRPM2!
Graph constructed for chr21: GET1-SH3BGR and TRPM2!
Laplacian constructed for chr21: SAMSN1 and FTCD!
Graph constructed for chr21: SAMSN1 and FTCD!
Laplacian constructed for chr21: LINC01549 and KRTAP19-7!
Graph constructed for chr21: LINC01549 and KRTAP19-7!
Laplacian constructed for chr21: PCSEAT and C2CD2!
Graph constructed for chr21: PCSEAT and C2CD2!
Laplacian constructed for chr21: CYYR1-AS1 and GET1-SH3BGR!
Graph constructed for chr21: CYYR1-AS1 and GET1-SH3BGR!
Laplacian constructed for chr21: LINC00160 and FTCD!
Graph constructed for chr21: LINC00160 and FTCD!
Laplacian constructed for chr21: LOC101928796 and MCM3AP-AS1!
Graph constructed for chr21: LOC101928796 and MCM3AP-AS1!
Laplacian constructed for chr21: RWDD2B and KCNE1!
Graph constructed for chr21: RWDD2B and KCNE1!
Laplacian constructed for chr21: HMGN1 and LINC01671!
Graph constructed for chr21: HMGN1 and LINC01671!
Laplacian constructed for chr21: TMPRSS2 and LOC101928796!
Graph constructed for chr21: TMPRSS2 and LOC101928796!
Laplacian constructed for chr21: KRTAP15-1 and LINC00163!
Graph constructed for chr21: KRTAP15-1 and LINC00163!
Laplacian constructed for chr21: ZNF295-AS1 and COL6A2!
Graph constructed for chr21: ZNF295-AS1 and COL6A2!
Laplacian constructed for chr21: KRTAP19-7 and RCAN1!
Graph constructed for chr21: KRTAP19-7 and RCAN1!
Laplacian constructed for chr21: CLIC6 and AATBC!
Graph constructed for chr21: CLIC6 and AATBC!
Laplacian constructed for chr21: DSCR9 and AGPAT3!
Graph constructed for chr21: DSCR9 and AGPAT3!
Laplacian constructed for chr21: TMPRSS15 and SPATC1L!
Graph constructed for chr21: TMPRSS15 and SPATC1L!
Laplacian constructed for chr21: SLC5A3 and LOC101930094!
Graph constructed for chr21: SLC5A3 and LOC101930094!
Laplacian constructed for chr21: TMPRSS2 and SLC37A1!
Graph constructed for chr21: TMPRSS2 and SLC37A1!
Laplacian constructed for chr21: SON and AIRE!
Graph constructed for chr21: SON and AIRE!
Laplacian constructed for chr21: LINC01678 and LINC00163!
Graph constructed for chr21: LINC01678 and LINC00163!
Laplacian constructed for chr21: LINC01549 and LINC00114!
Graph constructed for chr21: LINC01549 and LINC00114!
Laplacian constructed for chr21: WDR4 and LINC01679!
Graph constructed for chr21: WDR4 and LINC01679!
Laplacian constructed for chr21: SYNJ1 and LINC02575!
Graph constructed for chr21: SYNJ1 and LINC02575!
Laplacian constructed for chr21: ERG and LOC101928796!
Graph constructed for chr21: ERG and LOC101928796!
Laplacian constructed for chr21: LINC01697 and HUNK!
Graph constructed for chr21: LINC01697 and HUNK!
Laplacian constructed for chr21: ERVH48-1 and RRP1B!
Graph constructed for chr21: ERVH48-1 and RRP1B!
Laplacian constructed for chr21: LINC00515 and LINC00310!
Graph constructed for chr21: LINC00515 and LINC00310!
Graph constructed for chr21: LOC101928796!
Graph constructed for chr21: LINC00163!
Graph constructed for chr21: SAMSN1!
Graph constructed for chr21: TRPM2!
Graph constructed for chr21: LINC01549!
Graph constructed for chr21: LINC01697!
Graph constructed for chr21: TRPM2-AS!
Graph constructed for chr21: ZNF295-AS1!
Graph constructed for chr21: BRWD1!
Graph constructed for chr21: CBR3-AS1!
Graph constructed for chr21: CYYR1-AS1!
Graph constructed for chr21: PFKL!
Graph constructed for chr21: LINC00945!
Graph constructed for chr21: KRTAP19-7!
Graph constructed for chr21: LINC01671!
Graph constructed for chr21: LINC00334!
Graph constructed for chr21: TMPRSS15!
Graph constructed for chr21: CLDN8!
Graph constructed for chr21: KRTAP10-3!
Graph constructed for chr21: UBASH3A!
Graph constructed for chr21: GET1-SH3BGR!
Graph constructed for chr21: COL6A2!
Graph constructed for chr21: CRYZL1!
Graph constructed for chr21: FTCD!
Graph constructed for chr21: D21S2088E!
Graph constructed for chr21: MIR99AHG!
Graph constructed for chr21: SIM2!
Graph constructed for chr21: LINC00479!
Graph constructed for chr21: LIPI!
Graph constructed for chr21: KRTAP10-8!
Graph constructed for chr21: URB1!
Graph constructed for chr21: MIS18A!
Graph constructed for chr21: ERG!
Graph constructed for chr21: B3GALT5!
Graph constructed for chr21: MCM3AP!
Graph constructed for chr21: BACE2!
Graph constructed for chr21: LINC00317!
Graph constructed for chr21: TFF3!
Graph constructed for chr21: PIGP!
Graph constructed for chr21: MRAP!
Graph constructed for chr21: LOC101930094!
Graph constructed for chr21: MX2!
Graph constructed for chr21: SLC37A1!
Graph constructed for chr21: CLDN14!
Graph constructed for chr21: C21orf62!
Graph constructed for chr21: ANKRD20A11P!
Graph constructed for chr21: ERVH48-1!
Graph constructed for chr21: KCNJ15!
Graph constructed for chr21: SOD1!
Graph constructed for chr21: LOC100506403!
Graph constructed for chr21: C2CD2!
Graph constructed for chr21: GRIK1-AS1!
Graph constructed for chr21: BACH1!
Graph constructed for chr21: MRPS6!
Graph constructed for chr21: KCNE1!
Graph constructed for chr21: LINC01674!
Graph constructed for chr21: RIPK4!
Graph constructed for chr21: PAXBP1-AS1!
Graph constructed for chr21: KRTAP10-10!
Graph constructed for chr21: PDE9A!
Graph constructed for chr21: LOC110091777!
Graph constructed for chr21: MIR155HG!
Graph constructed for chr21: KRTAP15-1!
Graph constructed for chr21: KRTAP10-1!
Graph constructed for chr21: LINC01424!
Graph constructed for chr21: LINC00114!
Graph constructed for chr21: C21orf91-OT1!
Graph constructed for chr21: RCAN1!
Graph constructed for chr21: UBE2G2!
Graph constructed for chr21: PRDM15!
Graph constructed for chr21: DONSON!
Graph constructed for chr21: CLDN17!
Graph constructed for chr21: ABCG1!
Graph constructed for chr21: ADARB1!
Graph constructed for chr21: ATP5PO!
Graph constructed for chr21: PTTG1IP!
Graph constructed for chr21: LINC02575!
Graph constructed for chr21: KRTAP20-3!
Graph constructed for chr21: CYP4F29P!
Graph constructed for chr21: LINC00649!
Graph constructed for chr21: MORC3!
Graph constructed for chr21: UMODL1-AS1!
Graph constructed for chr21: UMODL1!
Graph constructed for chr21: LINC00323!
Graph constructed for chr21: AATBC!
Graph constructed for chr21: LOC110091776!
Graph constructed for chr21: PCSEAT!
Graph constructed for chr21: LINC00160!
Graph constructed for chr21: ZBTB21!
Graph constructed for chr21: YBEY!
Graph constructed for chr21: LINC01426!
Graph constructed for chr21: LINC00310!
Graph constructed for chr21: KRTAP27-1!
Graph constructed for chr21: SETD4!
Graph constructed for chr21: LINC00314!
Graph constructed for chr21: LINC01692!
Graph constructed for chr21: CXADR!
Graph constructed for chr21: DYRK1A!
Graph constructed for chr21: LINC01423!
Graph constructed for chr21: LRRC3-DT!
Graph constructed for chr21: ITGB2!
Graph constructed for chr21: DSCR9!
Graph constructed for chr21: MAP3K7CL!
Graph constructed for chr21: BTG3-AS1!
Graph constructed for chr21: IFNGR2!
Graph constructed for chr21: AIRE!
Graph constructed for chr21: LOC101928107!
Graph constructed for chr21: MIR548XHG!
Graph constructed for chr21: POTED!
Graph constructed for chr21: PSMG1!
Graph constructed for chr21: B3GALT5-AS1!
Graph constructed for chr21: HSF2BP!
Graph constructed for chr21: LINC01678!
Graph constructed for chr21: CFAP410!
Graph constructed for chr21: LINC01683!
Graph constructed for chr21: LCA5L!
Graph constructed for chr21: LINC00158!
Graph constructed for chr21: TTC3-AS1!
Graph constructed for chr21: COL18A1!
Graph constructed for chr21: HSPA13!
Graph constructed for chr21: LINC01689!
Graph constructed for chr21: C21orf58!
Graph constructed for chr21: KRTAP11-1!
Graph constructed for chr21: DNMT3L!
Graph constructed for chr21: LINC01436!
Graph constructed for chr21: RSPH1!
Graph constructed for chr21: DIP2A!
Graph constructed for chr21: CFAP298-TCP10L!
Graph constructed for chr21: TSPEAR!
Graph constructed for chr21: IFNAR2!
Graph constructed for chr21: LINC02573!
Graph constructed for chr21: RRP1B!
Graph constructed for chr21: SUMO3!
Graph constructed for chr21: PRMT2!
Graph constructed for chr21: AGPAT3!
Graph constructed for chr21: USP16!
Graph constructed for chr21: LINC01679!
Graph constructed for chr21: LINC01548!
Graph constructed for chr21: DSCR8!
Graph constructed for chr21: LINC00308!
Graph constructed for chr21: SPATC1L!
Graph constructed for chr21: MCM3AP-AS1!
Graph constructed for chr21: JAM2!
Graph constructed for chr21: KRTAP10-9!
Graph constructed for chr21: LINC01694!
Graph constructed for chr21: LINC01547!
Graph constructed for chr21: RUNX1!
Graph constructed for chr21: ATP5PF!
Graph constructed for chr21: KRTAP10-4!
Graph constructed for chr21: ITGB2-AS1!
Graph constructed for chr21: LINC01684!
Graph constructed for chr21: ICOSLG!
Graph constructed for chr21: CHAF1B!
Graph constructed for chr21: N6AMT1!
Graph constructed for chr21: LINC01425!
Graph constructed for chr21: HMGN1!
Graph constructed for chr21: SYNJ1!
Graph constructed for chr21: TSPEAR-AS1!
Graph constructed for chr21: TFF2!
Graph constructed for chr21: GRIK1-AS2!
Graph constructed for chr21: PCNT!
Graph constructed for chr21: KRTAP19-5!
Graph constructed for chr21: ANKRD30BP2!
Graph constructed for chr21: OLIG2!
Graph constructed for chr21: KCNE2!
Graph constructed for chr21: APP!
Graph constructed for chr21: CLIC6!
Graph constructed for chr21: NDUFV3!
Graph constructed for chr21: PLAC4!
Graph constructed for chr21: GABPA!
Graph constructed for chr21: RBM11!
Graph constructed for chr21: LINC00189!
Graph constructed for chr21: KRTAP20-1!
Graph constructed for chr21: KRTAP13-2!
Graph constructed for chr21: SON!
Graph constructed for chr21: WDR4!
Graph constructed for chr21: ADAMTS1!
Graph constructed for chr21: MRPL39!
Graph constructed for chr21: KRTAP10-5!
Graph constructed for chr21: PICSAR!
Graph constructed for chr21: TMPRSS2!
Graph constructed for chr21: TTC3!
Graph constructed for chr21: ETS2!
Graph constructed for chr21: PKNOX1!
Graph constructed for chr21: LINC00111!
Graph constructed for chr21: NRIP1!
Graph constructed for chr21: LINC00515!
Graph constructed for chr21: DIP2A-IT1!
Graph constructed for chr21: LOC388813!
Graph constructed for chr21: BACH1-IT2!
Graph constructed for chr21: PAXBP1!
Graph constructed for chr21: BRWD1-AS1!
Graph constructed for chr21: FAM207A!
Graph constructed for chr21: LINC00205!
Graph constructed for chr21: IL10RB!
Graph constructed for chr21: COL18A1-AS1!
Graph constructed for chr21: LINC00307!
Graph constructed for chr21: CYYR1!
Graph constructed for chr21: TMPRSS3!
Graph constructed for chr21: CHODL-AS1!
Graph constructed for chr21: RWDD2B!
Graph constructed for chr21: SAMSN1-AS1!
Graph constructed for chr21: HLCS!
Graph constructed for chr21: POFUT2!
Graph constructed for chr21: DSCAM!
Graph constructed for chr21: KRTAP22-1!
Graph constructed for chr21: PCBP3-AS1!
Graph constructed for chr21: SCAF4!
Graph constructed for chr21: EVA1C!
Graph constructed for chr21: COL6A1!
Graph constructed for chr21: RIPPLY3!
Graph constructed for chr21: LSS!
Graph constructed for chr21: KRTAP8-1!
Graph constructed for chr21: LRRC3!
Graph constructed for chr21: PCBP3!
Graph constructed for chr21: C21orf62-AS1!
Graph constructed for chr21: LINC00320!
Graph constructed for chr21: DNAJC28!
Graph constructed for chr21: S100B!
Graph constructed for chr21: LINC00159!
Graph constructed for chr21: HUNK!
Graph constructed for chr21: LINC00316!
Graph constructed for chr21: SLC19A1!
Graph constructed for chr21: ADAMTS5!
Graph constructed for chr21: TIAM1!
Graph constructed for chr21: RRP1!
Graph constructed for chr21: SLC5A3!
Graph constructed for chr21: IGSF5!
Graph constructed for chr21: LINC01695!
Graph constructed for chr21: KCNJ6!
Graph constructed for chr21: IFNAR1!
Graph constructed for chr21: MX1!
Graph constructed for chr21: LINC00113!
Graph constructed for chr21: LTN1!
Graph constructed for chr21: TFF1!
Graph constructed for chr21: LINC01687!
Graph constructed for chr21: GART!
Graph constructed for chr21: DSCAM-IT1!
Graph constructed for chr21: PDXK!
Graph constructed for chr21: TRAPPC10!
Graph constructed for chr21: TSPEAR-AS2!
Graph constructed for chr21: DSCR4!
Graph constructed for chr21: TMEM50B!
Graph constructed for chr21: BTG3!
Graph constructed for chr21: PCP4!
------------------ CHR21 DONE! ------------------
{"project":"masters","channel":"laplacian","event":"Laplacian Construction is complete","description":"CHR21 is done!","icon":"🔥","notify":true,"parser":"text"}