Laplacian constructed for chr14: TMEM229B and SLIRP!
Graph constructed for chr14: TMEM229B and SLIRP!
Laplacian constructed for chr14: TMEM229B and PAPLN!
Graph constructed for chr14: TMEM229B and PAPLN!
Laplacian constructed for chr14: ZFYVE26 and PACS2!
Graph constructed for chr14: ZFYVE26 and PACS2!
Laplacian constructed for chr14: LINC00648 and LINC01629!
Graph constructed for chr14: LINC00648 and LINC01629!
Laplacian constructed for chr14: LOC101927124 and FANCM!
Graph constructed for chr14: LOC101927124 and FANCM!
Laplacian constructed for chr14: REC8 and ABCD4!
Graph constructed for chr14: REC8 and ABCD4!
Laplacian constructed for chr14: TOMM20L and RIN3!
Graph constructed for chr14: TOMM20L and RIN3!
Laplacian constructed for chr14: KLHDC2 and OTX2!
Graph constructed for chr14: KLHDC2 and OTX2!
Laplacian constructed for chr14: TTC6 and VASH1-AS1!
Graph constructed for chr14: TTC6 and VASH1-AS1!
Laplacian constructed for chr14: GEMIN2 and SLIRP!
Graph constructed for chr14: GEMIN2 and SLIRP!
Laplacian constructed for chr14: KLHL33 and PSME2!
Graph constructed for chr14: KLHL33 and PSME2!
Laplacian constructed for chr14: OR4Q2 and EGLN3!
Graph constructed for chr14: OR4Q2 and EGLN3!
Laplacian constructed for chr14: KTN1-AS1 and ADAM20!
Graph constructed for chr14: KTN1-AS1 and ADAM20!
Laplacian constructed for chr14: KLHDC2 and TECPR2!
Graph constructed for chr14: KLHDC2 and TECPR2!
Laplacian constructed for chr14: RTRAF and PPM1A!
Graph constructed for chr14: RTRAF and PPM1A!
Laplacian constructed for chr14: POLE2 and ADAM20!
Graph constructed for chr14: POLE2 and ADAM20!
Laplacian constructed for chr14: NOP9 and SIVA1!
Graph constructed for chr14: NOP9 and SIVA1!
Laplacian constructed for chr14: REC8 and ADAM20!
Graph constructed for chr14: REC8 and ADAM20!
Laplacian constructed for chr14: OR11H6 and OTX2!
Graph constructed for chr14: OR11H6 and OTX2!
Laplacian constructed for chr14: REC8 and DNAAF2!
Graph constructed for chr14: REC8 and DNAAF2!
Laplacian constructed for chr14: APEX1 and SERPINA9!
Graph constructed for chr14: APEX1 and SERPINA9!
Laplacian constructed for chr14: PIGH and CALM1!
Graph constructed for chr14: PIGH and CALM1!
Laplacian constructed for chr14: OR10G3 and CALM1!
Graph constructed for chr14: OR10G3 and CALM1!
Laplacian constructed for chr14: RPGRIP1 and COA8!
Graph constructed for chr14: RPGRIP1 and COA8!
Laplacian constructed for chr14: SUPT16H and OTX2!
Graph constructed for chr14: SUPT16H and OTX2!
Laplacian constructed for chr14: OR6J1 and EIF2S1!
Graph constructed for chr14: OR6J1 and EIF2S1!
Graph constructed for chr14: LINC01629!
Graph constructed for chr14: CALM1!
Graph constructed for chr14: REC8!
Graph constructed for chr14: LINC00221!
Graph constructed for chr14: LGMN!
Graph constructed for chr14: ADAM20!
Graph constructed for chr14: KLHDC2!
Graph constructed for chr14: POLE2!
Graph constructed for chr14: CHD8!
Graph constructed for chr14: SUPT16H!
Graph constructed for chr14: PRIMA1!
Graph constructed for chr14: EIF2S1!
Graph constructed for chr14: ACYP1!
Graph constructed for chr14: DHRS1!
Graph constructed for chr14: DLK1!
Graph constructed for chr14: LINC00523!
Graph constructed for chr14: GEMIN2!
Graph constructed for chr14: PAPLN!
Graph constructed for chr14: CATSPERB!
Graph constructed for chr14: SIVA1!
Graph constructed for chr14: DHRS4-AS1!
Graph constructed for chr14: PPM1A!
Graph constructed for chr14: PPP1R3E!
Graph constructed for chr14: JDP2!
Graph constructed for chr14: LOC101927124!
Graph constructed for chr14: RNASE11!
Graph constructed for chr14: NPAS3!
Graph constructed for chr14: PSMA3-AS1!
Graph constructed for chr14: LOC100506476!
Graph constructed for chr14: FAM71D!
Graph constructed for chr14: RPGRIP1!
Graph constructed for chr14: OTX2!
Graph constructed for chr14: SLIRP!
Graph constructed for chr14: LOC101929718!
Graph constructed for chr14: CIPC!
Graph constructed for chr14: NEK9!
Graph constructed for chr14: SFTA3!
Graph constructed for chr14: LINC02310!
Graph constructed for chr14: OR4Q2!
Graph constructed for chr14: TOGARAM1!
Graph constructed for chr14: KLHL33!
Graph constructed for chr14: EVL!
Graph constructed for chr14: TRMT5!
Graph constructed for chr14: LINC02303!
Graph constructed for chr14: MIR381HG!
Graph constructed for chr14: ABCD4!
Graph constructed for chr14: RNF31!
Graph constructed for chr14: PACS2!
Graph constructed for chr14: TTC7B!
Graph constructed for chr14: VASH1-AS1!
Graph constructed for chr14: SERPINA11!
Graph constructed for chr14: OR11H6!
Graph constructed for chr14: RNASE13!
Graph constructed for chr14: LINC02588!
Graph constructed for chr14: SLC25A29!
Graph constructed for chr14: SDR39U1!
Graph constructed for chr14: MPP5!
Graph constructed for chr14: CMTM5!
Graph constructed for chr14: MEG9!
Graph constructed for chr14: C14orf178!
Graph constructed for chr14: LOC101927178!
Graph constructed for chr14: OTUB2!
Graph constructed for chr14: DHRS4L2!
Graph constructed for chr14: C14orf177!
Graph constructed for chr14: MEG3!
Graph constructed for chr14: LINC02280!
Graph constructed for chr14: HIF1A-AS3!
Graph constructed for chr14: SRP54!
Graph constructed for chr14: SRP54-AS1!
Graph constructed for chr14: DICER1!
Graph constructed for chr14: TOMM20L!
Graph constructed for chr14: LINC01303!
Graph constructed for chr14: SPTLC2!
Graph constructed for chr14: HSP90AA1!
Graph constructed for chr14: MIR4307HG!
Graph constructed for chr14: LINC00911!
Graph constructed for chr14: TDRD9!
Graph constructed for chr14: ZFYVE26!
Graph constructed for chr14: PIGH!
Graph constructed for chr14: WDR20!
Graph constructed for chr14: DIO3OS!
Graph constructed for chr14: RNASE2!
Graph constructed for chr14: BATF!
Graph constructed for chr14: DGLUCY!
Graph constructed for chr14: NEMF!
Graph constructed for chr14: JKAMP!
Graph constructed for chr14: VIPAS39!
Graph constructed for chr14: MTA1!
Graph constructed for chr14: NDRG2!
Graph constructed for chr14: GLRX5!
Graph constructed for chr14: SYNJ2BP!
Graph constructed for chr14: LINC02299!
Graph constructed for chr14: AMN!
Graph constructed for chr14: TMEM30B!
Graph constructed for chr14: BDKRB1!
Graph constructed for chr14: ATG2B!
Graph constructed for chr14: NFATC4!
Graph constructed for chr14: TMEM229B!
Graph constructed for chr14: C14orf39!
Graph constructed for chr14: MIR493!
Graph constructed for chr14: EXD2!
Graph constructed for chr14: SUSD6!
Graph constructed for chr14: KLC1!
Graph constructed for chr14: SMOC1!
Graph constructed for chr14: RNF212B!
Graph constructed for chr14: RDH11!
Graph constructed for chr14: FAM181A!
Graph constructed for chr14: LOC112268136!
Graph constructed for chr14: OR4K15!
Graph constructed for chr14: POMT2!
Graph constructed for chr14: KLHDC1!
Graph constructed for chr14: CGRRF1!
Graph constructed for chr14: HECTD1!
Graph constructed for chr14: PNP!
Graph constructed for chr14: EAPP!
Graph constructed for chr14: ACOT6!
Graph constructed for chr14: LINC00648!
Graph constructed for chr14: ATL1!
Graph constructed for chr14: LMLN2!
Graph constructed for chr14: PRKD1!
Graph constructed for chr14: TTC6!
Graph constructed for chr14: PROX2!
Graph constructed for chr14: LINC02288!
Graph constructed for chr14: RBM23!
Graph constructed for chr14: FANCM!
Graph constructed for chr14: LINC00637!
Graph constructed for chr14: CEP170B!
Graph constructed for chr14: KCNH5!
Graph constructed for chr14: GSTZ1!
Graph constructed for chr14: ADSS1!
Graph constructed for chr14: MIR495!
Graph constructed for chr14: TSHR!
Graph constructed for chr14: C14orf28!
Graph constructed for chr14: APEX1!
Graph constructed for chr14: RIN3!
Graph constructed for chr14: BAZ1A!
Graph constructed for chr14: NOXRED1!
Graph constructed for chr14: TTC8!
Graph constructed for chr14: IL25!
Graph constructed for chr14: METTL3!
Graph constructed for chr14: MBIP!
Graph constructed for chr14: PSMA3!
Graph constructed for chr14: MIR4708!
Graph constructed for chr14: TECPR2!
Graph constructed for chr14: TRIP11!
Graph constructed for chr14: CCDC85C!
Graph constructed for chr14: NAA30!
Graph constructed for chr14: EIF5!
Graph constructed for chr14: JPH4!
Graph constructed for chr14: PLEKHD1!
Graph constructed for chr14: NOP9!
Graph constructed for chr14: LOC101927620!
Graph constructed for chr14: EML5!
Graph constructed for chr14: ATP5MPL!
Graph constructed for chr14: OTX2-AS1!
Graph constructed for chr14: OR4N5!
Graph constructed for chr14: KTN1-AS1!
Graph constructed for chr14: LINC01220!
Graph constructed for chr14: DNAAF2!
Graph constructed for chr14: LTB4R!
Graph constructed for chr14: AP4S1!
Graph constructed for chr14: NKX2-8!
Graph constructed for chr14: XRCC3!
Graph constructed for chr14: BTBD7!
Graph constructed for chr14: LINC02318!
Graph constructed for chr14: EDDM3A!
Graph constructed for chr14: OXA1L!
Graph constructed for chr14: ATP6V1D!
Graph constructed for chr14: PSME2!
Graph constructed for chr14: LOC102724153!
Graph constructed for chr14: LINC02285!
Graph constructed for chr14: CRIP2!
Graph constructed for chr14: TMED8!
Graph constructed for chr14: FOXG1!
Graph constructed for chr14: C14orf132!
Graph constructed for chr14: AHSA1!
Graph constructed for chr14: EGLN3!
Graph constructed for chr14: HAUS4!
Graph constructed for chr14: DAAM1!
Graph constructed for chr14: LOC101927418!
Graph constructed for chr14: EXOC5!
Graph constructed for chr14: LINC00639!
Graph constructed for chr14: GNG2!
Graph constructed for chr14: OR11H7!
Graph constructed for chr14: PYGL!
Graph constructed for chr14: DLGAP5!
Graph constructed for chr14: RNASE10!
Graph constructed for chr14: NUBPL!
Graph constructed for chr14: SYNJ2BP-COX16!
Graph constructed for chr14: GPR68!
Graph constructed for chr14: PAPOLA!
Graph constructed for chr14: NRDE2!
Graph constructed for chr14: NDUFB1!
Graph constructed for chr14: SIPA1L1!
Graph constructed for chr14: WDR25!
Graph constructed for chr14: OR4K17!
Graph constructed for chr14: RTRAF!
Graph constructed for chr14: IFI27!
Graph constructed for chr14: TRMT61A!
Graph constructed for chr14: CDKN3!
Graph constructed for chr14: GOLGA5!
Graph constructed for chr14: FBXO34!
Graph constructed for chr14: RD3L!
Graph constructed for chr14: CCNB1IP1!
Graph constructed for chr14: VASH1!
Graph constructed for chr14: LOC112268140!
Graph constructed for chr14: SERPINA3!
Graph constructed for chr14: FLJ22447!
Graph constructed for chr14: ERO1A!
Graph constructed for chr14: EDDM3B!
Graph constructed for chr14: BMP4!
Graph constructed for chr14: CDC42BPB!
Graph constructed for chr14: SERPINA9!
Graph constructed for chr14: DHRS7!
Graph constructed for chr14: TTC9!
Graph constructed for chr14: ACIN1!
Graph constructed for chr14: LRR1!
Graph constructed for chr14: SLC35F4!
Graph constructed for chr14: OR10G3!
Graph constructed for chr14: GPATCH2L!
Graph constructed for chr14: COA8!
Graph constructed for chr14: BRF1!
Graph constructed for chr14: SERPINA6!
Graph constructed for chr14: OSGEP!
Graph constructed for chr14: MAP4K5!
Graph constructed for chr14: SLC39A9!
Graph constructed for chr14: OR6J1!
Graph constructed for chr14: CDCA4!
------------------ CHR14 DONE! ------------------
{"project":"masters","channel":"laplacian","event":"Laplacian Construction is complete","description":"CHR14 is done!","icon":"🔥","notify":true,"parser":"text"}