Laplacian constructed for chr3: SATB1-AS1 and CCDC58!
Graph constructed for chr3: SATB1-AS1 and CCDC58!
Laplacian constructed for chr3: LOC100130207 and SLC6A6!
Graph constructed for chr3: LOC100130207 and SLC6A6!
Laplacian constructed for chr3: SSUH2 and ACVR2B-AS1!
Graph constructed for chr3: SSUH2 and ACVR2B-AS1!
Laplacian constructed for chr3: TTC21A and H1-10!
Graph constructed for chr3: TTC21A and H1-10!
Laplacian constructed for chr3: CTNNB1 and ANKRD18DP!
Graph constructed for chr3: CTNNB1 and ANKRD18DP!
Laplacian constructed for chr3: LOC100130207 and RETNLB!
Graph constructed for chr3: LOC100130207 and RETNLB!
Laplacian constructed for chr3: DPPA2 and NMRAL2P!
Graph constructed for chr3: DPPA2 and NMRAL2P!
Laplacian constructed for chr3: LOC101929130 and LINC02037!
Graph constructed for chr3: LOC101929130 and LINC02037!
Laplacian constructed for chr3: TMEM45A and MAP3K13!
Graph constructed for chr3: TMEM45A and MAP3K13!
Laplacian constructed for chr3: ACKR2 and SLC25A20!
Graph constructed for chr3: ACKR2 and SLC25A20!
Laplacian constructed for chr3: NGLY1 and DNAJB11!
Graph constructed for chr3: NGLY1 and DNAJB11!
Laplacian constructed for chr3: VEPH1 and LINC02053!
Graph constructed for chr3: VEPH1 and LINC02053!
Laplacian constructed for chr3: KALRN and EIF4G1!
Graph constructed for chr3: KALRN and EIF4G1!
Laplacian constructed for chr3: TMEM212 and RUBCN!
Graph constructed for chr3: TMEM212 and RUBCN!
Laplacian constructed for chr3: FOXP1-AS1 and PDZRN3!
Graph constructed for chr3: FOXP1-AS1 and PDZRN3!
Laplacian constructed for chr3: SEC13 and ADIPOQ-AS1!
Graph constructed for chr3: SEC13 and ADIPOQ-AS1!
Laplacian constructed for chr3: FSTL1 and EEFSEC!
Graph constructed for chr3: FSTL1 and EEFSEC!
Laplacian constructed for chr3: PPP4R2 and CHMP2B!
Graph constructed for chr3: PPP4R2 and CHMP2B!
Laplacian constructed for chr3: HGD and ANKRD18DP!
Graph constructed for chr3: HGD and ANKRD18DP!
Laplacian constructed for chr3: FAM3D and HRG!
Graph constructed for chr3: FAM3D and HRG!
Laplacian constructed for chr3: LRRC2 and HESX1!
Graph constructed for chr3: LRRC2 and HESX1!
Laplacian constructed for chr3: RASSF1 and CADM2-AS2!
Graph constructed for chr3: RASSF1 and CADM2-AS2!
Laplacian constructed for chr3: LINC00692 and GMPS!
Graph constructed for chr3: LINC00692 and GMPS!
Laplacian constructed for chr3: FAM3D and GNB4!
Graph constructed for chr3: FAM3D and GNB4!
Laplacian constructed for chr3: GNB4 and HRG!
Graph constructed for chr3: GNB4 and HRG!
Laplacian constructed for chr3: NXPE3 and CPNE4!
Graph constructed for chr3: NXPE3 and CPNE4!
Laplacian constructed for chr3: CX3CR1 and RAD54L2!
Graph constructed for chr3: CX3CR1 and RAD54L2!
Laplacian constructed for chr3: FAM3D and HPS3!
Graph constructed for chr3: FAM3D and HPS3!
Laplacian constructed for chr3: TMPPE and TGM4!
Graph constructed for chr3: TMPPE and TGM4!
Laplacian constructed for chr3: LOC101928135 and TMEM45A!
Graph constructed for chr3: LOC101928135 and TMEM45A!
Laplacian constructed for chr3: LOC101928135 and MAP3K13!
Graph constructed for chr3: LOC101928135 and MAP3K13!
Laplacian constructed for chr3: ABHD10 and LINC01565!
Graph constructed for chr3: ABHD10 and LINC01565!
Laplacian constructed for chr3: TRIM71 and FLNB-AS1!
Graph constructed for chr3: TRIM71 and FLNB-AS1!
Laplacian constructed for chr3: SSUH2 and MRPL47!
Graph constructed for chr3: SSUH2 and MRPL47!
Laplacian constructed for chr3: ACVR2B-AS1 and MRPL47!
Graph constructed for chr3: ACVR2B-AS1 and MRPL47!
Laplacian constructed for chr3: LRRC2 and COPG1!
Graph constructed for chr3: LRRC2 and COPG1!
Laplacian constructed for chr3: SETD5 and EIF4G1!
Graph constructed for chr3: SETD5 and EIF4G1!
Laplacian constructed for chr3: CHL1-AS2 and UPK1B!
Graph constructed for chr3: CHL1-AS2 and UPK1B!
Graph constructed for chr3: COPG1!
Graph constructed for chr3: TMEM212!
Graph constructed for chr3: ANKRD18DP!
Graph constructed for chr3: NXPE3!
Graph constructed for chr3: SSUH2!
Graph constructed for chr3: KAT2B!
Graph constructed for chr3: GALNT15!
Graph constructed for chr3: ADIPOQ-AS1!
Graph constructed for chr3: UC.134!
Graph constructed for chr3: TGM4!
Graph constructed for chr3: LINC00692!
Graph constructed for chr3: GOLGA4!
Graph constructed for chr3: ZNF385D-AS2!
Graph constructed for chr3: SETD5!
Graph constructed for chr3: FOXP1-AS1!
Graph constructed for chr3: H1-10!
Graph constructed for chr3: FAM3D!
Graph constructed for chr3: PPP4R2!
Graph constructed for chr3: CX3CR1!
Graph constructed for chr3: ABHD10!
Graph constructed for chr3: GTF2E1!
Graph constructed for chr3: CCNL1!
Graph constructed for chr3: TGFBR2!
Graph constructed for chr3: MASP1!
Graph constructed for chr3: PLXNB1!
Graph constructed for chr3: SATB1-AS1!
Graph constructed for chr3: HIGD1A!
Graph constructed for chr3: CCDC58!
Graph constructed for chr3: PDZRN3!
Graph constructed for chr3: KALRN!
Graph constructed for chr3: CRYGS!
Graph constructed for chr3: HESX1!
Graph constructed for chr3: PIGX!
Graph constructed for chr3: ALS2CL!
Graph constructed for chr3: UBE2E2-AS1!
Graph constructed for chr3: SEC22C!
Graph constructed for chr3: LOC101928739!
Graph constructed for chr3: COL8A1!
Graph constructed for chr3: SLC6A6!
Graph constructed for chr3: DAZL!
Graph constructed for chr3: SCAP!
Graph constructed for chr3: ATP6V1A!
Graph constructed for chr3: PTPN23!
Graph constructed for chr3: LOC100130207!
Graph constructed for chr3: LOC100128164!
Graph constructed for chr3: CHL1-AS2!
Graph constructed for chr3: ERC2-IT1!
Graph constructed for chr3: FOXP1!
Graph constructed for chr3: LRRC15!
Graph constructed for chr3: ATP1B3!
Graph constructed for chr3: LOC102723582!
Graph constructed for chr3: GUCA1C!
Graph constructed for chr3: SAMMSON!
Graph constructed for chr3: NGLY1!
Graph constructed for chr3: WDR82!
Graph constructed for chr3: CNTN4-AS1!
Graph constructed for chr3: SLITRK3!
Graph constructed for chr3: SOX2-OT!
Graph constructed for chr3: ZXDC!
Graph constructed for chr3: LINC02033!
Graph constructed for chr3: CLEC3B!
Graph constructed for chr3: SELENOT!
Graph constructed for chr3: LINC00880!
Graph constructed for chr3: NECTIN3!
Graph constructed for chr3: SEC62!
Graph constructed for chr3: PCBP4!
Graph constructed for chr3: STAB1!
Graph constructed for chr3: ZNF621!
Graph constructed for chr3: TRAIP!
Graph constructed for chr3: TFDP2!
Graph constructed for chr3: STIMATE-MUSTN1!
Graph constructed for chr3: PLXND1!
Graph constructed for chr3: RFC4!
Graph constructed for chr3: RAD54L2!
Graph constructed for chr3: FEZF2!
Graph constructed for chr3: LINC02585!
Graph constructed for chr3: CP!
Graph constructed for chr3: LINC02016!
Graph constructed for chr3: SENP5!
Graph constructed for chr3: LRCH3!
Graph constructed for chr3: ACVR2B-AS1!
Graph constructed for chr3: SELENOK!
Graph constructed for chr3: SH3BP5-AS1!
Graph constructed for chr3: FLNB!
Graph constructed for chr3: LINC01565!
Graph constructed for chr3: RASSF1!
Graph constructed for chr3: LINC02020!
Graph constructed for chr3: MAPKAPK3!
Graph constructed for chr3: HPS3!
Graph constructed for chr3: ATP2B2-IT2!
Graph constructed for chr3: NMRAL2P!
Graph constructed for chr3: FETUB!
Graph constructed for chr3: ACKR2!
Graph constructed for chr3: LOC220729!
Graph constructed for chr3: RSRC1!
Graph constructed for chr3: TTC21A!
Graph constructed for chr3: CTNNB1!
Graph constructed for chr3: GNAI2!
Graph constructed for chr3: RUVBL1-AS1!
Graph constructed for chr3: POU1F1!
Graph constructed for chr3: CCDC191!
Graph constructed for chr3: HGD!
Graph constructed for chr3: CTDSPL!
Graph constructed for chr3: TM4SF19-TCTEX1D2!
Graph constructed for chr3: CACNA2D3-AS1!
Graph constructed for chr3: CAMKV!
Graph constructed for chr3: CDCP1!
Graph constructed for chr3: NCKIPSD!
Graph constructed for chr3: ERICH6-AS1!
Graph constructed for chr3: LINC02037!
Graph constructed for chr3: UBA3!
Graph constructed for chr3: RABL3!
Graph constructed for chr3: EIF4G1!
Graph constructed for chr3: VGLL3!
Graph constructed for chr3: CCDC12!
Graph constructed for chr3: HEMK1!
Graph constructed for chr3: TRIM71!
Graph constructed for chr3: IL17RD!
Graph constructed for chr3: LINC00901!
Graph constructed for chr3: MAP3K13!
Graph constructed for chr3: POGLUT1!
Graph constructed for chr3: SCN10A!
Graph constructed for chr3: CLDN11!
Graph constructed for chr3: RETNLB!
Graph constructed for chr3: THRB-AS1!
Graph constructed for chr3: FANCD2!
Graph constructed for chr3: C3orf84!
Graph constructed for chr3: EIF2B5!
Graph constructed for chr3: CLDN1!
Graph constructed for chr3: UBXN7!
Graph constructed for chr3: PLD1!
Graph constructed for chr3: DPPA2!
Graph constructed for chr3: ZBTB20-AS3!
Graph constructed for chr3: LOC101929130!
Graph constructed for chr3: TNK2-AS1!
Graph constructed for chr3: CDV3!
Graph constructed for chr3: VEPH1!
Graph constructed for chr3: SRGAP3-AS4!
Graph constructed for chr3: EHHADH-AS1!
Graph constructed for chr3: SLC25A20!
Graph constructed for chr3: FAM107A!
Graph constructed for chr3: CD200R1L-AS1!
Graph constructed for chr3: PRR23A!
Graph constructed for chr3: SLMAP!
Graph constructed for chr3: TMEM45A!
Graph constructed for chr3: LYZL4!
Graph constructed for chr3: ABCF3!
Graph constructed for chr3: GPR149!
Graph constructed for chr3: ZDHHC19!
Graph constructed for chr3: ZNF80!
Graph constructed for chr3: ARHGEF3-AS1!
Graph constructed for chr3: IL5RA!
Graph constructed for chr3: RNF123!
Graph constructed for chr3: PPP2R3A!
Graph constructed for chr3: EIF5A2!
Graph constructed for chr3: FAM86HP!
Graph constructed for chr3: LINC02053!
Graph constructed for chr3: FLNB-AS1!
Graph constructed for chr3: PLA1A!
Graph constructed for chr3: C3orf33!
Graph constructed for chr3: A4GNT!
Graph constructed for chr3: CHCHD4!
Graph constructed for chr3: GMPS!
Graph constructed for chr3: SSR3!
Graph constructed for chr3: B4GALT4!
Graph constructed for chr3: RARB!
Graph constructed for chr3: LINC00879!
Graph constructed for chr3: PRICKLE2!
Graph constructed for chr3: MECOM-AS1!
Graph constructed for chr3: SPINK8!
Graph constructed for chr3: ACOX2!
Graph constructed for chr3: TMPPE!
Graph constructed for chr3: SLC6A20!
Graph constructed for chr3: EFCC1!
Graph constructed for chr3: RPL24!
Graph constructed for chr3: NR2C2!
Graph constructed for chr3: RBM15B!
Graph constructed for chr3: SLC7A14!
Graph constructed for chr3: LNP1!
Graph constructed for chr3: FBXO40!
Graph constructed for chr3: MYL3!
Graph constructed for chr3: EEFSEC!
Graph constructed for chr3: DNAJB11!
Graph constructed for chr3: FBXW12!
Graph constructed for chr3: OR5H14!
Graph constructed for chr3: SPICE1!
Graph constructed for chr3: RUBCN!
Graph constructed for chr3: SEC13!
Graph constructed for chr3: GADL1!
Graph constructed for chr3: NEK10!
Graph constructed for chr3: FRMD4B!
Graph constructed for chr3: FSTL1!
Graph constructed for chr3: APOD!
Graph constructed for chr3: ZDHHC3!
Graph constructed for chr3: ACVR2B!
Graph constructed for chr3: ZMAT3!
Graph constructed for chr3: ZBBX!
Graph constructed for chr3: CHMP2B!
Graph constructed for chr3: FAM157A!
Graph constructed for chr3: LMCD1-AS1!
Graph constructed for chr3: ANKRD28!
Graph constructed for chr3: HMCES!
Graph constructed for chr3: DLEC1!
Graph constructed for chr3: KIAA1143!
Graph constructed for chr3: ZNF654!
Graph constructed for chr3: HRG!
Graph constructed for chr3: LRRC2!
Graph constructed for chr3: CADM2-AS2!
Graph constructed for chr3: MBD4!
Graph constructed for chr3: RTP3!
Graph constructed for chr3: GNB4!
Graph constructed for chr3: CPNE4!
Graph constructed for chr3: TOP2B!
Graph constructed for chr3: STAG1!
Graph constructed for chr3: FGF12-AS1!
Graph constructed for chr3: LRRC77P!
Graph constructed for chr3: ZBTB11!
Graph constructed for chr3: ARHGEF26-AS1!
Graph constructed for chr3: POLQ!
Graph constructed for chr3: IFRD2!
Graph constructed for chr3: MCCC1!
Graph constructed for chr3: LOC101928135!
Graph constructed for chr3: PROK2!
Graph constructed for chr3: ZNF619!
Graph constructed for chr3: TIPARP!
Graph constructed for chr3: ARHGAP31-AS1!
Graph constructed for chr3: ZDHHC23!
Graph constructed for chr3: BAP1!
Graph constructed for chr3: LINC00882!
Graph constructed for chr3: OR5AC2!
Graph constructed for chr3: LINC02004!
Graph constructed for chr3: COMMD2!
Graph constructed for chr3: EMC3-AS1!
Graph constructed for chr3: STRIT1!
Graph constructed for chr3: TMEM41A!
Graph constructed for chr3: MRPL47!
Graph constructed for chr3: TSC22D2!
Graph constructed for chr3: UPK1B!
------------------ CHR3 DONE! ------------------
{"project":"masters","channel":"laplacian","event":"Laplacian Construction is complete","description":"CHR3 is done!","icon":"🔥","notify":true,"parser":"text"}