Laplacian constructed for chr13: ARL11 and LINC00363!
Graph constructed for chr13: ARL11 and LINC00363!
Laplacian constructed for chr13: CLYBL-AS1 and GRTP1-AS1!
Graph constructed for chr13: CLYBL-AS1 and GRTP1-AS1!
Laplacian constructed for chr13: LINC00374 and GRTP1!
Graph constructed for chr13: LINC00374 and GRTP1!
Laplacian constructed for chr13: RNASEH2B and ALG11!
Graph constructed for chr13: RNASEH2B and ALG11!
Laplacian constructed for chr13: LINC00426 and LINC00564!
Graph constructed for chr13: LINC00426 and LINC00564!
Laplacian constructed for chr13: HTR2A and LINC00561!
Graph constructed for chr13: HTR2A and LINC00561!
Laplacian constructed for chr13: SPART and LINC00358!
Graph constructed for chr13: SPART and LINC00358!
Laplacian constructed for chr13: BRCA2 and HTR2A!
Graph constructed for chr13: BRCA2 and HTR2A!
Laplacian constructed for chr13: RUBCNL and LOC100129307!
Graph constructed for chr13: RUBCNL and LOC100129307!
Laplacian constructed for chr13: ANKRD26P3 and GPC5!
Graph constructed for chr13: ANKRD26P3 and GPC5!
Laplacian constructed for chr13: IL17D and C1QTNF9B!
Graph constructed for chr13: IL17D and C1QTNF9B!
Laplacian constructed for chr13: LRRC63 and LINC00563!
Graph constructed for chr13: LRRC63 and LINC00563!
Laplacian constructed for chr13: CLYBL-AS1 and PRECSIT!
Graph constructed for chr13: CLYBL-AS1 and PRECSIT!
Laplacian constructed for chr13: LINC00426 and MED4!
Graph constructed for chr13: LINC00426 and MED4!
Laplacian constructed for chr13: EDNRB-AS1 and DZIP1!
Graph constructed for chr13: EDNRB-AS1 and DZIP1!
Laplacian constructed for chr13: CCDC168 and LIG4!
Graph constructed for chr13: CCDC168 and LIG4!
Laplacian constructed for chr13: ANKRD26P3 and ARHGEF7!
Graph constructed for chr13: ANKRD26P3 and ARHGEF7!
Laplacian constructed for chr13: PCDH9-AS4 and LINC00561!
Graph constructed for chr13: PCDH9-AS4 and LINC00561!
Laplacian constructed for chr13: RXFP2 and DZIP1!
Graph constructed for chr13: RXFP2 and DZIP1!
Laplacian constructed for chr13: SACS-AS1 and MIPEP!
Graph constructed for chr13: SACS-AS1 and MIPEP!
Laplacian constructed for chr13: SUGT1 and LINC00379!
Graph constructed for chr13: SUGT1 and LINC00379!
Laplacian constructed for chr13: LINC00367 and USP12-AS2!
Graph constructed for chr13: LINC00367 and USP12-AS2!
Laplacian constructed for chr13: ANKRD20A9P and RNF17!
Graph constructed for chr13: ANKRD20A9P and RNF17!
Laplacian constructed for chr13: LINC01065 and COMMD6!
Graph constructed for chr13: LINC01065 and COMMD6!
Laplacian constructed for chr13: LOC112268117 and GRK1!
Graph constructed for chr13: LOC112268117 and GRK1!
Laplacian constructed for chr13: TBC1D4 and IPO5!
Graph constructed for chr13: TBC1D4 and IPO5!
Laplacian constructed for chr13: EEF1DP3 and LINC02341!
Graph constructed for chr13: EEF1DP3 and LINC02341!
Laplacian constructed for chr13: LINC01065 and LINC00564!
Graph constructed for chr13: LINC01065 and LINC00564!
Laplacian constructed for chr13: MRPL57 and SPATA13!
Graph constructed for chr13: MRPL57 and SPATA13!
Laplacian constructed for chr13: LINC00402 and LIG4!
Graph constructed for chr13: LINC00402 and LIG4!
Laplacian constructed for chr13: LINC01075 and LINC00383!
Graph constructed for chr13: LINC01075 and LINC00383!
Laplacian constructed for chr13: MLNR and CLDN10-AS1!
Graph constructed for chr13: MLNR and CLDN10-AS1!
Laplacian constructed for chr13: ENOX1 and LOC100288208!
Graph constructed for chr13: ENOX1 and LOC100288208!
Laplacian constructed for chr13: LINC00347 and LINC01044!
Graph constructed for chr13: LINC00347 and LINC01044!
Laplacian constructed for chr13: ANKRD20A9P and FREM2-AS1!
Graph constructed for chr13: ANKRD20A9P and FREM2-AS1!
Graph constructed for chr13: LINC00561!
Graph constructed for chr13: LINC00426!
Graph constructed for chr13: LINC02338!
Graph constructed for chr13: CLYBL-AS1!
Graph constructed for chr13: SACS-AS1!
Graph constructed for chr13: LIG4!
Graph constructed for chr13: LINC00621!
Graph constructed for chr13: LINC00383!
Graph constructed for chr13: LINC00564!
Graph constructed for chr13: LOC100129307!
Graph constructed for chr13: LINC01065!
Graph constructed for chr13: HTR2A!
Graph constructed for chr13: DNAJC15!
Graph constructed for chr13: LOC101928841!
Graph constructed for chr13: LINC00367!
Graph constructed for chr13: TPT1-AS1!
Graph constructed for chr13: TM9SF2!
Graph constructed for chr13: ITM2B!
Graph constructed for chr13: LHFPL6!
Graph constructed for chr13: STK24!
Graph constructed for chr13: ANKRD20A9P!
Graph constructed for chr13: LMO7-AS1!
Graph constructed for chr13: LINC00363!
Graph constructed for chr13: LINC00412!
Graph constructed for chr13: RXFP2!
Graph constructed for chr13: MLNR!
Graph constructed for chr13: LINC00442!
Graph constructed for chr13: N4BP2L2!
Graph constructed for chr13: AKAP11!
Graph constructed for chr13: DNAJC3!
Graph constructed for chr13: MRPL57!
Graph constructed for chr13: LINC00348!
Graph constructed for chr13: GRK1!
Graph constructed for chr13: POLR1D!
Graph constructed for chr13: GRTP1-AS1!
Graph constructed for chr13: TUSC8!
Graph constructed for chr13: ZC3H13!
Graph constructed for chr13: RNASEH2B!
Graph constructed for chr13: UFM1!
Graph constructed for chr13: FREM2-AS1!
Graph constructed for chr13: ARL11!
Graph constructed for chr13: BIVM!
Graph constructed for chr13: SLC10A2!
Graph constructed for chr13: PRECSIT!
Graph constructed for chr13: LINC00462!
Graph constructed for chr13: SHISA2!
Graph constructed for chr13: CLDN10-AS1!
Graph constructed for chr13: SOX1-OT!
Graph constructed for chr13: DZIP1!
Graph constructed for chr13: PAN3-AS1!
Graph constructed for chr13: COL4A2!
Graph constructed for chr13: TUBGCP3!
Graph constructed for chr13: ATP4B!
Graph constructed for chr13: F10!
Graph constructed for chr13: LINC00437!
Graph constructed for chr13: KLF12!
Graph constructed for chr13: ANKRD26P3!
Graph constructed for chr13: LINC00364!
Graph constructed for chr13: MIR17HG!
Graph constructed for chr13: IPO5!
Graph constructed for chr13: LOC105370362!
Graph constructed for chr13: STOML3!
Graph constructed for chr13: LINC02341!
Graph constructed for chr13: GRTP1!
Graph constructed for chr13: SPART!
Graph constructed for chr13: EEF1DP3!
Graph constructed for chr13: ATXN8OS!
Graph constructed for chr13: LOC101928730!
Graph constructed for chr13: XPO4!
Graph constructed for chr13: DIAPH3-AS1!
Graph constructed for chr13: EDNRB-AS1!
Graph constructed for chr13: LINC00359!
Graph constructed for chr13: GPC5!
Graph constructed for chr13: ENOX1!
Graph constructed for chr13: ALG11!
Graph constructed for chr13: TEX26-AS1!
Graph constructed for chr13: SPART-AS1!
Graph constructed for chr13: LINC00547!
Graph constructed for chr13: LINC00374!
Graph constructed for chr13: COMMD6!
Graph constructed for chr13: LRCH1!
Graph constructed for chr13: SLC46A3!
Graph constructed for chr13: DHRS12!
Graph constructed for chr13: DCLK1!
Graph constructed for chr13: LINC00417!
Graph constructed for chr13: LINC00563!
Graph constructed for chr13: WASF3!
Graph constructed for chr13: SUCLA2!
Graph constructed for chr13: UBL3!
Graph constructed for chr13: CDX2!
Graph constructed for chr13: WDFY2!
Graph constructed for chr13: SOX21-AS1!
Graph constructed for chr13: LINC00431!
Graph constructed for chr13: LINC00354!
Graph constructed for chr13: NUP58!
Graph constructed for chr13: LINC00392!
Graph constructed for chr13: LINC00399!
Graph constructed for chr13: OR7E156P!
Graph constructed for chr13: LOC102723968!
Graph constructed for chr13: GPALPP1!
Graph constructed for chr13: GPC6-AS1!
Graph constructed for chr13: DOCK9!
Graph constructed for chr13: SLC25A30!
Graph constructed for chr13: SMIM2-IT1!
Graph constructed for chr13: LINC01044!
Graph constructed for chr13: CDC16!
Graph constructed for chr13: LINC00430!
Graph constructed for chr13: NBEA!
Graph constructed for chr13: LINC00347!
Graph constructed for chr13: LINC01049!
Graph constructed for chr13: FLT1!
Graph constructed for chr13: LOC105370203!
Graph constructed for chr13: ALOX5AP!
Graph constructed for chr13: LINC01047!
Graph constructed for chr13: RAP2A!
Graph constructed for chr13: LINC01050!
Graph constructed for chr13: NAXD!
Graph constructed for chr13: FARP1!
Graph constructed for chr13: CUL4A!
Graph constructed for chr13: C1QTNF9!
Graph constructed for chr13: BRCA2!
Graph constructed for chr13: LINC00327!
Graph constructed for chr13: COG3!
Graph constructed for chr13: ZDHHC20!
Graph constructed for chr13: ABHD13!
Graph constructed for chr13: PCDH17!
Graph constructed for chr13: LINC00408!
Graph constructed for chr13: URAD!
Graph constructed for chr13: ANKRD20A19P!
Graph constructed for chr13: POMP!
Graph constructed for chr13: AMER2!
Graph constructed for chr13: LINC00376!
Graph constructed for chr13: MYO16!
Graph constructed for chr13: SKA3!
Graph constructed for chr13: LATS2!
Graph constructed for chr13: PCDH9-AS2!
Graph constructed for chr13: FAM124A!
Graph constructed for chr13: MED4!
Graph constructed for chr13: PCDH8!
Graph constructed for chr13: LINC00550!
Graph constructed for chr13: LOC101928697!
Graph constructed for chr13: KL!
Graph constructed for chr13: LINC00410!
Graph constructed for chr13: UGGT2!
Graph constructed for chr13: NALCN!
Graph constructed for chr13: LINC01068!
Graph constructed for chr13: LINC00562!
Graph constructed for chr13: USP12-AS2!
Graph constructed for chr13: FAM155A!
Graph constructed for chr13: LINC01053!
Graph constructed for chr13: F7!
Graph constructed for chr13: LINC01054!
Graph constructed for chr13: DLEU1!
Graph constructed for chr13: LINC00379!
Graph constructed for chr13: ATP11A!
Graph constructed for chr13: THSD1!
Graph constructed for chr13: LINC00384!
Graph constructed for chr13: SCEL-AS1!
Graph constructed for chr13: PCDH9-AS4!
Graph constructed for chr13: IFT88!
Graph constructed for chr13: ATP11A-AS1!
Graph constructed for chr13: FAM155A-IT1!
Graph constructed for chr13: LINC00458!
Graph constructed for chr13: KATNAL1!
Graph constructed for chr13: GUCY1B2!
Graph constructed for chr13: FOXO1!
Graph constructed for chr13: CARS2!
Graph constructed for chr13: MBNL2!
Graph constructed for chr13: FGF14!
Graph constructed for chr13: LINC00400!
Graph constructed for chr13: LINC00358!
Graph constructed for chr13: DIS3!
Graph constructed for chr13: LOC101927437!
Graph constructed for chr13: LOC107984132!
Graph constructed for chr13: KCTD12!
Graph constructed for chr13: LINC00560!
Graph constructed for chr13: LINC00443!
Graph constructed for chr13: NRAD1!
Graph constructed for chr13: LRRC63!
Graph constructed for chr13: C1QTNF9B!
Graph constructed for chr13: LINC00381!
Graph constructed for chr13: LINC00463!
Graph constructed for chr13: SLITRK6!
Graph constructed for chr13: RUBCNL!
Graph constructed for chr13: ADPRHL1!
Graph constructed for chr13: TNFRSF19!
Graph constructed for chr13: EPSTI1!
Graph constructed for chr13: LINC00331!
Graph constructed for chr13: KPNA3!
Graph constructed for chr13: HNRNPA1L2!
Graph constructed for chr13: STARD13!
Graph constructed for chr13: MPHOSPH8!
Graph constructed for chr13: LINC00378!
Graph constructed for chr13: LMO7!
Graph constructed for chr13: PCID2!
Graph constructed for chr13: CCDC122!
Graph constructed for chr13: GPR180!
Graph constructed for chr13: RFC3!
Graph constructed for chr13: LINC01075!
Graph constructed for chr13: ATP11AUN!
Graph constructed for chr13: IL17D!
Graph constructed for chr13: KLHL1!
Graph constructed for chr13: EXOSC8!
Graph constructed for chr13: ZAR1L!
Graph constructed for chr13: ERICH6B!
Graph constructed for chr13: LINC00551!
Graph constructed for chr13: PCCA!
Graph constructed for chr13: LOC105370361!
Graph constructed for chr13: LINC00544!
Graph constructed for chr13: LINC01078!
Graph constructed for chr13: GTF3A!
Graph constructed for chr13: SUGT1!
Graph constructed for chr13: USP12!
Graph constructed for chr13: CSNK1A1L!
Graph constructed for chr13: ESD!
Graph constructed for chr13: ATP12A!
Graph constructed for chr13: RNF17!
Graph constructed for chr13: CCDC169-SOHLH2!
Graph constructed for chr13: METTL21EP!
Graph constructed for chr13: LINC02343!
Graph constructed for chr13: INTS6!
Graph constructed for chr13: TMEM272!
Graph constructed for chr13: FRY-AS1!
Graph constructed for chr13: LINC00440!
Graph constructed for chr13: SPATA13!
Graph constructed for chr13: VPS36!
Graph constructed for chr13: RCBTB2!
Graph constructed for chr13: TPTE2!
Graph constructed for chr13: PABPC3!
Graph constructed for chr13: POSTN!
Graph constructed for chr13: NEK5!
Graph constructed for chr13: NDFIP2!
Graph constructed for chr13: TEX26!
Graph constructed for chr13: CTAGE11P!
Graph constructed for chr13: GGACT!
Graph constructed for chr13: CCDC168!
Graph constructed for chr13: ARHGEF7!
Graph constructed for chr13: MCF2L!
Graph constructed for chr13: NALCN-AS1!
Graph constructed for chr13: TMTC4!
Graph constructed for chr13: RASA3!
Graph constructed for chr13: RFXAP!
Graph constructed for chr13: FREM2!
Graph constructed for chr13: MIPEP!
Graph constructed for chr13: RAB20!
Graph constructed for chr13: PLUT!
Graph constructed for chr13: LINC00382!
Graph constructed for chr13: MIR4500HG!
Graph constructed for chr13: SAP18!
Graph constructed for chr13: LINC02337!
Graph constructed for chr13: LINC00548!
Graph constructed for chr13: LINC00353!
Graph constructed for chr13: GPR12!
Graph constructed for chr13: ATP7B!
Graph constructed for chr13: LINC01069!
Graph constructed for chr13: LINC01198!
Graph constructed for chr13: ACOD1!
Graph constructed for chr13: PCDH20!
Graph constructed for chr13: LINC00459!
Graph constructed for chr13: TPP2!
Graph constructed for chr13: LINC00558!
Graph constructed for chr13: LINC00330!
Graph constructed for chr13: LOC101929259!
Graph constructed for chr13: SIAH3!
Graph constructed for chr13: TDRD3!
Graph constructed for chr13: SNORA107!
Graph constructed for chr13: LINC00377!
Graph constructed for chr13: UBAC2-AS1!
Graph constructed for chr13: ATP8A2!
Graph constructed for chr13: LINC01070!
Graph constructed for chr13: HS6ST3!
Graph constructed for chr13: LOC112268117!
Graph constructed for chr13: LMO7DN!
Graph constructed for chr13: TBC1D4!
Graph constructed for chr13: MRPS31P5!
Graph constructed for chr13: LINC00402!
Graph constructed for chr13: GPC6!
Graph constructed for chr13: OBI1-AS1!
Graph constructed for chr13: GPC5-AS1!
Graph constructed for chr13: CYSLTR2!
Graph constructed for chr13: PIBF1!
Graph constructed for chr13: LINC00375!
Graph constructed for chr13: LINC00676!
Graph constructed for chr13: LOC105370295!
Graph constructed for chr13: LINC01052!
Graph constructed for chr13: LOC100288208!
Graph constructed for chr13: TGDS!
Graph constructed for chr13: UPF3A!
Graph constructed for chr13: OLFM4!
Graph constructed for chr13: MZT1!
Graph constructed for chr13: FNDC3A!
Graph constructed for chr13: DIAPH3!
Graph constructed for chr13: CAB39L!
Graph constructed for chr13: SLAIN1!
Graph constructed for chr13: GJB2!
Graph constructed for chr13: LOC101929140!
Graph constructed for chr13: DLEU7-AS1!
Graph constructed for chr13: GPC5-AS2!
Graph constructed for chr13: LOC101927284!
------------------ CHR13 DONE! ------------------
{"project":"masters","channel":"laplacian","event":"Laplacian Construction is complete","description":"CHR13 is done!","icon":"🔥","notify":true,"parser":"text"}